{"Output": [
{"Acceptance":[0.4668478260869565,0.5027173913043478,0.525,0.5059782608695652,0.4885869565217391,0.5054347826086957,0.47880434782608694,0.5005434782608695,0.5103260869565217,0.5282608695652173,0.5125,0.5119565217391304,0.9782608695652174,0.9891304347826086,0.9782608695652174,0.9782608695652174,1.0,0.9891304347826086,0.9782608695652174,0.9891304347826086,1.0,1.0,1.0,1.0],"Energy":{"Mean":-42.463162537207296,"Sigma":0.397971804892139,"Taucorr":0.009735527013857074},"EnergyVariance":{"Mean":147.84621875270741,"Sigma":6.360439032520052,"Taucorr":-0.020155039101528983},"Iteration":0},
{"Acceptance":[0.48641304347826086,0.5021739130434782,0.4989130434782609,0.48695652173913045,0.5016304347826087,0.5168478260869566,0.5163043478260869,0.5282608695652173,0.5255434782608696,0.5059782608695652,0.5135869565217391,0.5222826086956521,1.0,1.0,1.0,1.0,0.9891304347826086,0.9891304347826086,1.0,1.0,1.0,1.0,1.0,1.0],"Energy":{"Mean":-41.96846573736125,"Sigma":0.40014896250308696,"Taucorr":-0.026551160208449453},"EnergyVariance":{"Mean":161.33991711327454,"Sigma":7.264433059730621,"Taucorr":-0.005078396402513887},"Iteration":1},
{"Acceptance":[0.4951086956521739,0.48695652173913045,0.4945652173913043,0.4989130434782609,0.5065217391304347,0.5021739130434782,0.4885869565217391,0.4766304347826087,0.49293478260869567,0.5271739130434783,0.5016304347826087,0.5065217391304347,1.0,1.0,1.0,1.0,0.9891304347826086,0.9891304347826086,1.0,1.0,0.9891304347826086,0.9891304347826086,1.0,1.0],"Energy":{"Mean":-42.36635190478778,"Sigma":0.3832945056647243,"Taucorr":-0.009043182467166606},"EnergyVariance":{"Mean":146.7367940274438,"Sigma":6.417066892792962,"Taucorr":-0.01574916521484708},"Iteration":2},
{"Acceptance":[0.5108695652173914,0.5005434782608695,0.5146739130434783,0.48478260869565215,0.5119565217391304,0.5228260869565218,0.5114130434782609,0.5201086956521739,0.49728260869565216,0.5076086956521739,0.5130434782608696,0.5092391304347826,1.0,0.9891304347826086,0.9891304347826086,1.0,1.0,1.0,0.9891304347826086,0.9782608695652174,0.9891304347826086,0.9891304347826086,0.9782608695652174,0.9782608695652174],"Energy":{"Mean":-43.511170487107314,"Sigma":0.4010282042375206,"Taucorr":-0.011280301261844943},"EnergyVariance":{"Mean":157.3231596690408,"Sigma":7.153979686552607,"Taucorr":0.012424506872334972},"Iteration":3},
{"Acceptance":[0.4923913043478261,0.4777173913043478,0.4826086956521739,0.47554347826086957,0.5005434782608695,0.4777173913043478,0.48695652173913045,0.5135869565217391,0.5195652173913043,0.4945652173913043,0.4777173913043478,0.5097826086956522,1.0,1.0,0.9891304347826086,0.9891304347826086,1.0,0.9891304347826086,0.9891304347826086,1.0,1.0,0.9891304347826086,0.9782608695652174,0.9782608695652174],"Energy":{"Mean":-43.90866286300218,"Sigma":0.3939361635152933,"Taucorr":-0.00136860742315921},"EnergyVariance":{"Mean":154.3173629484455,"Sigma":7.256245669091418,"Taucorr":-0.00010936511668744459},"Iteration":4},
{"Acceptance":[0.4891304347826087,0.5027173913043478,0.47391304347826085,0.5021739130434782,0.5163043478260869,0.5217391304347826,0.5,0.5081521739130435,0.5010869565217392,0.4967391304347826,0.47554347826086957,0.5228260869565218,1.0,0.9891304347826086,0.9891304347826086,1.0,1.0,0.9891304347826086,0.9782608695652174,0.9891304347826086,1.0,0.9891304347826086,0.9891304347826086,1.0],"Energy":{"Mean":-44.53290304150548,"Sigma":0.37272115541660455,"Taucorr":-0.023375513770801205},"EnergyVariance":{"Mean":139.6254870530132,"Sigma":6.2275973594679686,"Taucorr":-0.007921454141755489},"Iteration":5},
{"Acceptance":[0.5054347826086957,0.508695652173913,0.5,0.483695652173913,0.5260869565217391,0.4951086956521739,0.5195652173913043,0.4923913043478261,0.5114130434782609,0.5092391304347826,0.5027173913043478,0.4951086956521739,0.9347826086956522,0.967391304347826,1.0,1.0,0.9891304347826086,0.9891304347826086,0.9891304347826086,0.9782608695652174,0.9891304347826086,0.9891304347826086,0.9782608695652174,0.9782608695652174],"Energy":{"Mean":-46.797985870541844,"Sigma":0.382892520837588,"Taucorr":0.012875949003842214},"EnergyVariance":{"Mean":138.6346966622369,"Sigma":6.216754531739212,"Taucorr":0.02326309533362994},"Iteration":6},
{"Acceptance":[0.5016304347826087,0.5222826086956521,0.5016304347826087,0.48695652173913045,0.5043478260869565,0.48206521739130437,0.5016304347826087,0.5048913043478261,0.4875,0.5184782608695652,0.4875,0.4994565217391304,0.9782608695652174,0.9891304347826086,0.967391304347826,0.9565217391304348,0.967391304347826,0.9782608695652174,1.0,0.9782608695652174,0.9456521739130435,0.9565217391304348,0.9565217391304348,0.9347826086956522],"Energy":{"Mean":-47.28119265939055,"Sigma":0.3862182991027429,"Taucorr":0.0065341581861461705},"EnergyVariance":{"Mean":139.5034369123216,"Sigma":6.388176942346182,"Taucorr":-0.032454327718709326},"Iteration":7},
{"Acceptance":[0.5043478260869565,0.5228260869565218,0.5108695652173914,0.5059782608695652,0.5130434782608696,0.4826086956521739,0.5217391304347826,0.5059782608695652,0.5195652173913043,0.528804347826087,0.5309782608695652,0.5206521739130435,0.9782608695652174,0.9782608695652174,0.9782608695652174,0.9782608695652174,0.9782608695652174,0.9782608695652174,0.9565217391304348,0.9456521739130435,0.967391304347826,0.967391304347826,0.9565217391304348,0.9565217391304348],"Energy":{"Mean":-49.20835850190386,"Sigma":0.3605558018992525,"Taucorr":0.01850451522276043},"EnergyVariance":{"Mean":120.60077941235419,"Sigma":5.497568960895112,"Taucorr":0.006604760167420051},"Iteration":8},
{"Acceptance":[0.48695652173913045,0.4706521739130435,0.48695652173913045,0.4923913043478261,0.46902173913043477,0.5141304347826087,0.4733695652173913,0.5059782608695652,0.4875,0.5168478260869566,0.5059782608695652,0.4923913043478261,0.9347826086956522,0.967391304347826,1.0,0.9891304347826086,0.9891304347826086,0.9782608695652174,0.9565217391304348,0.9456521739130435,0.9565217391304348,0.9782608695652174,0.967391304347826,0.9565217391304348],"Energy":{"Mean":-50.04192215596455,"Sigma":0.33069600730497045,"Taucorr":-0.02841606702283653},"EnergyVariance":{"Mean":112.30971483659187,"Sigma":4.839303280754563,"Taucorr":-0.002377041780098725},"Iteration":9},
{"Acceptance":[0.4782608695652174,0.5168478260869566,0.4842391304347826,0.5027173913043478,0.49728260869565216,0.49728260869565216,0.5173913043478261,0.5119565217391304,0.4967391304347826,0.5184782608695652,0.5260869565217391,0.5081521739130435,0.9782608695652174,0.9891304347826086,0.967391304347826,0.9239130434782609,0.9456521739130435,0.967391304347826,0.9565217391304348,0.9239130434782609,0.9347826086956522,0.9891304347826086,0.9891304347826086,0.9782608695652174],"Energy":{"Mean":-51.62363419100901,"Sigma":0.35023825416719095,"Taucorr":0.044224102378716594},"EnergyVariance":{"Mean":109.01348455830619,"Sigma":5.123312373548202,"Taucorr":-0.012970047072505613},"Iteration":10},
{"Acceptance":[0.4603260869565217,0.4826086956521739,0.45869565217391306,0.4956521739130435,0.48206521739130437,0.4782608695652174,0.5016304347826087,0.5048913043478261,0.4782608695652174,0.4983695652173913,0.5135869565217391,0.4885869565217391,0.9565217391304348,0.9782608695652174,0.9891304347826086,0.9782608695652174,0.9456521739130435,0.9456521739130435,0.967391304347826,0.9565217391304348,0.9239130434782609,0.9239130434782609,0.9347826086956522,0.9130434782608695],"Energy":{"Mean":-53.27354937533778,"Sigma":0.3251550256603151,"Taucorr":0.022161995835596165},"EnergyVariance":{"Mean":98.42916915960217,"Sigma":4.444928112534957,"Taucorr":-0.006744749727549186},"Iteration":11},
{"Acceptance":[0.47608695652173916,0.4657608695652174,0.5081521739130435,0.4891304347826087,0.4782608695652174,0.5081521739130435,0.4891304347826087,0.5114130434782609,0.5217391304347826,0.5195652173913043,0.5081521739130435,0.5320652173913043,0.9782608695652174,0.9782608695652174,0.9565217391304348,0.967391304347826,0.967391304347826,0.9239130434782609,0.9347826086956522,0.9347826086956522,0.9130434782608695,0.9239130434782609,0.9347826086956522,0.9347826086956522],"Energy":{"Mean":-55.92818333302933,"Sigma":0.3046837553843745,"Taucorr":0.021614065404649413},"EnergyVariance":{"Mean":87.04590861422201,"Sigma":3.8181618906768384,"Taucorr":-0.006155184478614173},"Iteration":12},
{"Acceptance":[0.47282608695652173,0.4842391304347826,0.4548913043478261,0.4956521739130435,0.5076086956521739,0.4902173913043478,0.5081521739130435,0.5021739130434782,0.5239130434782608,0.4956521739130435,0.5271739130434783,0.49130434782608695,0.9565217391304348,0.9347826086956522,0.9456521739130435,0.9565217391304348,0.9130434782608695,0.8804347826086957,0.9239130434782609,0.9456521739130435,0.9021739130434783,0.9021739130434783,0.9130434782608695,0.9130434782608695],"Energy":{"Mean":-57.0364458917255,"Sigma":0.2910978568550427,"Taucorr":0.023854563943072938},"EnergyVariance":{"Mean":79.08682965395437,"Sigma":3.5063606755302335,"Taucorr":0.01392686629908664},"Iteration":13},
{"Acceptance":[0.4483695652173913,0.4657608695652174,0.4722826086956522,0.4733695652173913,0.48097826086956524,0.5054347826086957,0.47989130434782606,0.5097826086956522,0.475,0.5260869565217391,0.5027173913043478,0.525,0.9782608695652174,0.967391304347826,0.9565217391304348,0.9239130434782609,0.9130434782608695,0.9130434782608695,0.9239130434782609,0.9456521739130435,0.9456521739130435,0.9347826086956522,0.9021739130434783,0.8913043478260869],"Energy":{"Mean":-59.01072324579557,"Sigma":0.2627753479862089,"Taucorr":-0.0009439954788292895},"EnergyVariance":{"Mean":67.88210299632539,"Sigma":3.058615068212218,"Taucorr":0.01612778085466583},"Iteration":14},
{"Acceptance":[0.45760869565217394,0.45869565217391306,0.4945652173913043,0.47608695652173916,0.49293478260869567,0.48532608695652174,0.5043478260869565,0.4989130434782609,0.5211956521739131,0.5271739130434783,0.4880434782608696,0.528804347826087,0.9565217391304348,0.9456521739130435,0.9456521739130435,0.9239130434782609,0.9130434782608695,0.9565217391304348,0.9347826086956522,0.9021739130434783,0.9130434782608695,0.9130434782608695,0.8804347826086957,0.8478260869565217],"Energy":{"Mean":-60.193028339229585,"Sigma":0.2650108406120191,"Taucorr":0.04015750564961113},"EnergyVariance":{"Mean":63.81381765260599,"Sigma":2.773949756880054,"Taucorr":-0.010406378333030241},"Iteration":15},
{"Acceptance":[0.45271739130434785,0.45815217391304347,0.45869565217391306,0.46358695652173915,0.4706521739130435,0.46956521739130436,0.49130434782608695,0.4831521739130435,0.508695652173913,0.4940217391304348,0.5076086956521739,0.4951086956521739,0.9347826086956522,0.9347826086956522,0.9456521739130435,0.9347826086956522,0.9239130434782609,0.9347826086956522,0.9239130434782609,0.8804347826086957,0.8152173913043478,0.8369565217391305,0.9021739130434783,0.9130434782608695],"Energy":{"Mean":-61.967814284257365,"Sigma":0.2319420827453449,"Taucorr":-7.32791837600814e-05},"EnergyVariance":{"Mean":53.26534718620413,"Sigma":2.4519086575934836,"Taucorr":0.0027176478012131155},"Iteration":16},
{"Acceptance":[0.4369565217391304,0.4375,0.4282608695652174,0.47880434782608694,0.4657608695652174,0.4668478260869565,0.4831521739130435,0.5092391304347826,0.4885869565217391,0.5141304347826087,0.4923913043478261,0.4673913043478261,0.8478260869565217,0.9130434782608695,0.9130434782608695,0.8695652173913043,0.9130434782608695,0.8913043478260869,0.8804347826086957,0.9130434782608695,0.8804347826086957,0.8260869565217391,0.8152173913043478,0.8260869565217391],"Energy":{"Mean":-62.830698028958246,"Sigma":0.215063513000495,"Taucorr":-0.024747905365989743},"EnergyVariance":{"Mean":47.95717737124928,"Sigma":2.3828192585811805,"Taucorr":0.03587967187234933},"Iteration":17},
{"Acceptance":[0.4157608695652174,0.4266304347826087,0.453804347826087,0.4543478260869565,0.4706521739130435,0.4777173913043478,0.49184782608695654,0.5130434782608696,0.5407608695652174,0.5141304347826087,0.4983695652173913,0.5396739130434782,0.8913043478260869,0.9130434782608695,0.9021739130434783,0.8804347826086957,0.9130434782608695,0.9130434782608695,0.8913043478260869,0.8804347826086957,0.8913043478260869,0.9021739130434783,0.8804347826086957,0.8695652173913043],"Energy":{"Mean":-63.88728280878914,"Sigma":0.20252095230766073,"Taucorr":0.04272234356023454},"EnergyVariance":{"Mean":37.658149949364365,"Sigma":1.511674759121849,"Taucorr":-0.005996912351178769},"Iteration":18},
{"Acceptance":[0.4081521739130435,0.41195652173913044,0.43478260869565216,0.46304347826086956,0.48206521739130437,0.4706521739130435,0.5005434782608695,0.4891304347826087,0.5201086956521739,0.4940217391304348,0.5331521739130435,0.5364130434782609,0.8913043478260869,0.8913043478260869,0.8478260869565217,0.8586956521739131,0.9021739130434783,0.8913043478260869,0.8695652173913043,0.8804347826086957,0.9130434782608695,0.9347826086956522,0.8804347826086957,0.8043478260869565],"Energy":{"Mean":-65.16381380540683,"Sigma":0.17545412542752595,"Taucorr":0.03138023986288517},"EnergyVariance":{"Mean":29.23009879989309,"Sigma":1.30308120379217,"Taucorr":0.005908008506906068},"Iteration":19},
{"Acceptance":[0.4092391304347826,0.3983695652173913,0.4266304347826087,0.42282608695652174,0.4326086956521739,0.4722826086956522,0.48967391304347824,0.4885869565217391,0.4782608695652174,0.533695652173913,0.5010869565217392,0.5211956521739131,0.9130434782608695,0.9130434782608695,0.9239130434782609,0.9565217391304348,0.9565217391304348,0.9239130434782609,0.8695652173913043,0.8586956521739131,0.8695652173913043,0.8260869565217391,0.8478260869565217,0.8913043478260869],"Energy":{"Mean":-65.92880962812502,"Sigma":0.17160415738229895,"Taucorr":0.03240655455841468},"EnergyVariance":{"Mean":28.14645734534845,"Sigma":1.3009273273070276,"Taucorr":0.02268194883920908},"Iteration":20},
{"Acceptance":[0.41358695652173916,0.40869565217391307,0.4016304347826087,0.4385869565217391,0.4369565217391304,0.453804347826087,0.45,0.47608695652173916,0.4891304347826087,0.4983695652173913,0.5005434782608695,0.5125,0.8913043478260869,0.8695652173913043,0.8586956521739131,0.8369565217391305,0.8804347826086957,0.9456521739130435,0.8586956521739131,0.7608695652173914,0.8043478260869565,0.8478260869565217,0.8586956521739131,0.8913043478260869],"Energy":{"Mean":-66.0216339577749,"Sigma":0.1716152108991967,"Taucorr":0.023508213954925722},"EnergyVariance":{"Mean":28.62805204357276,"Sigma":1.399358702315985,"Taucorr":-0.030483976931198403},"Iteration":21},
{"Acceptance":[0.3907608695652174,0.42282608695652174,0.4260869565217391,0.42445652173913045,0.4423913043478261,0.4706521739130435,0.4625,0.48478260869565215,0.4885869565217391,0.5048913043478261,0.5092391304347826,0.4907608695652174,0.9130434782608695,0.9239130434782609,0.8804347826086957,0.8478260869565217,0.8913043478260869,0.8586956521739131,0.8695652173913043,0.8804347826086957,0.8260869565217391,0.8043478260869565,0.75,0.717391304347826],"Energy":{"Mean":-66.88487921670021,"Sigma":0.15695808732467334,"Taucorr":0.04025808716556161},"EnergyVariance":{"Mean":23.54110552238384,"Sigma":1.1129142197328363,"Taucorr":-0.017088620469201576},"Iteration":22},
{"Acceptance":[0.41304347826086957,0.39021739130434785,0.40869565217391307,0.4326086956521739,0.4380434782608696,0.45652173913043476,0.4701086956521739,0.4831521739130435,0.4923913043478261,0.49184782608695654,0.4989130434782609,0.5157608695652174,0.8913043478260869,0.9130434782608695,0.9130434782608695,0.9021739130434783,0.8586956521739131,0.7608695652173914,0.8043478260869565,0.8586956521739131,0.8586956521739131,0.8695652173913043,0.8586956521739131,0.8695652173913043],"Energy":{"Mean":-67.18179993388871,"Sigma":0.1443499390453106,"Taucorr":-0.004993472979459177},"EnergyVariance":{"Mean":21.331326415211347,"Sigma":1.0080190877401933,"Taucorr":-0.008809903828715228},"Iteration":23},
{"Acceptance":[0.3760869565217391,0.39402173913043476,0.4125,0.41684782608695653,0.44619565217391305,0.4391304347826087,0.4701086956521739,0.4831521739130435,0.4842391304347826,0.4880434782608696,0.49184782608695654,0.5097826086956522,0.8695652173913043,0.8152173913043478,0.8043478260869565,0.8913043478260869,0.8695652173913043,0.7934782608695652,0.7934782608695652,0.8586956521739131,0.9347826086956522,0.8913043478260869,0.8152173913043478,0.8043478260869565],"Energy":{"Mean":-67.41434955212758,"Sigma":0.13660756993469544,"Taucorr":0.004613264650700308},"EnergyVariance":{"Mean":19.00659226502521,"Sigma":0.9610273297976734,"Taucorr":0.0028657239748132216},"Iteration":24},
{"Acceptance":[0.3923913043478261,0.39402173913043476,0.3858695652173913,0.421195652173913,0.42391304347826086,0.4407608695652174,0.46358695652173915,0.4592391304347826,0.48532608695652174,0.4994565217391304,0.49728260869565216,0.5135869565217391,0.9565217391304348,0.9347826086956522,0.8695652173913043,0.8260869565217391,0.8478260869565217,0.8260869565217391,0.8260869565217391,0.8586956521739131,0.8804347826086957,0.8913043478260869,0.8586956521739131,0.8478260869565217],"Energy":{"Mean":-67.80013208877084,"Sigma":0.13184967001261635,"Taucorr":0.020628472294874477},"EnergyVariance":{"Mean":17.129411627257564,"Sigma":0.7848501099849937,"Taucorr":-0.0001900318454352267},"Iteration":25},
{"Acceptance":[0.3483695652173913,0.36684782608695654,0.3923913043478261,0.4108695652173913,0.4320652173913043,0.45,0.4625,0.48097826086956524,0.47119565217391307,0.5195652173913043,0.5244565217391305,0.5228260869565218,0.9130434782608695,0.8913043478260869,0.8260869565217391,0.8260869565217391,0.8804347826086957,0.8586956521739131,0.8478260869565217,0.9021739130434783,0.8586956521739131,0.7934782608695652,0.7608695652173914,0.717391304347826],"Energy":{"Mean":-67.9691618885354,"Sigma":0.13571055639745094,"Taucorr":-0.0033392152306318764},"EnergyVariance":{"Mean":18.833887327999022,"Sigma":0.9153158509565028,"Taucorr":-0.01787801366084943},"Iteration":26},
{"Acceptance":[0.358695652173913,0.3695652173913043,0.3641304347826087,0.3923913043478261,0.42228260869565215,0.425,0.4467391304347826,0.4777173913043478,0.5201086956521739,0.47608695652173916,0.5010869565217392,0.5217391304347826,0.8260869565217391,0.8478260869565217,0.8913043478260869,0.8913043478260869,0.8695652173913043,0.8369565217391305,0.8260869565217391,0.8695652173913043,0.7717391304347826,0.6739130434782609,0.7934782608695652,0.8913043478260869],"Energy":{"Mean":-68.09968812568826,"Sigma":0.135943335781645,"Taucorr":0.05080998571395647},"EnergyVariance":{"Mean":16.544139739267536,"Sigma":0.8344888477933288,"Taucorr":0.008482240790567199},"Iteration":27},
{"Acceptance":[0.3244565217391304,0.37282608695652175,0.3760869565217391,0.425,0.4266304347826087,0.4472826086956522,0.4592391304347826,0.4902173913043478,0.5027173913043478,0.5146739130434783,0.483695652173913,0.5157608695652174,0.8260869565217391,0.8478260869565217,0.8260869565217391,0.7717391304347826,0.8152173913043478,0.8586956521739131,0.8913043478260869,0.9347826086956522,0.8804347826086957,0.8260869565217391,0.8478260869565217,0.8695652173913043],"Energy":{"Mean":-68.34651555403194,"Sigma":0.13041492806292385,"Taucorr":-0.00043752335778527346},"EnergyVariance":{"Mean":16.86787463903116,"Sigma":0.8650937550333925,"Taucorr":-0.004720729418909522},"Iteration":28},
{"Acceptance":[0.3353260869565217,0.3695652173913043,0.3798913043478261,0.4032608695652174,0.42880434782608695,0.44456521739130433,0.43478260869565216,0.45163043478260867,0.4934782608695652,0.4923913043478261,0.4902173913043478,0.5065217391304347,0.8260869565217391,0.8369565217391305,0.8478260869565217,0.8478260869565217,0.7717391304347826,0.7608695652173914,0.8913043478260869,0.8804347826086957,0.7934782608695652,0.7282608695652174,0.7717391304347826,0.8695652173913043],"Energy":{"Mean":-68.54869417119289,"Sigma":0.13327529901891946,"Taucorr":0.014790039708203818},"EnergyVariance":{"Mean":17.225533030291135,"Sigma":0.8680687288982445,"Taucorr":0.019682428236542007},"Iteration":29},
{"Acceptance":[0.33967391304347827,0.3581521739130435,0.3815217391304348,0.4027173913043478,0.41956521739130437,0.4201086956521739,0.4532608695652174,0.4766304347826087,0.5032608695652174,0.4994565217391304,0.5152173913043478,0.5201086956521739,0.9347826086956522,0.8695652173913043,0.8913043478260869,0.9239130434782609,0.8586956521739131,0.8369565217391305,0.8260869565217391,0.8478260869565217,0.8369565217391305,0.8043478260869565,0.7934782608695652,0.782608695652174],"Energy":{"Mean":-68.51693982686848,"Sigma":0.12225477844266164,"Taucorr":0.0006129548077018048},"EnergyVariance":{"Mean":14.792992082470256,"Sigma":0.7896958729020556,"Taucorr":-0.002267572402875983},"Iteration":30},
{"Acceptance":[0.30869565217391304,0.34456521739130436,0.36032608695652174,0.39565217391304347,0.4375,0.45054347826086955,0.4592391304347826,0.46630434782608693,0.48967391304347824,0.4934782608695652,0.5065217391304347,0.5048913043478261,0.8043478260869565,0.8586956521739131,0.8260869565217391,0.7934782608695652,0.8260869565217391,0.8369565217391305,0.8695652173913043,0.8260869565217391,0.7934782608695652,0.7608695652173914,0.7934782608695652,0.8695652173913043],"Energy":{"Mean":-68.80570051373441,"Sigma":0.1164963250731204,"Taucorr":0.010380840831728291},"EnergyVariance":{"Mean":13.714639141813441,"Sigma":0.6735282667149769,"Taucorr":0.01978694399145582},"Iteration":31},
{"Acceptance":[0.32608695652173914,0.3739130434782609,0.3635869565217391,0.3978260869565217,0.41956521739130437,0.41630434782608694,0.4608695652173913,0.47608695652173916,0.49782608695652175,0.5043478260869565,0.5114130434782609,0.5146739130434783,0.8478260869565217,0.8369565217391305,0.8586956521739131,0.8913043478260869,0.8586956521739131,0.8369565217391305,0.8695652173913043,0.8478260869565217,0.75,0.6739130434782609,0.7282608695652174,0.8043478260869565],"Energy":{"Mean":-69.00129388865486,"Sigma":0.11802677125253395,"Taucorr":0.021392277741354094},"EnergyVariance":{"Mean":13.529690632151917,"Sigma":0.643918995204574,"Taucorr":-0.005089175138232945},"Iteration":32},
{"Acceptance":[0.34456521739130436,0.3353260869565217,0.3755434782608696,0.4157608695652174,0.40217391304347827,0.43532608695652175,0.45706521739130435,0.4701086956521739,0.5059782608695652,0.47282608695652173,0.5065217391304347,0.5391304347826087,0.9347826086956522,0.9130434782608695,0.9021739130434783,0.9130434782608695,0.8478260869565217,0.8043478260869565,0.8152173913043478,0.8043478260869565,0.7065217391304348,0.6630434782608695,0.782608695652174,0.8478260869565217],"Energy":{"Mean":-69.09995009625389,"Sigma":0.11389654751727131,"Taucorr":-0.020318179232964025},"EnergyVariance":{"Mean":13.977649498532722,"Sigma":0.7613529202408437,"Taucorr":0.029797103107962967},"Iteration":33},
{"Acceptance":[0.3233695652173913,0.34945652173913044,0.3532608695652174,0.4076086956521739,0.4141304347826087,0.4548913043478261,0.4451086956521739,0.4603260869565217,0.4543478260869565,0.4989130434782609,0.4652173913043478,0.4451086956521739,0.8043478260869565,0.8586956521739131,0.8804347826086957,0.8804347826086957,0.8586956521739131,0.7717391304347826,0.7717391304347826,0.782608695652174,0.7717391304347826,0.7282608695652174,0.6304347826086957,0.5869565217391305],"Energy":{"Mean":-68.99683206789608,"Sigma":0.1200818862611955,"Taucorr":0.024771548547695126},"EnergyVariance":{"Mean":13.536219997806475,"Sigma":0.7805231163203034,"Taucorr":-0.0001500214118944701},"Iteration":34},
{"Acceptance":[0.3130434782608696,0.34891304347826085,0.3826086956521739,0.4016304347826087,0.4016304347826087,0.41793478260869565,0.4429347826086957,0.4625,0.48206521739130437,0.46956521739130436,0.49782608695652175,0.49130434782608695,0.8043478260869565,0.7608695652173914,0.7065217391304348,0.75,0.7934782608695652,0.8369565217391305,0.782608695652174,0.75,0.7934782608695652,0.75,0.7282608695652174,0.717391304347826],"Energy":{"Mean":-69.23636452482425,"Sigma":0.11083194403641873,"Taucorr":0.027071353013224525},"EnergyVariance":{"Mean":11.97622433223094,"Sigma":0.6544390929889878,"Taucorr":0.05751858527996211},"Iteration":35},
{"Acceptance":[0.33967391304347827,0.3418478260869565,0.36630434782608695,0.3978260869565217,0.3923913043478261,0.4331521739130435,0.4266304347826087,0.44021739130434784,0.4923913043478261,0.4880434782608696,0.4842391304347826,0.5184782608695652,0.8913043478260869,0.8695652173913043,0.8804347826086957,0.9239130434782609,0.8913043478260869,0.8152173913043478,0.7717391304347826,0.782608695652174,0.717391304347826,0.717391304347826,0.7717391304347826,0.7391304347826086],"Energy":{"Mean":-69.04530336331872,"Sigma":0.10656961646633624,"Taucorr":0.01959587008046321},"EnergyVariance":{"Mean":10.89284701253358,"Sigma":0.5099600812120723,"Taucorr":-0.023129407314949186},"Iteration":36},
{"Acceptance":[0.30434782608695654,0.3407608695652174,0.3483695652173913,0.3652173913043478,0.4206521739130435,0.42228260869565215,0.453804347826087,0.4706521739130435,0.5016304347826087,0.5282608695652173,0.5027173913043478,0.4902173913043478,0.8913043478260869,0.8913043478260869,0.8478260869565217,0.7717391304347826,0.75,0.8260869565217391,0.8804347826086957,0.7934782608695652,0.717391304347826,0.7717391304347826,0.7391304347826086,0.6521739130434783],"Energy":{"Mean":-69.57570366147007,"Sigma":0.10591240975271039,"Taucorr":0.042875198922710384},"EnergyVariance":{"Mean":10.450220156373955,"Sigma":0.5695527064000246,"Taucorr":-0.006420063730895413},"Iteration":37},
{"Acceptance":[0.3201086956521739,0.35380434782608694,0.3581521739130435,0.37228260869565216,0.391304347826087,0.42445652173913045,0.4625,0.483695652173913,0.4777173913043478,0.4923913043478261,0.5152173913043478,0.5125,0.8913043478260869,0.8586956521739131,0.8478260869565217,0.8804347826086957,0.8152173913043478,0.782608695652174,0.7717391304347826,0.7065217391304348,0.7282608695652174,0.782608695652174,0.7717391304347826,0.7391304347826086],"Energy":{"Mean":-69.63190196437391,"Sigma":0.09691281807770574,"Taucorr":0.014990360519214943},"EnergyVariance":{"Mean":9.301454574415631,"Sigma":0.47502965708745887,"Taucorr":0.03008324154333804},"Iteration":38},
{"Acceptance":[0.29836956521739133,0.33315217391304347,0.3641304347826087,0.40054347826086956,0.3858695652173913,0.4152173913043478,0.4423913043478261,0.46304347826086956,0.48043478260869565,0.4956521739130435,0.5103260869565217,0.5168478260869566,0.8478260869565217,0.8369565217391305,0.8804347826086957,0.8260869565217391,0.7391304347826086,0.8043478260869565,0.8260869565217391,0.7608695652173914,0.717391304347826,0.7282608695652174,0.7065217391304348,0.6739130434782609],"Energy":{"Mean":-69.55287244639571,"Sigma":0.09097821701330411,"Taucorr":-0.002948830302233002},"EnergyVariance":{"Mean":8.528648147534069,"Sigma":0.37143719015800786,"Taucorr":-0.0185049777196434},"Iteration":39},
{"Acceptance":[0.32119565217391305,0.3293478260869565,0.3690217391304348,0.37717391304347825,0.40597826086956523,0.41793478260869565,0.4375,0.44021739130434784,0.48641304347826086,0.4940217391304348,0.4842391304347826,0.5217391304347826,0.8695652173913043,0.8586956521739131,0.8152173913043478,0.75,0.7608695652173914,0.7934782608695652,0.7608695652173914,0.8369565217391305,0.8152173913043478,0.7065217391304348,0.75,0.782608695652174],"Energy":{"Mean":-69.80473874445987,"Sigma":0.08777602555931287,"Taucorr":-0.016056824126879324},"EnergyVariance":{"Mean":8.020258293338246,"Sigma":0.383538568796482,"Taucorr":0.007447075494128351},"Iteration":40},
{"Acceptance":[0.3070652173913043,0.33369565217391306,0.36086956521739133,0.36684782608695654,0.3923913043478261,0.4429347826086957,0.4342391304347826,0.4722826086956522,0.47989130434782606,0.5282608695652173,0.5125,0.5358695652173913,0.9130434782608695,0.9021739130434783,0.8695652173913043,0.8152173913043478,0.75,0.782608695652174,0.8043478260869565,0.7934782608695652,0.8478260869565217,0.7934782608695652,0.6847826086956522,0.6521739130434783],"Energy":{"Mean":-69.92448881062677,"Sigma":0.08288978780413213,"Taucorr":0.016505280308497208},"EnergyVariance":{"Mean":6.979035516739837,"Sigma":0.35225862158926025,"Taucorr":0.009569639909266459},"Iteration":41},
{"Acceptance":[0.33206521739130435,0.3157608695652174,0.3793478260869565,0.3625,0.4097826086956522,0.4364130434782609,0.4467391304347826,0.48043478260869565,0.4597826086956522,0.4940217391304348,0.5130434782608696,0.5141304347826087,0.9130434782608695,0.9021739130434783,0.8478260869565217,0.7934782608695652,0.8043478260869565,0.8260869565217391,0.8152173913043478,0.8043478260869565,0.7065217391304348,0.7065217391304348,0.717391304347826,0.6304347826086957],"Energy":{"Mean":-69.85341519563362,"Sigma":0.07888314965533184,"Taucorr":-0.022685402489473348},"EnergyVariance":{"Mean":6.794541713901627,"Sigma":0.3513072138475533,"Taucorr":-0.008948869390802952},"Iteration":42},
{"Acceptance":[0.3130434782608696,0.33641304347826084,0.35108695652173916,0.39619565217391306,0.4326086956521739,0.4157608695652174,0.45108695652173914,0.4777173913043478,0.4945652173913043,0.5206521739130435,0.4831521739130435,0.4831521739130435,0.7391304347826086,0.8260869565217391,0.9130434782608695,0.8804347826086957,0.8152173913043478,0.7391304347826086,0.7065217391304348,0.7608695652173914,0.8369565217391305,0.782608695652174,0.6086956521739131,0.5217391304347826],"Energy":{"Mean":-69.88982717771403,"Sigma":0.07605104318249872,"Taucorr":-0.008329122845290917},"EnergyVariance":{"Mean":6.160967656788444,"Sigma":0.367333142977935,"Taucorr":0.004021293844381997},"Iteration":43},
{"Acceptance":[0.30217391304347824,0.34782608695652173,0.3739130434782609,0.37717391304347825,0.4,0.4016304347826087,0.44565217391304346,0.48532608695652174,0.48586956521739133,0.5190217391304348,0.5065217391304347,0.5065217391304347,0.8043478260869565,0.8586956521739131,0.8369565217391305,0.7934782608695652,0.8695652173913043,0.8260869565217391,0.7608695652173914,0.8152173913043478,0.7934782608695652,0.6847826086956522,0.6195652173913043,0.6086956521739131],"Energy":{"Mean":-69.96326860498048,"Sigma":0.07390252782826799,"Taucorr":0.013587871584859723},"EnergyVariance":{"Mean":5.556576542634538,"Sigma":0.312672309643846,"Taucorr":-0.010582262170651356},"Iteration":44},
{"Acceptance":[0.33260869565217394,0.3451086956521739,0.3706521739130435,0.39891304347826084,0.39945652173913043,0.44130434782608696,0.4369565217391304,0.46902173913043477,0.4592391304347826,0.5048913043478261,0.49619565217391304,0.4956521739130435,0.8260869565217391,0.8804347826086957,0.9239130434782609,0.8369565217391305,0.8043478260869565,0.8043478260869565,0.7608695652173914,0.75,0.782608695652174,0.7717391304347826,0.7391304347826086,0.7608695652173914],"Energy":{"Mean":-70.12397455271312,"Sigma":0.06499776226488926,"Taucorr":-0.02098672209720231},"EnergyVariance":{"Mean":4.636375273305919,"Sigma":0.24253809010388552,"Taucorr":0.00527050005854969},"Iteration":45},
{"Acceptance":[0.3342391304347826,0.3423913043478261,0.3864130434782609,0.3733695652173913,0.4217391304347826,0.4190217391304348,0.43532608695652175,0.47554347826086957,0.4766304347826087,0.48586956521739133,0.5201086956521739,0.5206521739130435,0.8478260869565217,0.9021739130434783,0.8913043478260869,0.7934782608695652,0.782608695652174,0.7934782608695652,0.782608695652174,0.8152173913043478,0.8260869565217391,0.7282608695652174,0.7608695652173914,0.8695652173913043],"Energy":{"Mean":-70.15462648631042,"Sigma":0.07156211797724642,"Taucorr":0.002232152941236384},"EnergyVariance":{"Mean":5.347067314850686,"Sigma":0.28408688616858874,"Taucorr":0.0072245643256267115},"Iteration":46},
{"Acceptance":[0.32065217391304346,0.3402173913043478,0.37228260869565216,0.38369565217391305,0.41358695652173916,0.4298913043478261,0.4385869565217391,0.45815217391304347,0.48695652173913045,0.483695652173913,0.5021739130434782,0.5211956521739131,0.9130434782608695,0.8478260869565217,0.8152173913043478,0.8043478260869565,0.8260869565217391,0.8369565217391305,0.7934782608695652,0.782608695652174,0.7934782608695652,0.7282608695652174,0.6630434782608695,0.6956521739130435],"Energy":{"Mean":-70.25655526946747,"Sigma":0.0656486880861342,"Taucorr":0.025166751633274736},"EnergyVariance":{"Mean":4.293041483358416,"Sigma":0.2955408822450775,"Taucorr":0.013871671158149246},"Iteration":47},
{"Acceptance":[0.3190217391304348,0.33152173913043476,0.3652173913043478,0.38967391304347826,0.4108695652173913,0.4092391304347826,0.4603260869565217,0.4548913043478261,0.47119565217391307,0.4967391304347826,0.5048913043478261,0.5,0.717391304347826,0.7934782608695652,0.8152173913043478,0.7934782608695652,0.8804347826086957,0.9347826086956522,0.7717391304347826,0.6521739130434783,0.717391304347826,0.7065217391304348,0.6521739130434783,0.6304347826086957],"Energy":{"Mean":-70.29425599970861,"Sigma":0.06425613428580293,"Taucorr":0.0021712769956850043},"EnergyVariance":{"Mean":4.3700858298477465,"Sigma":0.24977965651914083,"Taucorr":0.028092539533932658},"Iteration":48},
{"Acceptance":[0.3184782608695652,0.3527173913043478,0.39945652173913043,0.39293478260869563,0.4,0.4048913043478261,0.4418478260869565,0.4706521739130435,0.4934782608695652,0.4934782608695652,0.5065217391304347,0.5293478260869565,0.8478260869565217,0.8586956521739131,0.8586956521739131,0.7717391304347826,0.7934782608695652,0.8260869565217391,0.8043478260869565,0.8152173913043478,0.75,0.6739130434782609,0.6521739130434783,0.6739130434782609],"Energy":{"Mean":-70.29308302510043,"Sigma":0.05905197292804507,"Taucorr":-0.001229043575190376},"EnergyVariance":{"Mean":3.7614135023498445,"Sigma":0.23392002779327806,"Taucorr":-0.015446001268983831},"Iteration":49},
{"Acceptance":[0.33206521739130435,0.3641304347826087,0.3782608695652174,0.39565217391304347,0.41304347826086957,0.4108695652173913,0.4597826086956522,0.4701086956521739,0.45217391304347826,0.5076086956521739,0.5260869565217391,0.5353260869565217,0.8695652173913043,0.8804347826086957,0.8695652173913043,0.8478260869565217,0.8260869565217391,0.8695652173913043,0.8695652173913043,0.7717391304347826,0.75,0.7282608695652174,0.7717391304347826,0.8478260869565217],"Energy":{"Mean":-70.40312515419946,"Sigma":0.05721948496604753,"Taucorr":-0.019170263439708915},"EnergyVariance":{"Mean":3.6080410006069066,"Sigma":0.18109493165857496,"Taucorr":-0.007686497532594289},"Iteration":50},
{"Acceptance":[0.3119565217391304,0.35054347826086957,0.36630434782608695,0.38532608695652176,0.4108695652173913,0.4152173913043478,0.46141304347826084,0.4532608695652174,0.45815217391304347,0.5010869565217392,0.5021739130434782,0.5266304347826087,0.8478260869565217,0.8586956521739131,0.8586956521739131,0.8478260869565217,0.8260869565217391,0.8695652173913043,0.9021739130434783,0.8043478260869565,0.7608695652173914,0.8043478260869565,0.6956521739130435,0.5652173913043478],"Energy":{"Mean":-70.38452202359235,"Sigma":0.05226439164903982,"Taucorr":-0.014418344939007751},"EnergyVariance":{"Mean":3.05761633406658,"Sigma":0.16926356998150263,"Taucorr":0.00801945883289319},"Iteration":51},
{"Acceptance":[0.3353260869565217,0.35978260869565215,0.39021739130434785,0.3804347826086957,0.41195652173913044,0.4543478260869565,0.43369565217391304,0.4701086956521739,0.503804347826087,0.5043478260869565,0.5255434782608696,0.5173913043478261,0.8260869565217391,0.8369565217391305,0.8913043478260869,0.8586956521739131,0.8260869565217391,0.8478260869565217,0.8043478260869565,0.7717391304347826,0.7717391304347826,0.782608695652174,0.7282608695652174,0.6739130434782609],"Energy":{"Mean":-70.40858080170655,"Sigma":0.05474824811579921,"Taucorr":0.005721673492611767},"EnergyVariance":{"Mean":3.271022770166819,"Sigma":0.17755272420020274,"Taucorr":0.020112220523969677},"Iteration":52},
{"Acceptance":[0.33260869565217394,0.35978260869565215,0.36793478260869567,0.38315217391304346,0.4043478260869565,0.4326086956521739,0.44619565217391305,0.46956521739130436,0.4885869565217391,0.4940217391304348,0.5130434782608696,0.5282608695652173,0.7608695652173914,0.8152173913043478,0.8586956521739131,0.7608695652173914,0.782608695652174,0.8695652173913043,0.8478260869565217,0.8586956521739131,0.8260869565217391,0.717391304347826,0.7282608695652174,0.8043478260869565],"Energy":{"Mean":-70.49210951539698,"Sigma":0.05006053578947587,"Taucorr":0.015292586782003341},"EnergyVariance":{"Mean":2.6938641555751186,"Sigma":0.14334534597190768,"Taucorr":-0.001972010267734745},"Iteration":53},
{"Acceptance":[0.32282608695652176,0.35054347826086957,0.3733695652173913,0.3858695652173913,0.41956521739130437,0.4472826086956522,0.4467391304347826,0.49782608695652175,0.4826086956521739,0.5103260869565217,0.5054347826086957,0.5255434782608696,0.8913043478260869,0.8369565217391305,0.8043478260869565,0.8478260869565217,0.8913043478260869,0.8913043478260869,0.8369565217391305,0.7934782608695652,0.782608695652174,0.7717391304347826,0.8043478260869565,0.8478260869565217],"Energy":{"Mean":-70.52511917159914,"Sigma":0.04907456127933369,"Taucorr":0.022759396311066465},"EnergyVariance":{"Mean":2.537013762959678,"Sigma":0.14147101039396057,"Taucorr":0.017401900633261917},"Iteration":54},
{"Acceptance":[0.31956521739130433,0.3407608695652174,0.3684782608695652,0.4125,0.40706521739130436,0.4423913043478261,0.4657608695652174,0.48043478260869565,0.4902173913043478,0.5076086956521739,0.5211956521739131,0.5456521739130434,0.9130434782608695,0.9239130434782609,0.9130434782608695,0.9021739130434783,0.8695652173913043,0.782608695652174,0.7608695652173914,0.8260869565217391,0.8369565217391305,0.782608695652174,0.7391304347826086,0.717391304347826],"Energy":{"Mean":-70.55306129067333,"Sigma":0.0510228514528392,"Taucorr":-0.035992472380631274},"EnergyVariance":{"Mean":3.0429224212972996,"Sigma":0.22060976741304061,"Taucorr":-0.009205717083242623},"Iteration":55},
{"Acceptance":[0.3244565217391304,0.375,0.3847826086956522,0.3983695652173913,0.4125,0.40706521739130436,0.4782608695652174,0.4907608695652174,0.5032608695652174,0.5233695652173913,0.5331521739130435,0.5152173913043478,0.8260869565217391,0.9021739130434783,0.8695652173913043,0.8260869565217391,0.8804347826086957,0.8043478260869565,0.7608695652173914,0.7934782608695652,0.782608695652174,0.6956521739130435,0.6413043478260869,0.6521739130434783],"Energy":{"Mean":-70.66282109516789,"Sigma":0.05146147273063783,"Taucorr":0.014058053796250872},"EnergyVariance":{"Mean":2.7569868050347637,"Sigma":0.20236041309318373,"Taucorr":-0.02441382303225402},"Iteration":56},
{"Acceptance":[0.3173913043478261,0.37119565217391304,0.34891304347826085,0.3755434782608696,0.40869565217391307,0.4423913043478261,0.4597826086956522,0.4945652173913043,0.4782608695652174,0.5005434782608695,0.5,0.5190217391304348,0.8043478260869565,0.8478260869565217,0.8804347826086957,0.9130434782608695,0.9021739130434783,0.8478260869565217,0.8152173913043478,0.7282608695652174,0.75,0.8043478260869565,0.717391304347826,0.6521739130434783],"Energy":{"Mean":-70.59411749384083,"Sigma":0.045394103118016116,"Taucorr":-0.007530530254205942},"EnergyVariance":{"Mean":2.360097985641497,"Sigma":0.14699227217983835,"Taucorr":-0.007942692116931082},"Iteration":57},
{"Acceptance":[0.328804347826087,0.3565217391304348,0.3875,0.4048913043478261,0.39402173913043476,0.4375,0.44456521739130433,0.47880434782608694,0.5,0.5233695652173913,0.5369565217391304,0.528804347826087,0.8478260869565217,0.9130434782608695,0.9021739130434783,0.8152173913043478,0.8260869565217391,0.8369565217391305,0.8478260869565217,0.7934782608695652,0.7934782608695652,0.8043478260869565,0.7717391304347826,0.8043478260869565],"Energy":{"Mean":-70.52920241503516,"Sigma":0.04564062444081193,"Taucorr":0.06924886866823861},"EnergyVariance":{"Mean":2.0766195340757196,"Sigma":0.1069487355388297,"Taucorr":0.025774761840222222},"Iteration":58},
{"Acceptance":[0.34945652173913044,0.3532608695652174,0.3826086956521739,0.4016304347826087,0.4081521739130435,0.45163043478260867,0.46195652173913043,0.47989130434782606,0.4880434782608696,0.4956521739130435,0.5222826086956521,0.5271739130434783,0.9130434782608695,0.8478260869565217,0.8369565217391305,0.9239130434782609,0.9239130434782609,0.8804347826086957,0.8152173913043478,0.7391304347826086,0.7717391304347826,0.7934782608695652,0.6521739130434783,0.5434782608695652],"Energy":{"Mean":-70.61672386253872,"Sigma":0.04695357001037153,"Taucorr":0.028300597338426197},"EnergyVariance":{"Mean":2.2820342287836772,"Sigma":0.11974037267610978,"Taucorr":-0.006947168994061066},"Iteration":59},
{"Acceptance":[0.3358695652173913,0.3451086956521739,0.39021739130434785,0.3875,0.4358695652173913,0.45815217391304347,0.4391304347826087,0.4603260869565217,0.5021739130434782,0.4967391304347826,0.5342391304347827,0.5309782608695652,0.9130434782608695,0.9021739130434783,0.8804347826086957,0.8260869565217391,0.7934782608695652,0.8152173913043478,0.8369565217391305,0.8804347826086957,0.8043478260869565,0.7065217391304348,0.6630434782608695,0.6086956521739131],"Energy":{"Mean":-70.60300896161331,"Sigma":0.04498174794952795,"Taucorr":0.011088795121837532},"EnergyVariance":{"Mean":2.2182410529826466,"Sigma":0.11792789747685915,"Taucorr":0.015743770360357824},"Iteration":60},
{"Acceptance":[0.3472826086956522,0.3717391304347826,0.36467391304347824,0.4032608695652174,0.4016304347826087,0.44130434782608696,0.46141304347826084,0.4951086956521739,0.4940217391304348,0.5125,0.5125,0.5516304347826086,0.7608695652173914,0.8260869565217391,0.8586956521739131,0.8586956521739131,0.8804347826086957,0.8478260869565217,0.8478260869565217,0.7934782608695652,0.7391304347826086,0.7391304347826086,0.8043478260869565,0.8913043478260869],"Energy":{"Mean":-70.65704219736794,"Sigma":0.04386628118912064,"Taucorr":-0.004118914046895554},"EnergyVariance":{"Mean":2.1961164241695816,"Sigma":0.11611708587761023,"Taucorr":-0.0227371297614548},"Iteration":61},
{"Acceptance":[0.3244565217391304,0.3293478260869565,0.39021739130434785,0.4027173913043478,0.4326086956521739,0.44782608695652176,0.44565217391304346,0.45543478260869563,0.4989130434782609,0.5184782608695652,0.4983695652173913,0.5206521739130435,0.8478260869565217,0.7717391304347826,0.8152173913043478,0.9021739130434783,0.8586956521739131,0.8152173913043478,0.782608695652174,0.75,0.7391304347826086,0.7391304347826086,0.717391304347826,0.717391304347826],"Energy":{"Mean":-70.61594051041264,"Sigma":0.043586300581216236,"Taucorr":0.013981684651874757},"EnergyVariance":{"Mean":2.070834861107721,"Sigma":0.10932128043732499,"Taucorr":-0.007346812583717985},"Iteration":62},
{"Acceptance":[0.3179347826086957,0.3581521739130435,0.38967391304347826,0.42880434782608695,0.4326086956521739,0.44456521739130433,0.4657608695652174,0.46141304347826084,0.4967391304347826,0.5244565217391305,0.5081521739130435,0.5266304347826087,0.7608695652173914,0.8152173913043478,0.8260869565217391,0.8260869565217391,0.8586956521739131,0.8586956521739131,0.7934782608695652,0.782608695652174,0.7717391304347826,0.7391304347826086,0.6956521739130435,0.6086956521739131],"Energy":{"Mean":-70.65041521481304,"Sigma":0.04002375304507961,"Taucorr":-0.01584025855990776},"EnergyVariance":{"Mean":1.8704181427242306,"Sigma":0.1449294536533326,"Taucorr":-0.023795142071041848},"Iteration":63},
{"Acceptance":[0.3516304347826087,0.36630434782608695,0.3864130434782609,0.4016304347826087,0.40597826086956523,0.4489130434782609,0.45815217391304347,0.483695652173913,0.4956521739130435,0.5010869565217392,0.5,0.5211956521739131,0.8478260869565217,0.8804347826086957,0.8586956521739131,0.8478260869565217,0.8695652173913043,0.7391304347826086,0.717391304347826,0.782608695652174,0.7608695652173914,0.7391304347826086,0.6521739130434783,0.5869565217391305],"Energy":{"Mean":-70.67142572330062,"Sigma":0.04254345975657714,"Taucorr":-0.0008554099776465323},"EnergyVariance":{"Mean":2.066489997049624,"Sigma":0.09935710367479013,"Taucorr":-0.00889890706135541},"Iteration":64},
{"Acceptance":[0.3065217391304348,0.33043478260869563,0.3793478260869565,0.3842391304347826,0.4076086956521739,0.4146739130434783,0.4733695652173913,0.483695652173913,0.4891304347826087,0.5157608695652174,0.49619565217391304,0.5266304347826087,0.8260869565217391,0.8152173913043478,0.8260869565217391,0.8586956521739131,0.8913043478260869,0.8260869565217391,0.7717391304347826,0.7717391304347826,0.7282608695652174,0.7065217391304348,0.6521739130434783,0.6086956521739131],"Energy":{"Mean":-70.67049485586917,"Sigma":0.043634363669959264,"Taucorr":-0.0036297218223880143},"EnergyVariance":{"Mean":2.095043649164593,"Sigma":0.12537855729120947,"Taucorr":-0.00625865245474095},"Iteration":65},
{"Acceptance":[0.33152173913043476,0.35434782608695653,0.37228260869565216,0.4,0.425,0.4451086956521739,0.4875,0.47119565217391307,0.4994565217391304,0.4875,0.5163043478260869,0.5130434782608696,0.9347826086956522,0.9130434782608695,0.8804347826086957,0.8478260869565217,0.8152173913043478,0.8695652173913043,0.8152173913043478,0.7282608695652174,0.8043478260869565,0.782608695652174,0.6956521739130435,0.6739130434782609],"Energy":{"Mean":-70.73895812103652,"Sigma":0.03904222146207578,"Taucorr":0.03216645677250465},"EnergyVariance":{"Mean":1.6234108416486641,"Sigma":0.07624742972312427,"Taucorr":-0.03192260078322326},"Iteration":66},
{"Acceptance":[0.34619565217391307,0.3630434782608696,0.391304347826087,0.40597826086956523,0.44782608695652176,0.4451086956521739,0.4625,0.4668478260869565,0.47391304347826085,0.5043478260869565,0.5179347826086956,0.5396739130434782,0.8695652173913043,0.8695652173913043,0.8695652173913043,0.8152173913043478,0.8478260869565217,0.8586956521739131,0.8152173913043478,0.7934782608695652,0.8043478260869565,0.8369565217391305,0.7608695652173914,0.717391304347826],"Energy":{"Mean":-70.69045030211873,"Sigma":0.04060474754868926,"Taucorr":0.018529864580064965},"EnergyVariance":{"Mean":1.811664112953471,"Sigma":0.13034004158101173,"Taucorr":0.0076247260370810145},"Iteration":67},
{"Acceptance":[0.3375,0.3516304347826087,0.3875,0.4146739130434783,0.4201086956521739,0.42934782608695654,0.4559782608695652,0.4994565217391304,0.4782608695652174,0.4934782608695652,0.4951086956521739,0.5282608695652173,0.8043478260869565,0.8152173913043478,0.8695652173913043,0.8804347826086957,0.8695652173913043,0.8586956521739131,0.8478260869565217,0.8369565217391305,0.8043478260869565,0.75,0.6195652173913043,0.5434782608695652],"Energy":{"Mean":-70.71525859546608,"Sigma":0.03818373967079636,"Taucorr":-0.010182895619269347},"EnergyVariance":{"Mean":1.6924068816912865,"Sigma":0.09299624439937831,"Taucorr":0.004903624931070515},"Iteration":68},
{"Acceptance":[0.33315217391304347,0.3798913043478261,0.3815217391304348,0.40869565217391307,0.4048913043478261,0.4440217391304348,0.453804347826087,0.4983695652173913,0.5005434782608695,0.4940217391304348,0.5304347826086957,0.5244565217391305,0.8260869565217391,0.8369565217391305,0.8695652173913043,0.8913043478260869,0.8586956521739131,0.8043478260869565,0.7934782608695652,0.782608695652174,0.7391304347826086,0.7391304347826086,0.7608695652173914,0.7608695652173914],"Energy":{"Mean":-70.82425656695038,"Sigma":0.03722430122531429,"Taucorr":-0.010598333463514699},"EnergyVariance":{"Mean":1.586931754089517,"Sigma":0.08318173378551932,"Taucorr":-0.01800191871602828},"Iteration":69},
{"Acceptance":[0.35,0.3581521739130435,0.37771739130434784,0.4032608695652174,0.4043478260869565,0.4494565217391304,0.4380434782608696,0.47989130434782606,0.4945652173913043,0.5103260869565217,0.4951086956521739,0.47554347826086957,0.8260869565217391,0.8478260869565217,0.8804347826086957,0.8478260869565217,0.8586956521739131,0.8695652173913043,0.782608695652174,0.7065217391304348,0.7282608695652174,0.6195652173913043,0.5,0.5434782608695652],"Energy":{"Mean":-70.7732399812122,"Sigma":0.03710943856405555,"Taucorr":0.017529709785663743},"EnergyVariance":{"Mean":1.549939954983708,"Sigma":0.07576125113817123,"Taucorr":-0.014193893155193718},"Iteration":70},
{"Acceptance":[0.33043478260869563,0.36086956521739133,0.3760869565217391,0.4016304347826087,0.43532608695652175,0.4375,0.4532608695652174,0.47934782608695653,0.4934782608695652,0.5059782608695652,0.5532608695652174,0.5315217391304348,0.8478260869565217,0.8804347826086957,0.8695652173913043,0.8260869565217391,0.8369565217391305,0.8369565217391305,0.8152173913043478,0.8152173913043478,0.8152173913043478,0.7934782608695652,0.7065217391304348,0.6304347826086957],"Energy":{"Mean":-70.69271288687207,"Sigma":0.03699509908329598,"Taucorr":0.008437130288784504},"EnergyVariance":{"Mean":1.503527358702523,"Sigma":0.06668179985673504,"Taucorr":-0.030856811717831726},"Iteration":71},
{"Acceptance":[0.3184782608695652,0.3472826086956522,0.3690217391304348,0.39293478260869563,0.4266304347826087,0.4483695652173913,0.4608695652173913,0.46195652173913043,0.5195652173913043,0.5032608695652174,0.5217391304347826,0.5331521739130435,0.8695652173913043,0.8586956521739131,0.782608695652174,0.75,0.7717391304347826,0.8478260869565217,0.9021739130434783,0.8586956521739131,0.7717391304347826,0.7282608695652174,0.6847826086956522,0.6086956521739131],"Energy":{"Mean":-70.81561511521066,"Sigma":0.03580604791824429,"Taucorr":0.008900303330387202},"EnergyVariance":{"Mean":1.475781500917731,"Sigma":0.09089971897806642,"Taucorr":0.017578096248934874},"Iteration":72},
{"Acceptance":[0.3451086956521739,0.3744565217391304,0.3842391304347826,0.41358695652173916,0.4190217391304348,0.43478260869565216,0.46358695652173915,0.48641304347826086,0.483695652173913,0.4951086956521739,0.525,0.5173913043478261,0.8913043478260869,0.8695652173913043,0.8260869565217391,0.8695652173913043,0.9021739130434783,0.8152173913043478,0.7608695652173914,0.7934782608695652,0.7934782608695652,0.75,0.75,0.7608695652173914],"Energy":{"Mean":-70.78459788091652,"Sigma":0.03183955773487329,"Taucorr":-0.0158366985025087},"EnergyVariance":{"Mean":1.2382790894613722,"Sigma":0.0572692588168057,"Taucorr":0.0014770556890618218},"Iteration":73},
{"Acceptance":[0.34293478260869564,0.36195652173913045,0.375,0.4016304347826087,0.4146739130434783,0.4309782608695652,0.4597826086956522,0.45869565217391306,0.5032608695652174,0.5016304347826087,0.503804347826087,0.5233695652173913,1.0,0.9239130434782609,0.8478260869565217,0.8369565217391305,0.8478260869565217,0.8369565217391305,0.8369565217391305,0.8152173913043478,0.717391304347826,0.6847826086956522,0.717391304347826,0.7391304347826086],"Energy":{"Mean":-70.74474020282356,"Sigma":0.03517643027077525,"Taucorr":0.01226366802155445},"EnergyVariance":{"Mean":1.4005575635323793,"Sigma":0.07702339430621347,"Taucorr":0.014025924695186364},"Iteration":74},
{"Acceptance":[0.33641304347826084,0.3418478260869565,0.3625,0.39510869565217394,0.41304347826086957,0.4608695652173913,0.4885869565217391,0.47989130434782606,0.508695652173913,0.5119565217391304,0.528804347826087,0.5125,0.9130434782608695,0.9021739130434783,0.8913043478260869,0.8586956521739131,0.8586956521739131,0.9021739130434783,0.8478260869565217,0.7608695652173914,0.782608695652174,0.7608695652173914,0.6304347826086957,0.5652173913043478],"Energy":{"Mean":-70.70963646836938,"Sigma":0.03342816374956025,"Taucorr":0.030847103698444168},"EnergyVariance":{"Mean":1.2253459127447164,"Sigma":0.057611007284745226,"Taucorr":0.01656096717950733},"Iteration":75},
{"Acceptance":[0.3179347826086957,0.34619565217391307,0.375,0.3695652173913043,0.42282608695652174,0.44021739130434784,0.4559782608695652,0.4733695652173913,0.5065217391304347,0.4880434782608696,0.5304347826086957,0.5260869565217391,0.8478260869565217,0.8586956521739131,0.8478260869565217,0.8913043478260869,0.8478260869565217,0.7934782608695652,0.8152173913043478,0.782608695652174,0.7934782608695652,0.8152173913043478,0.6847826086956522,0.5434782608695652],"Energy":{"Mean":-70.68668420469729,"Sigma":0.03622660850568336,"Taucorr":0.022900753677051227},"EnergyVariance":{"Mean":1.4453511890367583,"Sigma":0.08060740866956279,"Taucorr":0.06365506632849659},"Iteration":76},
{"Acceptance":[0.3244565217391304,0.3733695652173913,0.3684782608695652,0.3923913043478261,0.4146739130434783,0.4315217391304348,0.47391304347826085,0.48967391304347824,0.5168478260869566,0.48967391304347824,0.5201086956521739,0.5,0.8913043478260869,0.8913043478260869,0.8695652173913043,0.8804347826086957,0.8804347826086957,0.8369565217391305,0.8043478260869565,0.8043478260869565,0.7717391304347826,0.75,0.6630434782608695,0.5434782608695652],"Energy":{"Mean":-70.75709796300667,"Sigma":0.032856423571292315,"Taucorr":0.0002928861454632725},"EnergyVariance":{"Mean":1.2675890723159935,"Sigma":0.06318726129909381,"Taucorr":-0.01607812711636004},"Iteration":77},
{"Acceptance":[0.3353260869565217,0.3592391304347826,0.3842391304347826,0.39565217391304347,0.4369565217391304,0.4375,0.4668478260869565,0.4885869565217391,0.5103260869565217,0.4934782608695652,0.5173913043478261,0.5190217391304348,0.9565217391304348,0.9130434782608695,0.8913043478260869,0.8695652173913043,0.8369565217391305,0.8478260869565217,0.8260869565217391,0.7391304347826086,0.7065217391304348,0.6630434782608695,0.5978260869565217,0.6086956521739131],"Energy":{"Mean":-70.73398970105757,"Sigma":0.03278274320456324,"Taucorr":0.005184743294264778},"EnergyVariance":{"Mean":1.2229151808306944,"Sigma":0.057427166264611196,"Taucorr":0.0142482452203991},"Iteration":78},
{"Acceptance":[0.3282608695652174,0.358695652173913,0.3652173913043478,0.3842391304347826,0.44565217391304346,0.4364130434782609,0.45,0.4733695652173913,0.48478260869565215,0.4994565217391304,0.5054347826086957,0.5309782608695652,0.8260869565217391,0.8260869565217391,0.8152173913043478,0.782608695652174,0.8260869565217391,0.8369565217391305,0.7391304347826086,0.6739130434782609,0.717391304347826,0.7608695652173914,0.7391304347826086,0.7391304347826086],"Energy":{"Mean":-70.79418808221818,"Sigma":0.03181972178460575,"Taucorr":0.04414252332338069},"EnergyVariance":{"Mean":1.1311016762672434,"Sigma":0.0700911672286847,"Taucorr":0.03554237189167791},"Iteration":79},
{"Acceptance":[0.3293478260869565,0.3565217391304348,0.4032608695652174,0.3826086956521739,0.4092391304347826,0.43967391304347825,0.47934782608695653,0.47880434782608694,0.5054347826086957,0.5195652173913043,0.5146739130434783,0.5282608695652173,0.8260869565217391,0.8804347826086957,0.9347826086956522,0.9130434782608695,0.8913043478260869,0.8369565217391305,0.7717391304347826,0.7717391304347826,0.7717391304347826,0.717391304347826,0.6847826086956522,0.6956521739130435],"Energy":{"Mean":-70.82099381886191,"Sigma":0.03103596983362913,"Taucorr":-0.006861784154696897},"EnergyVariance":{"Mean":1.1902926556818192,"Sigma":0.05870915216393178,"Taucorr":-0.006109318680426852},"Iteration":80},
{"Acceptance":[0.34456521739130436,0.3798913043478261,0.375,0.3934782608695652,0.41739130434782606,0.42445652173913045,0.4369565217391304,0.45217391304347826,0.48532608695652174,0.5005434782608695,0.5304347826086957,0.5347826086956522,0.8913043478260869,0.8913043478260869,0.9130434782608695,0.8804347826086957,0.8043478260869565,0.8586956521739131,0.8260869565217391,0.782608695652174,0.8369565217391305,0.8260869565217391,0.75,0.6739130434782609],"Energy":{"Mean":-70.74454567793934,"Sigma":0.031444758814904945,"Taucorr":-6.268638625257551e-05},"EnergyVariance":{"Mean":1.162554322556092,"Sigma":0.06420900971649986,"Taucorr":0.012726761269072448},"Iteration":81},
{"Acceptance":[0.33967391304347827,0.3744565217391304,0.38206521739130433,0.40108695652173915,0.4141304347826087,0.43043478260869567,0.4625,0.4472826086956522,0.49130434782608695,0.5190217391304348,0.5255434782608696,0.5478260869565217,0.9130434782608695,0.8586956521739131,0.8152173913043478,0.8913043478260869,0.8369565217391305,0.75,0.7934782608695652,0.8260869565217391,0.7608695652173914,0.7282608695652174,0.7391304347826086,0.6956521739130435],"Energy":{"Mean":-70.81509992269768,"Sigma":0.031027361246525522,"Taucorr":0.015690433928730964},"EnergyVariance":{"Mean":1.1112250842045128,"Sigma":0.05036017581990774,"Taucorr":-0.012034476278534769},"Iteration":82},
{"Acceptance":[0.3592391304347826,0.3673913043478261,0.3864130434782609,0.40054347826086956,0.40869565217391307,0.4320652173913043,0.4603260869565217,0.4782608695652174,0.5059782608695652,0.4989130434782609,0.4967391304347826,0.5391304347826087,0.7608695652173914,0.7934782608695652,0.8695652173913043,0.8695652173913043,0.782608695652174,0.782608695652174,0.8152173913043478,0.8152173913043478,0.7608695652173914,0.7065217391304348,0.6847826086956522,0.6521739130434783],"Energy":{"Mean":-70.79809856317756,"Sigma":0.03205327193505592,"Taucorr":0.04119614313494121},"EnergyVariance":{"Mean":1.1202626972950414,"Sigma":0.05600717406969044,"Taucorr":0.004909846363652139},"Iteration":83},
{"Acceptance":[0.328804347826087,0.35,0.36086956521739133,0.39510869565217394,0.40217391304347827,0.4369565217391304,0.46847826086956523,0.46902173913043477,0.48478260869565215,0.503804347826087,0.4989130434782609,0.5369565217391304,0.8043478260869565,0.8260869565217391,0.8152173913043478,0.8260869565217391,0.8586956521739131,0.8260869565217391,0.8152173913043478,0.782608695652174,0.717391304347826,0.6956521739130435,0.7391304347826086,0.782608695652174],"Energy":{"Mean":-70.82290841374866,"Sigma":0.03191725518967893,"Taucorr":0.04236447870922816},"EnergyVariance":{"Mean":1.106376598207141,"Sigma":0.05459935402810389,"Taucorr":0.0019146908147677198},"Iteration":84},
{"Acceptance":[0.34347826086956523,0.34456521739130436,0.3592391304347826,0.3923913043478261,0.4423913043478261,0.42282608695652174,0.45869565217391306,0.47880434782608694,0.5076086956521739,0.5266304347826087,0.5146739130434783,0.5494565217391304,0.9347826086956522,0.8369565217391305,0.8043478260869565,0.8586956521739131,0.8478260869565217,0.8478260869565217,0.8369565217391305,0.8369565217391305,0.8152173913043478,0.7717391304347826,0.7717391304347826,0.782608695652174],"Energy":{"Mean":-70.79825959417964,"Sigma":0.031510792762340666,"Taucorr":0.032301828995251636},"EnergyVariance":{"Mean":1.1023031310464038,"Sigma":0.05840866303779322,"Taucorr":-0.018454195314678498},"Iteration":85},
{"Acceptance":[0.3282608695652174,0.36630434782608695,0.375,0.4016304347826087,0.4201086956521739,0.4277173913043478,0.4668478260869565,0.48586956521739133,0.47989130434782606,0.5005434782608695,0.5097826086956522,0.5135869565217391,0.7608695652173914,0.8152173913043478,0.8043478260869565,0.782608695652174,0.7934782608695652,0.8152173913043478,0.8695652173913043,0.8260869565217391,0.7608695652173914,0.7282608695652174,0.5760869565217391,0.43478260869565216],"Energy":{"Mean":-70.82826468760119,"Sigma":0.030964564556369895,"Taucorr":0.03601497978032181},"EnergyVariance":{"Mean":1.0477770658369598,"Sigma":0.049459603427411736,"Taucorr":-0.0014131253377935072},"Iteration":86},
{"Acceptance":[0.3309782608695652,0.35978260869565215,0.3635869565217391,0.4097826086956522,0.40869565217391307,0.4489130434782609,0.4592391304347826,0.48967391304347824,0.5119565217391304,0.5,0.5260869565217391,0.5092391304347826,0.8478260869565217,0.8152173913043478,0.8586956521739131,0.9130434782608695,0.8695652173913043,0.8369565217391305,0.7934782608695652,0.8043478260869565,0.7391304347826086,0.5978260869565217,0.5978260869565217,0.6304347826086957],"Energy":{"Mean":-70.75151279118026,"Sigma":0.03283681538511114,"Taucorr":0.017977450775162798},"EnergyVariance":{"Mean":1.2089857973448144,"Sigma":0.06485820318557026,"Taucorr":-0.013363456467686746},"Iteration":87},
{"Acceptance":[0.3375,0.3673913043478261,0.35706521739130437,0.4125,0.41630434782608694,0.4483695652173913,0.46358695652173915,0.47282608695652173,0.4940217391304348,0.5125,0.5059782608695652,0.5114130434782609,0.8478260869565217,0.8260869565217391,0.8260869565217391,0.8695652173913043,0.9021739130434783,0.8478260869565217,0.7608695652173914,0.75,0.7717391304347826,0.782608695652174,0.717391304347826,0.6521739130434783],"Energy":{"Mean":-70.81161200754258,"Sigma":0.02831371913983848,"Taucorr":-0.04683996055039854},"EnergyVariance":{"Mean":1.0590944038155825,"Sigma":0.05192361959364211,"Taucorr":0.007449835043501741},"Iteration":88},
{"Acceptance":[0.3516304347826087,0.35489130434782606,0.35978260869565215,0.39891304347826084,0.4309782608695652,0.45217391304347826,0.4467391304347826,0.4934782608695652,0.48043478260869565,0.5048913043478261,0.5271739130434783,0.5244565217391305,0.7608695652173914,0.8152173913043478,0.8369565217391305,0.8369565217391305,0.8586956521739131,0.8586956521739131,0.8152173913043478,0.782608695652174,0.7934782608695652,0.7717391304347826,0.7065217391304348,0.6521739130434783],"Energy":{"Mean":-70.87508183139151,"Sigma":0.029248289758558785,"Taucorr":-0.04623995034754067},"EnergyVariance":{"Mean":1.0893657819008746,"Sigma":0.06269257342731553,"Taucorr":-0.02960773764435849},"Iteration":89},
{"Acceptance":[0.34456521739130436,0.3652173913043478,0.3826086956521739,0.39619565217391306,0.41032608695652173,0.4489130434782609,0.45,0.475,0.4934782608695652,0.5043478260869565,0.5304347826086957,0.5157608695652174,0.782608695652174,0.8478260869565217,0.9130434782608695,0.9021739130434783,0.8804347826086957,0.8369565217391305,0.7934782608695652,0.7934782608695652,0.782608695652174,0.7391304347826086,0.6413043478260869,0.5652173913043478],"Energy":{"Mean":-70.83732075607165,"Sigma":0.0306144642362649,"Taucorr":0.0354572502173578},"EnergyVariance":{"Mean":1.011727837914978,"Sigma":0.049756598305980115,"Taucorr":-0.00982532961949109},"Iteration":90},
{"Acceptance":[0.3239130434782609,0.3592391304347826,0.37282608695652175,0.38858695652173914,0.41195652173913044,0.4625,0.4440217391304348,0.47989130434782606,0.4722826086956522,0.5065217391304347,0.5217391304347826,0.5320652173913043,0.9130434782608695,0.9239130434782609,0.8695652173913043,0.7934782608695652,0.782608695652174,0.8043478260869565,0.8152173913043478,0.7934782608695652,0.782608695652174,0.75,0.7065217391304348,0.6956521739130435],"Energy":{"Mean":-70.8637687610422,"Sigma":0.031161584210251808,"Taucorr":0.0022373541360148352},"EnergyVariance":{"Mean":1.1927439076892414,"Sigma":0.09732580549609073,"Taucorr":-0.012182017545834279},"Iteration":91},
{"Acceptance":[0.32608695652173914,0.358695652173913,0.38206521739130433,0.4016304347826087,0.4125,0.4423913043478261,0.4489130434782609,0.48695652173913045,0.4902173913043478,0.4875,0.5146739130434783,0.5065217391304347,0.8478260869565217,0.8913043478260869,0.8913043478260869,0.7934782608695652,0.7934782608695652,0.8478260869565217,0.8260869565217391,0.8152173913043478,0.7391304347826086,0.7282608695652174,0.6847826086956522,0.5652173913043478],"Energy":{"Mean":-70.87306357817096,"Sigma":0.0303980452428977,"Taucorr":0.010003486155629472},"EnergyVariance":{"Mean":1.11692255239302,"Sigma":0.06736274041630087,"Taucorr":-0.003318299688427418},"Iteration":92},
{"Acceptance":[0.34347826086956523,0.3467391304347826,0.3782608695652174,0.3690217391304348,0.3983695652173913,0.4543478260869565,0.4652173913043478,0.45543478260869563,0.5,0.5065217391304347,0.5152173913043478,0.5228260869565218,0.8913043478260869,0.9021739130434783,0.8804347826086957,0.8586956521739131,0.8586956521739131,0.8043478260869565,0.7608695652173914,0.8260869565217391,0.782608695652174,0.717391304347826,0.7717391304347826,0.782608695652174],"Energy":{"Mean":-70.89673447109102,"Sigma":0.02998257770235539,"Taucorr":0.0009658411980322107},"EnergyVariance":{"Mean":1.0399633597518967,"Sigma":0.064463629375391,"Taucorr":-0.0061472745641902304},"Iteration":93},
{"Acceptance":[0.35489130434782606,0.3516304347826087,0.3744565217391304,0.41195652173913044,0.4342391304347826,0.4298913043478261,0.46902173913043477,0.49619565217391304,0.4951086956521739,0.5173913043478261,0.5059782608695652,0.4989130434782609,0.9130434782608695,0.8913043478260869,0.8695652173913043,0.8804347826086957,0.782608695652174,0.7282608695652174,0.8369565217391305,0.8804347826086957,0.75,0.5760869565217391,0.6304347826086957,0.7391304347826086],"Energy":{"Mean":-70.82204781882761,"Sigma":0.028411059750861136,"Taucorr":-0.032449194401484964},"EnergyVariance":{"Mean":1.0340834443578166,"Sigma":0.053742265383486344,"Taucorr":-0.010397977296964058},"Iteration":94},
{"Acceptance":[0.3244565217391304,0.3342391304347826,0.39456521739130435,0.41304347826086957,0.41630434782608694,0.45163043478260867,0.47880434782608694,0.4782608695652174,0.5027173913043478,0.5092391304347826,0.525,0.5440217391304348,0.8913043478260869,0.8695652173913043,0.8478260869565217,0.8260869565217391,0.8586956521739131,0.8804347826086957,0.8043478260869565,0.7934782608695652,0.8043478260869565,0.75,0.6413043478260869,0.5652173913043478],"Energy":{"Mean":-70.84422383654372,"Sigma":0.030723868540794928,"Taucorr":0.04069578395795067},"EnergyVariance":{"Mean":1.0644055133453685,"Sigma":0.05052398193851465,"Taucorr":0.0008524153172565288},"Iteration":95},
{"Acceptance":[0.35380434782608694,0.3804347826086957,0.40108695652173915,0.38369565217391305,0.4429347826086957,0.43478260869565216,0.483695652173913,0.4668478260869565,0.5,0.5201086956521739,0.5168478260869566,0.5125,0.9130434782608695,0.8586956521739131,0.7934782608695652,0.8152173913043478,0.8804347826086957,0.8586956521739131,0.8043478260869565,0.8260869565217391,0.7934782608695652,0.7282608695652174,0.6413043478260869,0.5652173913043478],"Energy":{"Mean":-70.81055179295979,"Sigma":0.02929055930494551,"Taucorr":0.0031254602857540953},"EnergyVariance":{"Mean":1.0426191533640792,"Sigma":0.05435121685885363,"Taucorr":-0.0009481224284131317},"Iteration":96},
{"Acceptance":[0.3298913043478261,0.35434782608695653,0.3695652173913043,0.4206521739130435,0.4206521739130435,0.4543478260869565,0.45163043478260867,0.48097826086956524,0.47554347826086957,0.5108695652173914,0.5146739130434783,0.5342391304347827,0.8913043478260869,0.8804347826086957,0.8478260869565217,0.8478260869565217,0.8913043478260869,0.8804347826086957,0.8369565217391305,0.8043478260869565,0.7608695652173914,0.7391304347826086,0.7391304347826086,0.7391304347826086],"Energy":{"Mean":-70.88472375908792,"Sigma":0.028828294964438683,"Taucorr":-0.00272232832076124},"EnergyVariance":{"Mean":1.0315722247392909,"Sigma":0.05922932651130747,"Taucorr":-0.005730953964221827},"Iteration":97},
{"Acceptance":[0.3391304347826087,0.36467391304347824,0.38532608695652176,0.39565217391304347,0.4190217391304348,0.4608695652173913,0.4483695652173913,0.4668478260869565,0.4733695652173913,0.5190217391304348,0.5375,0.5456521739130434,0.8695652173913043,0.8586956521739131,0.8260869565217391,0.8695652173913043,0.9347826086956522,0.8369565217391305,0.7934782608695652,0.8260869565217391,0.7934782608695652,0.8043478260869565,0.7934782608695652,0.7608695652173914],"Energy":{"Mean":-70.83103372095697,"Sigma":0.0299231055273734,"Taucorr":0.015077139056818257},"EnergyVariance":{"Mean":1.006362612014627,"Sigma":0.05872561613458218,"Taucorr":0.0036969425981232353},"Iteration":98},
{"Acceptance":[0.35108695652173916,0.35543478260869565,0.3858695652173913,0.3923913043478261,0.4298913043478261,0.44565217391304346,0.453804347826087,0.48586956521739133,0.5032608695652174,0.5173913043478261,0.5103260869565217,0.5282608695652173,0.8695652173913043,0.8478260869565217,0.8260869565217391,0.8804347826086957,0.8913043478260869,0.8260869565217391,0.8369565217391305,0.8043478260869565,0.7391304347826086,0.7717391304347826,0.782608695652174,0.7608695652173914],"Energy":{"Mean":-70.86428182426762,"Sigma":0.031473713964959474,"Taucorr":-0.0008350328546356695},"EnergyVariance":{"Mean":1.1314639567562994,"Sigma":0.06356494232074066,"Taucorr":0.005245766785421287},"Iteration":99},
{"Acceptance":[0.33641304347826084,0.3483695652173913,0.35108695652173916,0.38206521739130433,0.41358695652173916,0.42445652173913045,0.46630434782608693,0.4434782608695652,0.48532608695652174,0.5010869565217392,0.5260869565217391,0.5353260869565217,0.8695652173913043,0.8478260869565217,0.8152173913043478,0.8152173913043478,0.8260869565217391,0.8369565217391305,0.8369565217391305,0.8152173913043478,0.782608695652174,0.7282608695652174,0.6739130434782609,0.6521739130434783],"Energy":{"Mean":-70.86209210144581,"Sigma":0.026527155638929777,"Taucorr":-0.01607789183878177},"EnergyVariance":{"Mean":0.9125301890211466,"Sigma":0.054192899470730284,"Taucorr":-0.0035934785283397975},"Iteration":100},
{"Acceptance":[0.3217391304347826,0.36630434782608695,0.3695652173913043,0.4032608695652174,0.421195652173913,0.4266304347826087,0.44782608695652176,0.4940217391304348,0.47989130434782606,0.4934782608695652,0.5375,0.5228260869565218,0.8260869565217391,0.8369565217391305,0.8586956521739131,0.8369565217391305,0.8586956521739131,0.8913043478260869,0.8478260869565217,0.7717391304347826,0.7282608695652174,0.75,0.6304347826086957,0.5],"Energy":{"Mean":-70.87016781829617,"Sigma":0.0296806998588818,"Taucorr":0.003852733264431217},"EnergyVariance":{"Mean":1.0140710458640834,"Sigma":0.05271182661357312,"Taucorr":0.018327332424731165},"Iteration":101},
{"Acceptance":[0.3070652173913043,0.35543478260869565,0.3630434782608696,0.38804347826086955,0.4440217391304348,0.44619565217391305,0.46141304347826084,0.47119565217391307,0.49293478260869567,0.4934782608695652,0.5413043478260869,0.5413043478260869,0.782608695652174,0.8478260869565217,0.9130434782608695,0.8695652173913043,0.782608695652174,0.8369565217391305,0.8913043478260869,0.8152173913043478,0.8043478260869565,0.7934782608695652,0.6847826086956522,0.6086956521739131],"Energy":{"Mean":-70.83899745778767,"Sigma":0.029122401779981048,"Taucorr":0.024208652697356257},"EnergyVariance":{"Mean":0.98215166206278,"Sigma":0.04947010499205587,"Taucorr":0.0162807183112695},"Iteration":102},
{"Acceptance":[0.33804347826086956,0.37880434782608696,0.37282608695652175,0.4081521739130435,0.4081521739130435,0.42282608695652174,0.46793478260869564,0.4875,0.4842391304347826,0.5195652173913043,0.4945652173913043,0.5260869565217391,0.8478260869565217,0.8478260869565217,0.8804347826086957,0.8913043478260869,0.782608695652174,0.782608695652174,0.8478260869565217,0.8369565217391305,0.8043478260869565,0.6956521739130435,0.6195652173913043,0.6086956521739131],"Energy":{"Mean":-70.82838107491104,"Sigma":0.02784274903478499,"Taucorr":-0.0014246722268208046},"EnergyVariance":{"Mean":0.9544391111179426,"Sigma":0.05178071834227374,"Taucorr":0.04781087798125446},"Iteration":103},
{"Acceptance":[0.3282608695652174,0.358695652173913,0.3923913043478261,0.39021739130434785,0.421195652173913,0.4451086956521739,0.4782608695652174,0.45815217391304347,0.48478260869565215,0.525,0.5222826086956521,0.5440217391304348,0.8695652173913043,0.8695652173913043,0.8695652173913043,0.8152173913043478,0.8478260869565217,0.8478260869565217,0.7391304347826086,0.75,0.7934782608695652,0.717391304347826,0.6739130434782609,0.717391304347826],"Energy":{"Mean":-70.81709064731926,"Sigma":0.0276946333010695,"Taucorr":-0.02198261269836117},"EnergyVariance":{"Mean":0.9985673654680616,"Sigma":0.05105872260260769,"Taucorr":0.02688518885044158},"Iteration":104},
{"Acceptance":[0.3135869565217391,0.34945652173913044,0.3798913043478261,0.37771739130434784,0.4309782608695652,0.421195652173913,0.44565217391304346,0.4875,0.483695652173913,0.5271739130434783,0.5228260869565218,0.5445652173913044,0.8478260869565217,0.8695652173913043,0.9021739130434783,0.8804347826086957,0.8478260869565217,0.7934782608695652,0.8043478260869565,0.7934782608695652,0.7282608695652174,0.7065217391304348,0.75,0.8260869565217391],"Energy":{"Mean":-70.81059455517568,"Sigma":0.029548862552934773,"Taucorr":0.0012920875581617873},"EnergyVariance":{"Mean":1.0215295010007583,"Sigma":0.05558031702283039,"Taucorr":-0.00499175169168518},"Iteration":105},
{"Acceptance":[0.3451086956521739,0.36467391304347824,0.36793478260869567,0.38315217391304346,0.41304347826086957,0.43478260869565216,0.46467391304347827,0.4934782608695652,0.4815217391304348,0.5168478260869566,0.5201086956521739,0.5309782608695652,0.8043478260869565,0.8695652173913043,0.8804347826086957,0.8260869565217391,0.8369565217391305,0.8804347826086957,0.8586956521739131,0.8043478260869565,0.8043478260869565,0.782608695652174,0.6195652173913043,0.4782608695652174],"Energy":{"Mean":-70.89584154957141,"Sigma":0.02875771183268133,"Taucorr":0.032000456137096525},"EnergyVariance":{"Mean":0.9538504807451011,"Sigma":0.05663526886216547,"Taucorr":0.0656552742102098},"Iteration":106},
{"Acceptance":[0.35489130434782606,0.3635869565217391,0.3625,0.38369565217391305,0.41847826086956524,0.4315217391304348,0.45543478260869563,0.47282608695652173,0.48043478260869565,0.5048913043478261,0.5157608695652174,0.5168478260869566,0.9347826086956522,0.9565217391304348,0.9130434782608695,0.8152173913043478,0.7934782608695652,0.8586956521739131,0.8260869565217391,0.7391304347826086,0.75,0.7608695652173914,0.6739130434782609,0.5869565217391305],"Energy":{"Mean":-70.85287946824825,"Sigma":0.030129681439070174,"Taucorr":0.031228790349643428},"EnergyVariance":{"Mean":1.029577484763168,"Sigma":0.054353215662908766,"Taucorr":-0.03714435516526068},"Iteration":107},
{"Acceptance":[0.33967391304347827,0.3673913043478261,0.35978260869565215,0.3804347826086957,0.40869565217391307,0.4391304347826087,0.4608695652173913,0.475,0.4951086956521739,0.5146739130434783,0.5076086956521739,0.5184782608695652,0.8695652173913043,0.8260869565217391,0.8043478260869565,0.8478260869565217,0.8695652173913043,0.782608695652174,0.7717391304347826,0.7934782608695652,0.75,0.6739130434782609,0.6086956521739131,0.6304347826086957],"Energy":{"Mean":-70.88485020862355,"Sigma":0.02799109057187422,"Taucorr":0.052907009653399395},"EnergyVariance":{"Mean":0.8886938753584079,"Sigma":0.04222644826507586,"Taucorr":-0.004721630135997669},"Iteration":108},
{"Acceptance":[0.33206521739130435,0.3516304347826087,0.358695652173913,0.39891304347826084,0.41032608695652173,0.44565217391304346,0.46847826086956523,0.4559782608695652,0.4826086956521739,0.5016304347826087,0.5266304347826087,0.5385869565217392,0.9130434782608695,0.8804347826086957,0.8586956521739131,0.7934782608695652,0.717391304347826,0.7717391304347826,0.8152173913043478,0.7934782608695652,0.8043478260869565,0.7391304347826086,0.6086956521739131,0.5652173913043478],"Energy":{"Mean":-70.8261769365368,"Sigma":0.028376920849417866,"Taucorr":0.023246229888092728},"EnergyVariance":{"Mean":0.9713866786795345,"Sigma":0.05102023940831022,"Taucorr":-0.013451942537612407},"Iteration":109},
{"Acceptance":[0.3244565217391304,0.3451086956521739,0.36195652173913045,0.3923913043478261,0.4217391304347826,0.43478260869565216,0.45108695652173914,0.48478260869565215,0.49619565217391304,0.5206521739130435,0.5527173913043478,0.5309782608695652,0.782608695652174,0.8369565217391305,0.8913043478260869,0.8586956521739131,0.8804347826086957,0.8804347826086957,0.8478260869565217,0.8152173913043478,0.8152173913043478,0.8152173913043478,0.7065217391304348,0.6521739130434783],"Energy":{"Mean":-70.81305310537836,"Sigma":0.030886672517288008,"Taucorr":0.03237484677187316},"EnergyVariance":{"Mean":1.0698057991630021,"Sigma":0.06351214183074502,"Taucorr":-0.00615574544601009},"Iteration":110},
{"Acceptance":[0.3358695652173913,0.35108695652173916,0.3652173913043478,0.40597826086956523,0.41847826086956524,0.4489130434782609,0.46141304347826084,0.47989130434782606,0.5125,0.5407608695652174,0.5168478260869566,0.525,0.9130434782608695,0.8695652173913043,0.8152173913043478,0.8152173913043478,0.8478260869565217,0.8695652173913043,0.7608695652173914,0.7282608695652174,0.7608695652173914,0.6956521739130435,0.6630434782608695,0.6521739130434783],"Energy":{"Mean":-70.87446964873557,"Sigma":0.028648479747878857,"Taucorr":0.030511300665878243},"EnergyVariance":{"Mean":0.9346578387036568,"Sigma":0.04845695232905001,"Taucorr":0.010985370422282413},"Iteration":111},
{"Acceptance":[0.3309782608695652,0.36195652173913045,0.4043478260869565,0.36195652173913045,0.41684782608695653,0.42228260869565215,0.45869565217391306,0.4597826086956522,0.49130434782608695,0.508695652173913,0.4989130434782609,0.5010869565217392,0.8478260869565217,0.8804347826086957,0.8369565217391305,0.8260869565217391,0.8260869565217391,0.8152173913043478,0.782608695652174,0.7717391304347826,0.6956521739130435,0.5869565217391305,0.5543478260869565,0.4782608695652174],"Energy":{"Mean":-70.9010189634816,"Sigma":0.027139293234066972,"Taucorr":-0.025750698868098314},"EnergyVariance":{"Mean":0.9380822214734819,"Sigma":0.0490518003965593,"Taucorr":-0.015362196394843495},"Iteration":112},
{"Acceptance":[0.33641304347826084,0.3423913043478261,0.3744565217391304,0.39945652173913043,0.41847826086956524,0.45108695652173914,0.46630434782608693,0.46358695652173915,0.49619565217391304,0.5222826086956521,0.5456521739130434,0.5429347826086957,0.9782608695652174,0.8804347826086957,0.8369565217391305,0.8586956521739131,0.8478260869565217,0.8260869565217391,0.8152173913043478,0.8260869565217391,0.7391304347826086,0.6956521739130435,0.7282608695652174,0.7391304347826086],"Energy":{"Mean":-70.89136888497491,"Sigma":0.029042503219081726,"Taucorr":0.015482946308525302},"EnergyVariance":{"Mean":0.9888662069541304,"Sigma":0.0620629413780484,"Taucorr":0.049222213164805},"Iteration":113},
{"Acceptance":[0.33967391304347827,0.34619565217391307,0.36086956521739133,0.38858695652173914,0.4152173913043478,0.4429347826086957,0.4733695652173913,0.4733695652173913,0.48641304347826086,0.503804347826087,0.5201086956521739,0.5494565217391304,0.8913043478260869,0.8478260869565217,0.8260869565217391,0.8260869565217391,0.8043478260869565,0.8478260869565217,0.8369565217391305,0.7608695652173914,0.6630434782608695,0.6847826086956522,0.7065217391304348,0.6304347826086957],"Energy":{"Mean":-70.92605611188388,"Sigma":0.029382814877086025,"Taucorr":0.017351690935059987},"EnergyVariance":{"Mean":0.9857997142295201,"Sigma":0.06478138575983262,"Taucorr":0.011242224212823865},"Iteration":114},
{"Acceptance":[0.3070652173913043,0.32608695652173914,0.3804347826086957,0.3923913043478261,0.40108695652173915,0.41304347826086957,0.47282608695652173,0.48478260869565215,0.503804347826087,0.5184782608695652,0.5119565217391304,0.5217391304347826,0.8913043478260869,0.8804347826086957,0.8369565217391305,0.8695652173913043,0.9239130434782609,0.8369565217391305,0.7934782608695652,0.8260869565217391,0.782608695652174,0.5978260869565217,0.4891304347826087,0.5217391304347826],"Energy":{"Mean":-70.88487044238056,"Sigma":0.02732779039824405,"Taucorr":0.007306789528586333},"EnergyVariance":{"Mean":0.8904782682716931,"Sigma":0.051924958915938874,"Taucorr":0.025533450871278878},"Iteration":115},
{"Acceptance":[0.3282608695652174,0.3673913043478261,0.3744565217391304,0.40652173913043477,0.40869565217391307,0.45217391304347826,0.46358695652173915,0.4777173913043478,0.4956521739130435,0.49619565217391304,0.5179347826086956,0.5043478260869565,0.8043478260869565,0.8152173913043478,0.8586956521739131,0.9130434782608695,0.8478260869565217,0.782608695652174,0.7934782608695652,0.7934782608695652,0.7608695652173914,0.7391304347826086,0.717391304347826,0.6739130434782609],"Energy":{"Mean":-70.86135817023953,"Sigma":0.026810544080921764,"Taucorr":-0.008590514518161148},"EnergyVariance":{"Mean":0.8939134689560314,"Sigma":0.044364810488374345,"Taucorr":-0.021128007182037483},"Iteration":116},
{"Acceptance":[0.3114130434782609,0.3527173913043478,0.37717391304347825,0.3978260869565217,0.4043478260869565,0.45271739130434785,0.44782608695652176,0.45054347826086955,0.46195652173913043,0.5141304347826087,0.5293478260869565,0.5342391304347827,0.8260869565217391,0.8260869565217391,0.8260869565217391,0.8152173913043478,0.8695652173913043,0.8478260869565217,0.7391304347826086,0.782608695652174,0.8043478260869565,0.8043478260869565,0.7608695652173914,0.6739130434782609],"Energy":{"Mean":-70.8640963478285,"Sigma":0.02628845346095489,"Taucorr":0.012380325638678401},"EnergyVariance":{"Mean":0.8303196735914306,"Sigma":0.03883294189354419,"Taucorr":0.006403513322938786},"Iteration":117},
{"Acceptance":[0.3222826086956522,0.3423913043478261,0.3592391304347826,0.40597826086956523,0.4190217391304348,0.4380434782608696,0.44456521739130433,0.46630434782608693,0.4934782608695652,0.49782608695652175,0.5097826086956522,0.4956521739130435,0.8695652173913043,0.8369565217391305,0.7717391304347826,0.7717391304347826,0.8043478260869565,0.8804347826086957,0.8804347826086957,0.7934782608695652,0.782608695652174,0.6956521739130435,0.6086956521739131,0.6086956521739131],"Energy":{"Mean":-70.83268443946146,"Sigma":0.02812164347600533,"Taucorr":-0.021888733108664387},"EnergyVariance":{"Mean":0.9859663931939533,"Sigma":0.05363531117282175,"Taucorr":-0.0023811043218163255},"Iteration":118},
{"Acceptance":[0.3190217391304348,0.3673913043478261,0.3684782608695652,0.4092391304347826,0.421195652173913,0.4298913043478261,0.4434782608695652,0.48586956521739133,0.4891304347826087,0.5157608695652174,0.529891304347826,0.49728260869565216,0.8695652173913043,0.8695652173913043,0.8804347826086957,0.8369565217391305,0.8043478260869565,0.7934782608695652,0.8152173913043478,0.8152173913043478,0.7391304347826086,0.6521739130434783,0.5543478260869565,0.5217391304347826],"Energy":{"Mean":-70.82451271162161,"Sigma":0.02848094385013655,"Taucorr":0.020014034438216147},"EnergyVariance":{"Mean":0.9309121750339386,"Sigma":0.04921682513231523,"Taucorr":0.014730334623632399},"Iteration":119},
{"Acceptance":[0.3282608695652174,0.3717391304347826,0.35434782608695653,0.40108695652173915,0.4092391304347826,0.4326086956521739,0.4559782608695652,0.4701086956521739,0.5032608695652174,0.5103260869565217,0.5173913043478261,0.5304347826086957,0.8695652173913043,0.8478260869565217,0.8586956521739131,0.8804347826086957,0.8586956521739131,0.8478260869565217,0.8152173913043478,0.8478260869565217,0.8478260869565217,0.7391304347826086,0.7065217391304348,0.717391304347826],"Energy":{"Mean":-70.87890335208127,"Sigma":0.02569064582133188,"Taucorr":-0.030855843370200697},"EnergyVariance":{"Mean":0.8459831378510522,"Sigma":0.038349640467669074,"Taucorr":-0.02991436955135394},"Iteration":120},
{"Acceptance":[0.3222826086956522,0.3782608695652174,0.3847826086956522,0.3744565217391304,0.42391304347826086,0.43532608695652175,0.4592391304347826,0.5059782608695652,0.49293478260869567,0.4842391304347826,0.5108695652173914,0.4826086956521739,0.8260869565217391,0.8478260869565217,0.8478260869565217,0.8260869565217391,0.8260869565217391,0.8478260869565217,0.8478260869565217,0.75,0.6739130434782609,0.7065217391304348,0.6739130434782609,0.6086956521739131],"Energy":{"Mean":-70.88893631633485,"Sigma":0.026540118099253992,"Taucorr":-0.028687543804290644},"EnergyVariance":{"Mean":0.9152193110617278,"Sigma":0.05411320169126746,"Taucorr":-0.016883864196187974},"Iteration":121},
{"Acceptance":[0.34456521739130436,0.3565217391304348,0.37717391304347825,0.3875,0.4157608695652174,0.4418478260869565,0.4603260869565217,0.49782608695652175,0.5179347826086956,0.5293478260869565,0.5239130434782608,0.5331521739130435,0.8913043478260869,0.8804347826086957,0.8586956521739131,0.8478260869565217,0.8478260869565217,0.8695652173913043,0.7934782608695652,0.75,0.782608695652174,0.7282608695652174,0.6195652173913043,0.5434782608695652],"Energy":{"Mean":-70.91306321798784,"Sigma":0.026831015057748323,"Taucorr":0.01002766616068771},"EnergyVariance":{"Mean":0.8647442282749459,"Sigma":0.04798845241064654,"Taucorr":0.02943501076600615},"Iteration":122},
{"Acceptance":[0.3027173913043478,0.3576086956521739,0.38206521739130433,0.38369565217391305,0.4081521739130435,0.43369565217391304,0.43478260869565216,0.4826086956521739,0.4907608695652174,0.5222826086956521,0.5331521739130435,0.5211956521739131,0.8695652173913043,0.8695652173913043,0.8478260869565217,0.8043478260869565,0.8152173913043478,0.8369565217391305,0.7934782608695652,0.7608695652173914,0.7934782608695652,0.782608695652174,0.717391304347826,0.6956521739130435],"Energy":{"Mean":-70.8762275793179,"Sigma":0.026422040916811215,"Taucorr":-0.008788604596648666},"EnergyVariance":{"Mean":0.8580408260850682,"Sigma":0.050985113295519684,"Taucorr":0.0023909291917207274},"Iteration":123},
{"Acceptance":[0.3375,0.3516304347826087,0.3684782608695652,0.4081521739130435,0.4358695652173913,0.4364130434782609,0.4608695652173913,0.47282608695652173,0.5005434782608695,0.5114130434782609,0.4880434782608696,0.5239130434782608,0.9565217391304348,0.8804347826086957,0.8369565217391305,0.9021739130434783,0.8586956521739131,0.8478260869565217,0.8804347826086957,0.8152173913043478,0.7282608695652174,0.6630434782608695,0.7391304347826086,0.8260869565217391],"Energy":{"Mean":-70.87495544177857,"Sigma":0.02686488483953467,"Taucorr":0.023326186432784158},"EnergyVariance":{"Mean":0.8652536755550534,"Sigma":0.0642139098341967,"Taucorr":0.007776350847041702},"Iteration":124},
{"Acceptance":[0.3298913043478261,0.3516304347826087,0.33858695652173915,0.40380434782608693,0.425,0.4217391304347826,0.4597826086956522,0.4657608695652174,0.5016304347826087,0.5163043478260869,0.5048913043478261,0.508695652173913,0.9130434782608695,0.8913043478260869,0.8586956521739131,0.8586956521739131,0.8260869565217391,0.782608695652174,0.8043478260869565,0.8043478260869565,0.8043478260869565,0.7282608695652174,0.6086956521739131,0.5869565217391305],"Energy":{"Mean":-70.84233689854467,"Sigma":0.026661915207692063,"Taucorr":0.03394135583872979},"EnergyVariance":{"Mean":0.824856916903593,"Sigma":0.03779617440490702,"Taucorr":-0.002388807080988304},"Iteration":125},
{"Acceptance":[0.3309782608695652,0.36032608695652174,0.3842391304347826,0.3875,0.4,0.4320652173913043,0.4815217391304348,0.4826086956521739,0.508695652173913,0.5222826086956521,0.5010869565217392,0.5456521739130434,0.8913043478260869,0.9021739130434783,0.8913043478260869,0.8586956521739131,0.8586956521739131,0.8913043478260869,0.8913043478260869,0.8260869565217391,0.7717391304347826,0.7717391304347826,0.7282608695652174,0.6739130434782609],"Energy":{"Mean":-70.85991386706591,"Sigma":0.025546719575691653,"Taucorr":-0.01581219753925707},"EnergyVariance":{"Mean":0.8298611192330209,"Sigma":0.04256967298895522,"Taucorr":0.009074252508785604},"Iteration":126},
{"Acceptance":[0.33369565217391306,0.3717391304347826,0.37880434782608696,0.38913043478260867,0.4027173913043478,0.4320652173913043,0.47282608695652173,0.4815217391304348,0.48586956521739133,0.4880434782608696,0.5005434782608695,0.5293478260869565,0.782608695652174,0.782608695652174,0.8260869565217391,0.8478260869565217,0.8260869565217391,0.8152173913043478,0.8043478260869565,0.7934782608695652,0.7608695652173914,0.7391304347826086,0.6847826086956522,0.6304347826086957],"Energy":{"Mean":-70.90342431800084,"Sigma":0.027293927372129028,"Taucorr":-0.015274717207047895},"EnergyVariance":{"Mean":0.9287114073803687,"Sigma":0.05269579138294104,"Taucorr":0.023668293587631246},"Iteration":127},
{"Acceptance":[0.34782608695652173,0.3456521739130435,0.358695652173913,0.3907608695652174,0.4260869565217391,0.4418478260869565,0.4326086956521739,0.4766304347826087,0.5048913043478261,0.4994565217391304,0.5380434782608695,0.5016304347826087,0.8043478260869565,0.8586956521739131,0.9130434782608695,0.9021739130434783,0.8260869565217391,0.8152173913043478,0.8804347826086957,0.8152173913043478,0.7065217391304348,0.6956521739130435,0.6304347826086957,0.5434782608695652],"Energy":{"Mean":-70.9265088277268,"Sigma":0.026169608674237912,"Taucorr":-0.033502465454120965},"EnergyVariance":{"Mean":0.9238533597754609,"Sigma":0.061544334292925607,"Taucorr":0.005012581580354292},"Iteration":128},
{"Acceptance":[0.3282608695652174,0.35597826086956524,0.3706521739130435,0.4081521739130435,0.4027173913043478,0.4559782608695652,0.4494565217391304,0.4951086956521739,0.5,0.5152173913043478,0.5125,0.508695652173913,0.9130434782608695,0.9130434782608695,0.8586956521739131,0.8043478260869565,0.8586956521739131,0.8586956521739131,0.8586956521739131,0.8043478260869565,0.6956521739130435,0.6847826086956522,0.6521739130434783,0.6304347826086957],"Energy":{"Mean":-70.93650167385307,"Sigma":0.028446617359688207,"Taucorr":-0.01868751722004124},"EnergyVariance":{"Mean":1.0222443051063006,"Sigma":0.06456921880622815,"Taucorr":-0.023632487377761306},"Iteration":129},
{"Acceptance":[0.3179347826086957,0.3418478260869565,0.3847826086956522,0.40108695652173915,0.4125,0.4385869565217391,0.4489130434782609,0.47989130434782606,0.49130434782608695,0.5,0.5260869565217391,0.528804347826087,0.9130434782608695,0.8586956521739131,0.8369565217391305,0.8695652173913043,0.8478260869565217,0.7934782608695652,0.8043478260869565,0.8369565217391305,0.7934782608695652,0.7282608695652174,0.6413043478260869,0.5869565217391305],"Energy":{"Mean":-70.90205377365781,"Sigma":0.026953308309792468,"Taucorr":-0.02293129171121273},"EnergyVariance":{"Mean":0.9478687609945209,"Sigma":0.056219504728189824,"Taucorr":0.026127330595612352},"Iteration":130},
{"Acceptance":[0.33804347826086956,0.34293478260869564,0.3864130434782609,0.3842391304347826,0.41847826086956524,0.42336956521739133,0.45543478260869563,0.48532608695652174,0.4842391304347826,0.49782608695652175,0.49293478260869567,0.5152173913043478,0.9565217391304348,0.9130434782608695,0.8695652173913043,0.8695652173913043,0.8152173913043478,0.7608695652173914,0.7717391304347826,0.8586956521739131,0.8043478260869565,0.6413043478260869,0.6304347826086957,0.6521739130434783],"Energy":{"Mean":-70.97321027217652,"Sigma":0.026954906946068734,"Taucorr":-0.004339323873293677},"EnergyVariance":{"Mean":0.8899691994356621,"Sigma":0.059969877671564475,"Taucorr":-0.011209180174910578},"Iteration":131},
{"Acceptance":[0.3119565217391304,0.35054347826086957,0.3630434782608696,0.39510869565217394,0.4260869565217391,0.4385869565217391,0.45163043478260867,0.4733695652173913,0.4777173913043478,0.5135869565217391,0.5135869565217391,0.5331521739130435,0.8913043478260869,0.8804347826086957,0.8695652173913043,0.8913043478260869,0.8913043478260869,0.8152173913043478,0.75,0.782608695652174,0.8260869565217391,0.8152173913043478,0.7282608695652174,0.6521739130434783],"Energy":{"Mean":-70.91887056679055,"Sigma":0.02745500678147912,"Taucorr":-0.005791668115261041},"EnergyVariance":{"Mean":0.9517809222805432,"Sigma":0.05486427487226752,"Taucorr":0.009749003515806189},"Iteration":132},
{"Acceptance":[0.3119565217391304,0.3483695652173913,0.3695652173913043,0.39891304347826084,0.42391304347826086,0.44619565217391305,0.46358695652173915,0.48043478260869565,0.5059782608695652,0.4967391304347826,0.5168478260869566,0.55,0.8043478260869565,0.8260869565217391,0.8260869565217391,0.8260869565217391,0.8586956521739131,0.8260869565217391,0.7391304347826086,0.782608695652174,0.8586956521739131,0.8152173913043478,0.7608695652173914,0.7391304347826086],"Energy":{"Mean":-70.90358515314982,"Sigma":0.027095255712203867,"Taucorr":0.008054106204028862},"EnergyVariance":{"Mean":0.8920526589361853,"Sigma":0.0482608424148537,"Taucorr":0.02345034501953067},"Iteration":133},
{"Acceptance":[0.3092391304347826,0.3576086956521739,0.3717391304347826,0.4081521739130435,0.41195652173913044,0.44130434782608696,0.46195652173913043,0.4673913043478261,0.4907608695652174,0.5233695652173913,0.5092391304347826,0.525,0.6956521739130435,0.782608695652174,0.8804347826086957,0.8586956521739131,0.8369565217391305,0.8478260869565217,0.8695652173913043,0.8478260869565217,0.8369565217391305,0.7934782608695652,0.6847826086956522,0.6521739130434783],"Energy":{"Mean":-70.85095780453806,"Sigma":0.02846837946378748,"Taucorr":0.025066276158706102},"EnergyVariance":{"Mean":0.9212690496188559,"Sigma":0.05592490370721775,"Taucorr":0.016229770733926587},"Iteration":134},
{"Acceptance":[0.3092391304347826,0.3402173913043478,0.3733695652173913,0.3918478260869565,0.41141304347826085,0.43532608695652175,0.4375,0.46902173913043477,0.5048913043478261,0.4967391304347826,0.5152173913043478,0.4994565217391304,0.9130434782608695,0.8913043478260869,0.8804347826086957,0.8804347826086957,0.8369565217391305,0.8260869565217391,0.8478260869565217,0.782608695652174,0.7282608695652174,0.717391304347826,0.5869565217391305,0.4782608695652174],"Energy":{"Mean":-70.88052602877755,"Sigma":0.026068784199339137,"Taucorr":-0.0020617446468916834},"EnergyVariance":{"Mean":0.8292283659536901,"Sigma":0.04569249198568856,"Taucorr":0.019078558836477962},"Iteration":135},
{"Acceptance":[0.35054347826086957,0.3233695652173913,0.3760869565217391,0.39891304347826084,0.42336956521739133,0.4326086956521739,0.46141304347826084,0.47554347826086957,0.5032608695652174,0.508695652173913,0.5201086956521739,0.5168478260869566,0.8695652173913043,0.8695652173913043,0.8913043478260869,0.8695652173913043,0.8260869565217391,0.8695652173913043,0.8478260869565217,0.782608695652174,0.7608695652173914,0.7608695652173914,0.6956521739130435,0.6086956521739131],"Energy":{"Mean":-70.883333950384,"Sigma":0.025396539936043443,"Taucorr":-0.02967542917685974},"EnergyVariance":{"Mean":0.8411995601548842,"Sigma":0.04494208578780243,"Taucorr":0.0137335681352036},"Iteration":136},
{"Acceptance":[0.3423913043478261,0.36032608695652174,0.3641304347826087,0.3923913043478261,0.4027173913043478,0.42717391304347824,0.4641304347826087,0.45760869565217394,0.5217391304347826,0.5157608695652174,0.4983695652173913,0.4967391304347826,0.8260869565217391,0.8260869565217391,0.8369565217391305,0.8478260869565217,0.8260869565217391,0.8369565217391305,0.8260869565217391,0.8369565217391305,0.8260869565217391,0.6630434782608695,0.5652173913043478,0.5652173913043478],"Energy":{"Mean":-70.91573771870459,"Sigma":0.025099560669930975,"Taucorr":-0.012129399427114813},"EnergyVariance":{"Mean":0.7849373761029544,"Sigma":0.04786302258428574,"Taucorr":0.0243278020556742},"Iteration":137},
{"Acceptance":[0.35434782608695653,0.33369565217391306,0.38315217391304346,0.40543478260869564,0.42228260869565215,0.4483695652173913,0.45652173913043476,0.4885869565217391,0.5,0.49130434782608695,0.49728260869565216,0.5146739130434783,0.8478260869565217,0.8152173913043478,0.8260869565217391,0.8913043478260869,0.9021739130434783,0.8369565217391305,0.7717391304347826,0.7717391304347826,0.7391304347826086,0.717391304347826,0.7391304347826086,0.7391304347826086],"Energy":{"Mean":-70.93752852999084,"Sigma":0.025572618520726297,"Taucorr":-0.014138442790491035},"EnergyVariance":{"Mean":0.842528389702801,"Sigma":0.04649754848630183,"Taucorr":0.021427308938054324},"Iteration":138},
{"Acceptance":[0.34891304347826085,0.3581521739130435,0.358695652173913,0.40706521739130436,0.44130434782608696,0.42717391304347824,0.47391304347826085,0.47608695652173916,0.4733695652173913,0.5027173913043478,0.5097826086956522,0.5315217391304348,0.8478260869565217,0.8695652173913043,0.9021739130434783,0.8695652173913043,0.8043478260869565,0.782608695652174,0.8260869565217391,0.8369565217391305,0.8369565217391305,0.7608695652173914,0.6956521739130435,0.7391304347826086],"Energy":{"Mean":-70.90927698486486,"Sigma":0.026056343053417003,"Taucorr":0.01640398781962701},"EnergyVariance":{"Mean":0.8236789674573561,"Sigma":0.04437323250995844,"Taucorr":0.02178250134971857},"Iteration":139},
{"Acceptance":[0.33967391304347827,0.32554347826086955,0.38532608695652176,0.39891304347826084,0.4380434782608696,0.4309782608695652,0.44782608695652176,0.4875,0.4831521739130435,0.47934782608695653,0.5054347826086957,0.5505434782608696,0.8043478260869565,0.8369565217391305,0.8695652173913043,0.8695652173913043,0.8586956521739131,0.7934782608695652,0.8043478260869565,0.8260869565217391,0.8043478260869565,0.75,0.6739130434782609,0.6739130434782609],"Energy":{"Mean":-70.9145742919423,"Sigma":0.02499604880963473,"Taucorr":0.001392045240895222},"EnergyVariance":{"Mean":0.7509016474560545,"Sigma":0.03822749566422685,"Taucorr":0.04012637753964465},"Iteration":140},
{"Acceptance":[0.34782608695652173,0.3418478260869565,0.39565217391304347,0.39293478260869563,0.4190217391304348,0.44021739130434784,0.4652173913043478,0.475,0.5048913043478261,0.5005434782608695,0.5304347826086957,0.5451086956521739,0.8478260869565217,0.8478260869565217,0.8478260869565217,0.8804347826086957,0.8913043478260869,0.8586956521739131,0.8260869565217391,0.7717391304347826,0.7282608695652174,0.7282608695652174,0.717391304347826,0.6956521739130435],"Energy":{"Mean":-70.89213443812919,"Sigma":0.02589748268655709,"Taucorr":-0.011854684337244861},"EnergyVariance":{"Mean":0.8449380834496304,"Sigma":0.04260115574482975,"Taucorr":-0.03653773794153863},"Iteration":141},
{"Acceptance":[0.3217391304347826,0.33152173913043476,0.3630434782608696,0.4076086956521739,0.4097826086956522,0.42336956521739133,0.45217391304347826,0.46902173913043477,0.47934782608695653,0.5016304347826087,0.5364130434782609,0.5228260869565218,0.8478260869565217,0.8369565217391305,0.8804347826086957,0.8260869565217391,0.7934782608695652,0.8695652173913043,0.8260869565217391,0.7608695652173914,0.8043478260869565,0.8152173913043478,0.6847826086956522,0.6086956521739131],"Energy":{"Mean":-70.89395758978522,"Sigma":0.025338216962527527,"Taucorr":-0.03566994221378326},"EnergyVariance":{"Mean":0.8446098107566667,"Sigma":0.044503440048625324,"Taucorr":-0.0033532076880062925},"Iteration":142},
{"Acceptance":[0.33206521739130435,0.34293478260869564,0.3565217391304348,0.39402173913043476,0.41956521739130437,0.4423913043478261,0.453804347826087,0.4907608695652174,0.49728260869565216,0.5163043478260869,0.5304347826086957,0.532608695652174,0.9130434782608695,0.9021739130434783,0.8913043478260869,0.8695652173913043,0.8369565217391305,0.7934782608695652,0.8260869565217391,0.8260869565217391,0.75,0.717391304347826,0.6521739130434783,0.6086956521739131],"Energy":{"Mean":-70.8623941444226,"Sigma":0.02670496373611499,"Taucorr":0.04186314518557757},"EnergyVariance":{"Mean":0.8221163574584086,"Sigma":0.0411555489909603,"Taucorr":0.008003011278295773},"Iteration":143},
{"Acceptance":[0.34130434782608693,0.3565217391304348,0.3717391304347826,0.39402173913043476,0.41032608695652173,0.43478260869565216,0.45163043478260867,0.4815217391304348,0.48641304347826086,0.5130434782608696,0.5146739130434783,0.5233695652173913,0.8260869565217391,0.8478260869565217,0.8152173913043478,0.8043478260869565,0.8586956521739131,0.8586956521739131,0.8043478260869565,0.6956521739130435,0.6956521739130435,0.7934782608695652,0.7391304347826086,0.6521739130434783],"Energy":{"Mean":-70.91537137683095,"Sigma":0.026559586087868844,"Taucorr":0.018024977258020283},"EnergyVariance":{"Mean":0.8327644122374349,"Sigma":0.04629792908462954,"Taucorr":0.0022632441179847515},"Iteration":144},
{"Acceptance":[0.3293478260869565,0.35,0.3798913043478261,0.3972826086956522,0.42445652173913045,0.4277173913043478,0.45760869565217394,0.4771739130434783,0.4766304347826087,0.49619565217391304,0.5396739130434782,0.5173913043478261,0.7608695652173914,0.8152173913043478,0.8478260869565217,0.8369565217391305,0.8043478260869565,0.8043478260869565,0.8586956521739131,0.8478260869565217,0.8043478260869565,0.75,0.6739130434782609,0.6304347826086957],"Energy":{"Mean":-70.90081089361189,"Sigma":0.02782171272902088,"Taucorr":-0.01967992574912156},"EnergyVariance":{"Mean":0.921001083242127,"Sigma":0.05927042968413021,"Taucorr":0.023239612223360438},"Iteration":145},
{"Acceptance":[0.3135869565217391,0.35434782608695653,0.3864130434782609,0.39945652173913043,0.41684782608695653,0.44619565217391305,0.4298913043478261,0.48043478260869565,0.4668478260869565,0.5179347826086956,0.5195652173913043,0.5152173913043478,0.8043478260869565,0.8369565217391305,0.8586956521739131,0.8586956521739131,0.8913043478260869,0.8695652173913043,0.7608695652173914,0.7282608695652174,0.7608695652173914,0.7391304347826086,0.7065217391304348,0.6956521739130435],"Energy":{"Mean":-70.92671421870858,"Sigma":0.02665625859236448,"Taucorr":0.026447958691194696},"EnergyVariance":{"Mean":0.8460977103673892,"Sigma":0.05823649223435021,"Taucorr":0.010459932414495034},"Iteration":146},
{"Acceptance":[0.3347826086956522,0.34293478260869564,0.38804347826086955,0.3923913043478261,0.4097826086956522,0.4385869565217391,0.49130434782608695,0.48967391304347824,0.4923913043478261,0.5358695652173913,0.5266304347826087,0.4983695652173913,0.8260869565217391,0.8260869565217391,0.8586956521739131,0.8913043478260869,0.8695652173913043,0.8369565217391305,0.8478260869565217,0.8586956521739131,0.7934782608695652,0.7608695652173914,0.5652173913043478,0.34782608695652173],"Energy":{"Mean":-70.91831829568657,"Sigma":0.024751943565220393,"Taucorr":0.0027928189019754274},"EnergyVariance":{"Mean":0.7611786978644498,"Sigma":0.03790578084811837,"Taucorr":0.012850156420552613},"Iteration":147},
{"Acceptance":[0.33804347826086956,0.35380434782608694,0.3690217391304348,0.40652173913043477,0.4375,0.4342391304347826,0.4608695652173913,0.48478260869565215,0.49130434782608695,0.5114130434782609,0.5217391304347826,0.5375,0.8695652173913043,0.9021739130434783,0.8913043478260869,0.8695652173913043,0.8478260869565217,0.8152173913043478,0.8260869565217391,0.8586956521739131,0.8260869565217391,0.782608695652174,0.75,0.6956521739130435],"Energy":{"Mean":-70.9047677633838,"Sigma":0.024494574686561393,"Taucorr":0.017679828653443568},"EnergyVariance":{"Mean":0.7385508418079834,"Sigma":0.046308951623258744,"Taucorr":0.03049613106440909},"Iteration":148},
{"Acceptance":[0.32717391304347826,0.34619565217391307,0.375,0.3967391304347826,0.43532608695652175,0.44130434782608696,0.4722826086956522,0.4657608695652174,0.48967391304347824,0.5255434782608696,0.5076086956521739,0.5135869565217391,0.8478260869565217,0.8152173913043478,0.8152173913043478,0.8695652173913043,0.8478260869565217,0.8152173913043478,0.7934782608695652,0.7608695652173914,0.8043478260869565,0.75,0.75,0.8478260869565217],"Energy":{"Mean":-70.88781202325933,"Sigma":0.02505003700712322,"Taucorr":0.00580960396867392},"EnergyVariance":{"Mean":0.787769720751069,"Sigma":0.048900654657745124,"Taucorr":0.006151035603476909},"Iteration":149},
{"Acceptance":[0.3168478260869565,0.34130434782608693,0.3695652173913043,0.40380434782608693,0.42445652173913045,0.4282608695652174,0.4418478260869565,0.4722826086956522,0.5097826086956522,0.5228260869565218,0.5266304347826087,0.5396739130434782,0.8260869565217391,0.8260869565217391,0.782608695652174,0.782608695652174,0.8043478260869565,0.8152173913043478,0.8260869565217391,0.8152173913043478,0.8260869565217391,0.75,0.7065217391304348,0.7391304347826086],"Energy":{"Mean":-70.9223920519841,"Sigma":0.026808357285513344,"Taucorr":0.026331052269058658},"EnergyVariance":{"Mean":0.8209895972149984,"Sigma":0.055272779765729634,"Taucorr":0.02501466643644955},"Iteration":150},
{"Acceptance":[0.3298913043478261,0.3695652173913043,0.39510869565217394,0.41847826086956524,0.41195652173913044,0.4391304347826087,0.4467391304347826,0.4657608695652174,0.5032608695652174,0.5021739130434782,0.5277173913043478,0.5396739130434782,0.8260869565217391,0.9021739130434783,0.8913043478260869,0.8152173913043478,0.8695652173913043,0.8586956521739131,0.782608695652174,0.8043478260869565,0.7934782608695652,0.6956521739130435,0.6413043478260869,0.6304347826086957],"Energy":{"Mean":-70.92078655866835,"Sigma":0.023585269963458142,"Taucorr":-0.029900583144049076},"EnergyVariance":{"Mean":0.7344681070447078,"Sigma":0.03955437019754999,"Taucorr":0.02030180253757926},"Iteration":151},
{"Acceptance":[0.3108695652173913,0.3760869565217391,0.37228260869565216,0.3934782608695652,0.4369565217391304,0.44619565217391305,0.4489130434782609,0.47554347826086957,0.49184782608695654,0.5,0.5195652173913043,0.5505434782608696,0.9130434782608695,0.8369565217391305,0.8260869565217391,0.8586956521739131,0.8478260869565217,0.8586956521739131,0.8369565217391305,0.7717391304347826,0.6739130434782609,0.6304347826086957,0.6086956521739131,0.5869565217391305],"Energy":{"Mean":-70.92811720318494,"Sigma":0.0267092103118077,"Taucorr":-0.011234092226199801},"EnergyVariance":{"Mean":0.8820372315011088,"Sigma":0.056251835285104364,"Taucorr":0.006697810804921882},"Iteration":152},
{"Acceptance":[0.32717391304347826,0.33858695652173915,0.3793478260869565,0.4092391304347826,0.4157608695652174,0.4418478260869565,0.46358695652173915,0.46630434782608693,0.48586956521739133,0.5010869565217392,0.5369565217391304,0.5059782608695652,0.782608695652174,0.8260869565217391,0.8913043478260869,0.8913043478260869,0.8586956521739131,0.8478260869565217,0.782608695652174,0.782608695652174,0.8152173913043478,0.7608695652173914,0.5978260869565217,0.45652173913043476],"Energy":{"Mean":-70.90929315163044,"Sigma":0.025073674837900604,"Taucorr":-0.026019630387555174},"EnergyVariance":{"Mean":0.8045753114454085,"Sigma":0.05285929972482902,"Taucorr":0.055255872518466996},"Iteration":153},
{"Acceptance":[0.3130434782608696,0.358695652173913,0.3875,0.3766304347826087,0.40706521739130436,0.43478260869565216,0.4467391304347826,0.48641304347826086,0.5076086956521739,0.5103260869565217,0.5130434782608696,0.5375,0.8260869565217391,0.8478260869565217,0.8586956521739131,0.8478260869565217,0.8369565217391305,0.8043478260869565,0.7717391304347826,0.8478260869565217,0.8043478260869565,0.717391304347826,0.7391304347826086,0.717391304347826],"Energy":{"Mean":-70.89698316772255,"Sigma":0.027925744237793846,"Taucorr":0.026062480526663545},"EnergyVariance":{"Mean":0.8890192558430279,"Sigma":0.05707318034099842,"Taucorr":0.0018992721760219683},"Iteration":154},
{"Acceptance":[0.32717391304347826,0.35380434782608694,0.38858695652173914,0.3967391304347826,0.40054347826086956,0.4385869565217391,0.4423913043478261,0.46956521739130436,0.4880434782608696,0.4902173913043478,0.5179347826086956,0.5163043478260869,0.8478260869565217,0.8478260869565217,0.8478260869565217,0.8260869565217391,0.8586956521739131,0.8913043478260869,0.8260869565217391,0.7608695652173914,0.7608695652173914,0.7717391304347826,0.7391304347826086,0.717391304347826],"Energy":{"Mean":-70.95253449921368,"Sigma":0.025958597054567586,"Taucorr":0.015096545855904408},"EnergyVariance":{"Mean":0.8147031967530735,"Sigma":0.04357695752134657,"Taucorr":-0.04121609012972861},"Iteration":155},
{"Acceptance":[0.3016304347826087,0.34945652173913044,0.3875,0.40380434782608693,0.4315217391304348,0.45543478260869563,0.4451086956521739,0.4891304347826087,0.475,0.4891304347826087,0.5233695652173913,0.5456521739130434,0.6304347826086957,0.7608695652173914,0.9130434782608695,0.9130434782608695,0.8804347826086957,0.8369565217391305,0.8043478260869565,0.8043478260869565,0.75,0.782608695652174,0.75,0.6304347826086957],"Energy":{"Mean":-70.88316213729028,"Sigma":0.02596701640781883,"Taucorr":0.005628768576401666},"EnergyVariance":{"Mean":0.7905386907859743,"Sigma":0.03939131373693756,"Taucorr":0.033454635412299975},"Iteration":156},
{"Acceptance":[0.34347826086956523,0.35108695652173916,0.39891304347826084,0.39510869565217394,0.3934782608695652,0.4467391304347826,0.4494565217391304,0.4733695652173913,0.5081521739130435,0.4994565217391304,0.525,0.5010869565217392,0.8260869565217391,0.8369565217391305,0.8804347826086957,0.8913043478260869,0.8043478260869565,0.7608695652173914,0.8152173913043478,0.8369565217391305,0.8043478260869565,0.7717391304347826,0.6521739130434783,0.5434782608695652],"Energy":{"Mean":-70.88310065612724,"Sigma":0.02503628598436207,"Taucorr":-0.04873761057626002},"EnergyVariance":{"Mean":0.8145229264185714,"Sigma":0.05389295636795227,"Taucorr":0.02258939789143488},"Iteration":157},
{"Acceptance":[0.3157608695652174,0.36195652173913045,0.3717391304347826,0.3847826086956522,0.3864130434782609,0.43043478260869567,0.4467391304347826,0.47880434782608694,0.5016304347826087,0.5103260869565217,0.5396739130434782,0.5472826086956522,0.7608695652173914,0.8152173913043478,0.9021739130434783,0.8913043478260869,0.8152173913043478,0.7934782608695652,0.8260869565217391,0.8152173913043478,0.7391304347826086,0.717391304347826,0.6630434782608695,0.5869565217391305],"Energy":{"Mean":-70.926330477163,"Sigma":0.024764543327981517,"Taucorr":-0.03650249394059196},"EnergyVariance":{"Mean":0.8002809949484728,"Sigma":0.04953989676147095,"Taucorr":0.01005761983724379},"Iteration":158},
{"Acceptance":[0.32663043478260867,0.36630434782608695,0.3918478260869565,0.4027173913043478,0.40108695652173915,0.43369565217391304,0.4543478260869565,0.47445652173913044,0.4815217391304348,0.5016304347826087,0.5222826086956521,0.5195652173913043,0.8695652173913043,0.8804347826086957,0.8913043478260869,0.8478260869565217,0.7934782608695652,0.782608695652174,0.8260869565217391,0.7934782608695652,0.7717391304347826,0.7608695652173914,0.7065217391304348,0.717391304347826],"Energy":{"Mean":-70.91285109544731,"Sigma":0.02534977540780114,"Taucorr":-0.027002696807983728},"EnergyVariance":{"Mean":0.8033526879089115,"Sigma":0.047856117928649106,"Taucorr":-0.019766858876190008},"Iteration":159},
{"Acceptance":[0.34347826086956523,0.3635869565217391,0.3706521739130435,0.38913043478260867,0.425,0.4217391304347826,0.4423913043478261,0.4641304347826087,0.4733695652173913,0.5157608695652174,0.5195652173913043,0.5543478260869565,0.782608695652174,0.8369565217391305,0.8695652173913043,0.8478260869565217,0.8804347826086957,0.8260869565217391,0.75,0.8043478260869565,0.782608695652174,0.7065217391304348,0.717391304347826,0.7391304347826086],"Energy":{"Mean":-70.92510693337276,"Sigma":0.027461147297349674,"Taucorr":0.02878478235950108},"EnergyVariance":{"Mean":0.8634001187917204,"Sigma":0.05755211416757076,"Taucorr":0.01659522847822041},"Iteration":160},
{"Acceptance":[0.31521739130434784,0.3592391304347826,0.3527173913043478,0.39293478260869563,0.4108695652173913,0.4309782608695652,0.45815217391304347,0.48043478260869565,0.46847826086956523,0.5076086956521739,0.5081521739130435,0.5239130434782608,0.8478260869565217,0.8260869565217391,0.8478260869565217,0.9021739130434783,0.8695652173913043,0.782608695652174,0.7934782608695652,0.8043478260869565,0.7391304347826086,0.7065217391304348,0.6630434782608695,0.6304347826086957],"Energy":{"Mean":-70.9462824586773,"Sigma":0.025735575663289652,"Taucorr":0.010011360673248404},"EnergyVariance":{"Mean":0.7690645904502293,"Sigma":0.04025617443851778,"Taucorr":0.02135010891290121},"Iteration":161},
{"Acceptance":[0.3141304347826087,0.3342391304347826,0.3673913043478261,0.4097826086956522,0.41847826086956524,0.4364130434782609,0.4472826086956522,0.45652173913043476,0.5032608695652174,0.5043478260869565,0.5163043478260869,0.5478260869565217,0.7608695652173914,0.782608695652174,0.8586956521739131,0.9021739130434783,0.8913043478260869,0.8586956521739131,0.8369565217391305,0.7934782608695652,0.7391304347826086,0.8043478260869565,0.8260869565217391,0.782608695652174],"Energy":{"Mean":-70.96478969680868,"Sigma":0.02590150597890739,"Taucorr":0.011573420314645056},"EnergyVariance":{"Mean":0.8133587135086401,"Sigma":0.04405961982016391,"Taucorr":-0.03180916137353471},"Iteration":162},
{"Acceptance":[0.32608695652173914,0.3565217391304348,0.3869565217391304,0.3875,0.4032608695652174,0.4483695652173913,0.46358695652173915,0.45652173913043476,0.4956521739130435,0.533695652173913,0.5190217391304348,0.5429347826086957,0.9130434782608695,0.8913043478260869,0.8586956521739131,0.8260869565217391,0.8478260869565217,0.8586956521739131,0.8152173913043478,0.8369565217391305,0.8478260869565217,0.7282608695652174,0.6195652173913043,0.6086956521739131],"Energy":{"Mean":-70.84885522017134,"Sigma":0.026210037968150773,"Taucorr":-0.006406915611242879},"EnergyVariance":{"Mean":0.8483339837078203,"Sigma":0.06672327358511569,"Taucorr":-0.013987064237849125},"Iteration":163},
{"Acceptance":[0.33043478260869563,0.3744565217391304,0.3657608695652174,0.36630434782608695,0.4277173913043478,0.4407608695652174,0.45108695652173914,0.4956521739130435,0.4923913043478261,0.4983695652173913,0.4989130434782609,0.5255434782608696,0.8043478260869565,0.8152173913043478,0.8586956521739131,0.8043478260869565,0.75,0.7934782608695652,0.8043478260869565,0.75,0.7391304347826086,0.7391304347826086,0.6630434782608695,0.6304347826086957],"Energy":{"Mean":-70.94299297839741,"Sigma":0.02610646246997055,"Taucorr":0.023210245687582638},"EnergyVariance":{"Mean":0.7740645226067273,"Sigma":0.05280010230873126,"Taucorr":0.018318821947675337},"Iteration":164},
{"Acceptance":[0.35978260869565215,0.34782608695652173,0.3869565217391304,0.39402173913043476,0.43043478260869567,0.45271739130434785,0.44565217391304346,0.4891304347826087,0.5005434782608695,0.5076086956521739,0.5157608695652174,0.5353260869565217,0.8913043478260869,0.8695652173913043,0.8152173913043478,0.8260869565217391,0.8804347826086957,0.8695652173913043,0.8586956521739131,0.8369565217391305,0.782608695652174,0.6630434782608695,0.6521739130434783,0.7391304347826086],"Energy":{"Mean":-70.91438975392789,"Sigma":0.027273427557710925,"Taucorr":0.017403091739313533},"EnergyVariance":{"Mean":0.8300727551270436,"Sigma":0.04975788577743481,"Taucorr":0.011476242005139352},"Iteration":165},
{"Acceptance":[0.3391304347826087,0.35489130434782606,0.3625,0.3967391304347826,0.4146739130434783,0.4315217391304348,0.4603260869565217,0.48641304347826086,0.5065217391304347,0.5005434782608695,0.5451086956521739,0.5364130434782609,0.8478260869565217,0.8586956521739131,0.8586956521739131,0.8478260869565217,0.8260869565217391,0.8043478260869565,0.8478260869565217,0.8586956521739131,0.6847826086956522,0.6956521739130435,0.8369565217391305,0.8260869565217391],"Energy":{"Mean":-70.87018926908647,"Sigma":0.023685375202049764,"Taucorr":0.014319961695066585},"EnergyVariance":{"Mean":0.6832195877338175,"Sigma":0.036122277836179724,"Taucorr":-0.022455380483497638},"Iteration":166},
{"Acceptance":[0.3233695652173913,0.3516304347826087,0.35,0.3864130434782609,0.41630434782608694,0.4451086956521739,0.46141304347826084,0.4717391304347826,0.483695652173913,0.5271739130434783,0.5418478260869565,0.5222826086956521,0.8695652173913043,0.8586956521739131,0.8586956521739131,0.8369565217391305,0.8586956521739131,0.8913043478260869,0.8695652173913043,0.8478260869565217,0.8152173913043478,0.7717391304347826,0.5652173913043478,0.391304347826087],"Energy":{"Mean":-70.8900559111367,"Sigma":0.023543082701642112,"Taucorr":-0.013461121087176177},"EnergyVariance":{"Mean":0.6828092967229336,"Sigma":0.036594598910485034,"Taucorr":0.005793174708339298},"Iteration":167},
{"Acceptance":[0.3402173913043478,0.35543478260869565,0.358695652173913,0.4,0.42336956521739133,0.4201086956521739,0.4451086956521739,0.4657608695652174,0.5059782608695652,0.49619565217391304,0.5206521739130435,0.5146739130434783,0.8478260869565217,0.8586956521739131,0.8804347826086957,0.8695652173913043,0.8260869565217391,0.8043478260869565,0.8586956521739131,0.782608695652174,0.7282608695652174,0.7065217391304348,0.6086956521739131,0.6086956521739131],"Energy":{"Mean":-70.94592291642412,"Sigma":0.02667354787095708,"Taucorr":0.004241953261281429},"EnergyVariance":{"Mean":0.8155887994115419,"Sigma":0.04293467095828857,"Taucorr":-0.03723494721778043},"Iteration":168},
{"Acceptance":[0.33315217391304347,0.3391304347826087,0.37771739130434784,0.3918478260869565,0.42717391304347824,0.4320652173913043,0.4494565217391304,0.4842391304347826,0.4951086956521739,0.5043478260869565,0.529891304347826,0.5342391304347827,0.8695652173913043,0.9021739130434783,0.9347826086956522,0.8913043478260869,0.7608695652173914,0.7391304347826086,0.8369565217391305,0.782608695652174,0.75,0.7282608695652174,0.7065217391304348,0.7608695652173914],"Energy":{"Mean":-70.87319987828602,"Sigma":0.02557299053724235,"Taucorr":0.006173395112589734},"EnergyVariance":{"Mean":0.7718277552038718,"Sigma":0.043466076897979884,"Taucorr":-0.009136380711047472},"Iteration":169},
{"Acceptance":[0.328804347826087,0.3581521739130435,0.38369565217391305,0.39402173913043476,0.4315217391304348,0.42445652173913045,0.47119565217391307,0.48097826086956524,0.4923913043478261,0.5054347826086957,0.5211956521739131,0.5119565217391304,0.8260869565217391,0.8695652173913043,0.9021739130434783,0.8369565217391305,0.7934782608695652,0.8586956521739131,0.8478260869565217,0.7282608695652174,0.7717391304347826,0.75,0.6195652173913043,0.6086956521739131],"Energy":{"Mean":-70.91371317442281,"Sigma":0.024958918445920086,"Taucorr":0.0068856086183099645},"EnergyVariance":{"Mean":0.7544982296603658,"Sigma":0.038871475718604435,"Taucorr":-0.019424581509105136},"Iteration":170},
{"Acceptance":[0.328804347826087,0.3293478260869565,0.3695652173913043,0.3934782608695652,0.41032608695652173,0.453804347826087,0.4603260869565217,0.47880434782608694,0.4923913043478261,0.5081521739130435,0.5581521739130435,0.5478260869565217,0.8695652173913043,0.9130434782608695,0.8913043478260869,0.8152173913043478,0.8260869565217391,0.8369565217391305,0.7934782608695652,0.8043478260869565,0.7934782608695652,0.75,0.7282608695652174,0.6956521739130435],"Energy":{"Mean":-70.9010266906568,"Sigma":0.02687033364527551,"Taucorr":0.04452454394528349},"EnergyVariance":{"Mean":0.8191007626049309,"Sigma":0.04395889037390089,"Taucorr":-0.011345461229897697},"Iteration":171},
{"Acceptance":[0.3282608695652174,0.34619565217391307,0.35706521739130437,0.3918478260869565,0.4032608695652174,0.4391304347826087,0.45815217391304347,0.47934782608695653,0.48206521739130437,0.5396739130434782,0.5217391304347826,0.5135869565217391,0.8913043478260869,0.8695652173913043,0.8695652173913043,0.8913043478260869,0.8695652173913043,0.8043478260869565,0.717391304347826,0.7608695652173914,0.8152173913043478,0.75,0.6630434782608695,0.6086956521739131],"Energy":{"Mean":-70.98013170164434,"Sigma":0.028106133127260496,"Taucorr":0.015871406216042418},"EnergyVariance":{"Mean":0.8810316970147655,"Sigma":0.06581507421357692,"Taucorr":0.039436108542638675},"Iteration":172},
{"Acceptance":[0.31630434782608696,0.37119565217391304,0.38804347826086955,0.4027173913043478,0.4108695652173913,0.4380434782608696,0.4706521739130435,0.4489130434782609,0.5005434782608695,0.5059782608695652,0.4951086956521739,0.5146739130434783,0.8913043478260869,0.8695652173913043,0.8478260869565217,0.8913043478260869,0.9239130434782609,0.9239130434782609,0.8043478260869565,0.7065217391304348,0.7717391304347826,0.782608695652174,0.6521739130434783,0.5434782608695652],"Energy":{"Mean":-70.90911729475361,"Sigma":0.02456872130281965,"Taucorr":-0.01262805346649639},"EnergyVariance":{"Mean":0.7427660618128725,"Sigma":0.040662394887303305,"Taucorr":0.009544694357443808},"Iteration":173},
{"Acceptance":[0.3391304347826087,0.3391304347826087,0.3782608695652174,0.3842391304347826,0.40380434782608693,0.4494565217391304,0.4641304347826087,0.4951086956521739,0.5027173913043478,0.4940217391304348,0.5407608695652174,0.5304347826086957,0.8695652173913043,0.8586956521739131,0.8586956521739131,0.8152173913043478,0.8043478260869565,0.7934782608695652,0.7717391304347826,0.7934782608695652,0.8152173913043478,0.782608695652174,0.7282608695652174,0.7391304347826086],"Energy":{"Mean":-70.87614402900881,"Sigma":0.027019389347172237,"Taucorr":0.06708368602007388},"EnergyVariance":{"Mean":0.8166762359022393,"Sigma":0.044312692433206013,"Taucorr":-0.007856509697967855},"Iteration":174},
{"Acceptance":[0.31521739130434784,0.3282608695652174,0.3701086956521739,0.4092391304347826,0.41630434782608694,0.47391304347826085,0.4331521739130435,0.4722826086956522,0.4940217391304348,0.5130434782608696,0.5201086956521739,0.529891304347826,0.782608695652174,0.8260869565217391,0.8586956521739131,0.8043478260869565,0.8152173913043478,0.7391304347826086,0.7717391304347826,0.8695652173913043,0.7608695652173914,0.717391304347826,0.6956521739130435,0.6739130434782609],"Energy":{"Mean":-70.91683726558828,"Sigma":0.02412203549328434,"Taucorr":0.006225209016867075},"EnergyVariance":{"Mean":0.7032933628675302,"Sigma":0.04221798210107578,"Taucorr":0.01315738990375447},"Iteration":175},
{"Acceptance":[0.35380434782608694,0.3652173913043478,0.3766304347826087,0.38967391304347826,0.4260869565217391,0.4358695652173913,0.44130434782608696,0.4782608695652174,0.5119565217391304,0.503804347826087,0.5347826086956522,0.5347826086956522,0.8260869565217391,0.8695652173913043,0.8586956521739131,0.8260869565217391,0.8043478260869565,0.8369565217391305,0.8478260869565217,0.7717391304347826,0.75,0.75,0.7282608695652174,0.6956521739130435],"Energy":{"Mean":-70.92179119825342,"Sigma":0.024654413719284035,"Taucorr":-0.03271461517957545},"EnergyVariance":{"Mean":0.7638957403643415,"Sigma":0.044477299414372146,"Taucorr":-0.00473353098361573},"Iteration":176},
{"Acceptance":[0.32282608695652176,0.36032608695652174,0.3809782608695652,0.41358695652173916,0.4152173913043478,0.44565217391304346,0.475,0.4608695652173913,0.4956521739130435,0.5076086956521739,0.5146739130434783,0.5385869565217392,0.8695652173913043,0.7934782608695652,0.8043478260869565,0.8804347826086957,0.8695652173913043,0.8695652173913043,0.8695652173913043,0.8586956521739131,0.8043478260869565,0.6956521739130435,0.6521739130434783,0.6739130434782609],"Energy":{"Mean":-70.95198014984493,"Sigma":0.02384928345357804,"Taucorr":-0.001023451246328665},"EnergyVariance":{"Mean":0.7164031938082859,"Sigma":0.038026969919709795,"Taucorr":-0.0011064242690197248},"Iteration":177},
{"Acceptance":[0.31467391304347825,0.3782608695652174,0.3690217391304348,0.3983695652173913,0.41684782608695653,0.46304347826086956,0.46304347826086956,0.47119565217391307,0.4902173913043478,0.5233695652173913,0.5271739130434783,0.5407608695652174,0.8913043478260869,0.8695652173913043,0.8369565217391305,0.8260869565217391,0.8043478260869565,0.7717391304347826,0.8152173913043478,0.8586956521739131,0.75,0.7065217391304348,0.717391304347826,0.6739130434782609],"Energy":{"Mean":-70.9543701237646,"Sigma":0.024635751315078766,"Taucorr":-0.0015112546522543721},"EnergyVariance":{"Mean":0.7349321802576547,"Sigma":0.03769822241749991,"Taucorr":-0.006604631093060392},"Iteration":178},
{"Acceptance":[0.3516304347826087,0.3630434782608696,0.3739130434782609,0.3782608695652174,0.4141304347826087,0.4315217391304348,0.4472826086956522,0.4733695652173913,0.47989130434782606,0.5076086956521739,0.525,0.4826086956521739,0.8260869565217391,0.8152173913043478,0.8695652173913043,0.8913043478260869,0.8043478260869565,0.7608695652173914,0.8043478260869565,0.782608695652174,0.7391304347826086,0.6847826086956522,0.43478260869565216,0.2608695652173913],"Energy":{"Mean":-70.96443275298614,"Sigma":0.027087489559669237,"Taucorr":0.012850109214211232},"EnergyVariance":{"Mean":0.8689652984441459,"Sigma":0.06005035586930063,"Taucorr":-0.00015000265379150104},"Iteration":179},
{"Acceptance":[0.33152173913043476,0.3907608695652174,0.3755434782608696,0.39402173913043476,0.41358695652173916,0.4668478260869565,0.475,0.4777173913043478,0.4934782608695652,0.5255434782608696,0.525,0.5179347826086956,0.9130434782608695,0.8913043478260869,0.8478260869565217,0.8586956521739131,0.8586956521739131,0.8695652173913043,0.8586956521739131,0.782608695652174,0.8152173913043478,0.75,0.6521739130434783,0.6739130434782609],"Energy":{"Mean":-70.9084562726331,"Sigma":0.02418857062017248,"Taucorr":0.0056740549910806},"EnergyVariance":{"Mean":0.7115511546092486,"Sigma":0.03881598285393919,"Taucorr":0.01674066362657998},"Iteration":180},
{"Acceptance":[0.3521739130434783,0.3684782608695652,0.36793478260869567,0.3983695652173913,0.42717391304347824,0.42445652173913045,0.4483695652173913,0.49293478260869567,0.4815217391304348,0.5244565217391305,0.5440217391304348,0.5108695652173914,0.8913043478260869,0.8152173913043478,0.8152173913043478,0.8260869565217391,0.8152173913043478,0.9130434782608695,0.8913043478260869,0.8152173913043478,0.782608695652174,0.75,0.6413043478260869,0.5434782608695652],"Energy":{"Mean":-70.93476558908617,"Sigma":0.02437999993554899,"Taucorr":0.009146586083369523},"EnergyVariance":{"Mean":0.725560615143524,"Sigma":0.03590423609931282,"Taucorr":0.001576992073373959},"Iteration":181},
{"Acceptance":[0.33369565217391306,0.35543478260869565,0.3864130434782609,0.39945652173913043,0.41793478260869565,0.4369565217391304,0.4608695652173913,0.4994565217391304,0.48967391304347824,0.5179347826086956,0.5277173913043478,0.5440217391304348,0.9130434782608695,0.9021739130434783,0.9021739130434783,0.8913043478260869,0.8695652173913043,0.8260869565217391,0.7934782608695652,0.8043478260869565,0.8043478260869565,0.75,0.6847826086956522,0.6739130434782609],"Energy":{"Mean":-70.90633468912866,"Sigma":0.02776560371441865,"Taucorr":-0.02104796375992751},"EnergyVariance":{"Mean":0.9199195928266287,"Sigma":0.08321314856822727,"Taucorr":0.029962021391405358},"Iteration":182},
{"Acceptance":[0.32119565217391305,0.35054347826086957,0.37282608695652175,0.40543478260869564,0.4309782608695652,0.41956521739130437,0.45054347826086955,0.4532608695652174,0.5114130434782609,0.5021739130434782,0.5005434782608695,0.5396739130434782,0.782608695652174,0.7608695652173914,0.7717391304347826,0.8695652173913043,0.9347826086956522,0.8913043478260869,0.7608695652173914,0.7934782608695652,0.8260869565217391,0.6847826086956522,0.717391304347826,0.8043478260869565],"Energy":{"Mean":-70.93158051925292,"Sigma":0.025955572895711532,"Taucorr":0.00932761957864576},"EnergyVariance":{"Mean":0.7927204561928218,"Sigma":0.0434678873385988,"Taucorr":0.007566438539410199},"Iteration":183},
{"Acceptance":[0.3233695652173913,0.34130434782608693,0.36684782608695654,0.3923913043478261,0.4076086956521739,0.4298913043478261,0.47391304347826085,0.4717391304347826,0.4875,0.5255434782608696,0.5364130434782609,0.5141304347826087,0.782608695652174,0.8152173913043478,0.8478260869565217,0.7934782608695652,0.8478260869565217,0.8804347826086957,0.8260869565217391,0.7934782608695652,0.782608695652174,0.7934782608695652,0.7391304347826086,0.717391304347826],"Energy":{"Mean":-70.95944194348772,"Sigma":0.028769914879530522,"Taucorr":-0.008199526398483654},"EnergyVariance":{"Mean":0.9353060339452419,"Sigma":0.06826014250112487,"Taucorr":0.01779861839589469},"Iteration":184},
{"Acceptance":[0.3309782608695652,0.34402173913043477,0.35706521739130437,0.40108695652173915,0.41793478260869565,0.43369565217391304,0.4722826086956522,0.4875,0.4706521739130435,0.5141304347826087,0.5342391304347827,0.5168478260869566,0.9565217391304348,0.8913043478260869,0.8369565217391305,0.8695652173913043,0.8804347826086957,0.8152173913043478,0.7717391304347826,0.7934782608695652,0.7717391304347826,0.7391304347826086,0.75,0.7608695652173914],"Energy":{"Mean":-70.88432874088714,"Sigma":0.024553448496190424,"Taucorr":-0.020487505836266306},"EnergyVariance":{"Mean":0.7975503279660957,"Sigma":0.04697214681656847,"Taucorr":0.0002729275614872101},"Iteration":185},
{"Acceptance":[0.3179347826086957,0.35489130434782606,0.3842391304347826,0.39619565217391306,0.4266304347826087,0.4407608695652174,0.45217391304347826,0.48478260869565215,0.4885869565217391,0.5114130434782609,0.5119565217391304,0.503804347826087,0.8478260869565217,0.8152173913043478,0.8260869565217391,0.8478260869565217,0.8369565217391305,0.782608695652174,0.7391304347826086,0.7065217391304348,0.7282608695652174,0.7282608695652174,0.5978260869565217,0.5434782608695652],"Energy":{"Mean":-70.9303359900196,"Sigma":0.024914188398177693,"Taucorr":-0.007333868319183},"EnergyVariance":{"Mean":0.762994039165108,"Sigma":0.043347057907869295,"Taucorr":0.018783635779545668},"Iteration":186},
{"Acceptance":[0.3456521739130435,0.3739130434782609,0.3755434782608696,0.38967391304347826,0.41793478260869565,0.42445652173913045,0.4418478260869565,0.4652173913043478,0.4967391304347826,0.49293478260869567,0.5043478260869565,0.5130434782608696,0.8478260869565217,0.8478260869565217,0.8478260869565217,0.8369565217391305,0.8152173913043478,0.8478260869565217,0.8695652173913043,0.7608695652173914,0.6739130434782609,0.6304347826086957,0.6847826086956522,0.782608695652174],"Energy":{"Mean":-70.88556163721273,"Sigma":0.024422142906336954,"Taucorr":0.01830616298263735},"EnergyVariance":{"Mean":0.682924253155083,"Sigma":0.036414056047139716,"Taucorr":0.005296049308042845},"Iteration":187},
{"Acceptance":[0.34130434782608693,0.34945652173913044,0.3804347826086957,0.3809782608695652,0.40543478260869564,0.4592391304347826,0.4777173913043478,0.4831521739130435,0.46902173913043477,0.5048913043478261,0.5173913043478261,0.5445652173913044,0.782608695652174,0.8152173913043478,0.8260869565217391,0.8043478260869565,0.8152173913043478,0.8478260869565217,0.8478260869565217,0.7934782608695652,0.7608695652173914,0.782608695652174,0.75,0.6956521739130435],"Energy":{"Mean":-70.89308502116164,"Sigma":0.026535149774589442,"Taucorr":0.030637998140128225},"EnergyVariance":{"Mean":0.7753865585175476,"Sigma":0.0443575712752332,"Taucorr":0.018215972030666144},"Iteration":188},
{"Acceptance":[0.32119565217391305,0.33858695652173915,0.39510869565217394,0.3907608695652174,0.41195652173913044,0.4407608695652174,0.4597826086956522,0.4831521739130435,0.5,0.5146739130434783,0.5260869565217391,0.5543478260869565,0.8695652173913043,0.8695652173913043,0.8804347826086957,0.8586956521739131,0.8369565217391305,0.8260869565217391,0.8152173913043478,0.8478260869565217,0.8369565217391305,0.717391304347826,0.6521739130434783,0.6739130434782609],"Energy":{"Mean":-70.92132050478956,"Sigma":0.029190580512687275,"Taucorr":0.039084388535893},"EnergyVariance":{"Mean":0.9419249569094994,"Sigma":0.07112829425621403,"Taucorr":-0.03464693123701035},"Iteration":189},
{"Acceptance":[0.32771739130434785,0.33043478260869563,0.3864130434782609,0.39510869565217394,0.4309782608695652,0.4217391304347826,0.44021739130434784,0.48097826086956524,0.48586956521739133,0.5239130434782608,0.5092391304347826,0.5239130434782608,0.8913043478260869,0.8913043478260869,0.8695652173913043,0.7934782608695652,0.782608695652174,0.8152173913043478,0.8043478260869565,0.8152173913043478,0.8152173913043478,0.7065217391304348,0.6521739130434783,0.6956521739130435],"Energy":{"Mean":-70.91851253358517,"Sigma":0.02547216881549388,"Taucorr":0.0004129342480807795},"EnergyVariance":{"Mean":0.7661724972761431,"Sigma":0.047181858148601326,"Taucorr":-0.01066687735790913},"Iteration":190},
{"Acceptance":[0.33043478260869563,0.35054347826086957,0.3798913043478261,0.4032608695652174,0.4434782608695652,0.4097826086956522,0.44130434782608696,0.48478260869565215,0.49293478260869567,0.5043478260869565,0.5114130434782609,0.5195652173913043,0.9130434782608695,0.8913043478260869,0.8586956521739131,0.8152173913043478,0.8260869565217391,0.8804347826086957,0.8586956521739131,0.7717391304347826,0.75,0.7608695652173914,0.6413043478260869,0.5434782608695652],"Energy":{"Mean":-70.88042090399647,"Sigma":0.02602800438915401,"Taucorr":0.004799584372186333},"EnergyVariance":{"Mean":0.7833605747065367,"Sigma":0.043954805869891846,"Taucorr":0.004394354752335017},"Iteration":191},
{"Acceptance":[0.3179347826086957,0.35489130434782606,0.36141304347826086,0.3983695652173913,0.4282608695652174,0.4380434782608696,0.46630434782608693,0.47934782608695653,0.48641304347826086,0.5043478260869565,0.5146739130434783,0.5407608695652174,0.8695652173913043,0.8260869565217391,0.8043478260869565,0.8369565217391305,0.8369565217391305,0.782608695652174,0.7608695652173914,0.782608695652174,0.7608695652173914,0.7717391304347826,0.717391304347826,0.6304347826086957],"Energy":{"Mean":-70.89285796625721,"Sigma":0.026003268978080335,"Taucorr":0.016594577067014393},"EnergyVariance":{"Mean":0.8148227977475463,"Sigma":0.09966268043374228,"Taucorr":-0.013256795711508042},"Iteration":192},
{"Acceptance":[0.3244565217391304,0.35380434782608694,0.35380434782608694,0.4125,0.43369565217391304,0.4489130434782609,0.4375,0.5097826086956522,0.4983695652173913,0.5076086956521739,0.5184782608695652,0.5282608695652173,0.9347826086956522,0.9347826086956522,0.9130434782608695,0.8586956521739131,0.8586956521739131,0.8478260869565217,0.8043478260869565,0.7934782608695652,0.782608695652174,0.75,0.6847826086956522,0.6521739130434783],"Energy":{"Mean":-70.90601299089862,"Sigma":0.026224381220460582,"Taucorr":0.04611642313421404},"EnergyVariance":{"Mean":0.7665712859880238,"Sigma":0.041927514055620986,"Taucorr":0.01728733305503184},"Iteration":193},
{"Acceptance":[0.33369565217391306,0.3625,0.35434782608695653,0.4048913043478261,0.4260869565217391,0.44782608695652176,0.4608695652173913,0.45108695652173914,0.4831521739130435,0.4956521739130435,0.5195652173913043,0.529891304347826,0.8478260869565217,0.8369565217391305,0.8369565217391305,0.8260869565217391,0.8478260869565217,0.8369565217391305,0.7934782608695652,0.7391304347826086,0.7391304347826086,0.8152173913043478,0.6956521739130435,0.5652173913043478],"Energy":{"Mean":-70.94348993258991,"Sigma":0.027111645960563608,"Taucorr":0.00902527338088535},"EnergyVariance":{"Mean":0.8488902378070314,"Sigma":0.087212594847305,"Taucorr":-6.073459878923789e-05},"Iteration":194},
{"Acceptance":[0.3233695652173913,0.3402173913043478,0.3793478260869565,0.37228260869565216,0.4108695652173913,0.43967391304347825,0.45,0.4733695652173913,0.48586956521739133,0.4945652173913043,0.5168478260869566,0.5173913043478261,0.8695652173913043,0.8478260869565217,0.8478260869565217,0.8369565217391305,0.8043478260869565,0.8043478260869565,0.8369565217391305,0.75,0.6956521739130435,0.7282608695652174,0.6521739130434783,0.6086956521739131],"Energy":{"Mean":-70.90364731527079,"Sigma":0.02411047427335164,"Taucorr":-0.008707379445885705},"EnergyVariance":{"Mean":0.7162468605099086,"Sigma":0.03704414105263039,"Taucorr":0.009596160990137173},"Iteration":195},
{"Acceptance":[0.33206521739130435,0.35108695652173916,0.3782608695652174,0.40380434782608693,0.4157608695652174,0.44619565217391305,0.47554347826086957,0.4842391304347826,0.5065217391304347,0.5005434782608695,0.5168478260869566,0.5271739130434783,0.7391304347826086,0.7608695652173914,0.8260869565217391,0.8478260869565217,0.8586956521739131,0.8695652173913043,0.8152173913043478,0.8369565217391305,0.7717391304347826,0.6413043478260869,0.6195652173913043,0.6086956521739131],"Energy":{"Mean":-70.93907837613772,"Sigma":0.026755771259342167,"Taucorr":0.0281436068366471},"EnergyVariance":{"Mean":0.8059459632166801,"Sigma":0.055409288340594,"Taucorr":0.04072332540998099},"Iteration":196},
{"Acceptance":[0.3358695652173913,0.34891304347826085,0.3652173913043478,0.3793478260869565,0.40543478260869564,0.45108695652173914,0.4483695652173913,0.46847826086956523,0.5065217391304347,0.5152173913043478,0.5271739130434783,0.5554347826086956,0.9130434782608695,0.9021739130434783,0.8804347826086957,0.8804347826086957,0.8695652173913043,0.8478260869565217,0.8043478260869565,0.7391304347826086,0.7934782608695652,0.8369565217391305,0.75,0.6956521739130435],"Energy":{"Mean":-70.9295339894912,"Sigma":0.025183761354567933,"Taucorr":-0.014815896183322989},"EnergyVariance":{"Mean":0.7850303714144292,"Sigma":0.04729821224579336,"Taucorr":-0.0033601921966099394},"Iteration":197},
{"Acceptance":[0.32663043478260867,0.3695652173913043,0.3592391304347826,0.3739130434782609,0.41793478260869565,0.42336956521739133,0.4782608695652174,0.4907608695652174,0.4766304347826087,0.5092391304347826,0.5130434782608696,0.5168478260869566,0.9130434782608695,0.8478260869565217,0.8260869565217391,0.8478260869565217,0.8043478260869565,0.75,0.7391304347826086,0.7934782608695652,0.7608695652173914,0.717391304347826,0.7282608695652174,0.717391304347826],"Energy":{"Mean":-70.94014397269967,"Sigma":0.02509087548448102,"Taucorr":0.01108247947911166},"EnergyVariance":{"Mean":0.7444158802641518,"Sigma":0.04298403756822878,"Taucorr":0.029686398097387632},"Iteration":198},
{"Acceptance":[0.33641304347826084,0.3456521739130435,0.3657608695652174,0.3967391304347826,0.4125,0.4298913043478261,0.45869565217391306,0.4766304347826087,0.5103260869565217,0.4951086956521739,0.5097826086956522,0.5380434782608695,0.9130434782608695,0.8913043478260869,0.8478260869565217,0.8260869565217391,0.7934782608695652,0.7608695652173914,0.7934782608695652,0.7391304347826086,0.7065217391304348,0.6956521739130435,0.6086956521739131,0.5869565217391305],"Energy":{"Mean":-70.93689506573939,"Sigma":0.025247820794683143,"Taucorr":-0.0028877800950228086},"EnergyVariance":{"Mean":0.7840595895379637,"Sigma":0.04196695457849848,"Taucorr":0.008843443217123556},"Iteration":199},
{"Acceptance":[0.3092391304347826,0.3652173913043478,0.38206521739130433,0.39619565217391306,0.39891304347826084,0.45108695652173914,0.45163043478260867,0.5130434782608696,0.5021739130434782,0.5048913043478261,0.5271739130434783,0.5402173913043479,0.8043478260869565,0.8478260869565217,0.8478260869565217,0.8586956521739131,0.9239130434782609,0.8695652173913043,0.8260869565217391,0.8586956521739131,0.7934782608695652,0.7282608695652174,0.7282608695652174,0.717391304347826],"Energy":{"Mean":-70.92423131594278,"Sigma":0.0248087773379749,"Taucorr":0.01927720383782297},"EnergyVariance":{"Mean":0.7236543828884177,"Sigma":0.03676844240281651,"Taucorr":0.0010812053453067294},"Iteration":200},
{"Acceptance":[0.34456521739130436,0.3706521739130435,0.3717391304347826,0.39293478260869563,0.4152173913043478,0.4201086956521739,0.47282608695652173,0.47880434782608694,0.49130434782608695,0.4956521739130435,0.5157608695652174,0.528804347826087,0.8695652173913043,0.7934782608695652,0.8152173913043478,0.8804347826086957,0.8804347826086957,0.8804347826086957,0.8695652173913043,0.8043478260869565,0.75,0.7391304347826086,0.6739130434782609,0.6521739130434783],"Energy":{"Mean":-70.93757404316965,"Sigma":0.024368713665768555,"Taucorr":-0.030004621871235582},"EnergyVariance":{"Mean":0.7504104935052549,"Sigma":0.042348781260484636,"Taucorr":0.03590610840751333},"Iteration":201},
{"Acceptance":[0.31521739130434784,0.33967391304347827,0.3684782608695652,0.3918478260869565,0.42282608695652174,0.4434782608695652,0.46902173913043477,0.47608695652173916,0.5032608695652174,0.5097826086956522,0.5304347826086957,0.5478260869565217,0.8260869565217391,0.7934782608695652,0.7934782608695652,0.7934782608695652,0.8152173913043478,0.8369565217391305,0.7391304347826086,0.75,0.8043478260869565,0.7391304347826086,0.6847826086956522,0.6739130434782609],"Energy":{"Mean":-70.92089659301637,"Sigma":0.02349256258232107,"Taucorr":0.009930324614581617},"EnergyVariance":{"Mean":0.6611573994037417,"Sigma":0.034627561369820224,"Taucorr":-0.02415991233132996},"Iteration":202},
{"Acceptance":[0.3358695652173913,0.3565217391304348,0.3798913043478261,0.3983695652173913,0.4309782608695652,0.41847826086956524,0.4603260869565217,0.46195652173913043,0.5021739130434782,0.4945652173913043,0.5380434782608695,0.5097826086956522,0.782608695652174,0.8586956521739131,0.9347826086956522,0.9021739130434783,0.7934782608695652,0.7608695652173914,0.8152173913043478,0.8260869565217391,0.8152173913043478,0.7608695652173914,0.6739130434782609,0.6304347826086957],"Energy":{"Mean":-70.91563060691344,"Sigma":0.02681844790543419,"Taucorr":0.012870410761471933},"EnergyVariance":{"Mean":0.8131501092573364,"Sigma":0.07695502985156787,"Taucorr":-0.017913153922735483},"Iteration":203},
{"Acceptance":[0.30869565217391304,0.3532608695652174,0.36195652173913045,0.3907608695652174,0.41684782608695653,0.4451086956521739,0.4657608695652174,0.5048913043478261,0.5168478260869566,0.5119565217391304,0.5277173913043478,0.5097826086956522,0.8478260869565217,0.8804347826086957,0.8586956521739131,0.8260869565217391,0.8260869565217391,0.782608695652174,0.8369565217391305,0.8804347826086957,0.7717391304347826,0.6847826086956522,0.6521739130434783,0.6304347826086957],"Energy":{"Mean":-70.9358720587865,"Sigma":0.024030479953771194,"Taucorr":-0.0038399439923275263},"EnergyVariance":{"Mean":0.6870915828253411,"Sigma":0.03930980185593045,"Taucorr":0.00892903694497206},"Iteration":204},
{"Acceptance":[0.33260869565217394,0.3641304347826087,0.3717391304347826,0.39402173913043476,0.4217391304347826,0.4472826086956522,0.4483695652173913,0.48043478260869565,0.4766304347826087,0.5010869565217392,0.5255434782608696,0.5461956521739131,0.8695652173913043,0.8586956521739131,0.8478260869565217,0.8260869565217391,0.782608695652174,0.8260869565217391,0.7934782608695652,0.717391304347826,0.7391304347826086,0.7608695652173914,0.7282608695652174,0.6739130434782609],"Energy":{"Mean":-70.90895124962773,"Sigma":0.024349967747525156,"Taucorr":-0.0036447809854995017},"EnergyVariance":{"Mean":0.7123305338489726,"Sigma":0.04259488957415142,"Taucorr":0.03469209668908336},"Iteration":205},
{"Acceptance":[0.32282608695652176,0.36684782608695654,0.3690217391304348,0.3907608695652174,0.4326086956521739,0.41304347826086957,0.4652173913043478,0.47119565217391307,0.48532608695652174,0.5277173913043478,0.5266304347826087,0.5260869565217391,0.8478260869565217,0.8260869565217391,0.782608695652174,0.8369565217391305,0.8369565217391305,0.782608695652174,0.8043478260869565,0.7717391304347826,0.7608695652173914,0.7608695652173914,0.6630434782608695,0.5869565217391305],"Energy":{"Mean":-70.87462380719124,"Sigma":0.024616885226779465,"Taucorr":-0.011347556544348783},"EnergyVariance":{"Mean":0.7502452394994839,"Sigma":0.039465033689885964,"Taucorr":-0.003199370934401457},"Iteration":206},
{"Acceptance":[0.296195652173913,0.3532608695652174,0.3744565217391304,0.39510869565217394,0.41956521739130437,0.43967391304347825,0.46141304347826084,0.4657608695652174,0.4815217391304348,0.503804347826087,0.5097826086956522,0.4989130434782609,0.717391304347826,0.7934782608695652,0.8478260869565217,0.7934782608695652,0.7391304347826086,0.75,0.8152173913043478,0.7934782608695652,0.7282608695652174,0.7608695652173914,0.6956521739130435,0.5869565217391305],"Energy":{"Mean":-70.90574414055072,"Sigma":0.024026475385852775,"Taucorr":-0.041168684466299295},"EnergyVariance":{"Mean":0.7523572860806583,"Sigma":0.040558660299789946,"Taucorr":0.00443823872553135},"Iteration":207},
{"Acceptance":[0.33315217391304347,0.36141304347826086,0.4016304347826087,0.3967391304347826,0.41141304347826085,0.45760869565217394,0.453804347826087,0.48206521739130437,0.49130434782608695,0.5119565217391304,0.4994565217391304,0.5543478260869565,0.9130434782608695,0.8695652173913043,0.7934782608695652,0.8260869565217391,0.9021739130434783,0.8586956521739131,0.8152173913043478,0.8260869565217391,0.75,0.6739130434782609,0.6956521739130435,0.717391304347826],"Energy":{"Mean":-70.93537955424819,"Sigma":0.02543300793183181,"Taucorr":0.016664285726276547},"EnergyVariance":{"Mean":0.7527014265884292,"Sigma":0.039974663171912894,"Taucorr":0.00819531092642787},"Iteration":208},
{"Acceptance":[0.3347826086956522,0.3521739130434783,0.3804347826086957,0.3869565217391304,0.425,0.4217391304347826,0.4592391304347826,0.48043478260869565,0.4842391304347826,0.4923913043478261,0.5206521739130435,0.5554347826086956,0.8478260869565217,0.8478260869565217,0.8043478260869565,0.782608695652174,0.8043478260869565,0.7717391304347826,0.782608695652174,0.8152173913043478,0.7717391304347826,0.7282608695652174,0.7282608695652174,0.7391304347826086],"Energy":{"Mean":-70.927642788744,"Sigma":0.02437226907188056,"Taucorr":0.0022207261659735445},"EnergyVariance":{"Mean":0.7039039600278697,"Sigma":0.040796166587922345,"Taucorr":0.0032563480927940702},"Iteration":209},
{"Acceptance":[0.33804347826086956,0.3456521739130435,0.36032608695652174,0.3739130434782609,0.41793478260869565,0.4141304347826087,0.4652173913043478,0.4782608695652174,0.48206521739130437,0.4934782608695652,0.5364130434782609,0.4956521739130435,0.8478260869565217,0.8695652173913043,0.8369565217391305,0.782608695652174,0.8043478260869565,0.8913043478260869,0.8478260869565217,0.717391304347826,0.7065217391304348,0.7065217391304348,0.6086956521739131,0.5217391304347826],"Energy":{"Mean":-70.92357984495824,"Sigma":0.02547263914631917,"Taucorr":0.0014949231863355579},"EnergyVariance":{"Mean":0.7706082227806758,"Sigma":0.05011893740795955,"Taucorr":-0.006208141912362315},"Iteration":210},
{"Acceptance":[0.32608695652173914,0.38206521739130433,0.3576086956521739,0.4016304347826087,0.4081521739130435,0.4369565217391304,0.45,0.47445652173913044,0.49130434782608695,0.5048913043478261,0.5315217391304348,0.5505434782608696,0.8478260869565217,0.8478260869565217,0.8260869565217391,0.8043478260869565,0.8478260869565217,0.8152173913043478,0.782608695652174,0.7717391304347826,0.7608695652173914,0.7391304347826086,0.6956521739130435,0.717391304347826],"Energy":{"Mean":-70.93418973608952,"Sigma":0.023699719117069792,"Taucorr":0.007414881119958555},"EnergyVariance":{"Mean":0.6876488421705195,"Sigma":0.036379536987677236,"Taucorr":0.009357332785440405},"Iteration":211},
{"Acceptance":[0.3217391304347826,0.34945652173913044,0.36141304347826086,0.40217391304347827,0.4125,0.4364130434782609,0.4592391304347826,0.45163043478260867,0.47391304347826085,0.5005434782608695,0.5152173913043478,0.5277173913043478,0.8043478260869565,0.8260869565217391,0.8695652173913043,0.8913043478260869,0.8913043478260869,0.8260869565217391,0.782608695652174,0.7282608695652174,0.75,0.782608695652174,0.6847826086956522,0.6521739130434783],"Energy":{"Mean":-70.9177597144241,"Sigma":0.025494386464837343,"Taucorr":-0.00819417459361632},"EnergyVariance":{"Mean":0.7677247973701028,"Sigma":0.04309161173800491,"Taucorr":0.013005144661055616},"Iteration":212},
{"Acceptance":[0.31956521739130433,0.34347826086956523,0.3701086956521739,0.37771739130434784,0.4043478260869565,0.4282608695652174,0.44021739130434784,0.48586956521739133,0.4983695652173913,0.5152173913043478,0.5309782608695652,0.5331521739130435,0.8260869565217391,0.8369565217391305,0.8478260869565217,0.8695652173913043,0.8913043478260869,0.8478260869565217,0.8260869565217391,0.782608695652174,0.7934782608695652,0.75,0.717391304347826,0.8043478260869565],"Energy":{"Mean":-70.91579969469996,"Sigma":0.02384137315222899,"Taucorr":-0.015350690687906598},"EnergyVariance":{"Mean":0.7009046714153611,"Sigma":0.03655461494827614,"Taucorr":0.057704639633641606},"Iteration":213},
{"Acceptance":[0.34402173913043477,0.34293478260869564,0.3809782608695652,0.40652173913043477,0.4260869565217391,0.43369565217391304,0.4440217391304348,0.47989130434782606,0.4956521739130435,0.5266304347826087,0.5130434782608696,0.529891304347826,0.8478260869565217,0.8804347826086957,0.8804347826086957,0.8369565217391305,0.8369565217391305,0.8695652173913043,0.8586956521739131,0.782608695652174,0.7391304347826086,0.7608695652173914,0.6630434782608695,0.5434782608695652],"Energy":{"Mean":-70.92807579448348,"Sigma":0.024746525048891854,"Taucorr":-0.007973851056673953},"EnergyVariance":{"Mean":0.7515447762497885,"Sigma":0.055051545182582706,"Taucorr":0.025413139165263988},"Iteration":214},
{"Acceptance":[0.3184782608695652,0.34293478260869564,0.3652173913043478,0.3907608695652174,0.4309782608695652,0.4217391304347826,0.44021739130434784,0.47554347826086957,0.4815217391304348,0.4983695652173913,0.5353260869565217,0.5271739130434783,0.8043478260869565,0.8369565217391305,0.8586956521739131,0.7717391304347826,0.7934782608695652,0.8478260869565217,0.8804347826086957,0.8260869565217391,0.7065217391304348,0.7065217391304348,0.6413043478260869,0.5869565217391305],"Energy":{"Mean":-70.87137011415663,"Sigma":0.023986719534581136,"Taucorr":0.005573944310872943},"EnergyVariance":{"Mean":0.6849652263632137,"Sigma":0.04553657623501636,"Taucorr":-0.02285634044370133},"Iteration":215},
{"Acceptance":[0.3456521739130435,0.36195652173913045,0.38913043478260867,0.3782608695652174,0.4,0.42336956521739133,0.45760869565217394,0.47880434782608694,0.47119565217391307,0.5048913043478261,0.5081521739130435,0.525,0.8478260869565217,0.8586956521739131,0.8369565217391305,0.8152173913043478,0.8152173913043478,0.8369565217391305,0.8695652173913043,0.7934782608695652,0.7391304347826086,0.7391304347826086,0.75,0.782608695652174],"Energy":{"Mean":-70.9670048559337,"Sigma":0.02795473309632812,"Taucorr":0.047917180038742714},"EnergyVariance":{"Mean":0.824727575654935,"Sigma":0.06185718112372889,"Taucorr":-0.023117818544090462},"Iteration":216},
{"Acceptance":[0.3347826086956522,0.3565217391304348,0.3625,0.3978260869565217,0.42228260869565215,0.4429347826086957,0.45054347826086955,0.46358695652173915,0.4597826086956522,0.5201086956521739,0.5228260869565218,0.525,0.8478260869565217,0.8695652173913043,0.8586956521739131,0.8152173913043478,0.8369565217391305,0.8369565217391305,0.782608695652174,0.7934782608695652,0.7717391304347826,0.7065217391304348,0.7282608695652174,0.7608695652173914],"Energy":{"Mean":-70.93544517629734,"Sigma":0.025673287209721552,"Taucorr":-0.03491416830479655},"EnergyVariance":{"Mean":0.8154679314606345,"Sigma":0.054883398311698334,"Taucorr":-0.002129862715510779},"Iteration":217},
{"Acceptance":[0.3353260869565217,0.3516304347826087,0.39619565217391306,0.4190217391304348,0.42717391304347824,0.46141304347826084,0.4641304347826087,0.47934782608695653,0.5010869565217392,0.5108695652173914,0.5445652173913044,0.5222826086956521,0.8478260869565217,0.8478260869565217,0.8369565217391305,0.8260869565217391,0.8369565217391305,0.7934782608695652,0.8152173913043478,0.7934782608695652,0.7608695652173914,0.7391304347826086,0.6304347826086957,0.6086956521739131],"Energy":{"Mean":-70.86142908493265,"Sigma":0.026895048528344522,"Taucorr":0.01192511895472212},"EnergyVariance":{"Mean":0.8182282391828792,"Sigma":0.050969549865141774,"Taucorr":0.01619316075228237},"Iteration":218},
{"Acceptance":[0.34347826086956523,0.35978260869565215,0.3760869565217391,0.3875,0.42391304347826086,0.4429347826086957,0.45815217391304347,0.4733695652173913,0.5103260869565217,0.5163043478260869,0.5010869565217392,0.5402173913043479,0.782608695652174,0.8695652173913043,0.9130434782608695,0.8695652173913043,0.8586956521739131,0.8586956521739131,0.8043478260869565,0.7608695652173914,0.75,0.6847826086956522,0.6956521739130435,0.7391304347826086],"Energy":{"Mean":-70.90459074899019,"Sigma":0.02572559827681393,"Taucorr":0.04237216766611967},"EnergyVariance":{"Mean":0.7342607462760736,"Sigma":0.0806418761707411,"Taucorr":-0.007023514899188651},"Iteration":219},
{"Acceptance":[0.33641304347826084,0.3673913043478261,0.36141304347826086,0.3972826086956522,0.4315217391304348,0.4309782608695652,0.45163043478260867,0.4815217391304348,0.49782608695652175,0.5163043478260869,0.5255434782608696,0.5070652173913044,0.8913043478260869,0.8804347826086957,0.8804347826086957,0.8586956521739131,0.8260869565217391,0.8152173913043478,0.8043478260869565,0.7608695652173914,0.7934782608695652,0.8369565217391305,0.75,0.6956521739130435],"Energy":{"Mean":-70.93757129970926,"Sigma":0.024398685056560968,"Taucorr":0.03151733770638524},"EnergyVariance":{"Mean":0.6632605114478811,"Sigma":0.03462956341885296,"Taucorr":-0.02641196037770822},"Iteration":220},
{"Acceptance":[0.3418478260869565,0.3217391304347826,0.3875,0.3972826086956522,0.4097826086956522,0.4608695652173913,0.4597826086956522,0.4625,0.4891304347826087,0.5076086956521739,0.5309782608695652,0.5266304347826087,0.8695652173913043,0.8260869565217391,0.8260869565217391,0.8369565217391305,0.7934782608695652,0.782608695652174,0.782608695652174,0.8369565217391305,0.8260869565217391,0.75,0.6521739130434783,0.5652173913043478],"Energy":{"Mean":-70.91327029583174,"Sigma":0.02487493000704911,"Taucorr":-0.0007233945200813136},"EnergyVariance":{"Mean":0.7411562933909733,"Sigma":0.0457914675607618,"Taucorr":0.0004214670469305677},"Iteration":221},
{"Acceptance":[0.3141304347826087,0.35054347826086957,0.3755434782608696,0.4190217391304348,0.40597826086956523,0.4342391304347826,0.45543478260869563,0.47445652173913044,0.5125,0.532608695652174,0.5369565217391304,0.533695652173913,0.8043478260869565,0.8586956521739131,0.8478260869565217,0.8369565217391305,0.8695652173913043,0.8152173913043478,0.8152173913043478,0.8260869565217391,0.7934782608695652,0.717391304347826,0.6630434782608695,0.6739130434782609],"Energy":{"Mean":-70.91346287480752,"Sigma":0.025099968589796132,"Taucorr":-0.004227563075053745},"EnergyVariance":{"Mean":0.742429423053513,"Sigma":0.051979370385387996,"Taucorr":0.027908576337495588},"Iteration":222},
{"Acceptance":[0.33804347826086956,0.34456521739130436,0.3804347826086957,0.39021739130434785,0.4255434782608696,0.4320652173913043,0.45815217391304347,0.48967391304347824,0.4956521739130435,0.5184782608695652,0.5043478260869565,0.5282608695652173,0.8695652173913043,0.8369565217391305,0.8043478260869565,0.8152173913043478,0.8152173913043478,0.8478260869565217,0.8260869565217391,0.7717391304347826,0.782608695652174,0.6413043478260869,0.6086956521739131,0.717391304347826],"Energy":{"Mean":-70.91566535052401,"Sigma":0.025449103670466832,"Taucorr":0.0075085042152913005},"EnergyVariance":{"Mean":0.7579488398313082,"Sigma":0.05634983541095182,"Taucorr":0.02285115003494052},"Iteration":223},
{"Acceptance":[0.32065217391304346,0.3402173913043478,0.3934782608695652,0.37880434782608696,0.421195652173913,0.42282608695652174,0.4603260869565217,0.46847826086956523,0.4842391304347826,0.5114130434782609,0.5222826086956521,0.5179347826086956,0.9347826086956522,0.8152173913043478,0.7934782608695652,0.8586956521739131,0.8152173913043478,0.8043478260869565,0.7934782608695652,0.7608695652173914,0.7391304347826086,0.7282608695652174,0.6195652173913043,0.5217391304347826],"Energy":{"Mean":-70.89979207017485,"Sigma":0.023513650946454107,"Taucorr":-0.008843692492536524},"EnergyVariance":{"Mean":0.6892323278337895,"Sigma":0.03656675247297401,"Taucorr":-0.0013650501454948911},"Iteration":224},
{"Acceptance":[0.3358695652173913,0.34619565217391307,0.3907608695652174,0.40597826086956523,0.4201086956521739,0.425,0.46467391304347827,0.4733695652173913,0.5059782608695652,0.49728260869565216,0.529891304347826,0.5065217391304347,0.8043478260869565,0.8695652173913043,0.8913043478260869,0.8369565217391305,0.8260869565217391,0.7934782608695652,0.7608695652173914,0.7391304347826086,0.75,0.7391304347826086,0.6304347826086957,0.5652173913043478],"Energy":{"Mean":-70.91841348045354,"Sigma":0.022831820802936064,"Taucorr":-0.018552422959968725},"EnergyVariance":{"Mean":0.663346472468227,"Sigma":0.03648396582382019,"Taucorr":0.010336065156551083},"Iteration":225},
{"Acceptance":[0.3402173913043478,0.3652173913043478,0.3842391304347826,0.3983695652173913,0.42336956521739133,0.43369565217391304,0.44456521739130433,0.47608695652173916,0.48532608695652174,0.5010869565217392,0.5125,0.4831521739130435,0.9130434782608695,0.8913043478260869,0.8478260869565217,0.8695652173913043,0.9021739130434783,0.8369565217391305,0.7934782608695652,0.8152173913043478,0.75,0.75,0.7282608695652174,0.6304347826086957],"Energy":{"Mean":-70.91595652824408,"Sigma":0.026448485945413474,"Taucorr":-0.0008452083660064289},"EnergyVariance":{"Mean":0.8069803264774666,"Sigma":0.061992745232267825,"Taucorr":-0.011721451613676263},"Iteration":226},
{"Acceptance":[0.3244565217391304,0.3657608695652174,0.40108695652173915,0.39891304347826084,0.39565217391304347,0.4282608695652174,0.4608695652173913,0.4945652173913043,0.5016304347826087,0.5027173913043478,0.5375,0.5054347826086957,0.8478260869565217,0.8260869565217391,0.7934782608695652,0.8152173913043478,0.8369565217391305,0.8586956521739131,0.8478260869565217,0.7934782608695652,0.782608695652174,0.7717391304347826,0.6847826086956522,0.6086956521739131],"Energy":{"Mean":-70.93365244366608,"Sigma":0.02453126803437666,"Taucorr":-0.007443938726032442},"EnergyVariance":{"Mean":0.7362664067715546,"Sigma":0.048506711874953735,"Taucorr":0.0032163327805377825},"Iteration":227},
{"Acceptance":[0.29836956521739133,0.3407608695652174,0.3842391304347826,0.38206521739130433,0.4217391304347826,0.44456521739130433,0.4467391304347826,0.483695652173913,0.5048913043478261,0.5146739130434783,0.5342391304347827,0.5244565217391305,0.8043478260869565,0.8586956521739131,0.8913043478260869,0.8260869565217391,0.7934782608695652,0.8152173913043478,0.8478260869565217,0.8586956521739131,0.8043478260869565,0.7065217391304348,0.6521739130434783,0.6521739130434783],"Energy":{"Mean":-70.93008877927326,"Sigma":0.025570301844524065,"Taucorr":0.009736995819528133},"EnergyVariance":{"Mean":0.7542899569951552,"Sigma":0.04048046177938886,"Taucorr":-0.0057982941996623585},"Iteration":228},
{"Acceptance":[0.32771739130434785,0.3391304347826087,0.38206521739130433,0.38532608695652176,0.41195652173913044,0.4467391304347826,0.46467391304347827,0.4717391304347826,0.48478260869565215,0.5119565217391304,0.5271739130434783,0.5130434782608696,0.8913043478260869,0.8695652173913043,0.8369565217391305,0.8260869565217391,0.7608695652173914,0.7608695652173914,0.8369565217391305,0.8369565217391305,0.8369565217391305,0.782608695652174,0.7065217391304348,0.6956521739130435],"Energy":{"Mean":-70.92792860647285,"Sigma":0.02448548285642001,"Taucorr":0.018473865067272614},"EnergyVariance":{"Mean":0.6861559558518212,"Sigma":0.04110646458214689,"Taucorr":-0.013696935391533514},"Iteration":229},
{"Acceptance":[0.3282608695652174,0.34402173913043477,0.3695652173913043,0.3875,0.4,0.42880434782608695,0.4592391304347826,0.4766304347826087,0.48967391304347824,0.5195652173913043,0.5282608695652173,0.5152173913043478,0.8260869565217391,0.8695652173913043,0.9021739130434783,0.9021739130434783,0.8586956521739131,0.8260869565217391,0.8478260869565217,0.7934782608695652,0.6521739130434783,0.6304347826086957,0.5434782608695652,0.391304347826087],"Energy":{"Mean":-70.96771715165458,"Sigma":0.02553697964175891,"Taucorr":0.01714047588779768},"EnergyVariance":{"Mean":0.7630868523744123,"Sigma":0.04800847317583701,"Taucorr":0.030911151367403977},"Iteration":230},
{"Acceptance":[0.328804347826087,0.3565217391304348,0.3793478260869565,0.40706521739130436,0.41847826086956524,0.42880434782608695,0.45271739130434785,0.48206521739130437,0.5059782608695652,0.5135869565217391,0.5222826086956521,0.5505434782608696,0.8695652173913043,0.8586956521739131,0.8478260869565217,0.8260869565217391,0.8478260869565217,0.8804347826086957,0.8478260869565217,0.7934782608695652,0.7608695652173914,0.7717391304347826,0.717391304347826,0.6521739130434783],"Energy":{"Mean":-70.9293536330567,"Sigma":0.024899636896884944,"Taucorr":0.017455793582719595},"EnergyVariance":{"Mean":0.7433430899293891,"Sigma":0.04406305085214741,"Taucorr":-0.011054011034137973},"Iteration":231},
{"Acceptance":[0.3244565217391304,0.36086956521739133,0.3657608695652174,0.40652173913043477,0.40869565217391307,0.4255434782608696,0.4597826086956522,0.4885869565217391,0.5010869565217392,0.525,0.5434782608695652,0.5597826086956522,0.8913043478260869,0.8804347826086957,0.8804347826086957,0.8586956521739131,0.8478260869565217,0.8586956521739131,0.8369565217391305,0.8152173913043478,0.7065217391304348,0.6956521739130435,0.7608695652173914,0.7391304347826086],"Energy":{"Mean":-70.91990640613103,"Sigma":0.024938438808377508,"Taucorr":0.014713328258840759},"EnergyVariance":{"Mean":0.7207481911354773,"Sigma":0.03501799320312557,"Taucorr":-0.02230427667774219},"Iteration":232},
{"Acceptance":[0.33369565217391306,0.34891304347826085,0.3804347826086957,0.3967391304347826,0.4277173913043478,0.44565217391304346,0.4407608695652174,0.46304347826086956,0.5043478260869565,0.5010869565217392,0.5130434782608696,0.5304347826086957,0.8478260869565217,0.8478260869565217,0.8478260869565217,0.8369565217391305,0.8478260869565217,0.8369565217391305,0.782608695652174,0.8152173913043478,0.8369565217391305,0.717391304347826,0.5978260869565217,0.5652173913043478],"Energy":{"Mean":-70.92246058105245,"Sigma":0.02553630036925932,"Taucorr":0.02211511790898436},"EnergyVariance":{"Mean":0.7382962782399994,"Sigma":0.03752981325684862,"Taucorr":-0.026997291387391254},"Iteration":233},
{"Acceptance":[0.3309782608695652,0.34402173913043477,0.3630434782608696,0.391304347826087,0.4097826086956522,0.4298913043478261,0.4369565217391304,0.4597826086956522,0.5059782608695652,0.5005434782608695,0.5396739130434782,0.5125,0.8695652173913043,0.8586956521739131,0.8478260869565217,0.8043478260869565,0.8043478260869565,0.8695652173913043,0.8586956521739131,0.8043478260869565,0.8478260869565217,0.8478260869565217,0.7282608695652174,0.6739130434782609],"Energy":{"Mean":-70.92370214103677,"Sigma":0.025880189128815678,"Taucorr":-0.004070797541024918},"EnergyVariance":{"Mean":0.7895845444574672,"Sigma":0.04657568324176626,"Taucorr":-0.034116954626701},"Iteration":234},
{"Acceptance":[0.3081521739130435,0.3652173913043478,0.36141304347826086,0.4048913043478261,0.42282608695652174,0.4369565217391304,0.4494565217391304,0.45815217391304347,0.4885869565217391,0.503804347826087,0.5184782608695652,0.5521739130434783,0.7608695652173914,0.7934782608695652,0.8369565217391305,0.8369565217391305,0.8586956521739131,0.8478260869565217,0.8260869565217391,0.7934782608695652,0.7391304347826086,0.6956521739130435,0.7282608695652174,0.8043478260869565],"Energy":{"Mean":-70.94758214894217,"Sigma":0.025581430716912212,"Taucorr":-0.029440623564435026},"EnergyVariance":{"Mean":0.8090996386130808,"Sigma":0.07107677800891547,"Taucorr":0.0220483617108389},"Iteration":235},
{"Acceptance":[0.33967391304347827,0.35108695652173916,0.375,0.4108695652173913,0.4309782608695652,0.44021739130434784,0.4266304347826087,0.47608695652173916,0.4875,0.4831521739130435,0.5516304347826086,0.533695652173913,0.8913043478260869,0.8913043478260869,0.8369565217391305,0.8152173913043478,0.8913043478260869,0.8478260869565217,0.75,0.7608695652173914,0.782608695652174,0.8043478260869565,0.7282608695652174,0.6304347826086957],"Energy":{"Mean":-70.93644663769122,"Sigma":0.02630713629630352,"Taucorr":0.007756440007184795},"EnergyVariance":{"Mean":0.7807391566058829,"Sigma":0.07016490168206747,"Taucorr":0.01758522573713472},"Iteration":236},
{"Acceptance":[0.32282608695652176,0.3423913043478261,0.3695652173913043,0.40217391304347827,0.40652173913043477,0.4146739130434783,0.4559782608695652,0.4668478260869565,0.5141304347826087,0.503804347826087,0.4967391304347826,0.49619565217391304,0.8478260869565217,0.8586956521739131,0.8695652173913043,0.8152173913043478,0.8152173913043478,0.8478260869565217,0.8152173913043478,0.782608695652174,0.7717391304347826,0.6956521739130435,0.6086956521739131,0.6086956521739131],"Energy":{"Mean":-70.92769560078375,"Sigma":0.024589536743292454,"Taucorr":-0.004551134643775825},"EnergyVariance":{"Mean":0.7362564868644367,"Sigma":0.04985781796945519,"Taucorr":0.019354555145159998},"Iteration":237},
{"Acceptance":[0.33695652173913043,0.33260869565217394,0.3760869565217391,0.40108695652173915,0.39293478260869563,0.4364130434782609,0.4543478260869565,0.46956521739130436,0.4880434782608696,0.508695652173913,0.5195652173913043,0.5271739130434783,0.8695652173913043,0.8478260869565217,0.8369565217391305,0.782608695652174,0.7608695652173914,0.8478260869565217,0.9130434782608695,0.8260869565217391,0.6956521739130435,0.7065217391304348,0.6847826086956522,0.6304347826086957],"Energy":{"Mean":-70.94937875956327,"Sigma":0.024712530956482414,"Taucorr":-0.00793391518355068},"EnergyVariance":{"Mean":0.7342792530091726,"Sigma":0.06813134839656805,"Taucorr":0.0005336320246501746},"Iteration":238},
{"Acceptance":[0.33206521739130435,0.35706521739130437,0.3456521739130435,0.4108695652173913,0.4418478260869565,0.45543478260869563,0.45217391304347826,0.4701086956521739,0.5,0.49728260869565216,0.5125,0.533695652173913,0.8478260869565217,0.8695652173913043,0.8586956521739131,0.8586956521739131,0.8695652173913043,0.7934782608695652,0.782608695652174,0.7608695652173914,0.7391304347826086,0.717391304347826,0.6956521739130435,0.7391304347826086],"Energy":{"Mean":-70.92632175987045,"Sigma":0.024260217117565343,"Taucorr":-0.02250583302299669},"EnergyVariance":{"Mean":0.7706312542056107,"Sigma":0.08817947813861816,"Taucorr":0.001027789231397414},"Iteration":239},
{"Acceptance":[0.33369565217391306,0.34456521739130436,0.3592391304347826,0.3815217391304348,0.40380434782608693,0.41358695652173916,0.45815217391304347,0.47391304347826085,0.48043478260869565,0.4902173913043478,0.5195652173913043,0.5152173913043478,0.782608695652174,0.8260869565217391,0.8804347826086957,0.8695652173913043,0.8586956521739131,0.8478260869565217,0.8369565217391305,0.8152173913043478,0.782608695652174,0.7608695652173914,0.6086956521739131,0.4782608695652174],"Energy":{"Mean":-70.92179480636779,"Sigma":0.02487220995623807,"Taucorr":0.02557031912513195},"EnergyVariance":{"Mean":0.7071074588640599,"Sigma":0.04684680209879424,"Taucorr":0.024730036706993076},"Iteration":240},
{"Acceptance":[0.3222826086956522,0.3423913043478261,0.3657608695652174,0.4157608695652174,0.44021739130434784,0.43043478260869567,0.48586956521739133,0.4706521739130435,0.5043478260869565,0.5157608695652174,0.5076086956521739,0.5413043478260869,0.8695652173913043,0.8478260869565217,0.8043478260869565,0.7934782608695652,0.782608695652174,0.8043478260869565,0.8152173913043478,0.782608695652174,0.75,0.6413043478260869,0.6521739130434783,0.7391304347826086],"Energy":{"Mean":-70.92126087699648,"Sigma":0.022554486325538955,"Taucorr":-0.031488077681933895},"EnergyVariance":{"Mean":0.6290178239092313,"Sigma":0.031739686789334046,"Taucorr":0.01674941645830028},"Iteration":241},
{"Acceptance":[0.3048913043478261,0.3391304347826087,0.3809782608695652,0.38804347826086955,0.40108695652173915,0.44130434782608696,0.4532608695652174,0.4951086956521739,0.47880434782608694,0.4907608695652174,0.5358695652173913,0.5293478260869565,0.8043478260869565,0.8586956521739131,0.8913043478260869,0.8586956521739131,0.8260869565217391,0.8152173913043478,0.8260869565217391,0.8260869565217391,0.75,0.6086956521739131,0.6304347826086957,0.717391304347826],"Energy":{"Mean":-70.91738024887506,"Sigma":0.025283380428291456,"Taucorr":0.02941159654048439},"EnergyVariance":{"Mean":0.7120406370420446,"Sigma":0.04174689051689656,"Taucorr":0.002945625563445483},"Iteration":242},
{"Acceptance":[0.31467391304347825,0.3456521739130435,0.3684782608695652,0.39565217391304347,0.3967391304347826,0.42445652173913045,0.46956521739130436,0.48206521739130437,0.4815217391304348,0.5065217391304347,0.5190217391304348,0.5342391304347827,0.7608695652173914,0.7934782608695652,0.8478260869565217,0.8260869565217391,0.8260869565217391,0.8804347826086957,0.8369565217391305,0.7934782608695652,0.7391304347826086,0.6521739130434783,0.6956521739130435,0.7608695652173914],"Energy":{"Mean":-70.9373324501981,"Sigma":0.022471319683040756,"Taucorr":-0.010115432986478297},"EnergyVariance":{"Mean":0.6283504198128075,"Sigma":0.03619372682428781,"Taucorr":-0.0021020936723330913},"Iteration":243},
{"Acceptance":[0.3141304347826087,0.3739130434782609,0.3706521739130435,0.38858695652173914,0.40543478260869564,0.44130434782608696,0.4423913043478261,0.49184782608695654,0.4880434782608696,0.4907608695652174,0.5320652173913043,0.528804347826087,0.8913043478260869,0.8152173913043478,0.8043478260869565,0.8369565217391305,0.8478260869565217,0.7717391304347826,0.7282608695652174,0.8152173913043478,0.782608695652174,0.7065217391304348,0.7065217391304348,0.7391304347826086],"Energy":{"Mean":-70.90896722694175,"Sigma":0.023433832305064777,"Taucorr":-0.008270024329865462},"EnergyVariance":{"Mean":0.6606387909319094,"Sigma":0.03463382732914897,"Taucorr":0.015144115869054413},"Iteration":244},
{"Acceptance":[0.3451086956521739,0.36141304347826086,0.36086956521739133,0.4016304347826087,0.4152173913043478,0.4266304347826087,0.4489130434782609,0.4842391304347826,0.4945652173913043,0.5054347826086957,0.5097826086956522,0.45869565217391306,0.8043478260869565,0.8260869565217391,0.8804347826086957,0.8695652173913043,0.8369565217391305,0.8152173913043478,0.7934782608695652,0.8043478260869565,0.782608695652174,0.6956521739130435,0.6413043478260869,0.6521739130434783],"Energy":{"Mean":-70.91968932492536,"Sigma":0.023643299238260748,"Taucorr":-0.0029560934857216156},"EnergyVariance":{"Mean":0.675565901777424,"Sigma":0.03718923914411729,"Taucorr":-0.011141074323008641},"Iteration":245},
{"Acceptance":[0.3173913043478261,0.33695652173913043,0.3760869565217391,0.3869565217391304,0.41358695652173916,0.4407608695652174,0.4597826086956522,0.4608695652173913,0.483695652173913,0.5125,0.5190217391304348,0.5315217391304348,0.7391304347826086,0.8152173913043478,0.8804347826086957,0.8369565217391305,0.8043478260869565,0.7934782608695652,0.8260869565217391,0.8695652173913043,0.8478260869565217,0.7391304347826086,0.6739130434782609,0.6956521739130435],"Energy":{"Mean":-70.94697561653562,"Sigma":0.025088121592070942,"Taucorr":0.04716912906480782},"EnergyVariance":{"Mean":0.6828625647973997,"Sigma":0.03915508866079702,"Taucorr":-0.006621111598693295},"Iteration":246},
{"Acceptance":[0.32771739130434785,0.3483695652173913,0.3576086956521739,0.39510869565217394,0.4108695652173913,0.43369565217391304,0.4608695652173913,0.4673913043478261,0.49293478260869567,0.5070652173913044,0.5184782608695652,0.5076086956521739,0.8913043478260869,0.8478260869565217,0.8586956521739131,0.9130434782608695,0.9130434782608695,0.8260869565217391,0.7717391304347826,0.8586956521739131,0.8369565217391305,0.782608695652174,0.6195652173913043,0.43478260869565216],"Energy":{"Mean":-70.93541540227928,"Sigma":0.02550686160812972,"Taucorr":-0.0015614877852034674},"EnergyVariance":{"Mean":0.7506618259300377,"Sigma":0.0584325724437392,"Taucorr":0.009136161333278721},"Iteration":247},
{"Acceptance":[0.3190217391304348,0.3391304347826087,0.3760869565217391,0.38206521739130433,0.4277173913043478,0.4489130434782609,0.4423913043478261,0.4608695652173913,0.483695652173913,0.503804347826087,0.5364130434782609,0.5260869565217391,0.9130434782608695,0.8804347826086957,0.9021739130434783,0.9347826086956522,0.8586956521739131,0.8043478260869565,0.8260869565217391,0.8152173913043478,0.8043478260869565,0.7608695652173914,0.6086956521739131,0.5217391304347826],"Energy":{"Mean":-70.91749904191646,"Sigma":0.02709705424541475,"Taucorr":0.03228801003511838},"EnergyVariance":{"Mean":0.7905650428271613,"Sigma":0.059048558969859194,"Taucorr":0.003242135473679022},"Iteration":248},
{"Acceptance":[0.34945652173913044,0.37119565217391304,0.37228260869565216,0.4032608695652174,0.4277173913043478,0.42880434782608695,0.4706521739130435,0.49184782608695654,0.4875,0.5244565217391305,0.5190217391304348,0.5222826086956521,0.8913043478260869,0.8804347826086957,0.9021739130434783,0.8804347826086957,0.8804347826086957,0.8586956521739131,0.8152173913043478,0.8043478260869565,0.7391304347826086,0.7608695652173914,0.782608695652174,0.7608695652173914],"Energy":{"Mean":-70.94313001840696,"Sigma":0.02513114695027176,"Taucorr":0.0008560996597936748},"EnergyVariance":{"Mean":0.7666348364182783,"Sigma":0.047229177450084,"Taucorr":0.011034324894761206},"Iteration":249},
{"Acceptance":[0.3375,0.3451086956521739,0.3701086956521739,0.3983695652173913,0.4418478260869565,0.4266304347826087,0.46467391304347827,0.48097826086956524,0.5141304347826087,0.5054347826086957,0.49619565217391304,0.5364130434782609,0.8695652173913043,0.8260869565217391,0.8478260869565217,0.8695652173913043,0.8260869565217391,0.8260869565217391,0.8152173913043478,0.7608695652173914,0.7065217391304348,0.6521739130434783,0.7065217391304348,0.8043478260869565],"Energy":{"Mean":-70.93004314212841,"Sigma":0.023450762184665158,"Taucorr":0.041061887656680805},"EnergyVariance":{"Mean":0.6164053746070602,"Sigma":0.03193310288438663,"Taucorr":-0.013252255797086719},"Iteration":250},
{"Acceptance":[0.33804347826086956,0.3576086956521739,0.3869565217391304,0.39565217391304347,0.4032608695652174,0.43369565217391304,0.46195652173913043,0.49293478260869567,0.508695652173913,0.5152173913043478,0.5184782608695652,0.5358695652173913,0.9130434782608695,0.8152173913043478,0.8152173913043478,0.8913043478260869,0.8695652173913043,0.8478260869565217,0.8478260869565217,0.8369565217391305,0.782608695652174,0.7717391304347826,0.7065217391304348,0.6304347826086957],"Energy":{"Mean":-70.90956830564814,"Sigma":0.0246975101519874,"Taucorr":-0.00014549207354747998},"EnergyVariance":{"Mean":0.7219958027567973,"Sigma":0.04044273170024886,"Taucorr":-0.02134931341271533},"Iteration":251},
{"Acceptance":[0.3391304347826087,0.36467391304347824,0.3592391304347826,0.41032608695652173,0.40869565217391307,0.4364130434782609,0.43478260869565216,0.4733695652173913,0.4934782608695652,0.503804347826087,0.5239130434782608,0.5130434782608696,0.8260869565217391,0.8369565217391305,0.8478260869565217,0.8260869565217391,0.8152173913043478,0.75,0.782608695652174,0.8478260869565217,0.8260869565217391,0.782608695652174,0.6956521739130435,0.6739130434782609],"Energy":{"Mean":-70.92896480227832,"Sigma":0.02502472418787557,"Taucorr":-0.0267286331037474},"EnergyVariance":{"Mean":0.7656478141749332,"Sigma":0.05385404273282559,"Taucorr":0.008203318529639495},"Iteration":252},
{"Acceptance":[0.3402173913043478,0.35,0.39293478260869563,0.3798913043478261,0.41032608695652173,0.45054347826086955,0.45217391304347826,0.46304347826086956,0.5065217391304347,0.5043478260869565,0.5516304347826086,0.5516304347826086,0.8695652173913043,0.8478260869565217,0.8804347826086957,0.8478260869565217,0.7934782608695652,0.8043478260869565,0.8043478260869565,0.8260869565217391,0.717391304347826,0.6521739130434783,0.6413043478260869,0.5869565217391305],"Energy":{"Mean":-70.91404063749735,"Sigma":0.028429573059109498,"Taucorr":0.043520011548577126},"EnergyVariance":{"Mean":0.8627518845237443,"Sigma":0.08439564284784927,"Taucorr":0.01712886421443901},"Iteration":253},
{"Acceptance":[0.3108695652173913,0.33695652173913043,0.3673913043478261,0.3875,0.38315217391304346,0.4489130434782609,0.46793478260869564,0.475,0.5097826086956522,0.5146739130434783,0.5157608695652174,0.4989130434782609,0.782608695652174,0.8152173913043478,0.8260869565217391,0.8586956521739131,0.8695652173913043,0.8260869565217391,0.782608695652174,0.7934782608695652,0.7608695652173914,0.6956521739130435,0.532608695652174,0.34782608695652173],"Energy":{"Mean":-70.94512923979663,"Sigma":0.02557865228367032,"Taucorr":0.027223711466788553},"EnergyVariance":{"Mean":0.7424776205468572,"Sigma":0.05720227868981573,"Taucorr":-0.0009875940849825363},"Iteration":254},
{"Acceptance":[0.32282608695652176,0.34293478260869564,0.3744565217391304,0.39510869565217394,0.4108695652173913,0.45108695652173914,0.4608695652173913,0.4657608695652174,0.47608695652173916,0.5157608695652174,0.5347826086956522,0.5260869565217391,0.7608695652173914,0.8152173913043478,0.8369565217391305,0.8369565217391305,0.8369565217391305,0.8369565217391305,0.7717391304347826,0.782608695652174,0.8152173913043478,0.7282608695652174,0.6956521739130435,0.6739130434782609],"Energy":{"Mean":-70.97346739351768,"Sigma":0.024315573135804843,"Taucorr":0.05248867136410736},"EnergyVariance":{"Mean":0.6837549477173726,"Sigma":0.038106262188066654,"Taucorr":0.01895680373878147},"Iteration":255},
{"Acceptance":[0.328804347826087,0.3701086956521739,0.36467391304347824,0.3815217391304348,0.43478260869565216,0.4369565217391304,0.45054347826086955,0.4951086956521739,0.4967391304347826,0.5070652173913044,0.5320652173913043,0.5347826086956522,0.7391304347826086,0.7934782608695652,0.8804347826086957,0.8804347826086957,0.8478260869565217,0.8586956521739131,0.8043478260869565,0.7608695652173914,0.6956521739130435,0.6847826086956522,0.6956521739130435,0.6304347826086957],"Energy":{"Mean":-70.89818834896577,"Sigma":0.02427328383601643,"Taucorr":0.03305786666655095},"EnergyVariance":{"Mean":0.6979879389918446,"Sigma":0.0411494151905534,"Taucorr":0.04335942253419426},"Iteration":256},
{"Acceptance":[0.3527173913043478,0.35543478260869565,0.38913043478260867,0.39891304347826084,0.4320652173913043,0.4418478260869565,0.46358695652173915,0.4717391304347826,0.47554347826086957,0.5043478260869565,0.5233695652173913,0.5076086956521739,0.8913043478260869,0.8804347826086957,0.8913043478260869,0.8913043478260869,0.8478260869565217,0.8260869565217391,0.8043478260869565,0.7608695652173914,0.7608695652173914,0.7934782608695652,0.6630434782608695,0.5217391304347826],"Energy":{"Mean":-70.92775947950479,"Sigma":0.02520956419091461,"Taucorr":0.041146732832990925},"EnergyVariance":{"Mean":0.6982481066458069,"Sigma":0.04560006226011127,"Taucorr":0.016896634188178408},"Iteration":257},
{"Acceptance":[0.3222826086956522,0.33695652173913043,0.3842391304347826,0.3798913043478261,0.4108695652173913,0.43532608695652175,0.4668478260869565,0.4956521739130435,0.483695652173913,0.5146739130434783,0.5179347826086956,0.49728260869565216,0.8478260869565217,0.8586956521739131,0.8913043478260869,0.8478260869565217,0.7934782608695652,0.8043478260869565,0.8043478260869565,0.8043478260869565,0.8369565217391305,0.8260869565217391,0.6521739130434783,0.5217391304347826],"Energy":{"Mean":-70.91666512053062,"Sigma":0.02481356518159655,"Taucorr":-0.004539489716466549},"EnergyVariance":{"Mean":0.7109735095091576,"Sigma":0.0434598645923328,"Taucorr":0.02357253272474102},"Iteration":258},
{"Acceptance":[0.33804347826086956,0.3744565217391304,0.3766304347826087,0.40869565217391307,0.4097826086956522,0.4309782608695652,0.4440217391304348,0.4967391304347826,0.49728260869565216,0.49293478260869567,0.5260869565217391,0.5195652173913043,0.8260869565217391,0.8913043478260869,0.9239130434782609,0.8804347826086957,0.8478260869565217,0.8369565217391305,0.8369565217391305,0.7282608695652174,0.6847826086956522,0.7391304347826086,0.6956521739130435,0.6521739130434783],"Energy":{"Mean":-70.9642187761048,"Sigma":0.024239544738442993,"Taucorr":0.021050470974359265},"EnergyVariance":{"Mean":0.6754963651354293,"Sigma":0.0457686079112169,"Taucorr":-0.002008088098801373},"Iteration":259},
{"Acceptance":[0.29130434782608694,0.3695652173913043,0.3630434782608696,0.40652173913043477,0.4048913043478261,0.4282608695652174,0.45108695652173914,0.48097826086956524,0.5108695652173914,0.5152173913043478,0.5135869565217391,0.5114130434782609,0.8478260869565217,0.8478260869565217,0.8152173913043478,0.8478260869565217,0.9021739130434783,0.8586956521739131,0.8043478260869565,0.7282608695652174,0.6739130434782609,0.6956521739130435,0.5869565217391305,0.45652173913043476],"Energy":{"Mean":-70.93840799278541,"Sigma":0.02607868447423985,"Taucorr":0.028783512517407583},"EnergyVariance":{"Mean":0.7522365739562028,"Sigma":0.04756338912111832,"Taucorr":-0.019316107350334028},"Iteration":260},
{"Acceptance":[0.3217391304347826,0.33641304347826084,0.36793478260869567,0.38913043478260867,0.4391304347826087,0.44021739130434784,0.44021739130434784,0.46358695652173915,0.5059782608695652,0.4967391304347826,0.529891304347826,0.5125,0.8695652173913043,0.7717391304347826,0.7608695652173914,0.8260869565217391,0.8260869565217391,0.8369565217391305,0.8152173913043478,0.7065217391304348,0.6413043478260869,0.7717391304347826,0.7391304347826086,0.6086956521739131],"Energy":{"Mean":-70.9069149630916,"Sigma":0.02418854732964053,"Taucorr":-0.0030993438583984054},"EnergyVariance":{"Mean":0.7225717468897123,"Sigma":0.045145592001405284,"Taucorr":-0.017449120718405733},"Iteration":261},
{"Acceptance":[0.3402173913043478,0.35,0.3826086956521739,0.3983695652173913,0.4016304347826087,0.4331521739130435,0.44619565217391305,0.4722826086956522,0.4994565217391304,0.5081521739130435,0.5027173913043478,0.5391304347826087,0.8478260869565217,0.8152173913043478,0.8478260869565217,0.9347826086956522,0.8913043478260869,0.8152173913043478,0.8152173913043478,0.8152173913043478,0.782608695652174,0.7608695652173914,0.7391304347826086,0.717391304347826],"Energy":{"Mean":-70.94253202237536,"Sigma":0.023473674960400624,"Taucorr":-0.013937115757396984},"EnergyVariance":{"Mean":0.6800455411929928,"Sigma":0.046257405219684196,"Taucorr":0.0445952110300998},"Iteration":262},
{"Acceptance":[0.3217391304347826,0.36086956521739133,0.35978260869565215,0.391304347826087,0.4152173913043478,0.45869565217391306,0.4407608695652174,0.49184782608695654,0.5260869565217391,0.5054347826086957,0.5304347826086957,0.5070652173913044,0.8913043478260869,0.8586956521739131,0.8260869565217391,0.8913043478260869,0.8913043478260869,0.8804347826086957,0.9021739130434783,0.8260869565217391,0.7391304347826086,0.6847826086956522,0.6195652173913043,0.5652173913043478],"Energy":{"Mean":-70.93628004152127,"Sigma":0.024556511756568308,"Taucorr":-0.011036265268065488},"EnergyVariance":{"Mean":0.7018872675478848,"Sigma":0.04379119279434094,"Taucorr":-0.007923665940888667},"Iteration":263},
{"Acceptance":[0.3456521739130435,0.36793478260869567,0.3760869565217391,0.3864130434782609,0.4364130434782609,0.4380434782608696,0.4625,0.47554347826086957,0.47989130434782606,0.48695652173913045,0.525,0.533695652173913,0.8043478260869565,0.8478260869565217,0.8369565217391305,0.8043478260869565,0.8369565217391305,0.8695652173913043,0.7934782608695652,0.7282608695652174,0.7608695652173914,0.7282608695652174,0.6956521739130435,0.6956521739130435],"Energy":{"Mean":-70.90568667059087,"Sigma":0.02622144771442227,"Taucorr":0.028066365610186637},"EnergyVariance":{"Mean":0.7640185129604942,"Sigma":0.06183122834591965,"Taucorr":-0.008944000960301063},"Iteration":264},
{"Acceptance":[0.3451086956521739,0.33858695652173915,0.3847826086956522,0.4027173913043478,0.43478260869565216,0.4342391304347826,0.45108695652173914,0.47282608695652173,0.4717391304347826,0.5114130434782609,0.5,0.5239130434782608,0.8913043478260869,0.8369565217391305,0.8586956521739131,0.8913043478260869,0.8369565217391305,0.8152173913043478,0.8043478260869565,0.7717391304347826,0.75,0.7717391304347826,0.6956521739130435,0.6086956521739131],"Energy":{"Mean":-70.9457369306712,"Sigma":0.025194618623457853,"Taucorr":0.011685031027710978},"EnergyVariance":{"Mean":0.7505161468599524,"Sigma":0.048329338463116996,"Taucorr":0.01329166641378547},"Iteration":265},
{"Acceptance":[0.3233695652173913,0.3516304347826087,0.3625,0.4092391304347826,0.4309782608695652,0.42880434782608695,0.43043478260869567,0.5043478260869565,0.4826086956521739,0.5027173913043478,0.5266304347826087,0.5358695652173913,0.8478260869565217,0.7934782608695652,0.782608695652174,0.7608695652173914,0.7934782608695652,0.8695652173913043,0.8369565217391305,0.7717391304347826,0.7065217391304348,0.6847826086956522,0.6304347826086957,0.5869565217391305],"Energy":{"Mean":-70.89622600638984,"Sigma":0.02611610026306675,"Taucorr":0.022528528509952437},"EnergyVariance":{"Mean":0.7550650754022635,"Sigma":0.0529430064651728,"Taucorr":-0.035710283908654154},"Iteration":266},
{"Acceptance":[0.3141304347826087,0.34130434782608693,0.3744565217391304,0.39021739130434785,0.4141304347826087,0.45108695652173914,0.4668478260869565,0.48206521739130437,0.4940217391304348,0.5277173913043478,0.5402173913043479,0.5684782608695652,0.9565217391304348,0.9347826086956522,0.8478260869565217,0.8043478260869565,0.7934782608695652,0.7282608695652174,0.7391304347826086,0.8260869565217391,0.7934782608695652,0.7934782608695652,0.7717391304347826,0.6739130434782609],"Energy":{"Mean":-70.92726073612575,"Sigma":0.02675136067930875,"Taucorr":0.013513378555295238},"EnergyVariance":{"Mean":0.8436545044829039,"Sigma":0.06569603629165019,"Taucorr":0.04270157785285575},"Iteration":267},
{"Acceptance":[0.3157608695652174,0.33858695652173915,0.375,0.40217391304347827,0.4141304347826087,0.45706521739130435,0.44456521739130433,0.46630434782608693,0.5048913043478261,0.5222826086956521,0.5239130434782608,0.5353260869565217,0.8913043478260869,0.8695652173913043,0.8152173913043478,0.8478260869565217,0.8804347826086957,0.8260869565217391,0.8152173913043478,0.8478260869565217,0.8369565217391305,0.7934782608695652,0.7282608695652174,0.6739130434782609],"Energy":{"Mean":-70.93862760281324,"Sigma":0.022783583737839588,"Taucorr":-0.03219842917496563},"EnergyVariance":{"Mean":0.6689750749127431,"Sigma":0.03633734267900705,"Taucorr":0.021441742735003457},"Iteration":268},
{"Acceptance":[0.31521739130434784,0.34456521739130436,0.3804347826086957,0.3972826086956522,0.4125,0.4342391304347826,0.45815217391304347,0.48695652173913045,0.5135869565217391,0.48097826086956524,0.5190217391304348,0.5217391304347826,0.717391304347826,0.8260869565217391,0.8804347826086957,0.8478260869565217,0.8804347826086957,0.8695652173913043,0.8152173913043478,0.7934782608695652,0.7282608695652174,0.7065217391304348,0.5652173913043478,0.3695652173913043],"Energy":{"Mean":-70.97882253555565,"Sigma":0.023658417135547925,"Taucorr":0.04556640815295981},"EnergyVariance":{"Mean":0.6188882191390074,"Sigma":0.03567178309539817,"Taucorr":0.006093746413323578},"Iteration":269},
{"Acceptance":[0.32065217391304346,0.3423913043478261,0.36195652173913045,0.4016304347826087,0.42336956521739133,0.45,0.4423913043478261,0.483695652173913,0.4652173913043478,0.4907608695652174,0.5135869565217391,0.5521739130434783,0.9130434782608695,0.9239130434782609,0.9021739130434783,0.8260869565217391,0.7608695652173914,0.8260869565217391,0.9021739130434783,0.8369565217391305,0.8152173913043478,0.8369565217391305,0.782608695652174,0.7391304347826086],"Energy":{"Mean":-70.95300333747933,"Sigma":0.022586961535602468,"Taucorr":-0.00048143094245875717},"EnergyVariance":{"Mean":0.6170170250049293,"Sigma":0.03603485373972443,"Taucorr":0.008087553517718235},"Iteration":270},
{"Acceptance":[0.34456521739130436,0.3565217391304348,0.35108695652173916,0.3701086956521739,0.41847826086956524,0.4277173913043478,0.4418478260869565,0.4641304347826087,0.5163043478260869,0.48478260869565215,0.4880434782608696,0.5217391304347826,0.8695652173913043,0.8478260869565217,0.8043478260869565,0.8260869565217391,0.8586956521739131,0.8586956521739131,0.7934782608695652,0.7717391304347826,0.7717391304347826,0.6847826086956522,0.6739130434782609,0.6956521739130435],"Energy":{"Mean":-70.95742947604312,"Sigma":0.025353294514893557,"Taucorr":0.0033187341113975685},"EnergyVariance":{"Mean":0.7545097329226649,"Sigma":0.06219320130719908,"Taucorr":0.003960836684728346},"Iteration":271},
{"Acceptance":[0.33695652173913043,0.3467391304347826,0.35,0.391304347826087,0.4320652173913043,0.421195652173913,0.46467391304347827,0.45,0.46358695652173915,0.4766304347826087,0.5184782608695652,0.5217391304347826,0.8478260869565217,0.8586956521739131,0.8695652173913043,0.8804347826086957,0.8586956521739131,0.8152173913043478,0.8152173913043478,0.7934782608695652,0.6847826086956522,0.7282608695652174,0.75,0.6521739130434783],"Energy":{"Mean":-70.92551086553668,"Sigma":0.027261888239446835,"Taucorr":-1.1105514426272093e-05},"EnergyVariance":{"Mean":0.8370641743608781,"Sigma":0.08605312911998457,"Taucorr":-0.009164582786520091},"Iteration":272},
{"Acceptance":[0.3418478260869565,0.34891304347826085,0.38967391304347826,0.3690217391304348,0.40108695652173915,0.43478260869565216,0.4434782608695652,0.4652173913043478,0.47554347826086957,0.5239130434782608,0.5342391304347827,0.5407608695652174,0.8695652173913043,0.8913043478260869,0.8913043478260869,0.8369565217391305,0.8369565217391305,0.8260869565217391,0.7934782608695652,0.75,0.7608695652173914,0.8369565217391305,0.7934782608695652,0.7391304347826086],"Energy":{"Mean":-70.92502942864549,"Sigma":0.02246488129226129,"Taucorr":-0.03223107281421394},"EnergyVariance":{"Mean":0.6311677685752733,"Sigma":0.03745655084415742,"Taucorr":-0.030011078861599882},"Iteration":273},
{"Acceptance":[0.32554347826086955,0.3483695652173913,0.3869565217391304,0.3766304347826087,0.41304347826086957,0.4369565217391304,0.4532608695652174,0.4717391304347826,0.49130434782608695,0.5146739130434783,0.5190217391304348,0.5228260869565218,0.782608695652174,0.8043478260869565,0.8586956521739131,0.8043478260869565,0.782608695652174,0.8586956521739131,0.8369565217391305,0.8152173913043478,0.7608695652173914,0.717391304347826,0.6630434782608695,0.5869565217391305],"Energy":{"Mean":-70.92269330504602,"Sigma":0.025512245920008194,"Taucorr":0.011024204781853284},"EnergyVariance":{"Mean":0.7578376294967963,"Sigma":0.06116912438073088,"Taucorr":0.005114248204641329},"Iteration":274},
{"Acceptance":[0.34456521739130436,0.3565217391304348,0.3652173913043478,0.41739130434782606,0.42445652173913045,0.4282608695652174,0.4494565217391304,0.46467391304347827,0.5108695652173914,0.5385869565217392,0.4907608695652174,0.533695652173913,0.8260869565217391,0.8586956521739131,0.8478260869565217,0.8043478260869565,0.8586956521739131,0.8478260869565217,0.8586956521739131,0.8586956521739131,0.7391304347826086,0.6739130434782609,0.6847826086956522,0.717391304347826],"Energy":{"Mean":-70.87545299705425,"Sigma":0.023977739999717005,"Taucorr":0.006046750320691722},"EnergyVariance":{"Mean":0.6706490803846918,"Sigma":0.03604841122841176,"Taucorr":-0.011347378161501073},"Iteration":275},
{"Acceptance":[0.32282608695652176,0.3375,0.3472826086956522,0.40108695652173915,0.425,0.45652173913043476,0.4592391304347826,0.4989130434782609,0.4722826086956522,0.5092391304347826,0.5010869565217392,0.5423913043478261,0.7391304347826086,0.7608695652173914,0.8478260869565217,0.8369565217391305,0.8260869565217391,0.8804347826086957,0.8369565217391305,0.7934782608695652,0.7282608695652174,0.717391304347826,0.6847826086956522,0.6086956521739131],"Energy":{"Mean":-70.9362418236736,"Sigma":0.02524800648963849,"Taucorr":0.005109231107119946},"EnergyVariance":{"Mean":0.7388458446917517,"Sigma":0.04053859425098928,"Taucorr":-0.021760967714291018},"Iteration":276},
{"Acceptance":[0.31956521739130433,0.34347826086956523,0.3652173913043478,0.4097826086956522,0.4097826086956522,0.4309782608695652,0.47934782608695653,0.5010869565217392,0.4842391304347826,0.5152173913043478,0.5206521739130435,0.532608695652174,0.9130434782608695,0.9021739130434783,0.8478260869565217,0.8478260869565217,0.8043478260869565,0.782608695652174,0.8369565217391305,0.7717391304347826,0.782608695652174,0.782608695652174,0.717391304347826,0.717391304347826],"Energy":{"Mean":-70.94482705833376,"Sigma":0.022505789298457105,"Taucorr":-0.022564896669419892},"EnergyVariance":{"Mean":0.627097639140813,"Sigma":0.04303965861303787,"Taucorr":0.007116147921111683},"Iteration":277},
{"Acceptance":[0.3391304347826087,0.34402173913043477,0.3766304347826087,0.38804347826086955,0.4141304347826087,0.4440217391304348,0.4625,0.48206521739130437,0.4842391304347826,0.5347826086956522,0.5027173913043478,0.5282608695652173,0.8478260869565217,0.8804347826086957,0.8695652173913043,0.8478260869565217,0.8152173913043478,0.8043478260869565,0.7934782608695652,0.7608695652173914,0.8152173913043478,0.7391304347826086,0.5652173913043478,0.5],"Energy":{"Mean":-70.91825681408615,"Sigma":0.02623876407474489,"Taucorr":0.00959908908830104},"EnergyVariance":{"Mean":0.8335452319081614,"Sigma":0.15512928324512856,"Taucorr":-0.021119768685888708},"Iteration":278},
{"Acceptance":[0.33315217391304347,0.36195652173913045,0.38858695652173914,0.39891304347826084,0.39402173913043476,0.42228260869565215,0.4668478260869565,0.4733695652173913,0.4945652173913043,0.5152173913043478,0.5010869565217392,0.5239130434782608,0.8695652173913043,0.8478260869565217,0.8478260869565217,0.8478260869565217,0.8043478260869565,0.8260869565217391,0.8152173913043478,0.7608695652173914,0.7391304347826086,0.6521739130434783,0.6630434782608695,0.7391304347826086],"Energy":{"Mean":-70.9068562933165,"Sigma":0.024972087780266352,"Taucorr":-0.010616091134478164},"EnergyVariance":{"Mean":0.7392822126284386,"Sigma":0.05961239857694681,"Taucorr":0.019578998494351452},"Iteration":279},
{"Acceptance":[0.3298913043478261,0.32554347826086955,0.3635869565217391,0.3875,0.41684782608695653,0.4217391304347826,0.4592391304347826,0.48043478260869565,0.5027173913043478,0.5190217391304348,0.5141304347826087,0.5244565217391305,0.8695652173913043,0.8043478260869565,0.8260869565217391,0.9130434782608695,0.9130434782608695,0.8478260869565217,0.7717391304347826,0.7717391304347826,0.782608695652174,0.7934782608695652,0.7608695652173914,0.717391304347826],"Energy":{"Mean":-70.93912179010843,"Sigma":0.025462987657424416,"Taucorr":0.03520056327698258},"EnergyVariance":{"Mean":0.7081080346913478,"Sigma":0.04019144085376088,"Taucorr":-0.0032915401353497964},"Iteration":280},
{"Acceptance":[0.3217391304347826,0.3592391304347826,0.3516304347826087,0.3918478260869565,0.425,0.4440217391304348,0.4657608695652174,0.4782608695652174,0.4826086956521739,0.5141304347826087,0.5190217391304348,0.5375,0.8478260869565217,0.8478260869565217,0.8369565217391305,0.8586956521739131,0.8260869565217391,0.8043478260869565,0.8152173913043478,0.782608695652174,0.75,0.717391304347826,0.7934782608695652,0.8695652173913043],"Energy":{"Mean":-70.91507898358414,"Sigma":0.024512924788338997,"Taucorr":-0.003366172408402745},"EnergyVariance":{"Mean":0.696400651394824,"Sigma":0.041669986268885184,"Taucorr":-0.010486994435093462},"Iteration":281},
{"Acceptance":[0.3635869565217391,0.35706521739130437,0.3695652173913043,0.39891304347826084,0.41358695652173916,0.453804347826087,0.4548913043478261,0.47282608695652173,0.4885869565217391,0.5021739130434782,0.5461956521739131,0.5369565217391304,0.8913043478260869,0.9021739130434783,0.8913043478260869,0.8695652173913043,0.8478260869565217,0.782608695652174,0.8478260869565217,0.8804347826086957,0.8260869565217391,0.8043478260869565,0.6847826086956522,0.6086956521739131],"Energy":{"Mean":-70.8948108664189,"Sigma":0.022850386638921753,"Taucorr":-0.014681685745888108},"EnergyVariance":{"Mean":0.6551200105690035,"Sigma":0.03665105429860856,"Taucorr":0.01603453882351918},"Iteration":282},
{"Acceptance":[0.33695652173913043,0.34891304347826085,0.3635869565217391,0.3826086956521739,0.41684782608695653,0.4260869565217391,0.45108695652173914,0.45217391304347826,0.5010869565217392,0.5222826086956521,0.5402173913043479,0.5173913043478261,0.782608695652174,0.8369565217391305,0.9021739130434783,0.9021739130434783,0.8695652173913043,0.8586956521739131,0.8695652173913043,0.8586956521739131,0.8043478260869565,0.7391304347826086,0.6956521739130435,0.6739130434782609],"Energy":{"Mean":-70.93512564342751,"Sigma":0.022605347967022998,"Taucorr":-0.031157269859681785},"EnergyVariance":{"Mean":0.6698369986778557,"Sigma":0.0395437444624217,"Taucorr":0.02639803252360386},"Iteration":283},
{"Acceptance":[0.31521739130434784,0.3804347826086957,0.36793478260869567,0.37717391304347825,0.38369565217391305,0.45217391304347826,0.4451086956521739,0.4907608695652174,0.5054347826086957,0.5065217391304347,0.5309782608695652,0.5315217391304348,0.8695652173913043,0.8478260869565217,0.8586956521739131,0.8369565217391305,0.7934782608695652,0.8152173913043478,0.8043478260869565,0.7608695652173914,0.782608695652174,0.6847826086956522,0.6413043478260869,0.7391304347826086],"Energy":{"Mean":-70.92579084040507,"Sigma":0.023912346292722306,"Taucorr":0.01659565644996083},"EnergyVariance":{"Mean":0.6625896601014307,"Sigma":0.03953336713218726,"Taucorr":0.022273902874505664},"Iteration":284},
{"Acceptance":[0.31956521739130433,0.3358695652173913,0.36467391304347824,0.37282608695652175,0.4097826086956522,0.4309782608695652,0.48097826086956524,0.47880434782608694,0.4945652173913043,0.5195652173913043,0.5380434782608695,0.5266304347826087,0.8478260869565217,0.8913043478260869,0.8913043478260869,0.782608695652174,0.75,0.782608695652174,0.8260869565217391,0.8152173913043478,0.6956521739130435,0.6630434782608695,0.6630434782608695,0.6304347826086957],"Energy":{"Mean":-70.91873747746479,"Sigma":0.023008466760578605,"Taucorr":0.00887301861727089},"EnergyVariance":{"Mean":0.6229678213868937,"Sigma":0.04367308913744219,"Taucorr":-0.006104758006659339},"Iteration":285},
{"Acceptance":[0.3244565217391304,0.3358695652173913,0.3625,0.40597826086956523,0.4152173913043478,0.44619565217391305,0.475,0.4940217391304348,0.5163043478260869,0.5021739130434782,0.5076086956521739,0.5353260869565217,0.8260869565217391,0.8804347826086957,0.8913043478260869,0.8369565217391305,0.7934782608695652,0.7608695652173914,0.7608695652173914,0.8043478260869565,0.7608695652173914,0.7282608695652174,0.7391304347826086,0.6956521739130435],"Energy":{"Mean":-70.9263991905923,"Sigma":0.024118371369885917,"Taucorr":0.0033619751758708094},"EnergyVariance":{"Mean":0.673204813172866,"Sigma":0.03816277575141106,"Taucorr":0.023554450319061327},"Iteration":286},
{"Acceptance":[0.3423913043478261,0.36141304347826086,0.37119565217391304,0.40652173913043477,0.40108695652173915,0.4494565217391304,0.46793478260869564,0.475,0.5,0.49728260869565216,0.5032608695652174,0.5206521739130435,0.8478260869565217,0.8478260869565217,0.8478260869565217,0.8804347826086957,0.8478260869565217,0.7608695652173914,0.7608695652173914,0.7608695652173914,0.7391304347826086,0.8043478260869565,0.75,0.6304347826086957],"Energy":{"Mean":-70.91853231545245,"Sigma":0.02455503009989404,"Taucorr":-0.00036362797673473307},"EnergyVariance":{"Mean":0.7292726387211635,"Sigma":0.04266303853609011,"Taucorr":0.03211707351130417},"Iteration":287},
{"Acceptance":[0.3125,0.3592391304347826,0.3978260869565217,0.41195652173913044,0.44021739130434784,0.45543478260869563,0.44782608695652176,0.47880434782608694,0.4967391304347826,0.4951086956521739,0.5130434782608696,0.525,0.8043478260869565,0.8152173913043478,0.8152173913043478,0.8152173913043478,0.8152173913043478,0.8695652173913043,0.8478260869565217,0.7608695652173914,0.782608695652174,0.8260869565217391,0.7282608695652174,0.6086956521739131],"Energy":{"Mean":-70.94939367006867,"Sigma":0.023757173490314653,"Taucorr":0.006436826659766935},"EnergyVariance":{"Mean":0.6492979907834889,"Sigma":0.05092154700776413,"Taucorr":0.007222858976407211},"Iteration":288},
{"Acceptance":[0.32663043478260867,0.3592391304347826,0.35108695652173916,0.4016304347826087,0.42445652173913045,0.43532608695652175,0.43478260869565216,0.4875,0.4722826086956522,0.5048913043478261,0.5244565217391305,0.5211956521739131,0.8478260869565217,0.8369565217391305,0.8804347826086957,0.8804347826086957,0.8152173913043478,0.8260869565217391,0.782608695652174,0.7717391304347826,0.7934782608695652,0.7391304347826086,0.6630434782608695,0.6086956521739131],"Energy":{"Mean":-70.93443224097328,"Sigma":0.023525020562818754,"Taucorr":-0.04623526730594824},"EnergyVariance":{"Mean":0.7211780937889216,"Sigma":0.05354120612440882,"Taucorr":-0.012322657639796607},"Iteration":289},
{"Acceptance":[0.325,0.34402173913043477,0.35108695652173916,0.3967391304347826,0.40597826086956523,0.4298913043478261,0.4608695652173913,0.47608695652173916,0.5184782608695652,0.5043478260869565,0.5195652173913043,0.5076086956521739,0.9347826086956522,0.9239130434782609,0.8369565217391305,0.8152173913043478,0.7717391304347826,0.782608695652174,0.8369565217391305,0.8260869565217391,0.75,0.6956521739130435,0.6521739130434783,0.5434782608695652],"Energy":{"Mean":-70.9292369780261,"Sigma":0.02251981132173349,"Taucorr":-0.009547050302780774},"EnergyVariance":{"Mean":0.6207748345721505,"Sigma":0.037129081243439166,"Taucorr":0.037976319544971375},"Iteration":290},
{"Acceptance":[0.33369565217391306,0.35706521739130437,0.3804347826086957,0.3869565217391304,0.4125,0.4418478260869565,0.44456521739130433,0.4777173913043478,0.47445652173913044,0.5222826086956521,0.5347826086956522,0.5092391304347826,0.8478260869565217,0.8478260869565217,0.8478260869565217,0.8260869565217391,0.7934782608695652,0.7934782608695652,0.8152173913043478,0.7934782608695652,0.7282608695652174,0.75,0.717391304347826,0.6304347826086957],"Energy":{"Mean":-70.94383827129917,"Sigma":0.024779939050904,"Taucorr":0.007992361071900565},"EnergyVariance":{"Mean":0.700286382145458,"Sigma":0.040832411085689725,"Taucorr":-0.005395828934317964},"Iteration":291},
{"Acceptance":[0.33260869565217394,0.3652173913043478,0.3798913043478261,0.40869565217391307,0.40597826086956523,0.44021739130434784,0.4407608695652174,0.4782608695652174,0.49184782608695654,0.47391304347826085,0.532608695652174,0.5206521739130435,0.9130434782608695,0.9130434782608695,0.8804347826086957,0.8043478260869565,0.782608695652174,0.8369565217391305,0.8043478260869565,0.7282608695652174,0.75,0.75,0.6521739130434783,0.5869565217391305],"Energy":{"Mean":-70.95498231157731,"Sigma":0.023363709947752668,"Taucorr":-0.014274939857132704},"EnergyVariance":{"Mean":0.6769077584977746,"Sigma":0.04154104018911625,"Taucorr":-0.015358224694172853},"Iteration":292},
{"Acceptance":[0.34402173913043477,0.35380434782608694,0.3690217391304348,0.3978260869565217,0.41684782608695653,0.4467391304347826,0.4673913043478261,0.45217391304347826,0.4777173913043478,0.5228260869565218,0.49782608695652175,0.5043478260869565,0.8043478260869565,0.8478260869565217,0.8804347826086957,0.8913043478260869,0.9021739130434783,0.8260869565217391,0.8260869565217391,0.7934782608695652,0.7391304347826086,0.6304347826086957,0.532608695652174,0.5869565217391305],"Energy":{"Mean":-70.95135413429858,"Sigma":0.027004576936586474,"Taucorr":0.031336429755042354},"EnergyVariance":{"Mean":0.8055480637834279,"Sigma":0.08438079844024604,"Taucorr":0.02318200093896354},"Iteration":293},
{"Acceptance":[0.3298913043478261,0.35543478260869565,0.3641304347826087,0.3804347826086957,0.421195652173913,0.43532608695652175,0.46902173913043477,0.47391304347826085,0.5119565217391304,0.48967391304347824,0.5347826086956522,0.5201086956521739,0.7608695652173914,0.8260869565217391,0.8152173913043478,0.7717391304347826,0.8043478260869565,0.8152173913043478,0.8478260869565217,0.8369565217391305,0.7608695652173914,0.717391304347826,0.6630434782608695,0.6086956521739131],"Energy":{"Mean":-70.97558784789305,"Sigma":0.023101994957706293,"Taucorr":-0.0025419420573380195},"EnergyVariance":{"Mean":0.6563494845521648,"Sigma":0.04206553265428232,"Taucorr":-0.0018525071600167208},"Iteration":294},
{"Acceptance":[0.32119565217391305,0.3456521739130435,0.3869565217391304,0.3967391304347826,0.421195652173913,0.42880434782608695,0.45706521739130435,0.4940217391304348,0.4885869565217391,0.5103260869565217,0.528804347826087,0.5233695652173913,0.8695652173913043,0.8586956521739131,0.8152173913043478,0.8152173913043478,0.8478260869565217,0.7934782608695652,0.7282608695652174,0.7391304347826086,0.7934782608695652,0.7608695652173914,0.6413043478260869,0.5869565217391305],"Energy":{"Mean":-70.90305987217054,"Sigma":0.02480079642307138,"Taucorr":0.025765894586285244},"EnergyVariance":{"Mean":0.6712126235457876,"Sigma":0.03544043120528914,"Taucorr":-0.009546979276810705},"Iteration":295},
{"Acceptance":[0.32663043478260867,0.35543478260869565,0.3635869565217391,0.40597826086956523,0.4342391304347826,0.4434782608695652,0.47282608695652173,0.4885869565217391,0.5016304347826087,0.5217391304347826,0.5081521739130435,0.5293478260869565,0.8260869565217391,0.8043478260869565,0.8260869565217391,0.8586956521739131,0.7934782608695652,0.7717391304347826,0.8369565217391305,0.8913043478260869,0.8260869565217391,0.782608695652174,0.6956521739130435,0.5652173913043478],"Energy":{"Mean":-70.91114760694593,"Sigma":0.02314020597414067,"Taucorr":-0.013821236248580502},"EnergyVariance":{"Mean":0.6673259950583513,"Sigma":0.044545908292084525,"Taucorr":-0.0260817722089514},"Iteration":296},
{"Acceptance":[0.33641304347826084,0.34402173913043477,0.38804347826086955,0.39565217391304347,0.4048913043478261,0.4385869565217391,0.4331521739130435,0.48532608695652174,0.4880434782608696,0.4945652173913043,0.5168478260869566,0.5516304347826086,0.8260869565217391,0.8695652173913043,0.8804347826086957,0.8804347826086957,0.8804347826086957,0.8695652173913043,0.8260869565217391,0.782608695652174,0.8043478260869565,0.6956521739130435,0.6413043478260869,0.6956521739130435],"Energy":{"Mean":-70.92863098971729,"Sigma":0.02666350558189515,"Taucorr":-0.015579396577750662},"EnergyVariance":{"Mean":0.8181821324492232,"Sigma":0.07923554970277812,"Taucorr":0.015740658625388582},"Iteration":297},
{"Acceptance":[0.3201086956521739,0.3532608695652174,0.37228260869565216,0.39510869565217394,0.4027173913043478,0.44619565217391305,0.45652173913043476,0.47989130434782606,0.46902173913043477,0.5195652173913043,0.5048913043478261,0.5081521739130435,0.9130434782608695,0.8152173913043478,0.8043478260869565,0.8043478260869565,0.7717391304347826,0.8586956521739131,0.8478260869565217,0.8043478260869565,0.75,0.6956521739130435,0.6304347826086957,0.5652173913043478],"Energy":{"Mean":-70.87205821866581,"Sigma":0.024234725589825548,"Taucorr":0.018373611128962464},"EnergyVariance":{"Mean":0.6848434685118977,"Sigma":0.03908632033509115,"Taucorr":-0.018088198564664235},"Iteration":298},
{"Acceptance":[0.3173913043478261,0.3358695652173913,0.3635869565217391,0.39021739130434785,0.4,0.453804347826087,0.46630434782608693,0.47445652173913044,0.48967391304347824,0.5358695652173913,0.5282608695652173,0.529891304347826,0.9130434782608695,0.8804347826086957,0.8260869565217391,0.8586956521739131,0.8804347826086957,0.8260869565217391,0.8043478260869565,0.8478260869565217,0.8478260869565217,0.7282608695652174,0.717391304347826,0.782608695652174],"Energy":{"Mean":-70.89962611351508,"Sigma":0.024674576391746927,"Taucorr":0.026801910883593263},"EnergyVariance":{"Mean":0.7046854382334683,"Sigma":0.0490766280871979,"Taucorr":0.01193158672546503},"Iteration":299},
{"Acceptance":[0.33695652173913043,0.3402173913043478,0.3706521739130435,0.41793478260869565,0.4152173913043478,0.4434782608695652,0.4668478260869565,0.4592391304347826,0.48478260869565215,0.5135869565217391,0.5418478260869565,0.5125,0.8260869565217391,0.7934782608695652,0.7717391304347826,0.8478260869565217,0.8695652173913043,0.8152173913043478,0.7934782608695652,0.782608695652174,0.7934782608695652,0.7282608695652174,0.6413043478260869,0.6304347826086957],"Energy":{"Mean":-70.91677958850165,"Sigma":0.023548148964188404,"Taucorr":-0.002699574291508753},"EnergyVariance":{"Mean":0.6505832322772004,"Sigma":0.038623130819164055,"Taucorr":0.005062226725940942},"Iteration":300},
{"Acceptance":[0.3239130434782609,0.3483695652173913,0.3690217391304348,0.375,0.421195652173913,0.4315217391304348,0.4532608695652174,0.46304347826086956,0.5016304347826087,0.5271739130434783,0.48478260869565215,0.5097826086956522,0.8260869565217391,0.8586956521739131,0.8804347826086957,0.8369565217391305,0.8260869565217391,0.8260869565217391,0.7934782608695652,0.8043478260869565,0.8152173913043478,0.7608695652173914,0.5760869565217391,0.43478260869565216],"Energy":{"Mean":-70.94668739549364,"Sigma":0.025150854937653108,"Taucorr":0.012532361226578552},"EnergyVariance":{"Mean":0.6795283936720843,"Sigma":0.03765401531150412,"Taucorr":0.003455972753608559},"Iteration":301},
{"Acceptance":[0.30978260869565216,0.3641304347826087,0.39565217391304347,0.40869565217391307,0.39293478260869563,0.4326086956521739,0.44021739130434784,0.4668478260869565,0.49130434782608695,0.5070652173913044,0.532608695652174,0.5429347826086957,0.7608695652173914,0.7934782608695652,0.8804347826086957,0.8478260869565217,0.8260869565217391,0.8695652173913043,0.8586956521739131,0.8804347826086957,0.8152173913043478,0.8043478260869565,0.7934782608695652,0.717391304347826],"Energy":{"Mean":-70.95823225051417,"Sigma":0.026499360354355916,"Taucorr":-0.015059062416418039},"EnergyVariance":{"Mean":0.8362502854180547,"Sigma":0.05890748736673266,"Taucorr":0.03620350211186222},"Iteration":302},
{"Acceptance":[0.3239130434782609,0.34347826086956523,0.39891304347826084,0.40380434782608693,0.4217391304347826,0.42880434782608695,0.4434782608695652,0.47391304347826085,0.5010869565217392,0.5277173913043478,0.5244565217391305,0.5407608695652174,0.9347826086956522,0.8478260869565217,0.8043478260869565,0.8804347826086957,0.8586956521739131,0.7934782608695652,0.8043478260869565,0.8260869565217391,0.7934782608695652,0.6847826086956522,0.6304347826086957,0.6521739130434783],"Energy":{"Mean":-70.94300836637547,"Sigma":0.02719500027846725,"Taucorr":-0.005091209624482426},"EnergyVariance":{"Mean":0.8109984511889891,"Sigma":0.08600708635262998,"Taucorr":-0.05149538137618703},"Iteration":303},
{"Acceptance":[0.3141304347826087,0.35108695652173916,0.3576086956521739,0.3717391304347826,0.4217391304347826,0.4440217391304348,0.44456521739130433,0.4706521739130435,0.48206521739130437,0.5119565217391304,0.5168478260869566,0.5440217391304348,0.9347826086956522,0.8913043478260869,0.8586956521739131,0.8152173913043478,0.8152173913043478,0.7934782608695652,0.7391304347826086,0.8043478260869565,0.8152173913043478,0.7282608695652174,0.6956521739130435,0.717391304347826],"Energy":{"Mean":-70.94996397066289,"Sigma":0.024464735134734992,"Taucorr":-0.0013872866896911622},"EnergyVariance":{"Mean":0.677800906445485,"Sigma":0.03961501671376316,"Taucorr":0.015629458491751715},"Iteration":304},
{"Acceptance":[0.3179347826086957,0.33695652173913043,0.3809782608695652,0.4027173913043478,0.41304347826086957,0.4320652173913043,0.46195652173913043,0.4891304347826087,0.48532608695652174,0.5108695652173914,0.5364130434782609,0.529891304347826,0.782608695652174,0.8152173913043478,0.8478260869565217,0.8369565217391305,0.782608695652174,0.782608695652174,0.8152173913043478,0.8260869565217391,0.8260869565217391,0.75,0.6413043478260869,0.5869565217391305],"Energy":{"Mean":-70.91140147651271,"Sigma":0.025868482826931678,"Taucorr":0.005243224059334975},"EnergyVariance":{"Mean":0.7556566403400725,"Sigma":0.046605817679351506,"Taucorr":0.013216007625944727},"Iteration":305},
{"Acceptance":[0.3423913043478261,0.36793478260869567,0.37228260869565216,0.40869565217391307,0.41847826086956524,0.4097826086956522,0.4597826086956522,0.48532608695652174,0.47608695652173916,0.4983695652173913,0.5065217391304347,0.525,0.8260869565217391,0.8478260869565217,0.8152173913043478,0.7717391304347826,0.8260869565217391,0.8804347826086957,0.8369565217391305,0.7391304347826086,0.6956521739130435,0.717391304347826,0.7391304347826086,0.7391304347826086],"Energy":{"Mean":-70.88763798619101,"Sigma":0.023894100803680887,"Taucorr":-0.008369654199833624},"EnergyVariance":{"Mean":0.6679798609871841,"Sigma":0.05244391713879936,"Taucorr":-0.0010554659072478888},"Iteration":306},
{"Acceptance":[0.34619565217391307,0.35,0.3641304347826087,0.38315217391304346,0.42282608695652174,0.42445652173913045,0.4364130434782609,0.46141304347826084,0.49184782608695654,0.5304347826086957,0.5163043478260869,0.5483695652173913,0.9347826086956522,0.9130434782608695,0.8695652173913043,0.8478260869565217,0.8043478260869565,0.8043478260869565,0.7717391304347826,0.7717391304347826,0.8804347826086957,0.7717391304347826,0.6956521739130435,0.7608695652173914],"Energy":{"Mean":-70.90191120927285,"Sigma":0.025301656632481576,"Taucorr":0.009228111833178317},"EnergyVariance":{"Mean":0.7264589880199656,"Sigma":0.05225577491130848,"Taucorr":-0.00035882293746821126},"Iteration":307},
{"Acceptance":[0.33260869565217394,0.36032608695652174,0.37119565217391304,0.3983695652173913,0.41141304347826085,0.4309782608695652,0.4423913043478261,0.4782608695652174,0.48586956521739133,0.4967391304347826,0.5201086956521739,0.5152173913043478,0.8043478260869565,0.8369565217391305,0.8478260869565217,0.8695652173913043,0.8260869565217391,0.7717391304347826,0.8043478260869565,0.8152173913043478,0.7934782608695652,0.75,0.5978260869565217,0.45652173913043476],"Energy":{"Mean":-70.93962441571449,"Sigma":0.02418589965927381,"Taucorr":-0.02439727777686281},"EnergyVariance":{"Mean":0.7543675068372933,"Sigma":0.057426371133076644,"Taucorr":-0.009652314603561014},"Iteration":308},
{"Acceptance":[0.3168478260869565,0.35434782608695653,0.38858695652173914,0.40380434782608693,0.4,0.4255434782608696,0.4603260869565217,0.4771739130434783,0.5005434782608695,0.5217391304347826,0.5385869565217392,0.5195652173913043,0.9130434782608695,0.8804347826086957,0.8586956521739131,0.7717391304347826,0.7717391304347826,0.8478260869565217,0.8260869565217391,0.8369565217391305,0.8260869565217391,0.75,0.6304347826086957,0.5652173913043478],"Energy":{"Mean":-70.90353027950945,"Sigma":0.025428873663488376,"Taucorr":0.020139443749346918},"EnergyVariance":{"Mean":0.7128491742237841,"Sigma":0.04254537475871334,"Taucorr":0.04019278383546366},"Iteration":309},
{"Acceptance":[0.328804347826087,0.3695652173913043,0.37282608695652175,0.4016304347826087,0.40108695652173915,0.44782608695652176,0.46902173913043477,0.49130434782608695,0.48532608695652174,0.49130434782608695,0.5195652173913043,0.5179347826086956,0.8260869565217391,0.8369565217391305,0.8260869565217391,0.8586956521739131,0.8804347826086957,0.8478260869565217,0.8043478260869565,0.8043478260869565,0.8369565217391305,0.75,0.6956521739130435,0.717391304347826],"Energy":{"Mean":-70.95460313675825,"Sigma":0.024551068232741297,"Taucorr":-0.013272496302654696},"EnergyVariance":{"Mean":0.739418010042182,"Sigma":0.04980443418125957,"Taucorr":-0.015478328958886444},"Iteration":310},
{"Acceptance":[0.3108695652173913,0.33043478260869563,0.3690217391304348,0.3907608695652174,0.3934782608695652,0.42934782608695654,0.46195652173913043,0.46956521739130436,0.4951086956521739,0.5146739130434783,0.5119565217391304,0.5440217391304348,0.8478260869565217,0.7934782608695652,0.7934782608695652,0.8369565217391305,0.8369565217391305,0.8586956521739131,0.7934782608695652,0.6956521739130435,0.7065217391304348,0.7391304347826086,0.75,0.7608695652173914],"Energy":{"Mean":-70.91599284717194,"Sigma":0.025001546706278837,"Taucorr":0.025698267258396728},"EnergyVariance":{"Mean":0.6862090635212509,"Sigma":0.03840415030493469,"Taucorr":0.007638565490160845},"Iteration":311},
{"Acceptance":[0.32119565217391305,0.35978260869565215,0.3706521739130435,0.40380434782608693,0.4027173913043478,0.4385869565217391,0.44565217391304346,0.47391304347826085,0.48586956521739133,0.5005434782608695,0.5163043478260869,0.5206521739130435,0.8043478260869565,0.8369565217391305,0.8260869565217391,0.8369565217391305,0.9239130434782609,0.8804347826086957,0.8152173913043478,0.782608695652174,0.6956521739130435,0.7282608695652174,0.7717391304347826,0.7391304347826086],"Energy":{"Mean":-70.9061269088994,"Sigma":0.022944375278130744,"Taucorr":-0.004309766366782812},"EnergyVariance":{"Mean":0.6372347106931391,"Sigma":0.03674752121488615,"Taucorr":0.016658425561314156},"Iteration":312},
{"Acceptance":[0.3217391304347826,0.3298913043478261,0.35380434782608694,0.39293478260869563,0.4201086956521739,0.4320652173913043,0.4391304347826087,0.4722826086956522,0.4940217391304348,0.4782608695652174,0.5190217391304348,0.5358695652173913,0.8913043478260869,0.8478260869565217,0.8260869565217391,0.8913043478260869,0.9130434782608695,0.9130434782608695,0.8586956521739131,0.7934782608695652,0.7608695652173914,0.717391304347826,0.5978260869565217,0.4782608695652174],"Energy":{"Mean":-70.924976227783,"Sigma":0.026127386053354993,"Taucorr":0.03285162741449819},"EnergyVariance":{"Mean":0.7196008152847054,"Sigma":0.04812682797344261,"Taucorr":-0.0033285340083821294},"Iteration":313},
{"Acceptance":[0.34130434782608693,0.34293478260869564,0.3766304347826087,0.4016304347826087,0.4190217391304348,0.46467391304347827,0.4625,0.46847826086956523,0.48695652173913045,0.4934782608695652,0.5190217391304348,0.5423913043478261,0.782608695652174,0.7934782608695652,0.8369565217391305,0.8369565217391305,0.8369565217391305,0.8586956521739131,0.7934782608695652,0.7608695652173914,0.782608695652174,0.782608695652174,0.7065217391304348,0.6304347826086957],"Energy":{"Mean":-70.92775651503301,"Sigma":0.02328761724956635,"Taucorr":0.019509210513399194},"EnergyVariance":{"Mean":0.6084595656764259,"Sigma":0.035994044289461534,"Taucorr":-0.0029947922182099115},"Iteration":314},
{"Acceptance":[0.32119565217391305,0.3625,0.3581521739130435,0.40597826086956523,0.41304347826086957,0.4309782608695652,0.44619565217391305,0.45869565217391306,0.4875,0.4967391304347826,0.5179347826086956,0.532608695652174,0.8478260869565217,0.8695652173913043,0.8695652173913043,0.8369565217391305,0.8804347826086957,0.8695652173913043,0.8152173913043478,0.8260869565217391,0.8043478260869565,0.8260869565217391,0.782608695652174,0.6956521739130435],"Energy":{"Mean":-70.93043559603406,"Sigma":0.024568161139631672,"Taucorr":0.04748712861422192},"EnergyVariance":{"Mean":0.6430006960242526,"Sigma":0.03424514280859914,"Taucorr":-0.008554613975634952},"Iteration":315},
{"Acceptance":[0.3298913043478261,0.3733695652173913,0.3684782608695652,0.3907608695652174,0.3978260869565217,0.4385869565217391,0.4597826086956522,0.49130434782608695,0.4956521739130435,0.5016304347826087,0.5320652173913043,0.5260869565217391,0.9130434782608695,0.8913043478260869,0.8369565217391305,0.8260869565217391,0.8478260869565217,0.8695652173913043,0.8260869565217391,0.782608695652174,0.75,0.7391304347826086,0.8152173913043478,0.8478260869565217],"Energy":{"Mean":-70.9437690510759,"Sigma":0.021941068463364244,"Taucorr":-0.06161035069647664},"EnergyVariance":{"Mean":0.6595920887243946,"Sigma":0.04281847804550946,"Taucorr":0.02587276650257417},"Iteration":316},
{"Acceptance":[0.3391304347826087,0.34456521739130436,0.3717391304347826,0.39510869565217394,0.41032608695652173,0.4423913043478261,0.46793478260869564,0.4766304347826087,0.4940217391304348,0.49293478260869567,0.5195652173913043,0.4885869565217391,0.8695652173913043,0.9021739130434783,0.8804347826086957,0.8478260869565217,0.8478260869565217,0.9130434782608695,0.8913043478260869,0.7608695652173914,0.782608695652174,0.7608695652173914,0.5217391304347826,0.34782608695652173],"Energy":{"Mean":-70.95603953064217,"Sigma":0.023450878533920635,"Taucorr":-0.0015490927639385625},"EnergyVariance":{"Mean":0.630671037104292,"Sigma":0.03905689942137636,"Taucorr":0.012220705362103583},"Iteration":317},
{"Acceptance":[0.3201086956521739,0.35434782608695653,0.3565217391304348,0.3869565217391304,0.41358695652173916,0.4255434782608696,0.4543478260869565,0.4891304347826087,0.4951086956521739,0.5282608695652173,0.5429347826086957,0.5364130434782609,0.8913043478260869,0.8695652173913043,0.8695652173913043,0.9021739130434783,0.8695652173913043,0.8695652173913043,0.8478260869565217,0.8043478260869565,0.7282608695652174,0.6521739130434783,0.6413043478260869,0.6086956521739131],"Energy":{"Mean":-70.92079176622542,"Sigma":0.02333529307758836,"Taucorr":-0.021335534491205496},"EnergyVariance":{"Mean":0.6728452508528857,"Sigma":0.04150356364350392,"Taucorr":0.055365367480630846},"Iteration":318},
{"Acceptance":[0.31956521739130433,0.3472826086956522,0.38315217391304346,0.4048913043478261,0.40869565217391307,0.44782608695652176,0.45271739130434785,0.45543478260869563,0.46956521739130436,0.49782608695652175,0.49782608695652175,0.5347826086956522,0.8260869565217391,0.8152173913043478,0.8260869565217391,0.8586956521739131,0.8260869565217391,0.8369565217391305,0.8043478260869565,0.782608695652174,0.7391304347826086,0.6847826086956522,0.6956521739130435,0.6521739130434783],"Energy":{"Mean":-70.91374983235255,"Sigma":0.023245596354122947,"Taucorr":-0.016002444588745533},"EnergyVariance":{"Mean":0.6567739169131063,"Sigma":0.03978790887832159,"Taucorr":-0.01564058806529434},"Iteration":319},
{"Acceptance":[0.3135869565217391,0.328804347826087,0.37119565217391304,0.4092391304347826,0.4108695652173913,0.45815217391304347,0.46956521739130436,0.48043478260869565,0.5,0.4983695652173913,0.5467391304347826,0.5445652173913044,0.9130434782608695,0.9130434782608695,0.8369565217391305,0.8043478260869565,0.8260869565217391,0.8369565217391305,0.8369565217391305,0.8152173913043478,0.8043478260869565,0.717391304347826,0.6956521739130435,0.7391304347826086],"Energy":{"Mean":-70.94828590297625,"Sigma":0.024117385436448854,"Taucorr":0.020324946110281288},"EnergyVariance":{"Mean":0.6407846692491826,"Sigma":0.04120136484198538,"Taucorr":0.020722372258551336},"Iteration":320},
{"Acceptance":[0.3402173913043478,0.3527173913043478,0.3717391304347826,0.41358695652173916,0.4217391304347826,0.4331521739130435,0.4668478260869565,0.47391304347826085,0.4951086956521739,0.508695652173913,0.5217391304347826,0.55,0.9347826086956522,0.8695652173913043,0.8695652173913043,0.8586956521739131,0.782608695652174,0.8043478260869565,0.8369565217391305,0.8152173913043478,0.782608695652174,0.6847826086956522,0.5869565217391305,0.5869565217391305],"Energy":{"Mean":-70.89367798995006,"Sigma":0.023095924678280626,"Taucorr":-0.0038126243944149713},"EnergyVariance":{"Mean":0.6456440959870575,"Sigma":0.03857635577553597,"Taucorr":0.008585721221330828},"Iteration":321},
{"Acceptance":[0.3391304347826087,0.35543478260869565,0.3826086956521739,0.40597826086956523,0.4277173913043478,0.45543478260869563,0.4559782608695652,0.4891304347826087,0.49130434782608695,0.5016304347826087,0.5277173913043478,0.5206521739130435,0.8260869565217391,0.8695652173913043,0.9239130434782609,0.9347826086956522,0.8804347826086957,0.8260869565217391,0.8586956521739131,0.8043478260869565,0.7065217391304348,0.75,0.7282608695652174,0.6521739130434783],"Energy":{"Mean":-70.94060336499287,"Sigma":0.02430113093190293,"Taucorr":-0.013037140241612117},"EnergyVariance":{"Mean":0.7046602471658744,"Sigma":0.05198036294213939,"Taucorr":0.008217676079635092},"Iteration":322},
{"Acceptance":[0.33695652173913043,0.35380434782608694,0.37282608695652175,0.39456521739130435,0.4076086956521739,0.4255434782608696,0.42934782608695654,0.46358695652173915,0.4608695652173913,0.5168478260869566,0.5179347826086956,0.5380434782608695,0.8478260869565217,0.8586956521739131,0.8369565217391305,0.8260869565217391,0.8369565217391305,0.8260869565217391,0.8260869565217391,0.7391304347826086,0.7391304347826086,0.8043478260869565,0.7717391304347826,0.7608695652173914],"Energy":{"Mean":-70.8972386871307,"Sigma":0.024005604582062787,"Taucorr":-0.020803486429595945},"EnergyVariance":{"Mean":0.6992208344715202,"Sigma":0.039181013058593415,"Taucorr":-0.008030224029116654},"Iteration":323},
{"Acceptance":[0.3391304347826087,0.35706521739130437,0.36793478260869567,0.3983695652173913,0.43478260869565216,0.42880434782608695,0.45,0.4706521739130435,0.4923913043478261,0.4967391304347826,0.5043478260869565,0.5179347826086956,0.8478260869565217,0.8695652173913043,0.8586956521739131,0.8152173913043478,0.7934782608695652,0.7934782608695652,0.8260869565217391,0.7934782608695652,0.7934782608695652,0.782608695652174,0.6630434782608695,0.6086956521739131],"Energy":{"Mean":-70.94856140846112,"Sigma":0.02359324594990572,"Taucorr":-0.017377529609670067},"EnergyVariance":{"Mean":0.6700198643658385,"Sigma":0.048543448589313455,"Taucorr":0.0076351822552793965},"Iteration":324},
{"Acceptance":[0.32554347826086955,0.3418478260869565,0.38532608695652176,0.39293478260869563,0.4081521739130435,0.4097826086956522,0.4548913043478261,0.4934782608695652,0.5135869565217391,0.5032608695652174,0.5043478260869565,0.5331521739130435,0.8478260869565217,0.8586956521739131,0.9021739130434783,0.9021739130434783,0.8586956521739131,0.8586956521739131,0.8695652173913043,0.8804347826086957,0.8478260869565217,0.75,0.6521739130434783,0.6086956521739131],"Energy":{"Mean":-70.95971148712218,"Sigma":0.0249680846677245,"Taucorr":-0.007232858411930891},"EnergyVariance":{"Mean":0.7394098126598406,"Sigma":0.044429982571383676,"Taucorr":0.004488575488072191},"Iteration":325},
{"Acceptance":[0.3347826086956522,0.36684782608695654,0.3657608695652174,0.4027173913043478,0.4141304347826087,0.4320652173913043,0.47989130434782606,0.47934782608695653,0.4722826086956522,0.49184782608695654,0.525,0.5451086956521739,0.782608695652174,0.7934782608695652,0.7717391304347826,0.7717391304347826,0.8478260869565217,0.8369565217391305,0.782608695652174,0.8043478260869565,0.717391304347826,0.6521739130434783,0.7608695652173914,0.8260869565217391],"Energy":{"Mean":-70.91449863703697,"Sigma":0.02432108939383944,"Taucorr":0.017452835293184484},"EnergyVariance":{"Mean":0.6614715440922732,"Sigma":0.04330415598323051,"Taucorr":-0.033074109851462176},"Iteration":326},
{"Acceptance":[0.3402173913043478,0.3516304347826087,0.37282608695652175,0.3755434782608696,0.42228260869565215,0.44021739130434784,0.47391304347826085,0.48043478260869565,0.4701086956521739,0.48043478260869565,0.5244565217391305,0.48586956521739133,0.782608695652174,0.8260869565217391,0.8913043478260869,0.8478260869565217,0.782608695652174,0.8043478260869565,0.8260869565217391,0.782608695652174,0.6956521739130435,0.6413043478260869,0.6086956521739131,0.5869565217391305],"Energy":{"Mean":-70.95808046068423,"Sigma":0.02276564679332153,"Taucorr":0.022655269662512953},"EnergyVariance":{"Mean":0.5910343326376628,"Sigma":0.032368241924581424,"Taucorr":0.018602908250233346},"Iteration":327},
{"Acceptance":[0.3070652173913043,0.34293478260869564,0.3657608695652174,0.4081521739130435,0.40652173913043477,0.4342391304347826,0.44782608695652176,0.4815217391304348,0.5092391304347826,0.5217391304347826,0.5059782608695652,0.49619565217391304,0.9130434782608695,0.8369565217391305,0.8152173913043478,0.8260869565217391,0.7608695652173914,0.8043478260869565,0.8695652173913043,0.8478260869565217,0.7934782608695652,0.6521739130434783,0.4673913043478261,0.391304347826087],"Energy":{"Mean":-70.96275373755275,"Sigma":0.023437558137839726,"Taucorr":-0.005786638454352168},"EnergyVariance":{"Mean":0.654663051314961,"Sigma":0.041137077794139394,"Taucorr":0.003130416342598396},"Iteration":328},
{"Acceptance":[0.3233695652173913,0.35597826086956524,0.35108695652173916,0.3766304347826087,0.4146739130434783,0.46467391304347827,0.47119565217391307,0.4733695652173913,0.4907608695652174,0.5239130434782608,0.5380434782608695,0.5239130434782608,0.9347826086956522,0.8913043478260869,0.8804347826086957,0.8913043478260869,0.8695652173913043,0.8804347826086957,0.8152173913043478,0.7608695652173914,0.7717391304347826,0.782608695652174,0.7391304347826086,0.6739130434782609],"Energy":{"Mean":-70.93463912008939,"Sigma":0.023952730384644256,"Taucorr":0.023992368225930066},"EnergyVariance":{"Mean":0.6653573763652975,"Sigma":0.04616671468546172,"Taucorr":0.01791555278174202},"Iteration":329},
{"Acceptance":[0.3222826086956522,0.3233695652173913,0.3744565217391304,0.38369565217391305,0.42880434782608695,0.4331521739130435,0.46304347826086956,0.47608695652173916,0.5108695652173914,0.5092391304347826,0.5266304347826087,0.5429347826086957,0.8260869565217391,0.8478260869565217,0.8804347826086957,0.9021739130434783,0.8804347826086957,0.7717391304347826,0.7717391304347826,0.8260869565217391,0.7608695652173914,0.75,0.6956521739130435,0.6086956521739131],"Energy":{"Mean":-70.95261853208926,"Sigma":0.02301806902145903,"Taucorr":0.03831936536706481},"EnergyVariance":{"Mean":0.5998678626605469,"Sigma":0.041073721326043235,"Taucorr":0.00025615998295294706},"Iteration":330},
{"Acceptance":[0.30543478260869567,0.3532608695652174,0.38804347826086955,0.3967391304347826,0.41195652173913044,0.44565217391304346,0.46141304347826084,0.4782608695652174,0.5054347826086957,0.5195652173913043,0.5228260869565218,0.5592391304347826,0.8913043478260869,0.8586956521739131,0.7717391304347826,0.7934782608695652,0.8478260869565217,0.8152173913043478,0.8260869565217391,0.8804347826086957,0.8260869565217391,0.7717391304347826,0.7391304347826086,0.6739130434782609],"Energy":{"Mean":-70.8669638692365,"Sigma":0.025087817381218198,"Taucorr":0.014150371129109635},"EnergyVariance":{"Mean":0.7229060435895857,"Sigma":0.045672725476083094,"Taucorr":-0.0231493326410384},"Iteration":331},
{"Acceptance":[0.3081521739130435,0.33206521739130435,0.34456521739130436,0.3739130434782609,0.41956521739130437,0.4483695652173913,0.46141304347826084,0.4532608695652174,0.5021739130434782,0.5130434782608696,0.5168478260869566,0.5081521739130435,0.9130434782608695,0.8369565217391305,0.8369565217391305,0.8695652173913043,0.8369565217391305,0.8478260869565217,0.8043478260869565,0.7608695652173914,0.7717391304347826,0.75,0.5543478260869565,0.391304347826087],"Energy":{"Mean":-70.95216478345898,"Sigma":0.023347238516597948,"Taucorr":0.005954378611507054},"EnergyVariance":{"Mean":0.6280885180386938,"Sigma":0.04329494185164906,"Taucorr":-0.01794764114162348},"Iteration":332},
{"Acceptance":[0.33695652173913043,0.38315217391304346,0.3798913043478261,0.41630434782608694,0.41739130434782606,0.421195652173913,0.4722826086956522,0.4701086956521739,0.47989130434782606,0.5125,0.5135869565217391,0.5173913043478261,0.8695652173913043,0.8478260869565217,0.8152173913043478,0.8586956521739131,0.8804347826086957,0.8043478260869565,0.8478260869565217,0.8478260869565217,0.7608695652173914,0.7282608695652174,0.5652173913043478,0.43478260869565216],"Energy":{"Mean":-70.93350992895647,"Sigma":0.024584983487790243,"Taucorr":0.013900453523766261},"EnergyVariance":{"Mean":0.6768363051211367,"Sigma":0.04585847607332085,"Taucorr":-0.0020922633485954342},"Iteration":333},
{"Acceptance":[0.31467391304347825,0.34130434782608693,0.37119565217391304,0.3923913043478261,0.4217391304347826,0.4451086956521739,0.4657608695652174,0.4603260869565217,0.5021739130434782,0.5222826086956521,0.5380434782608695,0.5266304347826087,0.8043478260869565,0.8152173913043478,0.8478260869565217,0.8478260869565217,0.8152173913043478,0.8260869565217391,0.8043478260869565,0.75,0.7391304347826086,0.7282608695652174,0.6847826086956522,0.6521739130434783],"Energy":{"Mean":-70.92624822314333,"Sigma":0.024280817944984573,"Taucorr":-0.005648183714607476},"EnergyVariance":{"Mean":0.6750721116900723,"Sigma":0.04645012654964726,"Taucorr":-0.032579224314709894},"Iteration":334},
{"Acceptance":[0.3293478260869565,0.3391304347826087,0.38858695652173914,0.39891304347826084,0.40380434782608693,0.4559782608695652,0.4657608695652174,0.4641304347826087,0.4891304347826087,0.5146739130434783,0.5070652173913044,0.49130434782608695,0.8260869565217391,0.8369565217391305,0.8478260869565217,0.8586956521739131,0.8586956521739131,0.8804347826086957,0.8152173913043478,0.7608695652173914,0.7934782608695652,0.717391304347826,0.6304347826086957,0.6086956521739131],"Energy":{"Mean":-70.92185970854005,"Sigma":0.024218942763893775,"Taucorr":-0.03046818974830372},"EnergyVariance":{"Mean":0.7164528904550279,"Sigma":0.059889989894220556,"Taucorr":0.024516613732549795},"Iteration":335},
{"Acceptance":[0.33804347826086956,0.3701086956521739,0.3826086956521739,0.38369565217391305,0.4016304347826087,0.45,0.44565217391304346,0.48206521739130437,0.4907608695652174,0.5125,0.5478260869565217,0.508695652173913,0.8695652173913043,0.8804347826086957,0.8369565217391305,0.7608695652173914,0.8152173913043478,0.8586956521739131,0.7934782608695652,0.8152173913043478,0.7717391304347826,0.7282608695652174,0.75,0.717391304347826],"Energy":{"Mean":-70.93525247902112,"Sigma":0.02528660983135188,"Taucorr":0.00825741618711344},"EnergyVariance":{"Mean":0.71666239436348,"Sigma":0.056530821973896354,"Taucorr":-0.014425907246137014},"Iteration":336},
{"Acceptance":[0.33369565217391306,0.3766304347826087,0.3652173913043478,0.39293478260869563,0.39945652173913043,0.41739130434782606,0.4532608695652174,0.45054347826086955,0.4722826086956522,0.5092391304347826,0.5282608695652173,0.5222826086956521,0.8260869565217391,0.8586956521739131,0.8695652173913043,0.8478260869565217,0.8043478260869565,0.8152173913043478,0.8152173913043478,0.782608695652174,0.7934782608695652,0.75,0.6086956521739131,0.5],"Energy":{"Mean":-70.90136101379376,"Sigma":0.022505970080133723,"Taucorr":-0.04275035493059685},"EnergyVariance":{"Mean":0.6770066133362868,"Sigma":0.040339003640550035,"Taucorr":0.025496085954635404},"Iteration":337},
{"Acceptance":[0.33641304347826084,0.3592391304347826,0.38315217391304346,0.3842391304347826,0.42282608695652174,0.4315217391304348,0.45108695652173914,0.4782608695652174,0.5016304347826087,0.5081521739130435,0.5211956521739131,0.5195652173913043,0.8695652173913043,0.9021739130434783,0.9239130434782609,0.8913043478260869,0.8586956521739131,0.8586956521739131,0.8260869565217391,0.8152173913043478,0.8152173913043478,0.7065217391304348,0.5434782608695652,0.45652173913043476],"Energy":{"Mean":-70.95137611814204,"Sigma":0.023738389107113737,"Taucorr":-0.011665109056234956},"EnergyVariance":{"Mean":0.6661187574587895,"Sigma":0.04061348345836232,"Taucorr":0.007166933337830685},"Iteration":338},
{"Acceptance":[0.33858695652173915,0.35054347826086957,0.39402173913043476,0.3826086956521739,0.4331521739130435,0.41195652173913044,0.47445652173913044,0.48097826086956524,0.4880434782608696,0.5059782608695652,0.5353260869565217,0.5152173913043478,0.8913043478260869,0.8804347826086957,0.8478260869565217,0.8260869565217391,0.8043478260869565,0.8369565217391305,0.8804347826086957,0.8043478260869565,0.782608695652174,0.8043478260869565,0.717391304347826,0.6521739130434783],"Energy":{"Mean":-70.90803194328244,"Sigma":0.02323669692371269,"Taucorr":-0.013258030640757713},"EnergyVariance":{"Mean":0.6599719472521804,"Sigma":0.04455323603529099,"Taucorr":0.02408768671600486},"Iteration":339},
{"Acceptance":[0.33804347826086956,0.3630434782608696,0.39402173913043476,0.3798913043478261,0.44021739130434784,0.4429347826086957,0.4472826086956522,0.4701086956521739,0.4994565217391304,0.5081521739130435,0.5168478260869566,0.5451086956521739,0.7608695652173914,0.7934782608695652,0.8913043478260869,0.9130434782608695,0.8043478260869565,0.8043478260869565,0.782608695652174,0.75,0.7282608695652174,0.6521739130434783,0.6956521739130435,0.7391304347826086],"Energy":{"Mean":-70.94502738063228,"Sigma":0.02375607029137201,"Taucorr":-0.00571227839350158},"EnergyVariance":{"Mean":0.6527923653575961,"Sigma":0.03861648604535287,"Taucorr":0.023783993284636363},"Iteration":340},
{"Acceptance":[0.3135869565217391,0.3625,0.3576086956521739,0.3842391304347826,0.41195652173913044,0.4608695652173913,0.46847826086956523,0.4701086956521739,0.49619565217391304,0.5108695652173914,0.5380434782608695,0.5364130434782609,0.8913043478260869,0.9130434782608695,0.8913043478260869,0.8695652173913043,0.8260869565217391,0.8152173913043478,0.8260869565217391,0.8260869565217391,0.8152173913043478,0.75,0.7065217391304348,0.6739130434782609],"Energy":{"Mean":-70.92033671867414,"Sigma":0.02434416941738519,"Taucorr":0.010946044648474375},"EnergyVariance":{"Mean":0.6658871355459983,"Sigma":0.040732804146333935,"Taucorr":-0.009618061768167742},"Iteration":341},
{"Acceptance":[0.29130434782608694,0.3592391304347826,0.39891304347826084,0.4076086956521739,0.41793478260869565,0.4641304347826087,0.46956521739130436,0.4826086956521739,0.4826086956521739,0.5173913043478261,0.5201086956521739,0.5532608695652174,0.8478260869565217,0.8695652173913043,0.8913043478260869,0.8152173913043478,0.7608695652173914,0.7934782608695652,0.7608695652173914,0.7717391304347826,0.782608695652174,0.7717391304347826,0.7717391304347826,0.7391304347826086],"Energy":{"Mean":-70.95072361342439,"Sigma":0.023935120490026166,"Taucorr":0.0033894069968125654},"EnergyVariance":{"Mean":0.6645396474648914,"Sigma":0.03798913586485291,"Taucorr":0.002833915037588508},"Iteration":342},
{"Acceptance":[0.30869565217391304,0.3423913043478261,0.38369565217391305,0.3798913043478261,0.4201086956521739,0.44130434782608696,0.45543478260869563,0.4652173913043478,0.4875,0.5260869565217391,0.5,0.5277173913043478,0.8695652173913043,0.8804347826086957,0.9021739130434783,0.8913043478260869,0.8260869565217391,0.7608695652173914,0.7717391304347826,0.8369565217391305,0.8152173913043478,0.6413043478260869,0.5652173913043478,0.6086956521739131],"Energy":{"Mean":-70.9550596262418,"Sigma":0.022201458539268273,"Taucorr":-0.03637769536403009},"EnergyVariance":{"Mean":0.6242186844588681,"Sigma":0.059204970890128446,"Taucorr":-0.002540027500752759},"Iteration":343},
{"Acceptance":[0.33858695652173915,0.33315217391304347,0.3630434782608696,0.3869565217391304,0.42934782608695654,0.42717391304347824,0.4559782608695652,0.47989130434782606,0.4826086956521739,0.5184782608695652,0.4983695652173913,0.5380434782608695,0.8695652173913043,0.8804347826086957,0.8478260869565217,0.8152173913043478,0.8586956521739131,0.8695652173913043,0.8369565217391305,0.8043478260869565,0.7717391304347826,0.782608695652174,0.6413043478260869,0.4782608695652174],"Energy":{"Mean":-70.90022689704139,"Sigma":0.026374280259837832,"Taucorr":0.02090498522341272},"EnergyVariance":{"Mean":0.7873802529451974,"Sigma":0.057597757690746765,"Taucorr":-0.029545663659809807},"Iteration":344},
{"Acceptance":[0.32554347826086955,0.3483695652173913,0.36793478260869567,0.39945652173913043,0.4190217391304348,0.43967391304347825,0.45108695652173914,0.49184782608695654,0.47880434782608694,0.5005434782608695,0.5076086956521739,0.5179347826086956,0.9130434782608695,0.9021739130434783,0.9130434782608695,0.9021739130434783,0.8369565217391305,0.8152173913043478,0.8478260869565217,0.7717391304347826,0.6956521739130435,0.7391304347826086,0.7065217391304348,0.6521739130434783],"Energy":{"Mean":-70.94920859626332,"Sigma":0.02392377074182138,"Taucorr":-0.00917378366467625},"EnergyVariance":{"Mean":0.6798922950798483,"Sigma":0.061872696341041665,"Taucorr":0.023893454956213245},"Iteration":345},
{"Acceptance":[0.3114130434782609,0.3353260869565217,0.3804347826086957,0.3934782608695652,0.4125,0.4266304347826087,0.4407608695652174,0.47880434782608694,0.47445652173913044,0.4940217391304348,0.5233695652173913,0.5228260869565218,0.8478260869565217,0.8260869565217391,0.8152173913043478,0.8152173913043478,0.8478260869565217,0.8478260869565217,0.7717391304347826,0.7934782608695652,0.7934782608695652,0.6630434782608695,0.6413043478260869,0.6956521739130435],"Energy":{"Mean":-70.96808380601655,"Sigma":0.024820230222345557,"Taucorr":0.03350796262514282},"EnergyVariance":{"Mean":0.6828151704279654,"Sigma":0.04314336321098026,"Taucorr":-0.009385840006458762},"Iteration":346},
{"Acceptance":[0.3244565217391304,0.35597826086956524,0.39456521739130435,0.391304347826087,0.42934782608695654,0.4157608695652174,0.4418478260869565,0.4625,0.5021739130434782,0.4967391304347826,0.5211956521739131,0.5581521739130435,0.9565217391304348,0.8913043478260869,0.8586956521739131,0.8586956521739131,0.8260869565217391,0.8586956521739131,0.8804347826086957,0.8152173913043478,0.782608695652174,0.717391304347826,0.6956521739130435,0.7608695652173914],"Energy":{"Mean":-70.9160454180148,"Sigma":0.025428858665453427,"Taucorr":-0.032395960973618694},"EnergyVariance":{"Mean":0.7552266961933908,"Sigma":0.05379703102083314,"Taucorr":0.015779550665414123},"Iteration":347},
{"Acceptance":[0.3532608695652174,0.3451086956521739,0.38315217391304346,0.3983695652173913,0.42336956521739133,0.4375,0.45652173913043476,0.47391304347826085,0.4826086956521739,0.4956521739130435,0.5097826086956522,0.5375,0.9130434782608695,0.9130434782608695,0.8369565217391305,0.8369565217391305,0.8695652173913043,0.8152173913043478,0.7934782608695652,0.7391304347826086,0.717391304347826,0.7391304347826086,0.75,0.7608695652173914],"Energy":{"Mean":-70.92861452523404,"Sigma":0.021484594165718393,"Taucorr":-0.02636764093916551},"EnergyVariance":{"Mean":0.5915688723511329,"Sigma":0.03425095324991113,"Taucorr":-0.0009319219137396603},"Iteration":348},
{"Acceptance":[0.32065217391304346,0.3630434782608696,0.3804347826086957,0.39565217391304347,0.42228260869565215,0.4326086956521739,0.47989130434782606,0.46358695652173915,0.49619565217391304,0.5108695652173914,0.5277173913043478,0.4940217391304348,0.7608695652173914,0.8478260869565217,0.9456521739130435,0.8913043478260869,0.8369565217391305,0.8369565217391305,0.7608695652173914,0.782608695652174,0.8043478260869565,0.7282608695652174,0.6195652173913043,0.5217391304347826],"Energy":{"Mean":-70.92083079835244,"Sigma":0.02477632168780815,"Taucorr":0.021921581825725612},"EnergyVariance":{"Mean":0.6597990259399511,"Sigma":0.0437644506882544,"Taucorr":0.014320608501932819},"Iteration":349},
{"Acceptance":[0.32065217391304346,0.34130434782608693,0.36684782608695654,0.38804347826086955,0.42445652173913045,0.41956521739130437,0.45,0.47880434782608694,0.4902173913043478,0.5010869565217392,0.5048913043478261,0.5065217391304347,0.8478260869565217,0.8586956521739131,0.8478260869565217,0.8586956521739131,0.8695652173913043,0.8152173913043478,0.7934782608695652,0.8369565217391305,0.7282608695652174,0.6086956521739131,0.6086956521739131,0.5869565217391305],"Energy":{"Mean":-70.9506523903562,"Sigma":0.0238412032096222,"Taucorr":0.003354272250303073},"EnergyVariance":{"Mean":0.6590779878121485,"Sigma":0.047260363129368245,"Taucorr":-0.027641852884927934},"Iteration":350},
{"Acceptance":[0.325,0.3630434782608696,0.3809782608695652,0.3826086956521739,0.41684782608695653,0.4385869565217391,0.4440217391304348,0.4782608695652174,0.49130434782608695,0.5228260869565218,0.5179347826086956,0.5282608695652173,0.9130434782608695,0.9021739130434783,0.7934782608695652,0.7934782608695652,0.8804347826086957,0.8695652173913043,0.8695652173913043,0.8804347826086957,0.7934782608695652,0.7282608695652174,0.6847826086956522,0.6086956521739131],"Energy":{"Mean":-70.94635325903829,"Sigma":0.02231532622184194,"Taucorr":0.00473909944200013},"EnergyVariance":{"Mean":0.5855534766467968,"Sigma":0.03088386693625352,"Taucorr":0.043870929867133396},"Iteration":351},
{"Acceptance":[0.3125,0.32554347826086955,0.3842391304347826,0.4032608695652174,0.4429347826086957,0.4320652173913043,0.4483695652173913,0.4771739130434783,0.49184782608695654,0.5130434782608696,0.5244565217391305,0.5353260869565217,0.8260869565217391,0.8152173913043478,0.782608695652174,0.8260869565217391,0.8804347826086957,0.8804347826086957,0.8478260869565217,0.8369565217391305,0.8586956521739131,0.7717391304347826,0.6956521739130435,0.6956521739130435],"Energy":{"Mean":-70.88975267963302,"Sigma":0.024185566885447513,"Taucorr":0.031164608721254834},"EnergyVariance":{"Mean":0.6503549941909007,"Sigma":0.036042738164878345,"Taucorr":-0.01968988995959699},"Iteration":352},
{"Acceptance":[0.3244565217391304,0.3684782608695652,0.36467391304347824,0.39619565217391306,0.4043478260869565,0.4266304347826087,0.46304347826086956,0.4923913043478261,0.508695652173913,0.4956521739130435,0.5114130434782609,0.5244565217391305,0.782608695652174,0.8260869565217391,0.8260869565217391,0.8586956521739131,0.8804347826086957,0.8478260869565217,0.8804347826086957,0.8586956521739131,0.7717391304347826,0.6521739130434783,0.5434782608695652,0.5],"Energy":{"Mean":-70.91010838255558,"Sigma":0.024769488391328486,"Taucorr":0.017017531370334547},"EnergyVariance":{"Mean":0.6664693960914739,"Sigma":0.04142341432675872,"Taucorr":-0.0019822970740826554},"Iteration":353},
{"Acceptance":[0.3347826086956522,0.3516304347826087,0.36195652173913045,0.3690217391304348,0.40054347826086956,0.45271739130434785,0.45543478260869563,0.4717391304347826,0.4842391304347826,0.5184782608695652,0.5244565217391305,0.5125,0.8478260869565217,0.8695652173913043,0.8695652173913043,0.8478260869565217,0.8260869565217391,0.8260869565217391,0.7717391304347826,0.717391304347826,0.7391304347826086,0.7391304347826086,0.6521739130434783,0.5652173913043478],"Energy":{"Mean":-70.90744306399277,"Sigma":0.023689203154280056,"Taucorr":-0.029815248097346276},"EnergyVariance":{"Mean":0.7120850888065887,"Sigma":0.06939252099033198,"Taucorr":-0.004831047167835933},"Iteration":354},
{"Acceptance":[0.3358695652173913,0.3467391304347826,0.3815217391304348,0.38369565217391305,0.3918478260869565,0.44021739130434784,0.4608695652173913,0.49184782608695654,0.4902173913043478,0.5081521739130435,0.5472826086956522,0.5445652173913044,0.8478260869565217,0.8804347826086957,0.8913043478260869,0.8586956521739131,0.8478260869565217,0.8043478260869565,0.782608695652174,0.717391304347826,0.717391304347826,0.7391304347826086,0.7065217391304348,0.7391304347826086],"Energy":{"Mean":-70.92229864491854,"Sigma":0.02496202414797731,"Taucorr":-0.012423510685843837},"EnergyVariance":{"Mean":0.7142707768294493,"Sigma":0.11037134036680955,"Taucorr":0.016774583464186928},"Iteration":355},
{"Acceptance":[0.31032608695652175,0.3358695652173913,0.3690217391304348,0.39619565217391306,0.41956521739130437,0.43532608695652175,0.46630434782608693,0.48043478260869565,0.4733695652173913,0.5076086956521739,0.5277173913043478,0.5461956521739131,0.8043478260869565,0.8152173913043478,0.8043478260869565,0.8152173913043478,0.8695652173913043,0.8695652173913043,0.8478260869565217,0.8586956521739131,0.7934782608695652,0.7391304347826086,0.6630434782608695,0.5652173913043478],"Energy":{"Mean":-70.94660454962973,"Sigma":0.024402711446942716,"Taucorr":-0.0014597434806751474},"EnergyVariance":{"Mean":0.6778570423425112,"Sigma":0.04435548426497928,"Taucorr":-0.005220557412594809},"Iteration":356},
{"Acceptance":[0.3293478260869565,0.3630434782608696,0.3695652173913043,0.41141304347826085,0.42336956521739133,0.4331521739130435,0.45869565217391306,0.47391304347826085,0.47989130434782606,0.4945652173913043,0.5184782608695652,0.5402173913043479,0.9130434782608695,0.8804347826086957,0.8586956521739131,0.8586956521739131,0.8695652173913043,0.8478260869565217,0.6847826086956522,0.6956521739130435,0.7608695652173914,0.717391304347826,0.6739130434782609,0.6086956521739131],"Energy":{"Mean":-70.94102042505595,"Sigma":0.02454460552483392,"Taucorr":0.005097815343438376},"EnergyVariance":{"Mean":0.6903373653660824,"Sigma":0.047521139443257095,"Taucorr":0.012604032349531372},"Iteration":357},
{"Acceptance":[0.3402173913043478,0.35489130434782606,0.3657608695652174,0.39891304347826084,0.41032608695652173,0.4266304347826087,0.4608695652173913,0.4826086956521739,0.48695652173913045,0.4951086956521739,0.5423913043478261,0.5342391304347827,0.8695652173913043,0.8804347826086957,0.8369565217391305,0.8369565217391305,0.8913043478260869,0.8152173913043478,0.7934782608695652,0.8369565217391305,0.7934782608695652,0.7282608695652174,0.6956521739130435,0.6956521739130435],"Energy":{"Mean":-70.95287306661886,"Sigma":0.022407698911637797,"Taucorr":-0.03871796066647621},"EnergyVariance":{"Mean":0.6305158719928429,"Sigma":0.05251878680280913,"Taucorr":0.006660153240018121},"Iteration":358},
{"Acceptance":[0.3298913043478261,0.35543478260869565,0.3576086956521739,0.3793478260869565,0.4407608695652174,0.453804347826087,0.45271739130434785,0.47391304347826085,0.4923913043478261,0.5021739130434782,0.5108695652173914,0.5103260869565217,0.8260869565217391,0.8152173913043478,0.8260869565217391,0.782608695652174,0.7391304347826086,0.8260869565217391,0.9021739130434783,0.8695652173913043,0.7391304347826086,0.6195652173913043,0.5434782608695652,0.5],"Energy":{"Mean":-70.93147826444019,"Sigma":0.02416157520536641,"Taucorr":0.04970954209182086},"EnergyVariance":{"Mean":0.6246201183268885,"Sigma":0.039167875733202566,"Taucorr":0.02695790226752946},"Iteration":359},
{"Acceptance":[0.33369565217391306,0.35108695652173916,0.3755434782608696,0.3798913043478261,0.4152173913043478,0.4358695652173913,0.46630434782608693,0.4592391304347826,0.48586956521739133,0.5043478260869565,0.5043478260869565,0.5239130434782608,0.782608695652174,0.8260869565217391,0.8695652173913043,0.9021739130434783,0.8478260869565217,0.7934782608695652,0.8260869565217391,0.8369565217391305,0.7934782608695652,0.6847826086956522,0.6413043478260869,0.6521739130434783],"Energy":{"Mean":-70.9225234461727,"Sigma":0.023523705101333076,"Taucorr":-0.019326348856603438},"EnergyVariance":{"Mean":0.6972876963565698,"Sigma":0.054858310354399954,"Taucorr":-0.013345113379907937},"Iteration":360},
{"Acceptance":[0.3353260869565217,0.33858695652173915,0.36141304347826086,0.3918478260869565,0.41684782608695653,0.4385869565217391,0.46630434782608693,0.483695652173913,0.4842391304347826,0.4923913043478261,0.5163043478260869,0.5418478260869565,0.8478260869565217,0.8369565217391305,0.8586956521739131,0.9130434782608695,0.8804347826086957,0.8260869565217391,0.8369565217391305,0.7934782608695652,0.7934782608695652,0.7934782608695652,0.7065217391304348,0.6739130434782609],"Energy":{"Mean":-70.91017983654241,"Sigma":0.023834096965318546,"Taucorr":0.03691537213382166},"EnergyVariance":{"Mean":0.6414425623285649,"Sigma":0.03766233019346768,"Taucorr":0.04804918066651894},"Iteration":361},
{"Acceptance":[0.3358695652173913,0.35543478260869565,0.3641304347826087,0.37771739130434784,0.4201086956521739,0.43478260869565216,0.453804347826087,0.5,0.4907608695652174,0.49782608695652175,0.5114130434782609,0.5065217391304347,0.8260869565217391,0.8369565217391305,0.8478260869565217,0.8695652173913043,0.8695652173913043,0.8804347826086957,0.8804347826086957,0.782608695652174,0.7934782608695652,0.75,0.6086956521739131,0.5869565217391305],"Energy":{"Mean":-70.94974718326499,"Sigma":0.024543845587632118,"Taucorr":0.033631454050512065},"EnergyVariance":{"Mean":0.6536622172598512,"Sigma":0.04881782397902006,"Taucorr":0.03918636913308987},"Iteration":362},
{"Acceptance":[0.3010869565217391,0.37119565217391304,0.3576086956521739,0.37771739130434784,0.4206521739130435,0.4309782608695652,0.46195652173913043,0.4717391304347826,0.4994565217391304,0.5163043478260869,0.5059782608695652,0.5108695652173914,0.8478260869565217,0.8260869565217391,0.782608695652174,0.8260869565217391,0.8804347826086957,0.8369565217391305,0.782608695652174,0.7717391304347826,0.7608695652173914,0.7282608695652174,0.7717391304347826,0.8260869565217391],"Energy":{"Mean":-70.94349174942602,"Sigma":0.023935596773328415,"Taucorr":0.008504277237383688},"EnergyVariance":{"Mean":0.668038262150542,"Sigma":0.04500619377388144,"Taucorr":-0.02839815914056411},"Iteration":363},
{"Acceptance":[0.31467391304347825,0.3581521739130435,0.39402173913043476,0.3972826086956522,0.4048913043478261,0.4451086956521739,0.47391304347826085,0.48097826086956524,0.48478260869565215,0.5130434782608696,0.5342391304347827,0.5206521739130435,0.8260869565217391,0.8369565217391305,0.8804347826086957,0.8804347826086957,0.8260869565217391,0.8043478260869565,0.782608695652174,0.75,0.7608695652173914,0.717391304347826,0.5434782608695652,0.43478260869565216],"Energy":{"Mean":-70.94621935038758,"Sigma":0.02177220683339996,"Taucorr":-0.005872466422231122},"EnergyVariance":{"Mean":0.5602849982597544,"Sigma":0.03429005120950037,"Taucorr":0.014639760850644763},"Iteration":364},
{"Acceptance":[0.33152173913043476,0.33260869565217394,0.3907608695652174,0.40108695652173915,0.425,0.42391304347826086,0.45652173913043476,0.4891304347826087,0.48206521739130437,0.46195652173913043,0.5244565217391305,0.5211956521739131,0.8478260869565217,0.8695652173913043,0.8695652173913043,0.8260869565217391,0.7717391304347826,0.7391304347826086,0.7608695652173914,0.75,0.717391304347826,0.7391304347826086,0.6521739130434783,0.5434782608695652],"Energy":{"Mean":-70.89085330569968,"Sigma":0.022321235980475845,"Taucorr":0.014302379708335892},"EnergyVariance":{"Mean":0.5857403376843763,"Sigma":0.03271477810020853,"Taucorr":0.0013111665568252457},"Iteration":365},
{"Acceptance":[0.3179347826086957,0.34347826086956523,0.3923913043478261,0.38967391304347826,0.4255434782608696,0.42934782608695654,0.4543478260869565,0.4956521739130435,0.4923913043478261,0.48586956521739133,0.5190217391304348,0.5608695652173913,0.8695652173913043,0.8260869565217391,0.8260869565217391,0.8913043478260869,0.8043478260869565,0.7608695652173914,0.7934782608695652,0.75,0.7065217391304348,0.6739130434782609,0.7282608695652174,0.782608695652174],"Energy":{"Mean":-70.90148034956833,"Sigma":0.023007132934420162,"Taucorr":0.007809199709903615},"EnergyVariance":{"Mean":0.6237449093387936,"Sigma":0.033152054297944725,"Taucorr":-0.0063828243856472984},"Iteration":366},
{"Acceptance":[0.32282608695652176,0.3695652173913043,0.3875,0.4032608695652174,0.4157608695652174,0.4331521739130435,0.4385869565217391,0.4706521739130435,0.48586956521739133,0.5092391304347826,0.5043478260869565,0.525,0.7608695652173914,0.8260869565217391,0.8913043478260869,0.8369565217391305,0.8586956521739131,0.8369565217391305,0.8152173913043478,0.8152173913043478,0.7608695652173914,0.75,0.6739130434782609,0.6304347826086957],"Energy":{"Mean":-70.91556723646177,"Sigma":0.02334683064046116,"Taucorr":-0.01875304449977288},"EnergyVariance":{"Mean":0.6611694270256182,"Sigma":0.05023924677761122,"Taucorr":0.016024296390482858},"Iteration":367},
{"Acceptance":[0.32717391304347826,0.35706521739130437,0.3641304347826087,0.4043478260869565,0.40543478260869564,0.43967391304347825,0.4489130434782609,0.483695652173913,0.47934782608695653,0.4951086956521739,0.5168478260869566,0.5331521739130435,0.8043478260869565,0.7934782608695652,0.8043478260869565,0.8369565217391305,0.8369565217391305,0.8043478260869565,0.7608695652173914,0.7608695652173914,0.782608695652174,0.8369565217391305,0.7717391304347826,0.6521739130434783],"Energy":{"Mean":-70.95987181655956,"Sigma":0.022512637937554276,"Taucorr":0.02552957860449569},"EnergyVariance":{"Mean":0.5668555261863704,"Sigma":0.03379307492487049,"Taucorr":-0.0061097405104798995},"Iteration":368},
{"Acceptance":[0.3358695652173913,0.36793478260869567,0.3673913043478261,0.4027173913043478,0.41195652173913044,0.44782608695652176,0.4326086956521739,0.46141304347826084,0.5027173913043478,0.5108695652173914,0.5119565217391304,0.47445652173913044,0.8478260869565217,0.8695652173913043,0.8804347826086957,0.8804347826086957,0.8478260869565217,0.8043478260869565,0.8043478260869565,0.8043478260869565,0.7608695652173914,0.7282608695652174,0.5652173913043478,0.391304347826087],"Energy":{"Mean":-70.89408657258254,"Sigma":0.022969093725021286,"Taucorr":-0.023737118577779256},"EnergyVariance":{"Mean":0.6473312913324625,"Sigma":0.04772576708750382,"Taucorr":0.009680915853234988},"Iteration":369},
{"Acceptance":[0.3217391304347826,0.3483695652173913,0.38532608695652176,0.3673913043478261,0.3918478260869565,0.4309782608695652,0.45217391304347826,0.47554347826086957,0.5163043478260869,0.5070652173913044,0.5114130434782609,0.5331521739130435,0.9347826086956522,0.8260869565217391,0.8260869565217391,0.8913043478260869,0.782608695652174,0.7934782608695652,0.75,0.7065217391304348,0.8152173913043478,0.75,0.6847826086956522,0.717391304347826],"Energy":{"Mean":-70.96573418991979,"Sigma":0.024552294036365937,"Taucorr":0.04574231582073419},"EnergyVariance":{"Mean":0.6453804402798875,"Sigma":0.04543555113591568,"Taucorr":-0.0017315400281908793},"Iteration":370},
{"Acceptance":[0.3114130434782609,0.32608695652173914,0.3739130434782609,0.3869565217391304,0.42880434782608695,0.4418478260869565,0.4559782608695652,0.4934782608695652,0.5097826086956522,0.5016304347826087,0.5108695652173914,0.5114130434782609,0.8478260869565217,0.8913043478260869,0.8478260869565217,0.8043478260869565,0.8478260869565217,0.8478260869565217,0.782608695652174,0.782608695652174,0.8369565217391305,0.7717391304347826,0.6195652173913043,0.5217391304347826],"Energy":{"Mean":-70.93465693275144,"Sigma":0.022914329159331892,"Taucorr":0.01745881579603722},"EnergyVariance":{"Mean":0.594208239584289,"Sigma":0.03971097889593343,"Taucorr":0.013702362595341818},"Iteration":371},
{"Acceptance":[0.3179347826086957,0.3402173913043478,0.3532608695652174,0.40706521739130436,0.42391304347826086,0.44130434782608696,0.45652173913043476,0.4603260869565217,0.4880434782608696,0.5032608695652174,0.5266304347826087,0.5527173913043478,0.8913043478260869,0.8586956521739131,0.8586956521739131,0.8913043478260869,0.8478260869565217,0.8369565217391305,0.8043478260869565,0.717391304347826,0.717391304347826,0.7391304347826086,0.7391304347826086,0.7391304347826086],"Energy":{"Mean":-70.94089225739138,"Sigma":0.024613021071810386,"Taucorr":-0.009860829159398858},"EnergyVariance":{"Mean":0.6874065642587596,"Sigma":0.05236699297200755,"Taucorr":0.02719925799323313},"Iteration":372},
{"Acceptance":[0.3402173913043478,0.34130434782608693,0.3576086956521739,0.38206521739130433,0.4206521739130435,0.4467391304347826,0.45815217391304347,0.48097826086956524,0.4831521739130435,0.5043478260869565,0.5527173913043478,0.4940217391304348,0.9130434782608695,0.8913043478260869,0.8369565217391305,0.8260869565217391,0.8043478260869565,0.7934782608695652,0.8152173913043478,0.7608695652173914,0.7391304347826086,0.7608695652173914,0.6195652173913043,0.4782608695652174],"Energy":{"Mean":-70.88405035691261,"Sigma":0.022337665761916623,"Taucorr":-0.008270031110058812},"EnergyVariance":{"Mean":0.5977138460406733,"Sigma":0.032267901627861216,"Taucorr":-0.007929989370028758},"Iteration":373},
{"Acceptance":[0.33260869565217394,0.35,0.3635869565217391,0.39293478260869563,0.4125,0.4331521739130435,0.45217391304347826,0.45271739130434785,0.5114130434782609,0.5081521739130435,0.5358695652173913,0.5125,0.8695652173913043,0.8260869565217391,0.8260869565217391,0.8478260869565217,0.8152173913043478,0.7717391304347826,0.7717391304347826,0.8043478260869565,0.8043478260869565,0.75,0.6847826086956522,0.6739130434782609],"Energy":{"Mean":-70.91766075650465,"Sigma":0.02307087491212551,"Taucorr":0.02304497516468056},"EnergyVariance":{"Mean":0.5920275584894134,"Sigma":0.03302027975250141,"Taucorr":0.002273337331733532},"Iteration":374},
{"Acceptance":[0.30434782608695654,0.35706521739130437,0.38206521739130433,0.3918478260869565,0.4092391304347826,0.4440217391304348,0.46902173913043477,0.4625,0.4891304347826087,0.5293478260869565,0.5391304347826087,0.5260869565217391,0.8043478260869565,0.8369565217391305,0.8478260869565217,0.8043478260869565,0.8152173913043478,0.8695652173913043,0.8695652173913043,0.8260869565217391,0.8152173913043478,0.8152173913043478,0.5652173913043478,0.32608695652173914],"Energy":{"Mean":-70.89571418104667,"Sigma":0.023534568087633653,"Taucorr":0.011688667208555936},"EnergyVariance":{"Mean":0.6065733583976477,"Sigma":0.039152942078725446,"Taucorr":0.02369916916313401},"Iteration":375},
{"Acceptance":[0.34456521739130436,0.3418478260869565,0.37717391304347825,0.3983695652173913,0.40706521739130436,0.4641304347826087,0.4782608695652174,0.46847826086956523,0.47445652173913044,0.5092391304347826,0.5222826086956521,0.5456521739130434,0.9565217391304348,0.9130434782608695,0.8043478260869565,0.7717391304347826,0.8152173913043478,0.8152173913043478,0.7717391304347826,0.7608695652173914,0.75,0.75,0.7934782608695652,0.8043478260869565],"Energy":{"Mean":-70.89980812759899,"Sigma":0.024299944435651425,"Taucorr":0.022517254969963235},"EnergyVariance":{"Mean":0.6368899798186812,"Sigma":0.05012422673429163,"Taucorr":0.07386676248241596},"Iteration":376},
{"Acceptance":[0.34619565217391307,0.34945652173913044,0.3782608695652174,0.39891304347826084,0.39619565217391306,0.4391304347826087,0.4385869565217391,0.4722826086956522,0.4994565217391304,0.48206521739130437,0.5413043478260869,0.5467391304347826,0.8478260869565217,0.8478260869565217,0.8695652173913043,0.8586956521739131,0.8478260869565217,0.8586956521739131,0.8913043478260869,0.8369565217391305,0.6847826086956522,0.717391304347826,0.75,0.6956521739130435],"Energy":{"Mean":-70.90100887442631,"Sigma":0.023653220022413022,"Taucorr":-0.03457586791407342},"EnergyVariance":{"Mean":0.6739510877643108,"Sigma":0.04273254136386429,"Taucorr":0.026884479182484402},"Iteration":377},
{"Acceptance":[0.3358695652173913,0.33967391304347827,0.3690217391304348,0.39945652173913043,0.4146739130434783,0.4407608695652174,0.4668478260869565,0.46304347826086956,0.49619565217391304,0.5,0.5,0.525,0.9347826086956522,0.9239130434782609,0.8695652173913043,0.8478260869565217,0.8478260869565217,0.8695652173913043,0.8152173913043478,0.75,0.782608695652174,0.7065217391304348,0.6521739130434783,0.6739130434782609],"Energy":{"Mean":-70.9403091851456,"Sigma":0.026193357225695116,"Taucorr":0.027940825737084257},"EnergyVariance":{"Mean":0.744598766154509,"Sigma":0.04876755045458905,"Taucorr":-3.7177085878322322e-06},"Iteration":378},
{"Acceptance":[0.3119565217391304,0.36032608695652174,0.3793478260869565,0.40217391304347827,0.3967391304347826,0.4282608695652174,0.45652173913043476,0.47391304347826085,0.4885869565217391,0.5190217391304348,0.5391304347826087,0.5353260869565217,0.8695652173913043,0.8478260869565217,0.8043478260869565,0.7934782608695652,0.8152173913043478,0.7934782608695652,0.8152173913043478,0.8369565217391305,0.7934782608695652,0.7282608695652174,0.5978260869565217,0.5217391304347826],"Energy":{"Mean":-70.94408751927764,"Sigma":0.02408014217731634,"Taucorr":-0.010665742657420733},"EnergyVariance":{"Mean":0.6833746642499617,"Sigma":0.044424099100887154,"Taucorr":-0.014582914783826442},"Iteration":379},
{"Acceptance":[0.33804347826086956,0.33804347826086956,0.39021739130434785,0.42228260869565215,0.4201086956521739,0.4358695652173913,0.4608695652173913,0.475,0.4989130434782609,0.5402173913043479,0.5244565217391305,0.5315217391304348,0.9130434782608695,0.8586956521739131,0.8478260869565217,0.8804347826086957,0.8478260869565217,0.8478260869565217,0.8260869565217391,0.8478260869565217,0.8586956521739131,0.717391304347826,0.6521739130434783,0.6739130434782609],"Energy":{"Mean":-70.88109191758532,"Sigma":0.022668171444877486,"Taucorr":-0.01082388831614813},"EnergyVariance":{"Mean":0.6092736181635289,"Sigma":0.03949127946329324,"Taucorr":-0.0032589242133352326},"Iteration":380},
{"Acceptance":[0.3402173913043478,0.33695652173913043,0.3652173913043478,0.3869565217391304,0.40706521739130436,0.4342391304347826,0.4559782608695652,0.48043478260869565,0.4994565217391304,0.4940217391304348,0.5184782608695652,0.5201086956521739,0.8478260869565217,0.8586956521739131,0.8804347826086957,0.9130434782608695,0.8152173913043478,0.7934782608695652,0.8804347826086957,0.8043478260869565,0.717391304347826,0.6847826086956522,0.5760869565217391,0.4782608695652174],"Energy":{"Mean":-70.9400720540458,"Sigma":0.02281547154859904,"Taucorr":0.005612903872490624},"EnergyVariance":{"Mean":0.607193940489597,"Sigma":0.03499231186827596,"Taucorr":-0.014461027808934135},"Iteration":381},
{"Acceptance":[0.3217391304347826,0.3347826086956522,0.3657608695652174,0.41793478260869565,0.40652173913043477,0.44619565217391305,0.4483695652173913,0.47282608695652173,0.5043478260869565,0.4967391304347826,0.5081521739130435,0.4923913043478261,1.0,0.8913043478260869,0.7934782608695652,0.8043478260869565,0.8152173913043478,0.7608695652173914,0.6739130434782609,0.75,0.8369565217391305,0.782608695652174,0.6304347826086957,0.5217391304347826],"Energy":{"Mean":-70.99425537228502,"Sigma":0.02501006950296455,"Taucorr":-0.0024948716984431554},"EnergyVariance":{"Mean":0.7109752077983346,"Sigma":0.09432736406638718,"Taucorr":-0.005397528568235062},"Iteration":382},
{"Acceptance":[0.35489130434782606,0.3418478260869565,0.36195652173913045,0.38315217391304346,0.4190217391304348,0.4369565217391304,0.46467391304347827,0.47119565217391307,0.5010869565217392,0.5152173913043478,0.5195652173913043,0.5331521739130435,0.8478260869565217,0.8369565217391305,0.8804347826086957,0.8478260869565217,0.8152173913043478,0.8804347826086957,0.8369565217391305,0.6956521739130435,0.6739130434782609,0.8043478260869565,0.7391304347826086,0.6086956521739131],"Energy":{"Mean":-70.8713352741018,"Sigma":0.023179567380856667,"Taucorr":-0.006787271857513923},"EnergyVariance":{"Mean":0.6252610477806284,"Sigma":0.03607793393528579,"Taucorr":0.012028371028902099},"Iteration":383},
{"Acceptance":[0.3353260869565217,0.33695652173913043,0.3815217391304348,0.41032608695652173,0.4266304347826087,0.46358695652173915,0.45271739130434785,0.4641304347826087,0.4967391304347826,0.47880434782608694,0.5358695652173913,0.5054347826086957,0.8913043478260869,0.8478260869565217,0.8260869565217391,0.8369565217391305,0.8478260869565217,0.8695652173913043,0.8152173913043478,0.7608695652173914,0.7282608695652174,0.717391304347826,0.5760869565217391,0.41304347826086957],"Energy":{"Mean":-70.94421449685052,"Sigma":0.025757309214627506,"Taucorr":0.020601332394935137},"EnergyVariance":{"Mean":0.7017159876854047,"Sigma":0.043842141847179085,"Taucorr":-0.011173113060288823},"Iteration":384},
{"Acceptance":[0.34945652173913044,0.3527173913043478,0.3673913043478261,0.4146739130434783,0.41793478260869565,0.42336956521739133,0.45652173913043476,0.47554347826086957,0.5016304347826087,0.5,0.5070652173913044,0.4956521739130435,0.9130434782608695,0.9021739130434783,0.8478260869565217,0.8478260869565217,0.8586956521739131,0.8369565217391305,0.8260869565217391,0.8043478260869565,0.8152173913043478,0.75,0.5108695652173914,0.34782608695652173],"Energy":{"Mean":-70.90675764685422,"Sigma":0.02465614674077433,"Taucorr":0.025184859927333453},"EnergyVariance":{"Mean":0.6508512551973084,"Sigma":0.041450912959747545,"Taucorr":0.010171721210278213},"Iteration":385},
{"Acceptance":[0.3375,0.3418478260869565,0.36467391304347824,0.3907608695652174,0.40054347826086956,0.4380434782608696,0.4543478260869565,0.45760869565217394,0.49619565217391304,0.5152173913043478,0.5130434782608696,0.5239130434782608,0.8913043478260869,0.8804347826086957,0.8478260869565217,0.8586956521739131,0.8369565217391305,0.7608695652173914,0.7282608695652174,0.7934782608695652,0.8043478260869565,0.7065217391304348,0.6304347826086957,0.5869565217391305],"Energy":{"Mean":-70.93075038454877,"Sigma":0.02430668120346875,"Taucorr":0.014612109068282246},"EnergyVariance":{"Mean":0.6615427315471939,"Sigma":0.04553900123932659,"Taucorr":0.030885057776085512},"Iteration":386},
{"Acceptance":[0.3407608695652174,0.35489130434782606,0.3635869565217391,0.391304347826087,0.4,0.4429347826086957,0.4440217391304348,0.46847826086956523,0.49130434782608695,0.5032608695652174,0.5228260869565218,0.5423913043478261,0.9782608695652174,0.8913043478260869,0.8152173913043478,0.8260869565217391,0.8695652173913043,0.8913043478260869,0.8369565217391305,0.7717391304347826,0.7282608695652174,0.717391304347826,0.7608695652173914,0.8043478260869565],"Energy":{"Mean":-70.9142789571366,"Sigma":0.024193999183370844,"Taucorr":0.03348160737261587},"EnergyVariance":{"Mean":0.6562732696331612,"Sigma":0.03876281887189326,"Taucorr":0.02581801702813834},"Iteration":387},
{"Acceptance":[0.30380434782608695,0.3342391304347826,0.3527173913043478,0.3972826086956522,0.41739130434782606,0.42228260869565215,0.44130434782608696,0.4989130434782609,0.475,0.49782608695652175,0.5222826086956521,0.5168478260869566,0.8695652173913043,0.8586956521739131,0.8043478260869565,0.782608695652174,0.8478260869565217,0.8804347826086957,0.782608695652174,0.717391304347826,0.75,0.75,0.6630434782608695,0.5869565217391305],"Energy":{"Mean":-70.93907753650944,"Sigma":0.022129550934726804,"Taucorr":-0.015750075327347752},"EnergyVariance":{"Mean":0.5974833282640402,"Sigma":0.037663847261928514,"Taucorr":0.014502080103654261},"Iteration":388},
{"Acceptance":[0.35434782608695653,0.3532608695652174,0.3793478260869565,0.36086956521739133,0.40652173913043477,0.4407608695652174,0.43967391304347825,0.46467391304347827,0.49184782608695654,0.48043478260869565,0.5271739130434783,0.5304347826086957,0.9347826086956522,0.9021739130434783,0.8804347826086957,0.9239130434782609,0.8695652173913043,0.8260869565217391,0.8913043478260869,0.8369565217391305,0.7282608695652174,0.7282608695652174,0.6847826086956522,0.6086956521739131],"Energy":{"Mean":-70.91960591953031,"Sigma":0.023643325401449065,"Taucorr":0.028427292663397663},"EnergyVariance":{"Mean":0.6291969583763012,"Sigma":0.03365579224918545,"Taucorr":0.03319890345074498},"Iteration":389},
{"Acceptance":[0.31467391304347825,0.34402173913043477,0.3652173913043478,0.40543478260869564,0.4206521739130435,0.4217391304347826,0.45163043478260867,0.4543478260869565,0.46630434782608693,0.5163043478260869,0.5429347826086957,0.5434782608695652,0.8260869565217391,0.8043478260869565,0.7608695652173914,0.7717391304347826,0.782608695652174,0.782608695652174,0.8260869565217391,0.782608695652174,0.7717391304347826,0.7717391304347826,0.7065217391304348,0.6956521739130435],"Energy":{"Mean":-70.92019524624747,"Sigma":0.02249517810621128,"Taucorr":-0.007671174740859929},"EnergyVariance":{"Mean":0.5916476591652295,"Sigma":0.03231027196888436,"Taucorr":-0.00870067976873065},"Iteration":390},
{"Acceptance":[0.32663043478260867,0.3717391304347826,0.3755434782608696,0.38315217391304346,0.42282608695652174,0.4429347826086957,0.4472826086956522,0.46956521739130436,0.4815217391304348,0.5184782608695652,0.5211956521739131,0.5342391304347827,0.9130434782608695,0.8586956521739131,0.7608695652173914,0.7934782608695652,0.8152173913043478,0.7934782608695652,0.7934782608695652,0.7934782608695652,0.8369565217391305,0.7934782608695652,0.5652173913043478,0.391304347826087],"Energy":{"Mean":-70.96042379379267,"Sigma":0.024496046359475294,"Taucorr":0.04960156506351417},"EnergyVariance":{"Mean":0.6406963331830586,"Sigma":0.036034580971342996,"Taucorr":-0.025103928420483302},"Iteration":391},
{"Acceptance":[0.33641304347826084,0.3423913043478261,0.34891304347826085,0.41032608695652173,0.4125,0.43532608695652175,0.42282608695652174,0.4831521739130435,0.5092391304347826,0.5081521739130435,0.5570652173913043,0.5054347826086957,0.8913043478260869,0.8369565217391305,0.8369565217391305,0.8586956521739131,0.8478260869565217,0.8913043478260869,0.9021739130434783,0.8369565217391305,0.75,0.7608695652173914,0.6739130434782609,0.5434782608695652],"Energy":{"Mean":-70.94738652476785,"Sigma":0.02706207040691347,"Taucorr":0.013128085804619901},"EnergyVariance":{"Mean":0.8076075646972427,"Sigma":0.10794817757299484,"Taucorr":0.010237528224926086},"Iteration":392},
{"Acceptance":[0.3423913043478261,0.3581521739130435,0.3918478260869565,0.3869565217391304,0.41304347826086957,0.4217391304347826,0.4652173913043478,0.47880434782608694,0.5222826086956521,0.5070652173913044,0.5163043478260869,0.5483695652173913,0.9347826086956522,0.9021739130434783,0.8695652173913043,0.8478260869565217,0.8913043478260869,0.9021739130434783,0.8804347826086957,0.8695652173913043,0.7717391304347826,0.6956521739130435,0.6847826086956522,0.6956521739130435],"Energy":{"Mean":-70.96518365678925,"Sigma":0.023682257676157063,"Taucorr":0.028762462228632935},"EnergyVariance":{"Mean":0.616741740589842,"Sigma":0.03822774549749027,"Taucorr":0.005859537000421848},"Iteration":393},
{"Acceptance":[0.33315217391304347,0.35,0.37119565217391304,0.38913043478260867,0.4097826086956522,0.4342391304347826,0.4831521739130435,0.4706521739130435,0.47880434782608694,0.5228260869565218,0.5201086956521739,0.5375,0.8043478260869565,0.8152173913043478,0.8695652173913043,0.7934782608695652,0.717391304347826,0.75,0.75,0.7391304347826086,0.75,0.7065217391304348,0.6739130434782609,0.717391304347826],"Energy":{"Mean":-70.91413396537527,"Sigma":0.025082014195829797,"Taucorr":-0.029172019850449604},"EnergyVariance":{"Mean":0.750892026844148,"Sigma":0.059076179552343684,"Taucorr":-0.02091921572075954},"Iteration":394},
{"Acceptance":[0.33369565217391306,0.3625,0.3978260869565217,0.3907608695652174,0.421195652173913,0.4429347826086957,0.46847826086956523,0.48478260869565215,0.5135869565217391,0.5135869565217391,0.5380434782608695,0.5168478260869566,0.8695652173913043,0.8913043478260869,0.8695652173913043,0.8260869565217391,0.8913043478260869,0.8913043478260869,0.7608695652173914,0.75,0.7717391304347826,0.7065217391304348,0.6630434782608695,0.6521739130434783],"Energy":{"Mean":-70.92985400128079,"Sigma":0.02517086217955909,"Taucorr":0.0045101832996734285},"EnergyVariance":{"Mean":0.7168936065310588,"Sigma":0.04358611927737436,"Taucorr":-0.01711479669146815},"Iteration":395},
{"Acceptance":[0.3293478260869565,0.32663043478260867,0.37228260869565216,0.4027173913043478,0.4282608695652174,0.4320652173913043,0.4423913043478261,0.4717391304347826,0.5048913043478261,0.5070652173913044,0.5179347826086956,0.528804347826087,0.8043478260869565,0.8260869565217391,0.8260869565217391,0.8260869565217391,0.8369565217391305,0.8043478260869565,0.8152173913043478,0.8043478260869565,0.7282608695652174,0.6521739130434783,0.6847826086956522,0.7608695652173914],"Energy":{"Mean":-70.92854748561102,"Sigma":0.023253810904576153,"Taucorr":0.020341357431704434},"EnergyVariance":{"Mean":0.5976448993751151,"Sigma":0.03276369336847527,"Taucorr":-0.005635314647511623},"Iteration":396},
{"Acceptance":[0.3467391304347826,0.34347826086956523,0.3565217391304348,0.3972826086956522,0.40543478260869564,0.43478260869565216,0.4489130434782609,0.46358695652173915,0.5027173913043478,0.5021739130434782,0.5233695652173913,0.5402173913043479,0.8695652173913043,0.8804347826086957,0.9130434782608695,0.9239130434782609,0.8586956521739131,0.8478260869565217,0.8695652173913043,0.7934782608695652,0.7065217391304348,0.7282608695652174,0.6956521739130435,0.6086956521739131],"Energy":{"Mean":-70.92366765947001,"Sigma":0.025925997374577497,"Taucorr":0.0007342668659819848},"EnergyVariance":{"Mean":0.7501702460937477,"Sigma":0.05812126991149854,"Taucorr":0.00749076814095781},"Iteration":397},
{"Acceptance":[0.3407608695652174,0.3592391304347826,0.3739130434782609,0.40706521739130436,0.44021739130434784,0.41358695652173916,0.45706521739130435,0.475,0.4940217391304348,0.528804347826087,0.5097826086956522,0.4967391304347826,0.8478260869565217,0.8695652173913043,0.8695652173913043,0.8586956521739131,0.8369565217391305,0.7934782608695652,0.8043478260869565,0.782608695652174,0.782608695652174,0.7282608695652174,0.5760869565217391,0.5217391304347826],"Energy":{"Mean":-70.9374881073872,"Sigma":0.023552561394255277,"Taucorr":0.0027777897581527816},"EnergyVariance":{"Mean":0.64262345370464,"Sigma":0.036877702352295795,"Taucorr":0.017678407106294137},"Iteration":398},
{"Acceptance":[0.3048913043478261,0.33315217391304347,0.3755434782608696,0.40108695652173915,0.41358695652173916,0.44021739130434784,0.45271739130434785,0.47119565217391307,0.503804347826087,0.49782608695652175,0.5331521739130435,0.5206521739130435,0.717391304347826,0.782608695652174,0.8369565217391305,0.8369565217391305,0.8478260869565217,0.782608695652174,0.8043478260869565,0.8478260869565217,0.7717391304347826,0.782608695652174,0.7282608695652174,0.6304347826086957],"Energy":{"Mean":-70.96306443193909,"Sigma":0.024737990408931997,"Taucorr":-0.00042505474011120953},"EnergyVariance":{"Mean":0.6982710560316523,"Sigma":0.05189093529742683,"Taucorr":0.021750719786836476},"Iteration":399},
{"Acceptance":[0.3353260869565217,0.34782608695652173,0.3798913043478261,0.3858695652173913,0.42336956521739133,0.4418478260869565,0.44619565217391305,0.4815217391304348,0.5010869565217392,0.5163043478260869,0.5043478260869565,0.48967391304347824,0.8478260869565217,0.8152173913043478,0.8369565217391305,0.8804347826086957,0.8260869565217391,0.8478260869565217,0.8586956521739131,0.7608695652173914,0.7282608695652174,0.6956521739130435,0.5978260869565217,0.5434782608695652],"Energy":{"Mean":-70.9327304218735,"Sigma":0.022409525163638918,"Taucorr":-0.036907923180627626},"EnergyVariance":{"Mean":0.627077335998896,"Sigma":0.040310456276504696,"Taucorr":0.013405556183518083},"Iteration":400},
{"Acceptance":[0.35434782608695653,0.3592391304347826,0.3706521739130435,0.39565217391304347,0.4152173913043478,0.43532608695652175,0.47391304347826085,0.46793478260869564,0.4923913043478261,0.49782608695652175,0.4722826086956522,0.5211956521739131,0.8260869565217391,0.8152173913043478,0.8369565217391305,0.8695652173913043,0.8804347826086957,0.8152173913043478,0.8043478260869565,0.8260869565217391,0.75,0.6956521739130435,0.7065217391304348,0.7391304347826086],"Energy":{"Mean":-70.9036399167235,"Sigma":0.024198873989248245,"Taucorr":-0.020097424813957186},"EnergyVariance":{"Mean":0.6975265986718052,"Sigma":0.047870622226883625,"Taucorr":0.04906750944464696},"Iteration":401},
{"Acceptance":[0.3157608695652174,0.35978260869565215,0.35434782608695653,0.4043478260869565,0.42282608695652174,0.42282608695652174,0.45652173913043476,0.46847826086956523,0.4907608695652174,0.5081521739130435,0.5108695652173914,0.5304347826086957,0.9347826086956522,0.9347826086956522,0.8695652173913043,0.8152173913043478,0.7282608695652174,0.7391304347826086,0.8260869565217391,0.782608695652174,0.7391304347826086,0.7391304347826086,0.717391304347826,0.6739130434782609],"Energy":{"Mean":-70.9250645325374,"Sigma":0.022971396345862306,"Taucorr":-0.008815628347562878},"EnergyVariance":{"Mean":0.6198493577718316,"Sigma":0.036727582186536246,"Taucorr":-0.008015186592911954},"Iteration":402},
{"Acceptance":[0.3521739130434783,0.3565217391304348,0.3869565217391304,0.40380434782608693,0.4217391304347826,0.4494565217391304,0.45760869565217394,0.4701086956521739,0.503804347826087,0.49293478260869567,0.5239130434782608,0.5309782608695652,0.8478260869565217,0.8152173913043478,0.8478260869565217,0.9021739130434783,0.8152173913043478,0.7717391304347826,0.8043478260869565,0.75,0.7065217391304348,0.7065217391304348,0.7065217391304348,0.717391304347826],"Energy":{"Mean":-70.91174570892966,"Sigma":0.02341056176166163,"Taucorr":0.03169423249736935},"EnergyVariance":{"Mean":0.5848939994225789,"Sigma":0.04451129644002277,"Taucorr":0.016933160203001577},"Iteration":403},
{"Acceptance":[0.3309782608695652,0.358695652173913,0.3576086956521739,0.39565217391304347,0.4298913043478261,0.41956521739130437,0.45108695652173914,0.5,0.5016304347826087,0.4989130434782609,0.5304347826086957,0.525,0.9130434782608695,0.8804347826086957,0.8260869565217391,0.8260869565217391,0.8804347826086957,0.8369565217391305,0.75,0.782608695652174,0.782608695652174,0.7282608695652174,0.7717391304347826,0.8260869565217391],"Energy":{"Mean":-70.93134993450225,"Sigma":0.024025455517111324,"Taucorr":0.0295698045811746},"EnergyVariance":{"Mean":0.6237934882675965,"Sigma":0.0483289786654719,"Taucorr":0.043729305214244424},"Iteration":404},
{"Acceptance":[0.3358695652173913,0.36032608695652174,0.36793478260869567,0.39619565217391306,0.42336956521739133,0.4315217391304348,0.4429347826086957,0.4782608695652174,0.49293478260869567,0.49728260869565216,0.5532608695652174,0.5266304347826087,0.8260869565217391,0.8478260869565217,0.8152173913043478,0.8043478260869565,0.8695652173913043,0.8695652173913043,0.782608695652174,0.75,0.782608695652174,0.7934782608695652,0.7065217391304348,0.6086956521739131],"Energy":{"Mean":-70.96436006995114,"Sigma":0.024115633350292376,"Taucorr":0.007095267518535124},"EnergyVariance":{"Mean":0.6894341478947705,"Sigma":0.04559831236726359,"Taucorr":0.009923779923599128},"Iteration":405},
{"Acceptance":[0.30380434782608695,0.3391304347826087,0.3516304347826087,0.38913043478260867,0.4260869565217391,0.44619565217391305,0.45271739130434785,0.46956521739130436,0.4831521739130435,0.49782608695652175,0.49293478260869567,0.5309782608695652,0.8913043478260869,0.8695652173913043,0.8369565217391305,0.8260869565217391,0.8043478260869565,0.8152173913043478,0.8043478260869565,0.7282608695652174,0.6956521739130435,0.6521739130434783,0.6304347826086957,0.6521739130434783],"Energy":{"Mean":-70.95051888892421,"Sigma":0.024016207705975498,"Taucorr":0.025074469983929926},"EnergyVariance":{"Mean":0.6516366791028504,"Sigma":0.053802690667981413,"Taucorr":0.029732543116939122},"Iteration":406},
{"Acceptance":[0.32771739130434785,0.3190217391304348,0.39021739130434785,0.39021739130434785,0.4217391304347826,0.4326086956521739,0.45652173913043476,0.48586956521739133,0.48586956521739133,0.5081521739130435,0.525,0.533695652173913,0.8043478260869565,0.8586956521739131,0.8586956521739131,0.8586956521739131,0.8804347826086957,0.7608695652173914,0.7065217391304348,0.7717391304347826,0.7717391304347826,0.782608695652174,0.7608695652173914,0.6956521739130435],"Energy":{"Mean":-70.93124999653254,"Sigma":0.026172389193807866,"Taucorr":0.026836521959981614},"EnergyVariance":{"Mean":0.7227728708370765,"Sigma":0.07024892598392708,"Taucorr":0.03193880615719626},"Iteration":407},
{"Acceptance":[0.3173913043478261,0.3706521739130435,0.3521739130434783,0.3842391304347826,0.4141304347826087,0.4494565217391304,0.4652173913043478,0.47445652173913044,0.5152173913043478,0.508695652173913,0.529891304347826,0.5016304347826087,0.8043478260869565,0.8586956521739131,0.8586956521739131,0.7934782608695652,0.782608695652174,0.8369565217391305,0.8369565217391305,0.8152173913043478,0.8152173913043478,0.75,0.5652173913043478,0.41304347826086957],"Energy":{"Mean":-70.93320025010873,"Sigma":0.021276038018539247,"Taucorr":-0.006974962119310558},"EnergyVariance":{"Mean":0.5479209523657951,"Sigma":0.032554029793752486,"Taucorr":0.010647763800683885},"Iteration":408},
{"Acceptance":[0.31467391304347825,0.35543478260869565,0.391304347826087,0.4146739130434783,0.42228260869565215,0.4429347826086957,0.45271739130434785,0.4733695652173913,0.49184782608695654,0.5065217391304347,0.5342391304347827,0.5141304347826087,0.9130434782608695,0.8369565217391305,0.7934782608695652,0.8586956521739131,0.8369565217391305,0.8043478260869565,0.8152173913043478,0.8152173913043478,0.8260869565217391,0.7717391304347826,0.6956521739130435,0.6739130434782609],"Energy":{"Mean":-70.94538701502076,"Sigma":0.023702218049241264,"Taucorr":0.00921986537186216},"EnergyVariance":{"Mean":0.6624885695164598,"Sigma":0.04268548136039132,"Taucorr":0.0018515520101740947},"Iteration":409},
{"Acceptance":[0.3375,0.3298913043478261,0.38532608695652176,0.37717391304347825,0.41956521739130437,0.4217391304347826,0.4657608695652174,0.4902173913043478,0.4652173913043478,0.5130434782608696,0.5152173913043478,0.5184782608695652,0.9130434782608695,0.8913043478260869,0.8369565217391305,0.8478260869565217,0.8043478260869565,0.8043478260869565,0.8043478260869565,0.7391304347826086,0.7934782608695652,0.8043478260869565,0.782608695652174,0.782608695652174],"Energy":{"Mean":-70.91876410633773,"Sigma":0.02388472426401762,"Taucorr":0.018680650917878933},"EnergyVariance":{"Mean":0.6305819285135016,"Sigma":0.03663517079151964,"Taucorr":0.004318658518395475},"Iteration":410},
{"Acceptance":[0.35054347826086957,0.35543478260869565,0.39402173913043476,0.41032608695652173,0.41304347826086957,0.44565217391304346,0.4673913043478261,0.4885869565217391,0.5119565217391304,0.48478260869565215,0.5010869565217392,0.5320652173913043,0.9130434782608695,0.8586956521739131,0.8586956521739131,0.8804347826086957,0.8478260869565217,0.8152173913043478,0.8586956521739131,0.8369565217391305,0.7282608695652174,0.7391304347826086,0.75,0.7391304347826086],"Energy":{"Mean":-70.89140658952081,"Sigma":0.025634046591979823,"Taucorr":-0.004958310520010324},"EnergyVariance":{"Mean":0.741269487139761,"Sigma":0.051442617775037815,"Taucorr":0.005290111848151796},"Iteration":411},
{"Acceptance":[0.3168478260869565,0.3581521739130435,0.38804347826086955,0.3864130434782609,0.3923913043478261,0.4331521739130435,0.4543478260869565,0.4842391304347826,0.5125,0.5184782608695652,0.5125,0.5217391304347826,0.8478260869565217,0.8695652173913043,0.9130434782608695,0.8586956521739131,0.7934782608695652,0.8586956521739131,0.8260869565217391,0.7717391304347826,0.8478260869565217,0.8478260869565217,0.7391304347826086,0.6739130434782609],"Energy":{"Mean":-70.9668179103889,"Sigma":0.02365541279074113,"Taucorr":-0.014383103085275595},"EnergyVariance":{"Mean":0.6413794419376527,"Sigma":0.04189898978488823,"Taucorr":0.003060224215208858},"Iteration":412},
{"Acceptance":[0.33369565217391306,0.35,0.3641304347826087,0.3858695652173913,0.41739130434782606,0.4451086956521739,0.46630434782608693,0.4907608695652174,0.48097826086956524,0.48641304347826086,0.5081521739130435,0.5456521739130434,0.9347826086956522,0.9021739130434783,0.8369565217391305,0.8260869565217391,0.8586956521739131,0.8152173913043478,0.7717391304347826,0.7717391304347826,0.782608695652174,0.7282608695652174,0.6956521739130435,0.7391304347826086],"Energy":{"Mean":-70.92270355571323,"Sigma":0.021282442390366696,"Taucorr":-0.045256876198309016},"EnergyVariance":{"Mean":0.5759702708085461,"Sigma":0.03554370756922653,"Taucorr":-0.010841422753355624},"Iteration":413},
{"Acceptance":[0.33043478260869563,0.3630434782608696,0.39021739130434785,0.40217391304347827,0.42282608695652174,0.42228260869565215,0.45869565217391306,0.4673913043478261,0.4940217391304348,0.5005434782608695,0.5260869565217391,0.5119565217391304,0.8260869565217391,0.8695652173913043,0.9021739130434783,0.8695652173913043,0.8260869565217391,0.7934782608695652,0.8152173913043478,0.8152173913043478,0.75,0.6847826086956522,0.5543478260869565,0.45652173913043476],"Energy":{"Mean":-70.93119672136471,"Sigma":0.024904355704057912,"Taucorr":-0.0063365686058698524},"EnergyVariance":{"Mean":0.6806968659258835,"Sigma":0.057820108111760075,"Taucorr":-0.019927514359310023},"Iteration":414},
{"Acceptance":[0.31956521739130433,0.34619565217391307,0.38532608695652176,0.39021739130434785,0.41847826086956524,0.4298913043478261,0.4532608695652174,0.4543478260869565,0.5043478260869565,0.5048913043478261,0.5260869565217391,0.5054347826086957,0.7608695652173914,0.8369565217391305,0.9021739130434783,0.8260869565217391,0.7934782608695652,0.7608695652173914,0.7717391304347826,0.8152173913043478,0.7717391304347826,0.6847826086956522,0.5108695652173914,0.41304347826086957],"Energy":{"Mean":-70.91823615839161,"Sigma":0.022690901725016838,"Taucorr":-0.020080849102055345},"EnergyVariance":{"Mean":0.617703552262226,"Sigma":0.04319924882402598,"Taucorr":0.04174752913250077},"Iteration":415},
{"Acceptance":[0.31467391304347825,0.33369565217391306,0.34619565217391307,0.42445652173913045,0.39891304347826084,0.41739130434782606,0.45869565217391306,0.48695652173913045,0.5043478260869565,0.4994565217391304,0.5195652173913043,0.5108695652173914,0.8913043478260869,0.8913043478260869,0.8478260869565217,0.7934782608695652,0.8369565217391305,0.8478260869565217,0.8369565217391305,0.782608695652174,0.717391304347826,0.6956521739130435,0.5543478260869565,0.45652173913043476],"Energy":{"Mean":-70.91280920224138,"Sigma":0.026114118556482893,"Taucorr":0.06833567531280375},"EnergyVariance":{"Mean":0.6818467173212376,"Sigma":0.045933695054835154,"Taucorr":0.02198268991316137},"Iteration":416},
{"Acceptance":[0.32282608695652176,0.36032608695652174,0.3739130434782609,0.375,0.42717391304347824,0.45217391304347826,0.4543478260869565,0.4717391304347826,0.5048913043478261,0.5059782608695652,0.5494565217391304,0.5603260869565218,0.782608695652174,0.8695652173913043,0.9239130434782609,0.8804347826086957,0.8369565217391305,0.8260869565217391,0.8369565217391305,0.8152173913043478,0.8043478260869565,0.7717391304347826,0.7717391304347826,0.8043478260869565],"Energy":{"Mean":-70.92338620356475,"Sigma":0.024430894604559508,"Taucorr":0.012998925413290946},"EnergyVariance":{"Mean":0.6544152540611837,"Sigma":0.04649160124006688,"Taucorr":0.0057293228693190935},"Iteration":417},
{"Acceptance":[0.3391304347826087,0.36684782608695654,0.37119565217391304,0.3858695652173913,0.41630434782608694,0.4260869565217391,0.45815217391304347,0.4543478260869565,0.4885869565217391,0.5043478260869565,0.5581521739130435,0.5429347826086957,0.9130434782608695,0.8478260869565217,0.75,0.7717391304347826,0.7934782608695652,0.75,0.8152173913043478,0.8586956521739131,0.7934782608695652,0.7608695652173914,0.7065217391304348,0.6521739130434783],"Energy":{"Mean":-70.93654081193915,"Sigma":0.023734350630777196,"Taucorr":-0.0045434695554126036},"EnergyVariance":{"Mean":0.6648306077402456,"Sigma":0.05373730710712244,"Taucorr":0.031655083380466596},"Iteration":418},
{"Acceptance":[0.3,0.3375,0.37282608695652175,0.4141304347826087,0.41032608695652173,0.45,0.4722826086956522,0.4668478260869565,0.4902173913043478,0.5048913043478261,0.5331521739130435,0.5228260869565218,0.8478260869565217,0.8369565217391305,0.8478260869565217,0.8695652173913043,0.8260869565217391,0.8369565217391305,0.8478260869565217,0.7934782608695652,0.8260869565217391,0.7934782608695652,0.6413043478260869,0.5652173913043478],"Energy":{"Mean":-70.88598513109027,"Sigma":0.022971881979004048,"Taucorr":-0.03801953099183024},"EnergyVariance":{"Mean":0.6423077304568313,"Sigma":0.04612065918072882,"Taucorr":-0.01692292377597548},"Iteration":419},
{"Acceptance":[0.3190217391304348,0.34891304347826085,0.3934782608695652,0.4081521739130435,0.41956521739130437,0.4320652173913043,0.45271739130434785,0.483695652173913,0.4722826086956522,0.5114130434782609,0.5103260869565217,0.5342391304347827,0.8478260869565217,0.8478260869565217,0.8586956521739131,0.8804347826086957,0.8478260869565217,0.782608695652174,0.782608695652174,0.7608695652173914,0.7608695652173914,0.7282608695652174,0.6521739130434783,0.6521739130434783],"Energy":{"Mean":-70.92682461602192,"Sigma":0.023891918296912982,"Taucorr":0.04969663587440207},"EnergyVariance":{"Mean":0.6071256189754616,"Sigma":0.03966165441193786,"Taucorr":-0.017824700212118443},"Iteration":420},
{"Acceptance":[0.33152173913043476,0.3565217391304348,0.3804347826086957,0.41358695652173916,0.41304347826086957,0.4489130434782609,0.4489130434782609,0.4543478260869565,0.48967391304347824,0.5054347826086957,0.5070652173913044,0.5081521739130435,0.8043478260869565,0.8478260869565217,0.8913043478260869,0.8913043478260869,0.8804347826086957,0.8043478260869565,0.7934782608695652,0.8260869565217391,0.7608695652173914,0.6847826086956522,0.5869565217391305,0.5217391304347826],"Energy":{"Mean":-70.95506747666069,"Sigma":0.02243867164559173,"Taucorr":-0.004942578704324842},"EnergyVariance":{"Mean":0.5955261743726,"Sigma":0.03780660996268683,"Taucorr":-0.0016490131133106295},"Iteration":421},
{"Acceptance":[0.3217391304347826,0.38967391304347826,0.35108695652173916,0.40380434782608693,0.4,0.4326086956521739,0.47554347826086957,0.4608695652173913,0.49782608695652175,0.4994565217391304,0.5163043478260869,0.5206521739130435,0.8913043478260869,0.9130434782608695,0.8804347826086957,0.8152173913043478,0.8478260869565217,0.8804347826086957,0.8152173913043478,0.7608695652173914,0.782608695652174,0.8043478260869565,0.6086956521739131,0.41304347826086957],"Energy":{"Mean":-70.84242008521595,"Sigma":0.023044179756016223,"Taucorr":-0.009739393432120639},"EnergyVariance":{"Mean":0.628468916111565,"Sigma":0.033046949499781854,"Taucorr":-0.033444735702016205},"Iteration":422},
{"Acceptance":[0.33967391304347827,0.3184782608695652,0.3739130434782609,0.3858695652173913,0.41195652173913044,0.4369565217391304,0.4625,0.4592391304347826,0.5081521739130435,0.4891304347826087,0.5315217391304348,0.5597826086956522,0.8478260869565217,0.8804347826086957,0.8913043478260869,0.8260869565217391,0.8478260869565217,0.9130434782608695,0.8260869565217391,0.7934782608695652,0.8369565217391305,0.8369565217391305,0.782608695652174,0.717391304347826],"Energy":{"Mean":-70.91685041704714,"Sigma":0.023433382500314542,"Taucorr":-0.004461003239484569},"EnergyVariance":{"Mean":0.644507214095511,"Sigma":0.07417513874086236,"Taucorr":0.014805337701141301},"Iteration":423},
{"Acceptance":[0.3130434782608696,0.3483695652173913,0.3472826086956522,0.40380434782608693,0.40652173913043477,0.4342391304347826,0.4418478260869565,0.4722826086956522,0.49293478260869567,0.5168478260869566,0.5141304347826087,0.5211956521739131,0.8478260869565217,0.8913043478260869,0.8586956521739131,0.8152173913043478,0.8043478260869565,0.7717391304347826,0.7717391304347826,0.7717391304347826,0.7934782608695652,0.7391304347826086,0.6847826086956522,0.6956521739130435],"Energy":{"Mean":-70.9690572679832,"Sigma":0.023079223735144015,"Taucorr":-0.03533945043933757},"EnergyVariance":{"Mean":0.6468473860608345,"Sigma":0.038330642930802794,"Taucorr":0.03422192435940969},"Iteration":424},
{"Acceptance":[0.32771739130434785,0.33695652173913043,0.3923913043478261,0.391304347826087,0.41141304347826085,0.4429347826086957,0.46902173913043477,0.46847826086956523,0.5076086956521739,0.4940217391304348,0.5331521739130435,0.5195652173913043,0.8913043478260869,0.9130434782608695,0.8913043478260869,0.8369565217391305,0.7934782608695652,0.75,0.7717391304347826,0.8586956521739131,0.8152173913043478,0.6847826086956522,0.5,0.34782608695652173],"Energy":{"Mean":-70.92780701066023,"Sigma":0.025390616346292322,"Taucorr":0.011437359677374017},"EnergyVariance":{"Mean":0.7331873888886743,"Sigma":0.0781547093383596,"Taucorr":0.03319359118547389},"Iteration":425},
{"Acceptance":[0.3467391304347826,0.358695652173913,0.36630434782608695,0.3858695652173913,0.39619565217391306,0.44565217391304346,0.4467391304347826,0.48967391304347824,0.5054347826086957,0.4994565217391304,0.5510869565217391,0.5369565217391304,0.8043478260869565,0.8260869565217391,0.8586956521739131,0.8804347826086957,0.8478260869565217,0.8586956521739131,0.8369565217391305,0.7391304347826086,0.7608695652173914,0.7934782608695652,0.717391304347826,0.6521739130434783],"Energy":{"Mean":-70.98671127851912,"Sigma":0.023950770753639997,"Taucorr":0.021933973235502936},"EnergyVariance":{"Mean":0.6211691728671952,"Sigma":0.04637628641904723,"Taucorr":0.02318607346298275},"Iteration":426},
{"Acceptance":[0.3233695652173913,0.3717391304347826,0.35108695652173916,0.4092391304347826,0.40706521739130436,0.4440217391304348,0.45054347826086955,0.4842391304347826,0.49728260869565216,0.47119565217391307,0.5027173913043478,0.5114130434782609,0.8478260869565217,0.8586956521739131,0.8369565217391305,0.8478260869565217,0.8260869565217391,0.8043478260869565,0.8478260869565217,0.8043478260869565,0.7608695652173914,0.7282608695652174,0.6739130434782609,0.6521739130434783],"Energy":{"Mean":-70.9613281882423,"Sigma":0.023819785349574175,"Taucorr":0.03162622367258087},"EnergyVariance":{"Mean":0.6137324106562309,"Sigma":0.040406649387216546,"Taucorr":0.0003108790543344328},"Iteration":427},
{"Acceptance":[0.32663043478260867,0.34619565217391307,0.37282608695652175,0.40217391304347827,0.41684782608695653,0.4434782608695652,0.4472826086956522,0.48097826086956524,0.46956521739130436,0.4945652173913043,0.5043478260869565,0.5451086956521739,0.7391304347826086,0.782608695652174,0.8695652173913043,0.9347826086956522,0.8913043478260869,0.8369565217391305,0.8804347826086957,0.8804347826086957,0.8043478260869565,0.7065217391304348,0.717391304347826,0.782608695652174],"Energy":{"Mean":-70.92866167573472,"Sigma":0.02068113245275709,"Taucorr":-0.03925757620299308},"EnergyVariance":{"Mean":0.5324386754153015,"Sigma":0.03999834283920035,"Taucorr":0.0012751557860639316},"Iteration":428},
{"Acceptance":[0.3347826086956522,0.33804347826086956,0.3592391304347826,0.3657608695652174,0.41141304347826085,0.4391304347826087,0.46793478260869564,0.47445652173913044,0.4967391304347826,0.4934782608695652,0.5119565217391304,0.5364130434782609,0.7391304347826086,0.8043478260869565,0.8586956521739131,0.8260869565217391,0.8043478260869565,0.8369565217391305,0.8152173913043478,0.8043478260869565,0.7608695652173914,0.7391304347826086,0.7934782608695652,0.782608695652174],"Energy":{"Mean":-70.95162828669771,"Sigma":0.02312265029797983,"Taucorr":-0.04189370951935959},"EnergyVariance":{"Mean":0.6605079435445953,"Sigma":0.04387146450066781,"Taucorr":-0.020047127922360512},"Iteration":429},
{"Acceptance":[0.34293478260869564,0.3695652173913043,0.3657608695652174,0.3625,0.41195652173913044,0.4429347826086957,0.44565217391304346,0.48206521739130437,0.47934782608695653,0.5027173913043478,0.508695652173913,0.5413043478260869,0.8260869565217391,0.8369565217391305,0.8478260869565217,0.782608695652174,0.7934782608695652,0.8478260869565217,0.7934782608695652,0.8043478260869565,0.8043478260869565,0.717391304347826,0.75,0.8260869565217391],"Energy":{"Mean":-70.96031897028335,"Sigma":0.022257536080598325,"Taucorr":-0.01871957356344206},"EnergyVariance":{"Mean":0.5996905058246186,"Sigma":0.042095828644310974,"Taucorr":0.03857785613320078},"Iteration":430},
{"Acceptance":[0.33152173913043476,0.34402173913043477,0.37119565217391304,0.4081521739130435,0.4255434782608696,0.44130434782608696,0.4885869565217391,0.4771739130434783,0.4777173913043478,0.5163043478260869,0.5353260869565217,0.5407608695652174,0.9130434782608695,0.8804347826086957,0.8152173913043478,0.8152173913043478,0.8260869565217391,0.8152173913043478,0.7934782608695652,0.7934782608695652,0.8152173913043478,0.75,0.6630434782608695,0.6304347826086957],"Energy":{"Mean":-70.94336293772841,"Sigma":0.0249695767245915,"Taucorr":0.0377679678329168},"EnergyVariance":{"Mean":0.6684622352550097,"Sigma":0.05006938618039983,"Taucorr":0.0471293031219683},"Iteration":431},
{"Acceptance":[0.34782608695652173,0.3581521739130435,0.3733695652173913,0.40217391304347827,0.42391304347826086,0.45869565217391306,0.46358695652173915,0.47880434782608694,0.5070652173913044,0.5097826086956522,0.5168478260869566,0.5255434782608696,0.8260869565217391,0.8369565217391305,0.8043478260869565,0.782608695652174,0.8152173913043478,0.8369565217391305,0.8913043478260869,0.8369565217391305,0.7608695652173914,0.7282608695652174,0.75,0.8260869565217391],"Energy":{"Mean":-70.9626535961119,"Sigma":0.02412263034768843,"Taucorr":0.007816721567037456},"EnergyVariance":{"Mean":0.6657797577109276,"Sigma":0.04358908259371074,"Taucorr":0.01890774167013424},"Iteration":432},
{"Acceptance":[0.32717391304347826,0.35108695652173916,0.3641304347826087,0.4,0.40217391304347827,0.4201086956521739,0.4532608695652174,0.483695652173913,0.5103260869565217,0.5206521739130435,0.4994565217391304,0.5603260869565218,0.8695652173913043,0.8369565217391305,0.7934782608695652,0.8260869565217391,0.8804347826086957,0.8586956521739131,0.7934782608695652,0.8152173913043478,0.8478260869565217,0.7391304347826086,0.717391304347826,0.782608695652174],"Energy":{"Mean":-70.89760104309525,"Sigma":0.02289033035797271,"Taucorr":-0.012698208639396595},"EnergyVariance":{"Mean":0.6374756058424874,"Sigma":0.038780155468432644,"Taucorr":0.010025040684759422},"Iteration":433},
{"Acceptance":[0.3309782608695652,0.35380434782608694,0.36141304347826086,0.38532608695652176,0.4260869565217391,0.43532608695652175,0.44021739130434784,0.48097826086956524,0.4956521739130435,0.4815217391304348,0.503804347826087,0.5021739130434782,0.8260869565217391,0.8478260869565217,0.8369565217391305,0.7934782608695652,0.8260869565217391,0.8260869565217391,0.7717391304347826,0.75,0.7717391304347826,0.7391304347826086,0.6847826086956522,0.6956521739130435],"Energy":{"Mean":-70.92534481077654,"Sigma":0.02469449616044721,"Taucorr":0.04778129672339199},"EnergyVariance":{"Mean":0.6367891470908579,"Sigma":0.04778910402973713,"Taucorr":0.01722643321774622},"Iteration":434},
{"Acceptance":[0.3407608695652174,0.33315217391304347,0.3701086956521739,0.3701086956521739,0.41358695652173916,0.4206521739130435,0.4766304347826087,0.46195652173913043,0.47554347826086957,0.49728260869565216,0.5076086956521739,0.5358695652173913,0.8260869565217391,0.8152173913043478,0.8260869565217391,0.8152173913043478,0.7934782608695652,0.8478260869565217,0.8369565217391305,0.7934782608695652,0.7717391304347826,0.717391304347826,0.6956521739130435,0.6956521739130435],"Energy":{"Mean":-70.94048467859582,"Sigma":0.02279252893791155,"Taucorr":0.003277379217484907},"EnergyVariance":{"Mean":0.6097433826735118,"Sigma":0.03914668838269283,"Taucorr":-0.0008755706368158469},"Iteration":435},
{"Acceptance":[0.32554347826086955,0.358695652173913,0.36141304347826086,0.4157608695652174,0.41739130434782606,0.4277173913043478,0.4532608695652174,0.4706521739130435,0.48695652173913045,0.5005434782608695,0.5054347826086957,0.5054347826086957,0.8913043478260869,0.9021739130434783,0.8695652173913043,0.8369565217391305,0.8586956521739131,0.8695652173913043,0.8260869565217391,0.75,0.717391304347826,0.6956521739130435,0.5434782608695652,0.41304347826086957],"Energy":{"Mean":-70.94148426472002,"Sigma":0.024264583107163198,"Taucorr":-0.01221355651339681},"EnergyVariance":{"Mean":0.6775431151815247,"Sigma":0.05075619036805501,"Taucorr":0.011621014415675588},"Iteration":436},
{"Acceptance":[0.33369565217391306,0.36195652173913045,0.3972826086956522,0.40380434782608693,0.4255434782608696,0.4429347826086957,0.4668478260869565,0.4668478260869565,0.49293478260869567,0.4983695652173913,0.5364130434782609,0.5059782608695652,0.8478260869565217,0.8586956521739131,0.8586956521739131,0.8695652173913043,0.9239130434782609,0.8695652173913043,0.7608695652173914,0.7608695652173914,0.7717391304347826,0.782608695652174,0.717391304347826,0.6304347826086957],"Energy":{"Mean":-70.91661685488242,"Sigma":0.023327764475147488,"Taucorr":0.008423935165260306},"EnergyVariance":{"Mean":0.610658667820286,"Sigma":0.03669586720271001,"Taucorr":-0.008337731176674622},"Iteration":437},
{"Acceptance":[0.33695652173913043,0.3521739130434783,0.3847826086956522,0.39945652173913043,0.4206521739130435,0.46141304347826084,0.46358695652173915,0.4907608695652174,0.4891304347826087,0.5239130434782608,0.5353260869565217,0.5206521739130435,0.8913043478260869,0.8695652173913043,0.8695652173913043,0.8152173913043478,0.7608695652173914,0.8043478260869565,0.7934782608695652,0.7717391304347826,0.8260869565217391,0.8152173913043478,0.7391304347826086,0.717391304347826],"Energy":{"Mean":-70.91756416731334,"Sigma":0.021988300192316314,"Taucorr":0.024035763429451445},"EnergyVariance":{"Mean":0.5488797151500749,"Sigma":0.033292823622938124,"Taucorr":0.006354637483914846},"Iteration":438},
{"Acceptance":[0.33152173913043476,0.3755434782608696,0.3809782608695652,0.38858695652173914,0.41847826086956524,0.4391304347826087,0.44619565217391305,0.4766304347826087,0.47934782608695653,0.5119565217391304,0.5391304347826087,0.5255434782608696,0.8043478260869565,0.8369565217391305,0.8804347826086957,0.8586956521739131,0.8478260869565217,0.8804347826086957,0.8260869565217391,0.7608695652173914,0.7717391304347826,0.75,0.5978260869565217,0.4782608695652174],"Energy":{"Mean":-70.90400888638713,"Sigma":0.022587086621821625,"Taucorr":-0.017816737193468542},"EnergyVariance":{"Mean":0.5993387381637314,"Sigma":0.035612741866854855,"Taucorr":-0.03394661642665102},"Iteration":439},
{"Acceptance":[0.32282608695652176,0.3402173913043478,0.3864130434782609,0.3858695652173913,0.39565217391304347,0.42336956521739133,0.46793478260869564,0.48043478260869565,0.4826086956521739,0.5146739130434783,0.5255434782608696,0.5320652173913043,0.8478260869565217,0.8695652173913043,0.8478260869565217,0.8478260869565217,0.8913043478260869,0.8043478260869565,0.782608695652174,0.8043478260869565,0.7282608695652174,0.7282608695652174,0.7391304347826086,0.717391304347826],"Energy":{"Mean":-70.95783474775443,"Sigma":0.021747763010455615,"Taucorr":-0.03400617752654447},"EnergyVariance":{"Mean":0.5634862726342423,"Sigma":0.03302863082709353,"Taucorr":0.01622688530178586},"Iteration":440},
{"Acceptance":[0.3293478260869565,0.33858695652173915,0.36467391304347824,0.3875,0.4201086956521739,0.42934782608695654,0.4440217391304348,0.48586956521739133,0.4907608695652174,0.48532608695652174,0.503804347826087,0.533695652173913,0.8043478260869565,0.8152173913043478,0.8152173913043478,0.8043478260869565,0.782608695652174,0.7608695652173914,0.7934782608695652,0.7934782608695652,0.717391304347826,0.6630434782608695,0.6847826086956522,0.717391304347826],"Energy":{"Mean":-70.92149875998741,"Sigma":0.024439585657456648,"Taucorr":0.0475905707068845},"EnergyVariance":{"Mean":0.6177638060903149,"Sigma":0.041727497964118475,"Taucorr":0.00940444368693444},"Iteration":441},
{"Acceptance":[0.3423913043478261,0.33315217391304347,0.40108695652173915,0.3918478260869565,0.39293478260869563,0.41793478260869565,0.46358695652173915,0.47608695652173916,0.49130434782608695,0.49293478260869567,0.5217391304347826,0.5331521739130435,0.8260869565217391,0.8804347826086957,0.8913043478260869,0.8586956521739131,0.8152173913043478,0.8369565217391305,0.8260869565217391,0.7934782608695652,0.8152173913043478,0.7282608695652174,0.6630434782608695,0.6521739130434783],"Energy":{"Mean":-70.95199391097428,"Sigma":0.023365925816607427,"Taucorr":-0.0033252872278595838},"EnergyVariance":{"Mean":0.6023672903038676,"Sigma":0.0360343818128513,"Taucorr":0.011284850440141615},"Iteration":442},
{"Acceptance":[0.3402173913043478,0.34945652173913044,0.3684782608695652,0.3934782608695652,0.4375,0.4532608695652174,0.4722826086956522,0.46793478260869564,0.47934782608695653,0.5070652173913044,0.532608695652174,0.508695652173913,0.8695652173913043,0.9021739130434783,0.9021739130434783,0.8586956521739131,0.8478260869565217,0.8478260869565217,0.8369565217391305,0.7717391304347826,0.717391304347826,0.6630434782608695,0.532608695652174,0.45652173913043476],"Energy":{"Mean":-70.91672540936479,"Sigma":0.023113759330988623,"Taucorr":-0.0014430910614728412},"EnergyVariance":{"Mean":0.6185819990872907,"Sigma":0.034996487298213454,"Taucorr":-0.02837012994813114},"Iteration":443},
{"Acceptance":[0.3483695652173913,0.3695652173913043,0.3652173913043478,0.4076086956521739,0.40652173913043477,0.43532608695652175,0.4668478260869565,0.453804347826087,0.49184782608695654,0.5103260869565217,0.5152173913043478,0.5418478260869565,0.8695652173913043,0.9130434782608695,0.9347826086956522,0.8260869565217391,0.782608695652174,0.8586956521739131,0.8043478260869565,0.7391304347826086,0.782608695652174,0.717391304347826,0.6956521739130435,0.7608695652173914],"Energy":{"Mean":-70.92328070710914,"Sigma":0.023722176560228004,"Taucorr":0.020777105000810828},"EnergyVariance":{"Mean":0.6378583169119961,"Sigma":0.03708895894865189,"Taucorr":0.005514542480125936},"Iteration":444},
{"Acceptance":[0.33260869565217394,0.3391304347826087,0.3630434782608696,0.40380434782608693,0.4108695652173913,0.42228260869565215,0.4364130434782609,0.47445652173913044,0.4994565217391304,0.5032608695652174,0.5353260869565217,0.5309782608695652,0.9565217391304348,0.9130434782608695,0.8478260869565217,0.8478260869565217,0.8369565217391305,0.8260869565217391,0.8369565217391305,0.7934782608695652,0.7608695652173914,0.7934782608695652,0.782608695652174,0.7391304347826086],"Energy":{"Mean":-70.96521760546983,"Sigma":0.02123984232284475,"Taucorr":-0.03779052664211616},"EnergyVariance":{"Mean":0.564175386290684,"Sigma":0.03254932522368533,"Taucorr":0.008877663437632884},"Iteration":445},
{"Acceptance":[0.33641304347826084,0.3673913043478261,0.35978260869565215,0.39891304347826084,0.4081521739130435,0.4385869565217391,0.43478260869565216,0.4717391304347826,0.4994565217391304,0.49782608695652175,0.5239130434782608,0.5543478260869565,0.8913043478260869,0.8695652173913043,0.8804347826086957,0.9021739130434783,0.8695652173913043,0.8152173913043478,0.7608695652173914,0.7608695652173914,0.8043478260869565,0.7934782608695652,0.717391304347826,0.6739130434782609],"Energy":{"Mean":-70.94262708374323,"Sigma":0.023197252185395572,"Taucorr":-0.026262311163323854},"EnergyVariance":{"Mean":0.6434536329417955,"Sigma":0.04753908172327207,"Taucorr":-0.004604103405204544},"Iteration":446},
{"Acceptance":[0.3451086956521739,0.37228260869565216,0.36086956521739133,0.3967391304347826,0.4201086956521739,0.4543478260869565,0.45869565217391306,0.4543478260869565,0.5021739130434782,0.49728260869565216,0.5043478260869565,0.5266304347826087,0.8260869565217391,0.8043478260869565,0.7934782608695652,0.8369565217391305,0.8478260869565217,0.8478260869565217,0.8695652173913043,0.8369565217391305,0.7282608695652174,0.717391304347826,0.7282608695652174,0.6739130434782609],"Energy":{"Mean":-70.97026739809806,"Sigma":0.024656998295220375,"Taucorr":0.058397839035436605},"EnergyVariance":{"Mean":0.6474476839864806,"Sigma":0.04486871218188387,"Taucorr":0.01707633954041619},"Iteration":447},
{"Acceptance":[0.3119565217391304,0.35108695652173916,0.3934782608695652,0.40108695652173915,0.4277173913043478,0.4451086956521739,0.45217391304347826,0.4766304347826087,0.4902173913043478,0.48695652173913045,0.5130434782608696,0.533695652173913,0.8478260869565217,0.7934782608695652,0.8260869565217391,0.9021739130434783,0.8478260869565217,0.8043478260869565,0.8260869565217391,0.8152173913043478,0.75,0.6739130434782609,0.5869565217391305,0.5434782608695652],"Energy":{"Mean":-70.9801942007298,"Sigma":0.024889916794122457,"Taucorr":0.004431364215221531},"EnergyVariance":{"Mean":0.668779597541184,"Sigma":0.04348504815400458,"Taucorr":-0.022624791410745717},"Iteration":448},
{"Acceptance":[0.3081521739130435,0.3472826086956522,0.37119565217391304,0.38804347826086955,0.42445652173913045,0.4309782608695652,0.4706521739130435,0.4722826086956522,0.4956521739130435,0.5195652173913043,0.5043478260869565,0.532608695652174,0.8478260869565217,0.8695652173913043,0.8478260869565217,0.75,0.75,0.8369565217391305,0.8152173913043478,0.7717391304347826,0.7934782608695652,0.75,0.6086956521739131,0.5217391304347826],"Energy":{"Mean":-70.92417896937712,"Sigma":0.022193981540736655,"Taucorr":-0.008231467592865235},"EnergyVariance":{"Mean":0.5893295752757939,"Sigma":0.034331309742828796,"Taucorr":0.0499461237591538},"Iteration":449},
{"Acceptance":[0.33152173913043476,0.33315217391304347,0.34945652173913044,0.375,0.4201086956521739,0.4483695652173913,0.46195652173913043,0.46902173913043477,0.508695652173913,0.49728260869565216,0.5103260869565217,0.5451086956521739,0.8478260869565217,0.8478260869565217,0.8804347826086957,0.8152173913043478,0.782608695652174,0.8152173913043478,0.8260869565217391,0.7282608695652174,0.6956521739130435,0.7608695652173914,0.7065217391304348,0.6956521739130435],"Energy":{"Mean":-70.93132080321867,"Sigma":0.024738387466702177,"Taucorr":0.02063717981248168},"EnergyVariance":{"Mean":0.6800506115271306,"Sigma":0.04308218983111834,"Taucorr":-0.016773569725936393},"Iteration":450},
{"Acceptance":[0.3244565217391304,0.35978260869565215,0.38913043478260867,0.39456521739130435,0.40597826086956523,0.4440217391304348,0.45217391304347826,0.4766304347826087,0.47608695652173916,0.49184782608695654,0.5271739130434783,0.5184782608695652,0.782608695652174,0.8152173913043478,0.8478260869565217,0.8913043478260869,0.8913043478260869,0.8152173913043478,0.7934782608695652,0.7934782608695652,0.75,0.7065217391304348,0.6521739130434783,0.6086956521739131],"Energy":{"Mean":-70.93124095633941,"Sigma":0.024471424300977148,"Taucorr":0.034351320342106674},"EnergyVariance":{"Mean":0.641301837235128,"Sigma":0.060615185793272776,"Taucorr":-0.022698369040774102},"Iteration":451},
{"Acceptance":[0.3592391304347826,0.3592391304347826,0.36467391304347824,0.4108695652173913,0.4081521739130435,0.4298913043478261,0.4429347826086957,0.4641304347826087,0.4826086956521739,0.5135869565217391,0.5201086956521739,0.5304347826086957,0.8260869565217391,0.8369565217391305,0.8478260869565217,0.8043478260869565,0.8369565217391305,0.9021739130434783,0.8369565217391305,0.7608695652173914,0.7608695652173914,0.7934782608695652,0.7065217391304348,0.6086956521739131],"Energy":{"Mean":-70.90359500943461,"Sigma":0.022328369953802524,"Taucorr":0.009495595257336072},"EnergyVariance":{"Mean":0.5787844342492486,"Sigma":0.0355093632728453,"Taucorr":-0.00527012502954622},"Iteration":452},
{"Acceptance":[0.32608695652173914,0.3402173913043478,0.3695652173913043,0.3847826086956522,0.4407608695652174,0.42336956521739133,0.4342391304347826,0.4880434782608696,0.4945652173913043,0.508695652173913,0.49782608695652175,0.5021739130434782,0.9347826086956522,0.8913043478260869,0.8695652173913043,0.8478260869565217,0.7391304347826086,0.7608695652173914,0.7717391304347826,0.7065217391304348,0.7065217391304348,0.6739130434782609,0.6304347826086957,0.6086956521739131],"Energy":{"Mean":-70.94996124815324,"Sigma":0.02282334554302394,"Taucorr":0.026749384805282907},"EnergyVariance":{"Mean":0.5852388190635418,"Sigma":0.038169712669548723,"Taucorr":0.014908250499072814},"Iteration":453},
{"Acceptance":[0.3239130434782609,0.3625,0.3967391304347826,0.39565217391304347,0.4048913043478261,0.4407608695652174,0.45760869565217394,0.483695652173913,0.5135869565217391,0.4940217391304348,0.5277173913043478,0.5032608695652174,0.8478260869565217,0.8152173913043478,0.8043478260869565,0.7934782608695652,0.782608695652174,0.8478260869565217,0.7934782608695652,0.782608695652174,0.7717391304347826,0.7065217391304348,0.6413043478260869,0.5434782608695652],"Energy":{"Mean":-70.94349368790152,"Sigma":0.022714836343683806,"Taucorr":0.030931005788995224},"EnergyVariance":{"Mean":0.5592551603750366,"Sigma":0.02780045489325625,"Taucorr":-0.0009523755490693092},"Iteration":454},
{"Acceptance":[0.32065217391304346,0.3581521739130435,0.35434782608695653,0.39565217391304347,0.4092391304347826,0.45760869565217394,0.46304347826086956,0.5027173913043478,0.5027173913043478,0.5418478260869565,0.5293478260869565,0.5364130434782609,0.8478260869565217,0.8478260869565217,0.8695652173913043,0.9130434782608695,0.8478260869565217,0.7934782608695652,0.8369565217391305,0.8152173913043478,0.8152173913043478,0.75,0.6304347826086957,0.6086956521739131],"Energy":{"Mean":-70.91984872452862,"Sigma":0.02512215147329204,"Taucorr":0.0369263398827302},"EnergyVariance":{"Mean":0.6781831333992393,"Sigma":0.043545177452638306,"Taucorr":0.019059597513743327},"Iteration":455},
{"Acceptance":[0.3092391304347826,0.3472826086956522,0.38858695652173914,0.4141304347826087,0.4320652173913043,0.4385869565217391,0.4673913043478261,0.45543478260869563,0.4956521739130435,0.5103260869565217,0.5119565217391304,0.5358695652173913,0.8260869565217391,0.8043478260869565,0.8043478260869565,0.8478260869565217,0.8152173913043478,0.8586956521739131,0.8586956521739131,0.75,0.717391304347826,0.6847826086956522,0.6739130434782609,0.6739130434782609],"Energy":{"Mean":-70.97966522564178,"Sigma":0.021697518963835826,"Taucorr":0.0077541542975016154},"EnergyVariance":{"Mean":0.5357839521256258,"Sigma":0.027188624408636588,"Taucorr":-0.006603952317182156},"Iteration":456},
{"Acceptance":[0.3168478260869565,0.3239130434782609,0.3706521739130435,0.40543478260869564,0.38804347826086955,0.4489130434782609,0.44782608695652176,0.4815217391304348,0.4907608695652174,0.4951086956521739,0.5201086956521739,0.5304347826086957,0.7391304347826086,0.8260869565217391,0.8695652173913043,0.8152173913043478,0.8043478260869565,0.75,0.7934782608695652,0.8260869565217391,0.7282608695652174,0.75,0.7608695652173914,0.717391304347826],"Energy":{"Mean":-70.91886396403292,"Sigma":0.021976163443691535,"Taucorr":0.0036378992965150603},"EnergyVariance":{"Mean":0.5617253217860145,"Sigma":0.03553574056698042,"Taucorr":0.0015395194933358752},"Iteration":457},
{"Acceptance":[0.32608695652173914,0.34402173913043477,0.36141304347826086,0.4032608695652174,0.4043478260869565,0.45163043478260867,0.44782608695652176,0.483695652173913,0.5048913043478261,0.5179347826086956,0.503804347826087,0.529891304347826,0.8695652173913043,0.8695652173913043,0.8152173913043478,0.782608695652174,0.8260869565217391,0.7934782608695652,0.7608695652173914,0.8152173913043478,0.8043478260869565,0.7608695652173914,0.7608695652173914,0.7608695652173914],"Energy":{"Mean":-70.90184132018621,"Sigma":0.02356072429095062,"Taucorr":0.019177755826064645},"EnergyVariance":{"Mean":0.6292744779126854,"Sigma":0.04286010534447069,"Taucorr":0.018311617335388674},"Iteration":458},
{"Acceptance":[0.3347826086956522,0.3472826086956522,0.38369565217391305,0.4043478260869565,0.4309782608695652,0.45543478260869563,0.46358695652173915,0.4880434782608696,0.4934782608695652,0.5016304347826087,0.5244565217391305,0.5375,0.9130434782608695,0.9130434782608695,0.8804347826086957,0.8152173913043478,0.8369565217391305,0.9021739130434783,0.8478260869565217,0.7717391304347826,0.7934782608695652,0.6847826086956522,0.6413043478260869,0.7391304347826086],"Energy":{"Mean":-70.89854075578197,"Sigma":0.021956065138119856,"Taucorr":-0.02589542961329191},"EnergyVariance":{"Mean":0.5921095179516552,"Sigma":0.035833346775636106,"Taucorr":0.01229007168972282},"Iteration":459},
{"Acceptance":[0.3135869565217391,0.34130434782608693,0.36793478260869567,0.40108695652173915,0.4157608695652174,0.4657608695652174,0.4434782608695652,0.46304347826086956,0.4945652173913043,0.5021739130434782,0.5114130434782609,0.508695652173913,0.8043478260869565,0.8260869565217391,0.8152173913043478,0.782608695652174,0.8478260869565217,0.8260869565217391,0.7717391304347826,0.7934782608695652,0.717391304347826,0.6847826086956522,0.7065217391304348,0.6956521739130435],"Energy":{"Mean":-70.93285491204902,"Sigma":0.025117568072434607,"Taucorr":0.020993740769023213},"EnergyVariance":{"Mean":0.6722899021834831,"Sigma":0.08174440888347888,"Taucorr":0.01692857409339351},"Iteration":460},
{"Acceptance":[0.33369565217391306,0.33967391304347827,0.3581521739130435,0.4,0.4190217391304348,0.43369565217391304,0.46195652173913043,0.46358695652173915,0.483695652173913,0.5097826086956522,0.525,0.5184782608695652,0.9347826086956522,0.8804347826086957,0.8695652173913043,0.8478260869565217,0.7717391304347826,0.8152173913043478,0.8695652173913043,0.7934782608695652,0.7282608695652174,0.6956521739130435,0.6304347826086957,0.6086956521739131],"Energy":{"Mean":-70.96098737115996,"Sigma":0.025078505757621595,"Taucorr":-0.01839351151135329},"EnergyVariance":{"Mean":0.7451910611625642,"Sigma":0.07343713319047551,"Taucorr":-0.030666641394084107},"Iteration":461},
{"Acceptance":[0.3184782608695652,0.34130434782608693,0.3815217391304348,0.3858695652173913,0.4146739130434783,0.4326086956521739,0.4875,0.48532608695652174,0.503804347826087,0.5021739130434782,0.5255434782608696,0.5396739130434782,0.9565217391304348,0.9347826086956522,0.8913043478260869,0.8369565217391305,0.8369565217391305,0.8913043478260869,0.8478260869565217,0.8369565217391305,0.8043478260869565,0.782608695652174,0.7282608695652174,0.6086956521739131],"Energy":{"Mean":-70.9348337647632,"Sigma":0.02560152734471602,"Taucorr":0.017932394652806296},"EnergyVariance":{"Mean":0.6928791609659499,"Sigma":0.046233829879243425,"Taucorr":-0.0056267894995024005},"Iteration":462},
{"Acceptance":[0.3135869565217391,0.34293478260869564,0.3744565217391304,0.3907608695652174,0.42445652173913045,0.43478260869565216,0.47445652173913044,0.47989130434782606,0.4885869565217391,0.5048913043478261,0.525,0.5228260869565218,0.717391304347826,0.7934782608695652,0.8913043478260869,0.9021739130434783,0.8478260869565217,0.8043478260869565,0.8260869565217391,0.8152173913043478,0.7065217391304348,0.6413043478260869,0.7065217391304348,0.7608695652173914],"Energy":{"Mean":-70.93573332622385,"Sigma":0.02473193489518133,"Taucorr":0.010743375352495007},"EnergyVariance":{"Mean":0.7010888539465318,"Sigma":0.059001274328014636,"Taucorr":0.03889961191993125},"Iteration":463},
{"Acceptance":[0.3402173913043478,0.3592391304347826,0.3967391304347826,0.4146739130434783,0.4032608695652174,0.4543478260869565,0.45108695652173914,0.4826086956521739,0.5,0.5157608695652174,0.5195652173913043,0.55,0.8913043478260869,0.8913043478260869,0.8586956521739131,0.8695652173913043,0.8913043478260869,0.8586956521739131,0.8586956521739131,0.8043478260869565,0.7391304347826086,0.7282608695652174,0.7282608695652174,0.7391304347826086],"Energy":{"Mean":-70.934490412836,"Sigma":0.022800005507101605,"Taucorr":0.0199318444870138},"EnergyVariance":{"Mean":0.5855452072001402,"Sigma":0.041822668179684434,"Taucorr":-0.005684416986885418},"Iteration":464},
{"Acceptance":[0.33206521739130435,0.34347826086956523,0.36684782608695654,0.39619565217391306,0.4092391304347826,0.41793478260869565,0.45760869565217394,0.4641304347826087,0.48478260869565215,0.5141304347826087,0.5206521739130435,0.5021739130434782,0.9130434782608695,0.9130434782608695,0.8804347826086957,0.8369565217391305,0.8260869565217391,0.8586956521739131,0.8152173913043478,0.7934782608695652,0.7934782608695652,0.8043478260869565,0.6630434782608695,0.45652173913043476],"Energy":{"Mean":-70.9508817548885,"Sigma":0.02584347903114279,"Taucorr":-0.0035499264144314446},"EnergyVariance":{"Mean":0.760732414825036,"Sigma":0.05460067987250621,"Taucorr":0.005793120302920336},"Iteration":465},
{"Acceptance":[0.3358695652173913,0.33206521739130435,0.3717391304347826,0.39402173913043476,0.3978260869565217,0.44130434782608696,0.44456521739130433,0.453804347826087,0.483695652173913,0.5364130434782609,0.5358695652173913,0.5130434782608696,0.8695652173913043,0.8695652173913043,0.8913043478260869,0.8913043478260869,0.8586956521739131,0.8478260869565217,0.8369565217391305,0.8804347826086957,0.8152173913043478,0.75,0.6739130434782609,0.5434782608695652],"Energy":{"Mean":-70.93490395333198,"Sigma":0.02272916587219227,"Taucorr":-0.010109004263969544},"EnergyVariance":{"Mean":0.615070929461819,"Sigma":0.04491298915500389,"Taucorr":0.02645441818957876},"Iteration":466},
{"Acceptance":[0.3309782608695652,0.3527173913043478,0.37228260869565216,0.40054347826086956,0.41684782608695653,0.4255434782608696,0.47554347826086957,0.4592391304347826,0.4875,0.5222826086956521,0.5293478260869565,0.5027173913043478,0.8913043478260869,0.8478260869565217,0.7934782608695652,0.7934782608695652,0.8695652173913043,0.8913043478260869,0.8369565217391305,0.8152173913043478,0.7608695652173914,0.6195652173913043,0.5434782608695652,0.5652173913043478],"Energy":{"Mean":-70.89652061358106,"Sigma":0.02206580574354387,"Taucorr":-0.01790870140426366},"EnergyVariance":{"Mean":0.579025525246734,"Sigma":0.033760620500390116,"Taucorr":0.011642426798966798},"Iteration":467},
{"Acceptance":[0.32282608695652176,0.34945652173913044,0.3516304347826087,0.3983695652173913,0.4108695652173913,0.4375,0.46141304347826084,0.4673913043478261,0.4875,0.4967391304347826,0.49184782608695654,0.5413043478260869,0.8478260869565217,0.8586956521739131,0.8478260869565217,0.7608695652173914,0.7717391304347826,0.8152173913043478,0.782608695652174,0.8043478260869565,0.7065217391304348,0.6521739130434783,0.6956521739130435,0.6739130434782609],"Energy":{"Mean":-70.93937902794873,"Sigma":0.02329343320760857,"Taucorr":0.002751244909785832},"EnergyVariance":{"Mean":0.618073583528541,"Sigma":0.03711655693555216,"Taucorr":-0.0007464058273037472},"Iteration":468},
{"Acceptance":[0.325,0.3375,0.36630434782608695,0.39293478260869563,0.41195652173913044,0.43043478260869567,0.45543478260869563,0.48206521739130437,0.5016304347826087,0.5114130434782609,0.532608695652174,0.5315217391304348,0.9130434782608695,0.8586956521739131,0.8043478260869565,0.7934782608695652,0.8369565217391305,0.8695652173913043,0.8478260869565217,0.8043478260869565,0.75,0.7065217391304348,0.6847826086956522,0.6956521739130435],"Energy":{"Mean":-70.9278594261715,"Sigma":0.022307355066918524,"Taucorr":-0.00938148641918072},"EnergyVariance":{"Mean":0.5765673042478311,"Sigma":0.03911864507499406,"Taucorr":0.018768009720982293},"Iteration":469},
{"Acceptance":[0.328804347826087,0.3782608695652174,0.375,0.425,0.4043478260869565,0.4592391304347826,0.47282608695652173,0.4603260869565217,0.4902173913043478,0.4945652173913043,0.5108695652173914,0.5228260869565218,0.8913043478260869,0.9130434782608695,0.9456521739130435,0.9347826086956522,0.8043478260869565,0.8043478260869565,0.8152173913043478,0.75,0.8260869565217391,0.717391304347826,0.5760869565217391,0.5869565217391305],"Energy":{"Mean":-70.97378443611161,"Sigma":0.02420053780897555,"Taucorr":-0.0123618960953977},"EnergyVariance":{"Mean":0.6951722003372377,"Sigma":0.06461608388475584,"Taucorr":0.005650825763373071},"Iteration":470},
{"Acceptance":[0.34456521739130436,0.3244565217391304,0.38532608695652176,0.38858695652173914,0.4048913043478261,0.4391304347826087,0.46630434782608693,0.4668478260869565,0.5,0.4983695652173913,0.5217391304347826,0.5407608695652174,0.9565217391304348,0.9456521739130435,0.8804347826086957,0.8369565217391305,0.8043478260869565,0.7717391304347826,0.8043478260869565,0.8260869565217391,0.782608695652174,0.717391304347826,0.75,0.8043478260869565],"Energy":{"Mean":-70.92537703670907,"Sigma":0.022560033896650452,"Taucorr":-0.018784078349709753},"EnergyVariance":{"Mean":0.6121047769635456,"Sigma":0.036878152692901685,"Taucorr":-0.018320814455478996},"Iteration":471},
{"Acceptance":[0.3347826086956522,0.35706521739130437,0.38369565217391305,0.40108695652173915,0.4217391304347826,0.4483695652173913,0.45054347826086955,0.47934782608695653,0.48097826086956524,0.5054347826086957,0.5184782608695652,0.5021739130434782,0.8913043478260869,0.8804347826086957,0.8695652173913043,0.8369565217391305,0.8478260869565217,0.8152173913043478,0.7608695652173914,0.75,0.75,0.7608695652173914,0.6413043478260869,0.5434782608695652],"Energy":{"Mean":-70.92580837109936,"Sigma":0.022720235086882295,"Taucorr":0.016962270011021723},"EnergyVariance":{"Mean":0.5732916495674703,"Sigma":0.030107384883163765,"Taucorr":-0.017694889242157247},"Iteration":472},
{"Acceptance":[0.3119565217391304,0.3592391304347826,0.3565217391304348,0.38913043478260867,0.4141304347826087,0.4315217391304348,0.42717391304347824,0.47608695652173916,0.503804347826087,0.5168478260869566,0.5358695652173913,0.525,0.8043478260869565,0.8260869565217391,0.8478260869565217,0.9021739130434783,0.9130434782608695,0.8152173913043478,0.8152173913043478,0.8260869565217391,0.7934782608695652,0.75,0.6847826086956522,0.6739130434782609],"Energy":{"Mean":-70.95419765554963,"Sigma":0.023962180556185052,"Taucorr":0.019135475026369468},"EnergyVariance":{"Mean":0.632976286142244,"Sigma":0.037860182471559915,"Taucorr":-0.011782136680358194},"Iteration":473},
{"Acceptance":[0.3141304347826087,0.33641304347826084,0.3701086956521739,0.3967391304347826,0.4440217391304348,0.4092391304347826,0.4385869565217391,0.4777173913043478,0.48967391304347824,0.525,0.5266304347826087,0.5375,0.8913043478260869,0.8804347826086957,0.8695652173913043,0.8695652173913043,0.8152173913043478,0.7717391304347826,0.8043478260869565,0.7717391304347826,0.7717391304347826,0.8478260869565217,0.7065217391304348,0.5434782608695652],"Energy":{"Mean":-70.91621084832182,"Sigma":0.023771031816194405,"Taucorr":-0.024047428362113422},"EnergyVariance":{"Mean":0.6601700522318952,"Sigma":0.04339817026118556,"Taucorr":0.021488446675544285},"Iteration":474},
{"Acceptance":[0.32282608695652176,0.3358695652173913,0.37282608695652175,0.4027173913043478,0.39945652173913043,0.45543478260869563,0.4380434782608696,0.4891304347826087,0.5125,0.5032608695652174,0.5407608695652174,0.5331521739130435,0.8478260869565217,0.7934782608695652,0.782608695652174,0.8478260869565217,0.8586956521739131,0.8260869565217391,0.8260869565217391,0.8586956521739131,0.782608695652174,0.717391304347826,0.6847826086956522,0.6304347826086957],"Energy":{"Mean":-70.93250213743399,"Sigma":0.02267113077314142,"Taucorr":0.03366117726229389},"EnergyVariance":{"Mean":0.5702396389799181,"Sigma":0.04093686164347992,"Taucorr":0.028267925172281962},"Iteration":475},
{"Acceptance":[0.34130434782608693,0.3532608695652174,0.3842391304347826,0.3869565217391304,0.42445652173913045,0.4277173913043478,0.46847826086956523,0.47934782608695653,0.4923913043478261,0.5081521739130435,0.5315217391304348,0.5369565217391304,0.9565217391304348,0.8586956521739131,0.8260869565217391,0.9239130434782609,0.8804347826086957,0.782608695652174,0.8043478260869565,0.75,0.7391304347826086,0.7934782608695652,0.7717391304347826,0.782608695652174],"Energy":{"Mean":-70.93228642444741,"Sigma":0.026524169906018583,"Taucorr":0.04388856008919074},"EnergyVariance":{"Mean":0.720237415834012,"Sigma":0.07232123152806182,"Taucorr":-0.03298941786552643},"Iteration":476},
{"Acceptance":[0.33641304347826084,0.34619565217391307,0.3684782608695652,0.3793478260869565,0.4440217391304348,0.44619565217391305,0.4472826086956522,0.4902173913043478,0.47934782608695653,0.49130434782608695,0.5146739130434783,0.5423913043478261,0.9130434782608695,0.8695652173913043,0.8695652173913043,0.8586956521739131,0.7934782608695652,0.8152173913043478,0.8152173913043478,0.8043478260869565,0.782608695652174,0.7391304347826086,0.6521739130434783,0.5652173913043478],"Energy":{"Mean":-70.92119271949984,"Sigma":0.021950116294626554,"Taucorr":-0.016836214665620148},"EnergyVariance":{"Mean":0.584872415568934,"Sigma":0.039069915150045244,"Taucorr":0.007270183533157851},"Iteration":477},
{"Acceptance":[0.3391304347826087,0.3418478260869565,0.36141304347826086,0.39510869565217394,0.40869565217391307,0.42880434782608695,0.45054347826086955,0.4782608695652174,0.4945652173913043,0.5157608695652174,0.5125,0.5228260869565218,0.8043478260869565,0.8478260869565217,0.8586956521739131,0.8043478260869565,0.8043478260869565,0.8152173913043478,0.8260869565217391,0.7934782608695652,0.75,0.7608695652173914,0.6304347826086957,0.5],"Energy":{"Mean":-70.90470791948535,"Sigma":0.024358246636089872,"Taucorr":0.008383634533850937},"EnergyVariance":{"Mean":0.6588067973220872,"Sigma":0.044878593397040055,"Taucorr":0.02232210191836081},"Iteration":478},
{"Acceptance":[0.3141304347826087,0.35978260869565215,0.3815217391304348,0.38804347826086955,0.42934782608695654,0.4407608695652174,0.46956521739130436,0.48097826086956524,0.47282608695652173,0.48532608695652174,0.5228260869565218,0.5467391304347826,0.7608695652173914,0.8369565217391305,0.8695652173913043,0.8369565217391305,0.8586956521739131,0.8369565217391305,0.8369565217391305,0.8260869565217391,0.8043478260869565,0.7391304347826086,0.7065217391304348,0.7608695652173914],"Energy":{"Mean":-70.93701262314543,"Sigma":0.023607901832247712,"Taucorr":-0.012552005239673718},"EnergyVariance":{"Mean":0.6446297323208512,"Sigma":0.04938550464074837,"Taucorr":-0.00046625626167328543},"Iteration":479},
{"Acceptance":[0.32771739130434785,0.35543478260869565,0.3793478260869565,0.3804347826086957,0.39021739130434785,0.42282608695652174,0.4668478260869565,0.46956521739130436,0.49293478260869567,0.5260869565217391,0.5157608695652174,0.5342391304347827,0.8043478260869565,0.8152173913043478,0.8260869565217391,0.8260869565217391,0.8478260869565217,0.8804347826086957,0.7934782608695652,0.7717391304347826,0.8152173913043478,0.7934782608695652,0.6304347826086957,0.45652173913043476],"Energy":{"Mean":-70.93879694532102,"Sigma":0.0248125973865863,"Taucorr":0.004426073810095507},"EnergyVariance":{"Mean":0.6684660663885958,"Sigma":0.050166778131172485,"Taucorr":0.007592966971738356},"Iteration":480},
{"Acceptance":[0.3184782608695652,0.3635869565217391,0.36630434782608695,0.39565217391304347,0.41304347826086957,0.42228260869565215,0.4625,0.46956521739130436,0.49782608695652175,0.5081521739130435,0.5048913043478261,0.5108695652173914,0.7608695652173914,0.7717391304347826,0.8369565217391305,0.8804347826086957,0.7934782608695652,0.7934782608695652,0.8152173913043478,0.7608695652173914,0.75,0.7065217391304348,0.5760869565217391,0.4782608695652174],"Energy":{"Mean":-70.93113996919186,"Sigma":0.025053152678771867,"Taucorr":0.015754304375380623},"EnergyVariance":{"Mean":0.6545905131583594,"Sigma":0.06667327309940409,"Taucorr":0.022501545391621487},"Iteration":481},
{"Acceptance":[0.33641304347826084,0.3451086956521739,0.3782608695652174,0.39510869565217394,0.3978260869565217,0.42336956521739133,0.45271739130434785,0.46195652173913043,0.4880434782608696,0.5141304347826087,0.5423913043478261,0.5114130434782609,0.8043478260869565,0.8152173913043478,0.8586956521739131,0.8586956521739131,0.8152173913043478,0.8152173913043478,0.7717391304347826,0.75,0.75,0.717391304347826,0.6195652173913043,0.5217391304347826],"Energy":{"Mean":-70.93664590816654,"Sigma":0.023174551209825565,"Taucorr":-0.02723302917263955},"EnergyVariance":{"Mean":0.6259859649160368,"Sigma":0.04986491422089193,"Taucorr":0.03980695036414402},"Iteration":482},
{"Acceptance":[0.3298913043478261,0.33967391304347827,0.36032608695652174,0.3972826086956522,0.4108695652173913,0.43478260869565216,0.44456521739130433,0.4652173913043478,0.47989130434782606,0.5190217391304348,0.5048913043478261,0.5402173913043479,0.8913043478260869,0.8586956521739131,0.8369565217391305,0.8478260869565217,0.8695652173913043,0.8478260869565217,0.8043478260869565,0.8152173913043478,0.8152173913043478,0.7282608695652174,0.6739130434782609,0.6956521739130435],"Energy":{"Mean":-70.96755762050954,"Sigma":0.025005996093326887,"Taucorr":0.026974951996849298},"EnergyVariance":{"Mean":0.663057229172291,"Sigma":0.045286328143411096,"Taucorr":-0.02185152319735348},"Iteration":483},
{"Acceptance":[0.3130434782608696,0.36195652173913045,0.38315217391304346,0.40217391304347827,0.41793478260869565,0.45163043478260867,0.48206521739130437,0.5016304347826087,0.503804347826087,0.5179347826086956,0.5141304347826087,0.5217391304347826,0.8695652173913043,0.8913043478260869,0.9456521739130435,0.9021739130434783,0.8913043478260869,0.9239130434782609,0.7934782608695652,0.7391304347826086,0.7608695652173914,0.7065217391304348,0.6847826086956522,0.6956521739130435],"Energy":{"Mean":-70.96304706269562,"Sigma":0.02442151781693443,"Taucorr":0.02958817385503315},"EnergyVariance":{"Mean":0.6302442373273398,"Sigma":0.03922135189260751,"Taucorr":-0.006015866722436844},"Iteration":484},
{"Acceptance":[0.3222826086956522,0.3347826086956522,0.3635869565217391,0.37771739130434784,0.4081521739130435,0.43043478260869567,0.45,0.45760869565217394,0.4951086956521739,0.5244565217391305,0.5217391304347826,0.5168478260869566,0.8043478260869565,0.8152173913043478,0.8043478260869565,0.8152173913043478,0.8043478260869565,0.8043478260869565,0.8260869565217391,0.8043478260869565,0.7608695652173914,0.6739130434782609,0.6521739130434783,0.6739130434782609],"Energy":{"Mean":-70.95664418439834,"Sigma":0.022646537304725458,"Taucorr":-0.006501322011689359},"EnergyVariance":{"Mean":0.5916218546470494,"Sigma":0.048689483799694434,"Taucorr":-0.020446710521657595},"Iteration":485},
{"Acceptance":[0.29891304347826086,0.3532608695652174,0.3576086956521739,0.3864130434782609,0.421195652173913,0.44619565217391305,0.4701086956521739,0.47119565217391307,0.5081521739130435,0.5206521739130435,0.5239130434782608,0.5396739130434782,0.8695652173913043,0.8695652173913043,0.8043478260869565,0.7934782608695652,0.8695652173913043,0.8695652173913043,0.8043478260869565,0.7717391304347826,0.8369565217391305,0.75,0.6630434782608695,0.717391304347826],"Energy":{"Mean":-70.92013363501654,"Sigma":0.023907237860714553,"Taucorr":-0.007628047906132518},"EnergyVariance":{"Mean":0.6318540081696729,"Sigma":0.04245601984565805,"Taucorr":0.03145214978240756},"Iteration":486},
{"Acceptance":[0.33641304347826084,0.3652173913043478,0.3842391304347826,0.3923913043478261,0.42717391304347824,0.4494565217391304,0.4815217391304348,0.49619565217391304,0.4951086956521739,0.5092391304347826,0.5027173913043478,0.5201086956521739,0.9347826086956522,0.8913043478260869,0.8369565217391305,0.8478260869565217,0.8913043478260869,0.8913043478260869,0.8586956521739131,0.7608695652173914,0.717391304347826,0.7065217391304348,0.6739130434782609,0.6956521739130435],"Energy":{"Mean":-70.93867181666327,"Sigma":0.02318334729584556,"Taucorr":0.006255350685195553},"EnergyVariance":{"Mean":0.6193178830114071,"Sigma":0.04579635437150176,"Taucorr":-0.012285175374513674},"Iteration":487},
{"Acceptance":[0.29728260869565215,0.33858695652173915,0.3733695652173913,0.40217391304347827,0.41793478260869565,0.43369565217391304,0.47282608695652173,0.46358695652173915,0.4989130434782609,0.5016304347826087,0.5293478260869565,0.5467391304347826,0.7391304347826086,0.8043478260869565,0.8804347826086957,0.8695652173913043,0.8478260869565217,0.8260869565217391,0.7934782608695652,0.717391304347826,0.7065217391304348,0.717391304347826,0.6956521739130435,0.717391304347826],"Energy":{"Mean":-70.93058154582029,"Sigma":0.023721607159595513,"Taucorr":0.008885784523381008},"EnergyVariance":{"Mean":0.620005111133473,"Sigma":0.03921078595610109,"Taucorr":-0.0204385821064704},"Iteration":488},
{"Acceptance":[0.325,0.34130434782608693,0.36467391304347824,0.3983695652173913,0.41032608695652173,0.4315217391304348,0.45543478260869563,0.45815217391304347,0.47391304347826085,0.5108695652173914,0.5353260869565217,0.5527173913043478,0.8913043478260869,0.8913043478260869,0.8804347826086957,0.7608695652173914,0.75,0.8695652173913043,0.8586956521739131,0.7934782608695652,0.8152173913043478,0.7934782608695652,0.7391304347826086,0.7608695652173914],"Energy":{"Mean":-70.93688453651787,"Sigma":0.023562010402912878,"Taucorr":-0.011084921715292859},"EnergyVariance":{"Mean":0.6700400026343768,"Sigma":0.04394878691155397,"Taucorr":0.0095327291283911},"Iteration":489},
{"Acceptance":[0.33206521739130435,0.3532608695652174,0.34945652173913044,0.40706521739130436,0.3907608695652174,0.4315217391304348,0.4673913043478261,0.45271739130434785,0.4902173913043478,0.5195652173913043,0.503804347826087,0.5206521739130435,0.9130434782608695,0.8695652173913043,0.8260869565217391,0.8478260869565217,0.8586956521739131,0.8152173913043478,0.75,0.8043478260869565,0.8260869565217391,0.7717391304347826,0.6521739130434783,0.5217391304347826],"Energy":{"Mean":-70.9180155782657,"Sigma":0.022240491386904565,"Taucorr":-0.013236360707541752},"EnergyVariance":{"Mean":0.5734215825984257,"Sigma":0.03382471806026418,"Taucorr":-0.00834554365239114},"Iteration":490},
{"Acceptance":[0.3342391304347826,0.35978260869565215,0.3918478260869565,0.39891304347826084,0.4152173913043478,0.43478260869565216,0.4494565217391304,0.48695652173913045,0.4766304347826087,0.48641304347826086,0.525,0.5489130434782609,0.8478260869565217,0.8043478260869565,0.8043478260869565,0.8369565217391305,0.8586956521739131,0.8804347826086957,0.8478260869565217,0.75,0.7282608695652174,0.782608695652174,0.7608695652173914,0.7391304347826086],"Energy":{"Mean":-70.91984998231165,"Sigma":0.022897005904930195,"Taucorr":-0.003200919131901167},"EnergyVariance":{"Mean":0.6215613836893358,"Sigma":0.04009647303093216,"Taucorr":-0.0018807095735940786},"Iteration":491},
{"Acceptance":[0.30380434782608695,0.35706521739130437,0.33695652173913043,0.41630434782608694,0.3978260869565217,0.4326086956521739,0.4489130434782609,0.47608695652173916,0.4967391304347826,0.5125,0.5239130434782608,0.5222826086956521,0.8478260869565217,0.8586956521739131,0.8152173913043478,0.7934782608695652,0.8478260869565217,0.8913043478260869,0.8695652173913043,0.8152173913043478,0.8043478260869565,0.7934782608695652,0.7065217391304348,0.6304347826086957],"Energy":{"Mean":-70.94042905035425,"Sigma":0.02441229974834822,"Taucorr":0.02036253584812182},"EnergyVariance":{"Mean":0.6430687424844199,"Sigma":0.039219915569581716,"Taucorr":-0.00015255523825637857},"Iteration":492},
{"Acceptance":[0.3168478260869565,0.34945652173913044,0.35054347826086957,0.4027173913043478,0.42445652173913045,0.425,0.4668478260869565,0.4815217391304348,0.5076086956521739,0.5065217391304347,0.5010869565217392,0.5125,0.782608695652174,0.75,0.8152173913043478,0.9021739130434783,0.8260869565217391,0.8152173913043478,0.8152173913043478,0.782608695652174,0.7717391304347826,0.717391304347826,0.6956521739130435,0.6956521739130435],"Energy":{"Mean":-70.96192024216948,"Sigma":0.023320604091343376,"Taucorr":0.008882323235131008},"EnergyVariance":{"Mean":0.6069201038198254,"Sigma":0.03889983053327182,"Taucorr":0.017353833336866627},"Iteration":493},
{"Acceptance":[0.3190217391304348,0.35597826086956524,0.38913043478260867,0.39021739130434785,0.42445652173913045,0.4391304347826087,0.4369565217391304,0.46195652173913043,0.4673913043478261,0.5315217391304348,0.528804347826087,0.5184782608695652,0.8695652173913043,0.8586956521739131,0.8478260869565217,0.8369565217391305,0.8586956521739131,0.8586956521739131,0.7934782608695652,0.75,0.7391304347826086,0.75,0.6630434782608695,0.5652173913043478],"Energy":{"Mean":-70.91064364694084,"Sigma":0.02345742020497067,"Taucorr":-0.010764357554940332},"EnergyVariance":{"Mean":0.6365539081150712,"Sigma":0.03718514633441126,"Taucorr":0.023641726770846985},"Iteration":494},
{"Acceptance":[0.3027173913043478,0.3456521739130435,0.36630434782608695,0.4016304347826087,0.42880434782608695,0.43478260869565216,0.45652173913043476,0.46358695652173915,0.49619565217391304,0.5043478260869565,0.5320652173913043,0.5157608695652174,0.8695652173913043,0.8369565217391305,0.8152173913043478,0.8478260869565217,0.8260869565217391,0.782608695652174,0.7608695652173914,0.8043478260869565,0.8369565217391305,0.75,0.6630434782608695,0.6304347826086957],"Energy":{"Mean":-70.94467761880229,"Sigma":0.022261401424286214,"Taucorr":-0.015561100221733891},"EnergyVariance":{"Mean":0.5838545931463796,"Sigma":0.03527619353979139,"Taucorr":-0.03218718778449923},"Iteration":495},
{"Acceptance":[0.34347826086956523,0.3375,0.3706521739130435,0.40706521739130436,0.4320652173913043,0.4364130434782609,0.4358695652173913,0.4815217391304348,0.48097826086956524,0.5070652173913044,0.5141304347826087,0.5391304347826087,0.8043478260869565,0.8369565217391305,0.8369565217391305,0.8043478260869565,0.8043478260869565,0.7391304347826086,0.7282608695652174,0.7391304347826086,0.6956521739130435,0.75,0.7065217391304348,0.6086956521739131],"Energy":{"Mean":-70.93830774188962,"Sigma":0.023044261813826638,"Taucorr":-0.015118879874243927},"EnergyVariance":{"Mean":0.624262590364613,"Sigma":0.04080318140804174,"Taucorr":-0.003743630764496818},"Iteration":496},
{"Acceptance":[0.3298913043478261,0.3472826086956522,0.35380434782608694,0.39945652173913043,0.4385869565217391,0.46902173913043477,0.45054347826086955,0.48478260869565215,0.4945652173913043,0.5201086956521739,0.5277173913043478,0.5228260869565218,0.8695652173913043,0.9130434782608695,0.8804347826086957,0.8478260869565217,0.8695652173913043,0.8152173913043478,0.782608695652174,0.7717391304347826,0.7282608695652174,0.6847826086956522,0.6521739130434783,0.6304347826086957],"Energy":{"Mean":-70.90678469973093,"Sigma":0.02394983224708638,"Taucorr":0.0009255075625442093},"EnergyVariance":{"Mean":0.6646665558262396,"Sigma":0.04895675356426595,"Taucorr":0.044280573833820634},"Iteration":497},
{"Acceptance":[0.32771739130434785,0.3456521739130435,0.37282608695652175,0.4255434782608696,0.39891304347826084,0.4494565217391304,0.46902173913043477,0.45217391304347826,0.5146739130434783,0.5168478260869566,0.525,0.5157608695652174,0.8260869565217391,0.8695652173913043,0.8586956521739131,0.8260869565217391,0.8913043478260869,0.8804347826086957,0.8260869565217391,0.8478260869565217,0.782608695652174,0.6739130434782609,0.6195652173913043,0.5869565217391305],"Energy":{"Mean":-70.92784398796253,"Sigma":0.023560074827286368,"Taucorr":-0.015525870329051417},"EnergyVariance":{"Mean":0.6557236795477998,"Sigma":0.047553444902535165,"Taucorr":0.00840987624030252},"Iteration":498},
{"Acceptance":[0.30434782608695654,0.35,0.3744565217391304,0.3782608695652174,0.421195652173913,0.4489130434782609,0.46793478260869564,0.46467391304347827,0.503804347826087,0.5130434782608696,0.5347826086956522,0.5152173913043478,0.8913043478260869,0.8695652173913043,0.8478260869565217,0.9021739130434783,0.9021739130434783,0.8043478260869565,0.6956521739130435,0.717391304347826,0.8369565217391305,0.782608695652174,0.6304347826086957,0.5652173913043478],"Energy":{"Mean":-70.91802875847657,"Sigma":0.02414296013834716,"Taucorr":-0.0019602689669724316},"EnergyVariance":{"Mean":0.673942220543034,"Sigma":0.04076150527946614,"Taucorr":0.005415879149499939},"Iteration":499},
{"Acceptance":[0.3347826086956522,0.3690217391304348,0.3809782608695652,0.40054347826086956,0.41793478260869565,0.4266304347826087,0.4717391304347826,0.5016304347826087,0.5010869565217392,0.5125,0.5369565217391304,0.5244565217391305,0.8260869565217391,0.8152173913043478,0.8152173913043478,0.8586956521739131,0.8913043478260869,0.8478260869565217,0.8043478260869565,0.782608695652174,0.8043478260869565,0.8369565217391305,0.6847826086956522,0.5434782608695652],"Energy":{"Mean":-70.97572014250143,"Sigma":0.024493577433789077,"Taucorr":-0.0009423479235406799},"EnergyVariance":{"Mean":0.6628222952442674,"Sigma":0.041045473615987184,"Taucorr":0.022398513466052778},"Iteration":500},
{"Acceptance":[0.3239130434782609,0.3565217391304348,0.3581521739130435,0.3864130434782609,0.41304347826086957,0.4423913043478261,0.44565217391304346,0.475,0.49728260869565216,0.4994565217391304,0.5092391304347826,0.525,0.8478260869565217,0.8804347826086957,0.8586956521739131,0.8152173913043478,0.8152173913043478,0.8260869565217391,0.7934782608695652,0.7608695652173914,0.8260869565217391,0.782608695652174,0.7282608695652174,0.7608695652173914],"Energy":{"Mean":-70.93350140743722,"Sigma":0.020861745434575713,"Taucorr":-0.05088550703955139},"EnergyVariance":{"Mean":0.5554128621940694,"Sigma":0.031076877303625367,"Taucorr":0.017996719548899757},"Iteration":501},
{"Acceptance":[0.3005434782608696,0.33206521739130435,0.3755434782608696,0.3869565217391304,0.41847826086956524,0.4472826086956522,0.45217391304347826,0.5048913043478261,0.5114130434782609,0.4831521739130435,0.5342391304347827,0.5146739130434783,0.8478260869565217,0.8586956521739131,0.8152173913043478,0.8152173913043478,0.8586956521739131,0.8586956521739131,0.8152173913043478,0.8369565217391305,0.8260869565217391,0.7282608695652174,0.717391304347826,0.717391304347826],"Energy":{"Mean":-70.9409145979348,"Sigma":0.02755328346950577,"Taucorr":0.012723876920132994},"EnergyVariance":{"Mean":0.8277452920728873,"Sigma":0.21715395100249443,"Taucorr":0.029829480445960555},"Iteration":502},
{"Acceptance":[0.3201086956521739,0.34456521739130436,0.3760869565217391,0.3978260869565217,0.40597826086956523,0.4489130434782609,0.45869565217391306,0.4885869565217391,0.48206521739130437,0.5532608695652174,0.5271739130434783,0.5195652173913043,0.8260869565217391,0.7934782608695652,0.8260869565217391,0.8695652173913043,0.8478260869565217,0.8043478260869565,0.7934782608695652,0.8043478260869565,0.7717391304347826,0.7282608695652174,0.6413043478260869,0.5869565217391305],"Energy":{"Mean":-70.96523827025483,"Sigma":0.023514737008525896,"Taucorr":0.01348620332771442},"EnergyVariance":{"Mean":0.6121640036429715,"Sigma":0.04024383384686835,"Taucorr":-0.02450744225740263},"Iteration":503},
{"Acceptance":[0.35380434782608694,0.35434782608695653,0.3760869565217391,0.39565217391304347,0.42336956521739133,0.4532608695652174,0.4777173913043478,0.47282608695652173,0.48641304347826086,0.4923913043478261,0.5125,0.5309782608695652,0.7608695652173914,0.8369565217391305,0.9456521739130435,0.8913043478260869,0.8043478260869565,0.7934782608695652,0.7608695652173914,0.782608695652174,0.8369565217391305,0.782608695652174,0.6521739130434783,0.5869565217391305],"Energy":{"Mean":-70.9424580421251,"Sigma":0.02234154956875332,"Taucorr":0.023860130683677875},"EnergyVariance":{"Mean":0.5432720898474699,"Sigma":0.03403268084231056,"Taucorr":-0.03150769037932928},"Iteration":504},
{"Acceptance":[0.32119565217391305,0.3309782608695652,0.3766304347826087,0.3875,0.4141304347826087,0.42228260869565215,0.46956521739130436,0.4592391304347826,0.4891304347826087,0.4891304347826087,0.49619565217391304,0.5114130434782609,0.7608695652173914,0.7608695652173914,0.8478260869565217,0.9021739130434783,0.8695652173913043,0.8804347826086957,0.8152173913043478,0.7391304347826086,0.782608695652174,0.7717391304347826,0.6847826086956522,0.6521739130434783],"Energy":{"Mean":-70.93116196517089,"Sigma":0.022394400844346754,"Taucorr":-0.005641729340874653},"EnergyVariance":{"Mean":0.5895753179113115,"Sigma":0.034294612747998464,"Taucorr":-0.005993568547762421},"Iteration":505},
{"Acceptance":[0.3358695652173913,0.36086956521739133,0.3690217391304348,0.4076086956521739,0.42228260869565215,0.44782608695652176,0.45652173913043476,0.4766304347826087,0.5266304347826087,0.5092391304347826,0.5190217391304348,0.533695652173913,0.9347826086956522,0.9130434782608695,0.8369565217391305,0.8586956521739131,0.8913043478260869,0.7934782608695652,0.782608695652174,0.7717391304347826,0.717391304347826,0.7065217391304348,0.6739130434782609,0.6521739130434783],"Energy":{"Mean":-70.91806009775081,"Sigma":0.021120430364367445,"Taucorr":-0.01750829372940732},"EnergyVariance":{"Mean":0.5394976503249436,"Sigma":0.03207717405118956,"Taucorr":0.01262872506500004},"Iteration":506},
{"Acceptance":[0.33858695652173915,0.36195652173913045,0.36684782608695654,0.3869565217391304,0.42282608695652174,0.4157608695652174,0.45163043478260867,0.4902173913043478,0.4826086956521739,0.5179347826086956,0.5114130434782609,0.5358695652173913,0.782608695652174,0.8260869565217391,0.8804347826086957,0.8586956521739131,0.8260869565217391,0.782608695652174,0.782608695652174,0.717391304347826,0.6739130434782609,0.717391304347826,0.6847826086956522,0.6739130434782609],"Energy":{"Mean":-70.90197536661145,"Sigma":0.023417166683025615,"Taucorr":-0.009264940885016828},"EnergyVariance":{"Mean":0.6451076602020506,"Sigma":0.03556546027230053,"Taucorr":-0.027207952459549198},"Iteration":507},
{"Acceptance":[0.3391304347826087,0.3467391304347826,0.38532608695652176,0.40108695652173915,0.3978260869565217,0.44021739130434784,0.453804347826087,0.4673913043478261,0.5114130434782609,0.532608695652174,0.5592391304347826,0.5277173913043478,0.9130434782608695,0.8369565217391305,0.782608695652174,0.8478260869565217,0.8152173913043478,0.782608695652174,0.8478260869565217,0.8586956521739131,0.782608695652174,0.75,0.7065217391304348,0.6304347826086957],"Energy":{"Mean":-70.95346715544133,"Sigma":0.022352810843861298,"Taucorr":-0.0028838442643127882},"EnergyVariance":{"Mean":0.575673042060446,"Sigma":0.04042947716739028,"Taucorr":-0.017116840688268704},"Iteration":508},
{"Acceptance":[0.3190217391304348,0.3483695652173913,0.3581521739130435,0.38967391304347826,0.4152173913043478,0.44456521739130433,0.4592391304347826,0.4875,0.4875,0.5190217391304348,0.5130434782608696,0.5472826086956522,0.8478260869565217,0.8369565217391305,0.8586956521739131,0.8913043478260869,0.8478260869565217,0.8152173913043478,0.8152173913043478,0.8152173913043478,0.8043478260869565,0.7282608695652174,0.6847826086956522,0.6956521739130435],"Energy":{"Mean":-70.97934032081018,"Sigma":0.022945867415507307,"Taucorr":-0.021395864386169323},"EnergyVariance":{"Mean":0.6206835684885671,"Sigma":0.04022896753401425,"Taucorr":0.04922278894951798},"Iteration":509},
{"Acceptance":[0.31956521739130433,0.35597826086956524,0.3739130434782609,0.39945652173913043,0.40597826086956523,0.421195652173913,0.46847826086956523,0.47445652173913044,0.47934782608695653,0.5190217391304348,0.5467391304347826,0.5407608695652174,0.8695652173913043,0.8695652173913043,0.8478260869565217,0.7717391304347826,0.7934782608695652,0.8695652173913043,0.8043478260869565,0.7282608695652174,0.7608695652173914,0.8152173913043478,0.782608695652174,0.7391304347826086],"Energy":{"Mean":-70.95235178796263,"Sigma":0.022020070365026175,"Taucorr":-0.008319885195484189},"EnergyVariance":{"Mean":0.5709443794356214,"Sigma":0.04388935068326041,"Taucorr":0.0081763205932036},"Iteration":510},
{"Acceptance":[0.3423913043478261,0.34891304347826085,0.39293478260869563,0.3858695652173913,0.4043478260869565,0.4472826086956522,0.4467391304347826,0.48043478260869565,0.5054347826086957,0.5119565217391304,0.5195652173913043,0.4994565217391304,0.782608695652174,0.8152173913043478,0.8695652173913043,0.8913043478260869,0.8478260869565217,0.8260869565217391,0.8043478260869565,0.7608695652173914,0.75,0.6956521739130435,0.6521739130434783,0.6521739130434783],"Energy":{"Mean":-70.94096200879072,"Sigma":0.0231328651478578,"Taucorr":-0.014064797394695254},"EnergyVariance":{"Mean":0.6094926929821453,"Sigma":0.04412764964626021,"Taucorr":0.017394262244670743},"Iteration":511},
{"Acceptance":[0.3070652173913043,0.35597826086956524,0.3793478260869565,0.4,0.4331521739130435,0.46195652173913043,0.4657608695652174,0.4657608695652174,0.49130434782608695,0.5097826086956522,0.5331521739130435,0.5385869565217392,0.8043478260869565,0.7934782608695652,0.8152173913043478,0.8586956521739131,0.8695652173913043,0.8695652173913043,0.7934782608695652,0.7934782608695652,0.8260869565217391,0.7934782608695652,0.717391304347826,0.6304347826086957],"Energy":{"Mean":-70.93531763614754,"Sigma":0.021958900491820987,"Taucorr":-0.01576201580419672},"EnergyVariance":{"Mean":0.5618991617896215,"Sigma":0.03202321847288767,"Taucorr":0.020093345162966476},"Iteration":512},
{"Acceptance":[0.33206521739130435,0.34402173913043477,0.3581521739130435,0.3907608695652174,0.4108695652173913,0.43478260869565216,0.47934782608695653,0.4717391304347826,0.4777173913043478,0.5070652173913044,0.5260869565217391,0.4967391304347826,0.9130434782608695,0.9130434782608695,0.8913043478260869,0.7934782608695652,0.7608695652173914,0.8152173913043478,0.8260869565217391,0.8260869565217391,0.8152173913043478,0.6847826086956522,0.5434782608695652,0.5217391304347826],"Energy":{"Mean":-70.96551829999275,"Sigma":0.0226492453909415,"Taucorr":-0.015125354007592753},"EnergyVariance":{"Mean":0.5943109758415217,"Sigma":0.03260563375712726,"Taucorr":0.016378896511599683},"Iteration":513},
{"Acceptance":[0.3173913043478261,0.33858695652173915,0.3782608695652174,0.40869565217391307,0.43043478260869567,0.43478260869565216,0.4489130434782609,0.4668478260869565,0.47391304347826085,0.4875,0.5184782608695652,0.5130434782608696,0.9347826086956522,0.8478260869565217,0.8043478260869565,0.7934782608695652,0.7391304347826086,0.8152173913043478,0.8478260869565217,0.7608695652173914,0.782608695652174,0.8043478260869565,0.6195652173913043,0.4782608695652174],"Energy":{"Mean":-70.97677102553793,"Sigma":0.024521224543888095,"Taucorr":0.02004828530998907},"EnergyVariance":{"Mean":0.6384406798235808,"Sigma":0.040015162693370986,"Taucorr":-0.0021652043519567754},"Iteration":514},
{"Acceptance":[0.34619565217391307,0.34945652173913044,0.35054347826086957,0.38532608695652176,0.42282608695652174,0.4641304347826087,0.46141304347826084,0.4777173913043478,0.47934782608695653,0.5141304347826087,0.5320652173913043,0.5233695652173913,0.8043478260869565,0.8260869565217391,0.8369565217391305,0.7608695652173914,0.782608695652174,0.8586956521739131,0.7934782608695652,0.7391304347826086,0.7608695652173914,0.7608695652173914,0.7065217391304348,0.6739130434782609],"Energy":{"Mean":-70.9545240842214,"Sigma":0.02500016332609899,"Taucorr":0.033089922305865764},"EnergyVariance":{"Mean":0.695802781513704,"Sigma":0.09108491322931515,"Taucorr":0.06448096968143642},"Iteration":515},
{"Acceptance":[0.32608695652173914,0.3483695652173913,0.3798913043478261,0.39402173913043476,0.4358695652173913,0.4494565217391304,0.45543478260869563,0.48532608695652174,0.4994565217391304,0.5092391304347826,0.5103260869565217,0.5190217391304348,0.9130434782608695,0.8913043478260869,0.8369565217391305,0.782608695652174,0.8152173913043478,0.7934782608695652,0.7717391304347826,0.8260869565217391,0.8043478260869565,0.7391304347826086,0.6304347826086957,0.5652173913043478],"Energy":{"Mean":-70.96123596174424,"Sigma":0.02290050992507542,"Taucorr":-0.0003420411854097444},"EnergyVariance":{"Mean":0.6038532984984105,"Sigma":0.03958819623769191,"Taucorr":-0.008046745928211156},"Iteration":516},
{"Acceptance":[0.3233695652173913,0.3467391304347826,0.3532608695652174,0.3842391304347826,0.42445652173913045,0.4309782608695652,0.46304347826086956,0.46304347826086956,0.483695652173913,0.5048913043478261,0.5081521739130435,0.5364130434782609,0.9130434782608695,0.8695652173913043,0.7934782608695652,0.75,0.7717391304347826,0.8043478260869565,0.8152173913043478,0.8369565217391305,0.7934782608695652,0.7065217391304348,0.717391304347826,0.7608695652173914],"Energy":{"Mean":-70.95150908879747,"Sigma":0.023877010936652763,"Taucorr":0.005959985286652793},"EnergyVariance":{"Mean":0.634812608807128,"Sigma":0.04395337629128448,"Taucorr":0.0008914470587705012},"Iteration":517},
{"Acceptance":[0.3190217391304348,0.34619565217391307,0.37119565217391304,0.4048913043478261,0.4048913043478261,0.4326086956521739,0.46358695652173915,0.475,0.5016304347826087,0.49728260869565216,0.5190217391304348,0.5407608695652174,0.9130434782608695,0.9130434782608695,0.8152173913043478,0.782608695652174,0.8152173913043478,0.782608695652174,0.7934782608695652,0.782608695652174,0.7608695652173914,0.75,0.6739130434782609,0.6086956521739131],"Energy":{"Mean":-70.92511502352893,"Sigma":0.02280748152588904,"Taucorr":-0.0032954257897234857},"EnergyVariance":{"Mean":0.6056907092601734,"Sigma":0.03787471908271076,"Taucorr":-0.03648171625525178},"Iteration":518},
{"Acceptance":[0.31956521739130433,0.3472826086956522,0.3641304347826087,0.39945652173913043,0.4048913043478261,0.4418478260869565,0.46358695652173915,0.45652173913043476,0.47934782608695653,0.5157608695652174,0.5282608695652173,0.5211956521739131,0.9347826086956522,0.9021739130434783,0.8478260869565217,0.8586956521739131,0.8369565217391305,0.7934782608695652,0.75,0.717391304347826,0.8152173913043478,0.7391304347826086,0.6195652173913043,0.6521739130434783],"Energy":{"Mean":-70.93268768434515,"Sigma":0.02324162597847665,"Taucorr":-0.02058196291112561},"EnergyVariance":{"Mean":0.6509387765636525,"Sigma":0.043520766377432824,"Taucorr":0.01241737849502258},"Iteration":519},
{"Acceptance":[0.3217391304347826,0.33206521739130435,0.3739130434782609,0.4206521739130435,0.41956521739130437,0.42880434782608695,0.45760869565217394,0.4771739130434783,0.5097826086956522,0.4902173913043478,0.5407608695652174,0.5255434782608696,0.8913043478260869,0.8913043478260869,0.8586956521739131,0.8369565217391305,0.8913043478260869,0.8369565217391305,0.7934782608695652,0.7934782608695652,0.7391304347826086,0.7608695652173914,0.6956521739130435,0.6086956521739131],"Energy":{"Mean":-70.98812611476006,"Sigma":0.023433734373025993,"Taucorr":-0.0069678896500038265},"EnergyVariance":{"Mean":0.6195310165936503,"Sigma":0.04789208536058117,"Taucorr":-0.006617900018566203},"Iteration":520},
{"Acceptance":[0.3233695652173913,0.3625,0.3641304347826087,0.3864130434782609,0.41739130434782606,0.4315217391304348,0.4472826086956522,0.4951086956521739,0.5,0.5027173913043478,0.5195652173913043,0.4989130434782609,0.8478260869565217,0.8695652173913043,0.8586956521739131,0.8260869565217391,0.8043478260869565,0.782608695652174,0.8043478260869565,0.8152173913043478,0.782608695652174,0.6956521739130435,0.5543478260869565,0.4782608695652174],"Energy":{"Mean":-70.93860135833165,"Sigma":0.022484520891980192,"Taucorr":0.021947188096977027},"EnergyVariance":{"Mean":0.549653296620955,"Sigma":0.031118066457574325,"Taucorr":0.012651426265915339},"Iteration":521},
{"Acceptance":[0.3135869565217391,0.3407608695652174,0.3625,0.4032608695652174,0.41195652173913044,0.45163043478260867,0.4771739130434783,0.48641304347826086,0.4967391304347826,0.5168478260869566,0.5,0.529891304347826,0.9130434782608695,0.8804347826086957,0.8260869565217391,0.8695652173913043,0.8913043478260869,0.8043478260869565,0.7717391304347826,0.782608695652174,0.7391304347826086,0.6739130434782609,0.6739130434782609,0.6956521739130435],"Energy":{"Mean":-70.93036929640057,"Sigma":0.025835975770906874,"Taucorr":-0.005482077550693842},"EnergyVariance":{"Mean":0.7275391002514242,"Sigma":0.06523128067007798,"Taucorr":-0.002471796690485017},"Iteration":522},
{"Acceptance":[0.3353260869565217,0.34782608695652173,0.3907608695652174,0.3918478260869565,0.42934782608695654,0.4141304347826087,0.47391304347826085,0.4875,0.48532608695652174,0.5135869565217391,0.5065217391304347,0.5217391304347826,0.9130434782608695,0.8586956521739131,0.8260869565217391,0.8695652173913043,0.8913043478260869,0.8369565217391305,0.7717391304347826,0.75,0.7717391304347826,0.782608695652174,0.5543478260869565,0.34782608695652173],"Energy":{"Mean":-70.92259750424226,"Sigma":0.023458970329119377,"Taucorr":0.012485305951526686},"EnergyVariance":{"Mean":0.6052048513837359,"Sigma":0.034017507223899894,"Taucorr":-0.033310605224323976},"Iteration":523},
{"Acceptance":[0.3402173913043478,0.3782608695652174,0.39456521739130435,0.3717391304347826,0.4108695652173913,0.4326086956521739,0.45543478260869563,0.47119565217391307,0.475,0.5114130434782609,0.5163043478260869,0.5081521739130435,0.8913043478260869,0.8913043478260869,0.8804347826086957,0.8152173913043478,0.7934782608695652,0.8152173913043478,0.7934782608695652,0.782608695652174,0.8043478260869565,0.717391304347826,0.5869565217391305,0.5652173913043478],"Energy":{"Mean":-70.94521907376519,"Sigma":0.021176321289940167,"Taucorr":-0.02169173045551385},"EnergyVariance":{"Mean":0.543825214213778,"Sigma":0.03291808830417886,"Taucorr":0.007020821947823694},"Iteration":524},
{"Acceptance":[0.3402173913043478,0.3347826086956522,0.38967391304347826,0.3782608695652174,0.4146739130434783,0.4152173913043478,0.4451086956521739,0.4673913043478261,0.48695652173913045,0.49782608695652175,0.5173913043478261,0.5391304347826087,0.8913043478260869,0.9021739130434783,0.8804347826086957,0.7608695652173914,0.782608695652174,0.8695652173913043,0.7717391304347826,0.7391304347826086,0.7391304347826086,0.7065217391304348,0.6739130434782609,0.6304347826086957],"Energy":{"Mean":-70.95087908221187,"Sigma":0.02399250959293046,"Taucorr":0.005420957513230476},"EnergyVariance":{"Mean":0.6409777136765652,"Sigma":0.044817530352493425,"Taucorr":-0.031883416189752274},"Iteration":525},
{"Acceptance":[0.325,0.3342391304347826,0.3755434782608696,0.4190217391304348,0.40380434782608693,0.43532608695652175,0.4592391304347826,0.47880434782608694,0.4608695652173913,0.483695652173913,0.5282608695652173,0.5451086956521739,0.8260869565217391,0.8586956521739131,0.8804347826086957,0.8695652173913043,0.8478260869565217,0.8478260869565217,0.8260869565217391,0.7717391304347826,0.7934782608695652,0.7282608695652174,0.7065217391304348,0.782608695652174],"Energy":{"Mean":-70.94704716315539,"Sigma":0.02182233782915978,"Taucorr":-0.012358119887040447},"EnergyVariance":{"Mean":0.5870817688253337,"Sigma":0.03277415206865227,"Taucorr":-0.008155001234980662},"Iteration":526},
{"Acceptance":[0.3358695652173913,0.36141304347826086,0.3690217391304348,0.39891304347826084,0.42934782608695654,0.4489130434782609,0.4625,0.4407608695652174,0.4885869565217391,0.5059782608695652,0.5217391304347826,0.5342391304347827,0.8695652173913043,0.8478260869565217,0.8804347826086957,0.8804347826086957,0.782608695652174,0.7391304347826086,0.7717391304347826,0.8043478260869565,0.8260869565217391,0.7717391304347826,0.6413043478260869,0.5869565217391305],"Energy":{"Mean":-70.95406692133929,"Sigma":0.02238041424457113,"Taucorr":-0.006368403335150967},"EnergyVariance":{"Mean":0.5795080019139892,"Sigma":0.03404667677808704,"Taucorr":0.0382727947166513},"Iteration":527},
{"Acceptance":[0.3309782608695652,0.36086956521739133,0.391304347826087,0.3815217391304348,0.40597826086956523,0.42336956521739133,0.4641304347826087,0.46630434782608693,0.4907608695652174,0.5163043478260869,0.5222826086956521,0.5152173913043478,0.7608695652173914,0.8369565217391305,0.8586956521739131,0.8369565217391305,0.75,0.7391304347826086,0.7608695652173914,0.7391304347826086,0.7717391304347826,0.7391304347826086,0.6739130434782609,0.6086956521739131],"Energy":{"Mean":-70.92005946495765,"Sigma":0.02282300228825944,"Taucorr":0.012909302163084427},"EnergyVariance":{"Mean":0.5586309263205376,"Sigma":0.03212833908549328,"Taucorr":0.019794376401506816},"Iteration":528},
{"Acceptance":[0.3298913043478261,0.35434782608695653,0.3630434782608696,0.3972826086956522,0.40054347826086956,0.4342391304347826,0.453804347826087,0.4826086956521739,0.49293478260869567,0.5157608695652174,0.5070652173913044,0.5125,0.9130434782608695,0.9239130434782609,0.8695652173913043,0.8369565217391305,0.782608695652174,0.7608695652173914,0.8586956521739131,0.8804347826086957,0.7934782608695652,0.6739130434782609,0.6086956521739131,0.5869565217391305],"Energy":{"Mean":-70.88385208641341,"Sigma":0.023768171930199464,"Taucorr":-0.01821384651356526},"EnergyVariance":{"Mean":0.6679266687041432,"Sigma":0.05727207157829167,"Taucorr":-0.012190515327248524},"Iteration":529},
{"Acceptance":[0.34402173913043477,0.32717391304347826,0.3565217391304348,0.3972826086956522,0.425,0.46358695652173915,0.48586956521739133,0.4641304347826087,0.5,0.5016304347826087,0.5059782608695652,0.5239130434782608,0.8695652173913043,0.8913043478260869,0.8478260869565217,0.7608695652173914,0.7717391304347826,0.8369565217391305,0.8369565217391305,0.8586956521739131,0.782608695652174,0.6413043478260869,0.6413043478260869,0.6521739130434783],"Energy":{"Mean":-70.90530864982016,"Sigma":0.022755883799115213,"Taucorr":-0.007846500833365138},"EnergyVariance":{"Mean":0.6067454187766844,"Sigma":0.046986170972798995,"Taucorr":-0.0391861743911546},"Iteration":530},
{"Acceptance":[0.3407608695652174,0.33152173913043476,0.36032608695652174,0.3804347826086957,0.4358695652173913,0.44782608695652176,0.453804347826087,0.4668478260869565,0.5016304347826087,0.49782608695652175,0.49619565217391304,0.5032608695652174,0.8478260869565217,0.8586956521739131,0.8152173913043478,0.782608695652174,0.8152173913043478,0.8478260869565217,0.7934782608695652,0.7934782608695652,0.7934782608695652,0.6304347826086957,0.5760869565217391,0.6086956521739131],"Energy":{"Mean":-70.93178873595166,"Sigma":0.02353960052661908,"Taucorr":0.00149555465856181},"EnergyVariance":{"Mean":0.6178370399640245,"Sigma":0.03650311369733198,"Taucorr":0.012238157992113469},"Iteration":531},
{"Acceptance":[0.3375,0.36032608695652174,0.37717391304347825,0.39402173913043476,0.4190217391304348,0.4369565217391304,0.46195652173913043,0.49782608695652175,0.4923913043478261,0.4934782608695652,0.5179347826086956,0.5347826086956522,0.8913043478260869,0.9021739130434783,0.8695652173913043,0.8369565217391305,0.8695652173913043,0.8478260869565217,0.8369565217391305,0.7934782608695652,0.7065217391304348,0.7608695652173914,0.717391304347826,0.6086956521739131],"Energy":{"Mean":-70.92556940737688,"Sigma":0.023512432953077072,"Taucorr":-0.01712834355755479},"EnergyVariance":{"Mean":0.6358689709215537,"Sigma":0.0461041347620314,"Taucorr":0.005958975339728774},"Iteration":532},
{"Acceptance":[0.328804347826087,0.36086956521739133,0.3875,0.40652173913043477,0.4,0.45,0.4548913043478261,0.49184782608695654,0.5065217391304347,0.5103260869565217,0.5293478260869565,0.5119565217391304,0.8478260869565217,0.8695652173913043,0.8804347826086957,0.8478260869565217,0.8695652173913043,0.8152173913043478,0.7934782608695652,0.8586956521739131,0.7717391304347826,0.717391304347826,0.6630434782608695,0.5869565217391305],"Energy":{"Mean":-70.9229211453346,"Sigma":0.02475202191156534,"Taucorr":0.02870505952741616},"EnergyVariance":{"Mean":0.648326070168014,"Sigma":0.051598251227313395,"Taucorr":-0.0013473733805950312},"Iteration":533},
{"Acceptance":[0.33260869565217394,0.35597826086956524,0.3739130434782609,0.40652173913043477,0.425,0.4277173913043478,0.4766304347826087,0.47119565217391307,0.5141304347826087,0.5,0.5130434782608696,0.5016304347826087,0.8478260869565217,0.8152173913043478,0.8695652173913043,0.9021739130434783,0.8695652173913043,0.8913043478260869,0.8152173913043478,0.782608695652174,0.7282608695652174,0.7391304347826086,0.7282608695652174,0.6086956521739131],"Energy":{"Mean":-70.9431955017508,"Sigma":0.022751653211398867,"Taucorr":0.004950878199880024},"EnergyVariance":{"Mean":0.6064847618507029,"Sigma":0.06568591950174592,"Taucorr":-0.0015474670995519468},"Iteration":534},
{"Acceptance":[0.3423913043478261,0.3635869565217391,0.37771739130434784,0.40869565217391307,0.42445652173913045,0.45543478260869563,0.46630434782608693,0.4766304347826087,0.4842391304347826,0.5157608695652174,0.5217391304347826,0.5092391304347826,0.8913043478260869,0.8695652173913043,0.8478260869565217,0.8152173913043478,0.8586956521739131,0.8804347826086957,0.8043478260869565,0.7391304347826086,0.6956521739130435,0.7391304347826086,0.5978260869565217,0.41304347826086957],"Energy":{"Mean":-70.92306444073144,"Sigma":0.02166384035087879,"Taucorr":-0.0029912640752631178},"EnergyVariance":{"Mean":0.5605300519670166,"Sigma":0.03565679232517401,"Taucorr":0.03866121957678747},"Iteration":535},
{"Acceptance":[0.33315217391304347,0.3532608695652174,0.3565217391304348,0.38804347826086955,0.4255434782608696,0.4217391304347826,0.4385869565217391,0.4766304347826087,0.4891304347826087,0.5195652173913043,0.5130434782608696,0.5108695652173914,0.9130434782608695,0.9130434782608695,0.8913043478260869,0.8804347826086957,0.8586956521739131,0.8586956521739131,0.8152173913043478,0.782608695652174,0.7934782608695652,0.7608695652173914,0.7065217391304348,0.6521739130434783],"Energy":{"Mean":-70.94513105928019,"Sigma":0.024583538151679945,"Taucorr":0.006203590250378932},"EnergyVariance":{"Mean":0.6676346913123868,"Sigma":0.04921733226942068,"Taucorr":-0.0011567778057343635},"Iteration":536},
{"Acceptance":[0.3244565217391304,0.3451086956521739,0.36141304347826086,0.3918478260869565,0.41630434782608694,0.4391304347826087,0.46195652173913043,0.4717391304347826,0.4831521739130435,0.48586956521739133,0.5211956521739131,0.5423913043478261,0.8478260869565217,0.8369565217391305,0.8586956521739131,0.8260869565217391,0.7717391304347826,0.8260869565217391,0.8260869565217391,0.7934782608695652,0.7934782608695652,0.717391304347826,0.7282608695652174,0.8043478260869565],"Energy":{"Mean":-70.94013627208756,"Sigma":0.02365017318338471,"Taucorr":0.001152344466261492},"EnergyVariance":{"Mean":0.6207344151516625,"Sigma":0.03869257808753745,"Taucorr":0.013042730487268747},"Iteration":537},
{"Acceptance":[0.32065217391304346,0.35706521739130437,0.358695652173913,0.39891304347826084,0.41956521739130437,0.4375,0.4315217391304348,0.4733695652173913,0.5070652173913044,0.5054347826086957,0.5260869565217391,0.5228260869565218,0.9130434782608695,0.8913043478260869,0.8478260869565217,0.8369565217391305,0.7717391304347826,0.782608695652174,0.8695652173913043,0.8913043478260869,0.8369565217391305,0.7608695652173914,0.7391304347826086,0.717391304347826],"Energy":{"Mean":-70.89947442166572,"Sigma":0.025219817188446708,"Taucorr":0.05469663536864946},"EnergyVariance":{"Mean":0.6578254024235726,"Sigma":0.05349058931263572,"Taucorr":0.07719969786042634},"Iteration":538},
{"Acceptance":[0.3375,0.3652173913043478,0.3592391304347826,0.3923913043478261,0.39945652173913043,0.4315217391304348,0.453804347826087,0.4880434782608696,0.4777173913043478,0.4934782608695652,0.5266304347826087,0.5277173913043478,0.8478260869565217,0.8260869565217391,0.8804347826086957,0.8695652173913043,0.8260869565217391,0.8478260869565217,0.7717391304347826,0.7717391304347826,0.7717391304347826,0.7717391304347826,0.8043478260869565,0.782608695652174],"Energy":{"Mean":-70.96241521316027,"Sigma":0.02147569464372073,"Taucorr":-0.0005995441094422427},"EnergyVariance":{"Mean":0.5834679698574712,"Sigma":0.056251005950168666,"Taucorr":-0.008162616371736686},"Iteration":539},
{"Acceptance":[0.325,0.36141304347826086,0.36630434782608695,0.3804347826086957,0.3923913043478261,0.4358695652173913,0.4391304347826087,0.4706521739130435,0.4771739130434783,0.4826086956521739,0.5027173913043478,0.5391304347826087,0.8260869565217391,0.8478260869565217,0.8913043478260869,0.9021739130434783,0.8586956521739131,0.7934782608695652,0.8043478260869565,0.8152173913043478,0.7934782608695652,0.7391304347826086,0.6630434782608695,0.6521739130434783],"Energy":{"Mean":-70.89034502089572,"Sigma":0.02242409211316579,"Taucorr":-0.011750395810650313},"EnergyVariance":{"Mean":0.5802400768364085,"Sigma":0.04104576877385345,"Taucorr":0.032579978803284046},"Iteration":540},
{"Acceptance":[0.30217391304347824,0.3472826086956522,0.37119565217391304,0.3875,0.41032608695652173,0.4429347826086957,0.44456521739130433,0.46358695652173915,0.4923913043478261,0.4842391304347826,0.503804347826087,0.5309782608695652,0.8478260869565217,0.8586956521739131,0.8586956521739131,0.8260869565217391,0.8152173913043478,0.8695652173913043,0.8586956521739131,0.8152173913043478,0.75,0.717391304347826,0.75,0.7391304347826086],"Energy":{"Mean":-70.91728634562422,"Sigma":0.024953287010462566,"Taucorr":0.028982944386270516},"EnergyVariance":{"Mean":0.6636744974865468,"Sigma":0.048082556183765,"Taucorr":0.0289796980636929},"Iteration":541},
{"Acceptance":[0.3239130434782609,0.3418478260869565,0.3690217391304348,0.38967391304347826,0.42228260869565215,0.43369565217391304,0.4592391304347826,0.475,0.4782608695652174,0.5048913043478261,0.5130434782608696,0.5277173913043478,0.9565217391304348,0.8804347826086957,0.8695652173913043,0.8804347826086957,0.7934782608695652,0.8260869565217391,0.8369565217391305,0.8478260869565217,0.8043478260869565,0.7391304347826086,0.6956521739130435,0.6086956521739131],"Energy":{"Mean":-70.93564219160739,"Sigma":0.024810212882929946,"Taucorr":0.007860751432211592},"EnergyVariance":{"Mean":0.6941889661372485,"Sigma":0.05876317910382072,"Taucorr":-0.002639398653523426},"Iteration":542},
{"Acceptance":[0.33641304347826084,0.36141304347826086,0.3804347826086957,0.4043478260869565,0.41793478260869565,0.42934782608695654,0.4777173913043478,0.48043478260869565,0.45706521739130435,0.5282608695652173,0.5092391304347826,0.5347826086956522,0.8913043478260869,0.8695652173913043,0.8369565217391305,0.8369565217391305,0.8586956521739131,0.8804347826086957,0.8260869565217391,0.7608695652173914,0.7608695652173914,0.782608695652174,0.7717391304347826,0.7391304347826086],"Energy":{"Mean":-70.95178416947307,"Sigma":0.021360872827460294,"Taucorr":-0.05281467510997299},"EnergyVariance":{"Mean":0.5839130148210553,"Sigma":0.03934441726926307,"Taucorr":0.030880408100635314},"Iteration":543},
{"Acceptance":[0.3076086956521739,0.3391304347826087,0.358695652173913,0.39293478260869563,0.41956521739130437,0.4260869565217391,0.45869565217391306,0.5010869565217392,0.4885869565217391,0.48967391304347824,0.533695652173913,0.5347826086956522,0.8695652173913043,0.8369565217391305,0.8043478260869565,0.8478260869565217,0.8152173913043478,0.8369565217391305,0.8369565217391305,0.8152173913043478,0.7608695652173914,0.6956521739130435,0.7934782608695652,0.8260869565217391],"Energy":{"Mean":-70.92097972492682,"Sigma":0.022919686472995655,"Taucorr":-0.006804410170089946},"EnergyVariance":{"Mean":0.5881012554926643,"Sigma":0.04576554174152836,"Taucorr":0.00511666482020198},"Iteration":544},
{"Acceptance":[0.32608695652173914,0.36195652173913045,0.38532608695652176,0.3798913043478261,0.4032608695652174,0.42934782608695654,0.47119565217391307,0.47608695652173916,0.5119565217391304,0.5135869565217391,0.5201086956521739,0.5239130434782608,0.9565217391304348,0.8695652173913043,0.7717391304347826,0.7934782608695652,0.8043478260869565,0.8260869565217391,0.8369565217391305,0.8043478260869565,0.75,0.7282608695652174,0.6956521739130435,0.6304347826086957],"Energy":{"Mean":-70.95713220652196,"Sigma":0.022230168061466975,"Taucorr":-0.00045984144795681997},"EnergyVariance":{"Mean":0.5704664667163359,"Sigma":0.041223943931198125,"Taucorr":-0.0021349985480669104},"Iteration":545},
{"Acceptance":[0.328804347826087,0.3451086956521739,0.3826086956521739,0.40054347826086956,0.4027173913043478,0.41684782608695653,0.46195652173913043,0.46630434782608693,0.475,0.49619565217391304,0.5342391304347827,0.5119565217391304,0.8478260869565217,0.8586956521739131,0.7934782608695652,0.8043478260869565,0.8695652173913043,0.7934782608695652,0.7608695652173914,0.7608695652173914,0.7282608695652174,0.7391304347826086,0.7065217391304348,0.6521739130434783],"Energy":{"Mean":-71.00506462591049,"Sigma":0.025446520294644743,"Taucorr":0.009766781957239795},"EnergyVariance":{"Mean":0.6883793846711477,"Sigma":0.05565988597207782,"Taucorr":0.010037404878407723},"Iteration":546},
{"Acceptance":[0.33206521739130435,0.3309782608695652,0.3641304347826087,0.38206521739130433,0.4331521739130435,0.4369565217391304,0.46358695652173915,0.4831521739130435,0.4902173913043478,0.5070652173913044,0.5163043478260869,0.5434782608695652,0.9130434782608695,0.8804347826086957,0.8695652173913043,0.9021739130434783,0.8586956521739131,0.8043478260869565,0.8369565217391305,0.8260869565217391,0.7065217391304348,0.6956521739130435,0.7717391304347826,0.782608695652174],"Energy":{"Mean":-70.86192525446332,"Sigma":0.02095146770123772,"Taucorr":-0.009695243391681879},"EnergyVariance":{"Mean":0.5119271377364458,"Sigma":0.0292595918810961,"Taucorr":0.005151890294026201},"Iteration":547},
{"Acceptance":[0.3239130434782609,0.34782608695652173,0.35054347826086957,0.39021739130434785,0.40869565217391307,0.4532608695652174,0.46793478260869564,0.48043478260869565,0.4945652173913043,0.5005434782608695,0.5304347826086957,0.5505434782608696,0.8913043478260869,0.8804347826086957,0.8152173913043478,0.8043478260869565,0.8260869565217391,0.8260869565217391,0.8260869565217391,0.8369565217391305,0.8043478260869565,0.782608695652174,0.7934782608695652,0.7608695652173914],"Energy":{"Mean":-70.95111054440191,"Sigma":0.02316135336454779,"Taucorr":0.0072736167112364275},"EnergyVariance":{"Mean":0.5996118183526548,"Sigma":0.048331452101762436,"Taucorr":0.004405180799247732},"Iteration":548},
{"Acceptance":[0.33369565217391306,0.3516304347826087,0.3967391304347826,0.39456521739130435,0.41358695652173916,0.4358695652173913,0.49184782608695654,0.47989130434782606,0.5021739130434782,0.5130434782608696,0.528804347826087,0.529891304347826,0.6956521739130435,0.75,0.8152173913043478,0.8260869565217391,0.8695652173913043,0.9130434782608695,0.8369565217391305,0.7717391304347826,0.8152173913043478,0.7391304347826086,0.5217391304347826,0.41304347826086957],"Energy":{"Mean":-70.98561005307023,"Sigma":0.021333137084830756,"Taucorr":-0.07132842830648307},"EnergyVariance":{"Mean":0.6048912337268041,"Sigma":0.046698179332287544,"Taucorr":0.008968035560694304},"Iteration":549},
{"Acceptance":[0.3141304347826087,0.3418478260869565,0.3701086956521739,0.3782608695652174,0.40597826086956523,0.4385869565217391,0.45054347826086955,0.4608695652173913,0.503804347826087,0.508695652173913,0.4934782608695652,0.5114130434782609,0.8913043478260869,0.9021739130434783,0.8586956521739131,0.8369565217391305,0.8043478260869565,0.7282608695652174,0.7934782608695652,0.8152173913043478,0.7065217391304348,0.6413043478260869,0.6956521739130435,0.7608695652173914],"Energy":{"Mean":-70.91340694520237,"Sigma":0.02287933541707125,"Taucorr":0.02711321358442075},"EnergyVariance":{"Mean":0.5727248915520227,"Sigma":0.036031592265325194,"Taucorr":-0.023577797744081867},"Iteration":550},
{"Acceptance":[0.3092391304347826,0.33858695652173915,0.3673913043478261,0.3815217391304348,0.42391304347826086,0.4320652173913043,0.4423913043478261,0.48532608695652174,0.48206521739130437,0.5141304347826087,0.5293478260869565,0.5271739130434783,0.9130434782608695,0.8913043478260869,0.8478260869565217,0.8695652173913043,0.8369565217391305,0.7608695652173914,0.7391304347826086,0.7391304347826086,0.75,0.7282608695652174,0.7391304347826086,0.7608695652173914],"Energy":{"Mean":-70.93523254744257,"Sigma":0.023857147334444665,"Taucorr":0.023728023370986662},"EnergyVariance":{"Mean":0.6091016109947708,"Sigma":0.041794722814779424,"Taucorr":0.029605998179977094},"Iteration":551},
{"Acceptance":[0.31956521739130433,0.35,0.35108695652173916,0.39619565217391306,0.425,0.4260869565217391,0.45217391304347826,0.45815217391304347,0.475,0.5065217391304347,0.5266304347826087,0.5222826086956521,0.782608695652174,0.8043478260869565,0.8804347826086957,0.9239130434782609,0.8695652173913043,0.782608695652174,0.7717391304347826,0.7934782608695652,0.8695652173913043,0.8478260869565217,0.6630434782608695,0.5869565217391305],"Energy":{"Mean":-70.8961059949579,"Sigma":0.022296249128345626,"Taucorr":0.016898137588198737},"EnergyVariance":{"Mean":0.5614488621706442,"Sigma":0.0374997480337711,"Taucorr":0.0037335869968308046},"Iteration":552},
{"Acceptance":[0.33804347826086956,0.3690217391304348,0.3804347826086957,0.4081521739130435,0.4190217391304348,0.43967391304347825,0.4418478260869565,0.48043478260869565,0.4934782608695652,0.4891304347826087,0.5070652173913044,0.5184782608695652,0.8043478260869565,0.8152173913043478,0.8804347826086957,0.8913043478260869,0.8260869565217391,0.7934782608695652,0.8152173913043478,0.8369565217391305,0.7282608695652174,0.7282608695652174,0.6630434782608695,0.5],"Energy":{"Mean":-70.94450080294283,"Sigma":0.021262543860428165,"Taucorr":-0.002450590290973361},"EnergyVariance":{"Mean":0.5195213070799809,"Sigma":0.03013389215419948,"Taucorr":0.03165450743370987},"Iteration":553},
{"Acceptance":[0.3179347826086957,0.3695652173913043,0.36467391304347824,0.38967391304347826,0.42336956521739133,0.4597826086956522,0.4543478260869565,0.46902173913043477,0.4880434782608696,0.5081521739130435,0.5244565217391305,0.5277173913043478,0.8478260869565217,0.8586956521739131,0.8586956521739131,0.8260869565217391,0.782608695652174,0.7391304347826086,0.7717391304347826,0.7934782608695652,0.7065217391304348,0.75,0.717391304347826,0.5869565217391305],"Energy":{"Mean":-70.91385085550438,"Sigma":0.022824589487140726,"Taucorr":-0.014812041183621274},"EnergyVariance":{"Mean":0.625402470854888,"Sigma":0.04841236631309719,"Taucorr":0.01570832258676497},"Iteration":554},
{"Acceptance":[0.3065217391304348,0.3625,0.36630434782608695,0.39456521739130435,0.421195652173913,0.43478260869565216,0.4494565217391304,0.47445652173913044,0.5108695652173914,0.5152173913043478,0.5211956521739131,0.5260869565217391,0.717391304347826,0.7608695652173914,0.7934782608695652,0.8043478260869565,0.8260869565217391,0.8369565217391305,0.8043478260869565,0.782608695652174,0.7934782608695652,0.7608695652173914,0.6847826086956522,0.6304347826086957],"Energy":{"Mean":-70.93347373564457,"Sigma":0.021654897019894353,"Taucorr":0.0023887012341939212},"EnergyVariance":{"Mean":0.5341484916063921,"Sigma":0.03168218781027543,"Taucorr":0.021560887174001103},"Iteration":555},
{"Acceptance":[0.31956521739130433,0.35597826086956524,0.36467391304347824,0.39619565217391306,0.4206521739130435,0.4206521739130435,0.4597826086956522,0.48043478260869565,0.5010869565217392,0.508695652173913,0.5423913043478261,0.5076086956521739,0.8043478260869565,0.8369565217391305,0.8043478260869565,0.8260869565217391,0.8913043478260869,0.8369565217391305,0.8152173913043478,0.8152173913043478,0.717391304347826,0.6956521739130435,0.6086956521739131,0.45652173913043476],"Energy":{"Mean":-70.94977318107946,"Sigma":0.023324113731526052,"Taucorr":0.01794005006033195},"EnergyVariance":{"Mean":0.5835417260149288,"Sigma":0.04692273843085291,"Taucorr":0.008407134612701435},"Iteration":556},
{"Acceptance":[0.3168478260869565,0.35434782608695653,0.3733695652173913,0.39021739130434785,0.421195652173913,0.45271739130434785,0.44456521739130433,0.47282608695652173,0.5,0.5059782608695652,0.5255434782608696,0.5418478260869565,0.8478260869565217,0.8043478260869565,0.7391304347826086,0.75,0.8260869565217391,0.8913043478260869,0.8260869565217391,0.7934782608695652,0.782608695652174,0.7608695652173914,0.7717391304347826,0.7391304347826086],"Energy":{"Mean":-70.95820849169336,"Sigma":0.024117507559233312,"Taucorr":0.024442448602082625},"EnergyVariance":{"Mean":0.6133779240897262,"Sigma":0.03843086198359386,"Taucorr":0.030871856995647106},"Iteration":557},
{"Acceptance":[0.3298913043478261,0.3418478260869565,0.37282608695652175,0.40543478260869564,0.4032608695652174,0.4277173913043478,0.4298913043478261,0.4842391304347826,0.5114130434782609,0.49782608695652175,0.5244565217391305,0.5222826086956521,0.8913043478260869,0.8913043478260869,0.8586956521739131,0.8478260869565217,0.8695652173913043,0.8804347826086957,0.8152173913043478,0.7608695652173914,0.717391304347826,0.6521739130434783,0.6956521739130435,0.7391304347826086],"Energy":{"Mean":-70.95482099163019,"Sigma":0.02387000707968392,"Taucorr":0.008873163241170342},"EnergyVariance":{"Mean":0.627075255798096,"Sigma":0.037718648126015365,"Taucorr":-0.0036091745850095496},"Iteration":558},
{"Acceptance":[0.30434782608695654,0.3456521739130435,0.3815217391304348,0.41304347826086957,0.42336956521739133,0.4472826086956522,0.4331521739130435,0.4771739130434783,0.4826086956521739,0.5179347826086956,0.5239130434782608,0.5532608695652174,0.8695652173913043,0.8586956521739131,0.8913043478260869,0.8913043478260869,0.8369565217391305,0.7391304347826086,0.7065217391304348,0.7608695652173914,0.782608695652174,0.7717391304347826,0.75,0.7608695652173914],"Energy":{"Mean":-70.95302628238632,"Sigma":0.02310583522984995,"Taucorr":-0.016300563446755068},"EnergyVariance":{"Mean":0.622826472207743,"Sigma":0.04704494971153265,"Taucorr":0.004733764491179612},"Iteration":559},
{"Acceptance":[0.3293478260869565,0.35706521739130437,0.37717391304347825,0.39021739130434785,0.41684782608695653,0.4266304347826087,0.4407608695652174,0.4875,0.4625,0.5244565217391305,0.5347826086956522,0.5494565217391304,0.9130434782608695,0.9347826086956522,0.9347826086956522,0.8804347826086957,0.8260869565217391,0.8369565217391305,0.7934782608695652,0.8043478260869565,0.8152173913043478,0.7934782608695652,0.75,0.6521739130434783],"Energy":{"Mean":-70.93183910019272,"Sigma":0.02181341311089818,"Taucorr":-0.030188315412634947},"EnergyVariance":{"Mean":0.595046537121193,"Sigma":0.03704128968400199,"Taucorr":0.027920982715955455},"Iteration":560},
{"Acceptance":[0.3135869565217391,0.35434782608695653,0.36630434782608695,0.3858695652173913,0.4266304347826087,0.4331521739130435,0.45217391304347826,0.45054347826086955,0.4771739130434783,0.5217391304347826,0.5244565217391305,0.5277173913043478,0.8260869565217391,0.8043478260869565,0.8043478260869565,0.8586956521739131,0.8695652173913043,0.8586956521739131,0.8369565217391305,0.8043478260869565,0.75,0.717391304347826,0.6847826086956522,0.6304347826086957],"Energy":{"Mean":-70.96629844763227,"Sigma":0.021716000992207007,"Taucorr":-0.0030153403139134075},"EnergyVariance":{"Mean":0.5707345749158704,"Sigma":0.0367476849164468,"Taucorr":-0.006196941744141417},"Iteration":561},
{"Acceptance":[0.3233695652173913,0.3483695652173913,0.35108695652173916,0.3842391304347826,0.4331521739130435,0.44130434782608696,0.46141304347826084,0.46630434782608693,0.4934782608695652,0.5119565217391304,0.5228260869565218,0.5179347826086956,0.8043478260869565,0.782608695652174,0.8152173913043478,0.8478260869565217,0.8478260869565217,0.8369565217391305,0.7934782608695652,0.7934782608695652,0.7934782608695652,0.717391304347826,0.6195652173913043,0.5869565217391305],"Energy":{"Mean":-70.91248355071058,"Sigma":0.02109129051968057,"Taucorr":-0.030668519779015746},"EnergyVariance":{"Mean":0.5568692245882616,"Sigma":0.05108806255994102,"Taucorr":-0.0024431016488648586},"Iteration":562},
{"Acceptance":[0.3239130434782609,0.35108695652173916,0.3847826086956522,0.3581521739130435,0.4315217391304348,0.4309782608695652,0.4315217391304348,0.4722826086956522,0.4891304347826087,0.5271739130434783,0.5152173913043478,0.5076086956521739,0.782608695652174,0.8369565217391305,0.8478260869565217,0.8260869565217391,0.8804347826086957,0.8695652173913043,0.8260869565217391,0.7717391304347826,0.717391304347826,0.7282608695652174,0.6521739130434783,0.5652173913043478],"Energy":{"Mean":-70.91986803205437,"Sigma":0.020056753684412988,"Taucorr":-0.020159009386376884},"EnergyVariance":{"Mean":0.5006500735650721,"Sigma":0.025590067167873917,"Taucorr":-0.02032436468833303},"Iteration":563},
{"Acceptance":[0.3358695652173913,0.3456521739130435,0.3532608695652174,0.39402173913043476,0.4076086956521739,0.4342391304347826,0.4320652173913043,0.47608695652173916,0.47282608695652173,0.5059782608695652,0.5125,0.4902173913043478,0.8695652173913043,0.8695652173913043,0.8586956521739131,0.8478260869565217,0.8478260869565217,0.8478260869565217,0.8152173913043478,0.8043478260869565,0.7717391304347826,0.7391304347826086,0.6847826086956522,0.6086956521739131],"Energy":{"Mean":-70.92112789994768,"Sigma":0.025062128806491422,"Taucorr":0.0025558598583058528},"EnergyVariance":{"Mean":0.7065951337060777,"Sigma":0.06786591290321804,"Taucorr":-0.01534851258840799},"Iteration":564},
{"Acceptance":[0.3222826086956522,0.32663043478260867,0.3717391304347826,0.39510869565217394,0.40706521739130436,0.4277173913043478,0.4472826086956522,0.4956521739130435,0.4994565217391304,0.4940217391304348,0.5190217391304348,0.5190217391304348,0.8043478260869565,0.8152173913043478,0.8695652173913043,0.8804347826086957,0.7934782608695652,0.8043478260869565,0.8152173913043478,0.782608695652174,0.8152173913043478,0.7065217391304348,0.6086956521739131,0.6304347826086957],"Energy":{"Mean":-70.9043270587078,"Sigma":0.022387340533630225,"Taucorr":0.002185440426851324},"EnergyVariance":{"Mean":0.5652189491393657,"Sigma":0.03689214756831324,"Taucorr":0.012688695556284444},"Iteration":565},
{"Acceptance":[0.33043478260869563,0.3391304347826087,0.35597826086956524,0.41793478260869565,0.4016304347826087,0.4451086956521739,0.44565217391304346,0.47989130434782606,0.5032608695652174,0.4880434782608696,0.5266304347826087,0.5103260869565217,0.8260869565217391,0.8586956521739131,0.8586956521739131,0.8043478260869565,0.8478260869565217,0.8586956521739131,0.8478260869565217,0.8695652173913043,0.7391304347826086,0.7608695652173914,0.8043478260869565,0.717391304347826],"Energy":{"Mean":-70.92890374068112,"Sigma":0.020707559339538814,"Taucorr":0.01902618586718823},"EnergyVariance":{"Mean":0.49145187289261233,"Sigma":0.025864520492030595,"Taucorr":-0.01603068571539725},"Iteration":566},
{"Acceptance":[0.3347826086956522,0.3244565217391304,0.36032608695652174,0.391304347826087,0.41847826086956524,0.42445652173913045,0.47119565217391307,0.46195652173913043,0.48097826086956524,0.4951086956521739,0.5293478260869565,0.5293478260869565,0.8695652173913043,0.8260869565217391,0.8369565217391305,0.8695652173913043,0.782608695652174,0.75,0.7282608695652174,0.7282608695652174,0.7934782608695652,0.782608695652174,0.6630434782608695,0.5652173913043478],"Energy":{"Mean":-70.89200457680205,"Sigma":0.022105290747476854,"Taucorr":0.029184169664629934},"EnergyVariance":{"Mean":0.5372970411416299,"Sigma":0.03053798359769665,"Taucorr":-0.018650183839281548},"Iteration":567},
{"Acceptance":[0.30217391304347824,0.3157608695652174,0.3782608695652174,0.3793478260869565,0.40380434782608693,0.4423913043478261,0.47554347826086957,0.46141304347826084,0.49293478260869567,0.49130434782608695,0.5092391304347826,0.5559782608695653,0.8913043478260869,0.7934782608695652,0.717391304347826,0.8152173913043478,0.8260869565217391,0.7608695652173914,0.8152173913043478,0.8478260869565217,0.7934782608695652,0.7391304347826086,0.7391304347826086,0.7608695652173914],"Energy":{"Mean":-70.90600702586563,"Sigma":0.022471908260326162,"Taucorr":0.01744521853515049},"EnergyVariance":{"Mean":0.5443452132809316,"Sigma":0.037735964125526725,"Taucorr":0.016356671756696115},"Iteration":568},
{"Acceptance":[0.3048913043478261,0.3418478260869565,0.38369565217391305,0.3755434782608696,0.41956521739130437,0.4375,0.44782608695652176,0.47989130434782606,0.49184782608695654,0.5108695652173914,0.5070652173913044,0.5059782608695652,0.8260869565217391,0.8369565217391305,0.8695652173913043,0.8913043478260869,0.8695652173913043,0.8152173913043478,0.8369565217391305,0.7934782608695652,0.75,0.75,0.6956521739130435,0.6956521739130435],"Energy":{"Mean":-70.95504394549441,"Sigma":0.023084247993880536,"Taucorr":-3.2497319686168126e-05},"EnergyVariance":{"Mean":0.576124655359811,"Sigma":0.03162228181022967,"Taucorr":-0.019045397960001983},"Iteration":569},
{"Acceptance":[0.32717391304347826,0.3423913043478261,0.38369565217391305,0.39619565217391306,0.39402173913043476,0.4309782608695652,0.45543478260869563,0.4597826086956522,0.4940217391304348,0.5179347826086956,0.5076086956521739,0.532608695652174,0.8478260869565217,0.8478260869565217,0.8913043478260869,0.8913043478260869,0.8478260869565217,0.8260869565217391,0.7608695652173914,0.782608695652174,0.8260869565217391,0.782608695652174,0.7717391304347826,0.782608695652174],"Energy":{"Mean":-70.92072175303339,"Sigma":0.02329393868745031,"Taucorr":-0.002126410523034354},"EnergyVariance":{"Mean":0.6129748873471915,"Sigma":0.03940153984654006,"Taucorr":0.03114044786032592},"Iteration":570},
{"Acceptance":[0.32771739130434785,0.35054347826086957,0.38532608695652176,0.3907608695652174,0.40652173913043477,0.4260869565217391,0.4543478260869565,0.4880434782608696,0.49619565217391304,0.5081521739130435,0.533695652173913,0.5163043478260869,0.9347826086956522,0.9130434782608695,0.8695652173913043,0.8695652173913043,0.8695652173913043,0.8478260869565217,0.8695652173913043,0.9021739130434783,0.7717391304347826,0.6739130434782609,0.5869565217391305,0.45652173913043476],"Energy":{"Mean":-70.91060742184573,"Sigma":0.020898171338198313,"Taucorr":0.003788981622613964},"EnergyVariance":{"Mean":0.500376668920496,"Sigma":0.026405661437909015,"Taucorr":0.012783571372724555},"Iteration":571},
{"Acceptance":[0.33804347826086956,0.34945652173913044,0.3875,0.39456521739130435,0.41630434782608694,0.42445652173913045,0.43967391304347825,0.46195652173913043,0.4826086956521739,0.5271739130434783,0.5255434782608696,0.49728260869565216,0.8478260869565217,0.8695652173913043,0.8695652173913043,0.8152173913043478,0.8369565217391305,0.8260869565217391,0.7608695652173914,0.7717391304347826,0.7282608695652174,0.717391304347826,0.5978260869565217,0.43478260869565216],"Energy":{"Mean":-70.95664163241416,"Sigma":0.02347100014022234,"Taucorr":0.01617729440287322},"EnergyVariance":{"Mean":0.5971189215452467,"Sigma":0.03600303522166942,"Taucorr":-0.023227239308413933},"Iteration":572},
{"Acceptance":[0.29945652173913045,0.36195652173913045,0.3717391304347826,0.40652173913043477,0.4108695652173913,0.4380434782608696,0.45706521739130435,0.4657608695652174,0.5043478260869565,0.5027173913043478,0.5010869565217392,0.5173913043478261,0.7608695652173914,0.8369565217391305,0.8804347826086957,0.782608695652174,0.8043478260869565,0.8478260869565217,0.8152173913043478,0.8043478260869565,0.75,0.75,0.6847826086956522,0.5869565217391305],"Energy":{"Mean":-70.92945636381242,"Sigma":0.022155054159887392,"Taucorr":0.004902872815968236},"EnergyVariance":{"Mean":0.5669961553762194,"Sigma":0.03565043992209518,"Taucorr":0.04654089186814855},"Iteration":573},
{"Acceptance":[0.35434782608695653,0.3657608695652174,0.3864130434782609,0.41141304347826085,0.4146739130434783,0.4331521739130435,0.45760869565217394,0.4668478260869565,0.4891304347826087,0.5277173913043478,0.5119565217391304,0.5277173913043478,0.782608695652174,0.8260869565217391,0.8695652173913043,0.8369565217391305,0.8043478260869565,0.7934782608695652,0.7934782608695652,0.8043478260869565,0.8043478260869565,0.7065217391304348,0.5543478260869565,0.5],"Energy":{"Mean":-70.91791342319344,"Sigma":0.023444318327079588,"Taucorr":-0.01877021454095934},"EnergyVariance":{"Mean":0.6286119838003789,"Sigma":0.044695645355512105,"Taucorr":0.09307982477591104},"Iteration":574},
{"Acceptance":[0.3217391304347826,0.3625,0.3815217391304348,0.38804347826086955,0.38967391304347826,0.44782608695652176,0.44456521739130433,0.45271739130434785,0.4923913043478261,0.503804347826087,0.5211956521739131,0.5103260869565217,0.8913043478260869,0.8478260869565217,0.8152173913043478,0.8152173913043478,0.8152173913043478,0.8695652173913043,0.8695652173913043,0.8260869565217391,0.8043478260869565,0.7065217391304348,0.5978260869565217,0.5652173913043478],"Energy":{"Mean":-70.92873828253823,"Sigma":0.022526786228520956,"Taucorr":-0.007946453547770148},"EnergyVariance":{"Mean":0.5926416355520939,"Sigma":0.033709329542277476,"Taucorr":-0.027110057535875837},"Iteration":575},
{"Acceptance":[0.3190217391304348,0.35,0.36467391304347824,0.3972826086956522,0.4108695652173913,0.4391304347826087,0.4494565217391304,0.48478260869565215,0.49619565217391304,0.5233695652173913,0.525,0.5472826086956522,0.8478260869565217,0.8478260869565217,0.8260869565217391,0.8260869565217391,0.8260869565217391,0.8369565217391305,0.8586956521739131,0.782608695652174,0.782608695652174,0.7391304347826086,0.6195652173913043,0.6086956521739131],"Energy":{"Mean":-70.92045819744526,"Sigma":0.020786520512409104,"Taucorr":-0.022607274648290487},"EnergyVariance":{"Mean":0.520724212096815,"Sigma":0.03041744227388932,"Taucorr":0.0547166308890916},"Iteration":576},
{"Acceptance":[0.3532608695652174,0.35489130434782606,0.38369565217391305,0.3858695652173913,0.4217391304347826,0.4217391304347826,0.41847826086956524,0.48967391304347824,0.5320652173913043,0.5032608695652174,0.5070652173913044,0.5048913043478261,0.8478260869565217,0.8478260869565217,0.8804347826086957,0.8804347826086957,0.8260869565217391,0.782608695652174,0.8152173913043478,0.8478260869565217,0.75,0.6739130434782609,0.6304347826086957,0.5869565217391305],"Energy":{"Mean":-70.90882190938122,"Sigma":0.023075062904235343,"Taucorr":0.005839638838954692},"EnergyVariance":{"Mean":0.5970695011820788,"Sigma":0.034343309904854284,"Taucorr":0.00584918029230638},"Iteration":577},
{"Acceptance":[0.31467391304347825,0.33206521739130435,0.3521739130434783,0.39619565217391306,0.41141304347826085,0.4434782608695652,0.45869565217391306,0.46195652173913043,0.4902173913043478,0.5228260869565218,0.5059782608695652,0.5293478260869565,0.8478260869565217,0.8586956521739131,0.8152173913043478,0.8369565217391305,0.8695652173913043,0.6956521739130435,0.6521739130434783,0.7934782608695652,0.8260869565217391,0.8152173913043478,0.6739130434782609,0.5217391304347826],"Energy":{"Mean":-70.93106320780261,"Sigma":0.024639351255555747,"Taucorr":0.02433371535117325},"EnergyVariance":{"Mean":0.6327631155142698,"Sigma":0.03894903467488038,"Taucorr":-0.012725305007012933},"Iteration":578},
{"Acceptance":[0.33260869565217394,0.3358695652173913,0.3793478260869565,0.3782608695652174,0.40543478260869564,0.4206521739130435,0.48478260869565215,0.4771739130434783,0.47608695652173916,0.5135869565217391,0.5119565217391304,0.5494565217391304,0.8695652173913043,0.8478260869565217,0.8043478260869565,0.782608695652174,0.8695652173913043,0.9456521739130435,0.7934782608695652,0.7608695652173914,0.8586956521739131,0.7282608695652174,0.6956521739130435,0.782608695652174],"Energy":{"Mean":-70.90899724272711,"Sigma":0.023768070540606267,"Taucorr":0.009734677920000207},"EnergyVariance":{"Mean":0.6282086265986969,"Sigma":0.05984321903067539,"Taucorr":0.011960737109399504},"Iteration":579},
{"Acceptance":[0.35,0.3576086956521739,0.36032608695652174,0.37771739130434784,0.41956521739130437,0.4320652173913043,0.4494565217391304,0.4771739130434783,0.4842391304347826,0.5217391304347826,0.5282608695652173,0.5179347826086956,0.8913043478260869,0.8695652173913043,0.8369565217391305,0.8043478260869565,0.8152173913043478,0.8260869565217391,0.8152173913043478,0.8586956521739131,0.8369565217391305,0.717391304347826,0.6630434782608695,0.6739130434782609],"Energy":{"Mean":-70.97335602679041,"Sigma":0.023539375243938815,"Taucorr":0.020990688423049974},"EnergyVariance":{"Mean":0.6111277372428162,"Sigma":0.04019937169550303,"Taucorr":0.051956233857964586},"Iteration":580},
{"Acceptance":[0.32065217391304346,0.3472826086956522,0.35597826086956524,0.41032608695652173,0.41630434782608694,0.42717391304347824,0.4652173913043478,0.47608695652173916,0.5331521739130435,0.5125,0.5135869565217391,0.5282608695652173,0.9565217391304348,0.8913043478260869,0.8152173913043478,0.8043478260869565,0.8043478260869565,0.8369565217391305,0.7717391304347826,0.7391304347826086,0.75,0.717391304347826,0.6847826086956522,0.6304347826086957],"Energy":{"Mean":-70.95966632462991,"Sigma":0.02611314798089275,"Taucorr":0.03879914458259027},"EnergyVariance":{"Mean":0.7219344354181224,"Sigma":0.10320476730321426,"Taucorr":-0.009163629710211361},"Iteration":581},
{"Acceptance":[0.3222826086956522,0.3353260869565217,0.3673913043478261,0.4097826086956522,0.4032608695652174,0.40869565217391307,0.4369565217391304,0.46847826086956523,0.508695652173913,0.5114130434782609,0.5266304347826087,0.5576086956521739,0.8478260869565217,0.8913043478260869,0.9021739130434783,0.8478260869565217,0.8152173913043478,0.8043478260869565,0.8369565217391305,0.8586956521739131,0.8043478260869565,0.7391304347826086,0.7065217391304348,0.6956521739130435],"Energy":{"Mean":-70.94039965162501,"Sigma":0.020659164013951136,"Taucorr":-0.02737403800465203},"EnergyVariance":{"Mean":0.5385899698309531,"Sigma":0.031105050669568493,"Taucorr":-0.003454569464597076},"Iteration":582},
{"Acceptance":[0.3190217391304348,0.3282608695652174,0.3798913043478261,0.38532608695652176,0.4097826086956522,0.4320652173913043,0.4298913043478261,0.45054347826086955,0.4989130434782609,0.4983695652173913,0.5048913043478261,0.5070652173913044,0.9347826086956522,0.8586956521739131,0.8043478260869565,0.8586956521739131,0.8804347826086957,0.8043478260869565,0.7717391304347826,0.7608695652173914,0.7282608695652174,0.7282608695652174,0.532608695652174,0.34782608695652173],"Energy":{"Mean":-70.98510044461214,"Sigma":0.021775182569577046,"Taucorr":0.028542417697644953},"EnergyVariance":{"Mean":0.5136058219488066,"Sigma":0.042351345976818444,"Taucorr":-0.034330379127541465},"Iteration":583},
{"Acceptance":[0.33369565217391306,0.3456521739130435,0.3521739130434783,0.3630434782608696,0.41630434782608694,0.4277173913043478,0.43967391304347825,0.47554347826086957,0.4842391304347826,0.4842391304347826,0.5358695652173913,0.508695652173913,0.8695652173913043,0.8586956521739131,0.8478260869565217,0.8586956521739131,0.8152173913043478,0.7717391304347826,0.8260869565217391,0.8695652173913043,0.8369565217391305,0.7608695652173914,0.6304347826086957,0.5434782608695652],"Energy":{"Mean":-70.91538549155547,"Sigma":0.024249023612462454,"Taucorr":0.0076612120899666805},"EnergyVariance":{"Mean":0.6354257941008111,"Sigma":0.04623992208074313,"Taucorr":-0.004765585774476493},"Iteration":584},
{"Acceptance":[0.34456521739130436,0.35434782608695653,0.37282608695652175,0.40597826086956523,0.41195652173913044,0.4543478260869565,0.4608695652173913,0.48097826086956524,0.5081521739130435,0.49782608695652175,0.4983695652173913,0.5320652173913043,0.8913043478260869,0.9347826086956522,0.9021739130434783,0.8152173913043478,0.8260869565217391,0.8478260869565217,0.8586956521739131,0.8043478260869565,0.75,0.7608695652173914,0.6956521739130435,0.6304347826086957],"Energy":{"Mean":-70.92956244423,"Sigma":0.021722557024289855,"Taucorr":-0.033795231335029256},"EnergyVariance":{"Mean":0.5672221723900702,"Sigma":0.03153899540108158,"Taucorr":-0.01458088124864237},"Iteration":585},
{"Acceptance":[0.31521739130434784,0.37119565217391304,0.3641304347826087,0.3978260869565217,0.4190217391304348,0.44456521739130433,0.4652173913043478,0.45815217391304347,0.4733695652173913,0.5157608695652174,0.5168478260869566,0.5125,0.8913043478260869,0.8804347826086957,0.8804347826086957,0.8260869565217391,0.7934782608695652,0.8152173913043478,0.8260869565217391,0.8478260869565217,0.7717391304347826,0.6739130434782609,0.6086956521739131,0.5652173913043478],"Energy":{"Mean":-70.91602169709897,"Sigma":0.02385206247192785,"Taucorr":0.03700976369116583},"EnergyVariance":{"Mean":0.5858595763329192,"Sigma":0.03311783939312098,"Taucorr":0.01461365715188521},"Iteration":586},
{"Acceptance":[0.3456521739130435,0.3451086956521739,0.3760869565217391,0.421195652173913,0.41358695652173916,0.4418478260869565,0.4722826086956522,0.48043478260869565,0.4994565217391304,0.5135869565217391,0.5347826086956522,0.5195652173913043,0.9130434782608695,0.9021739130434783,0.8043478260869565,0.7608695652173914,0.8478260869565217,0.8804347826086957,0.7934782608695652,0.7934782608695652,0.8152173913043478,0.7608695652173914,0.6847826086956522,0.6086956521739131],"Energy":{"Mean":-70.88702956697482,"Sigma":0.022574134409637583,"Taucorr":-0.0019981775967812232},"EnergyVariance":{"Mean":0.5729003356278303,"Sigma":0.033539275360069946,"Taucorr":-0.006785308290676188},"Iteration":587},
{"Acceptance":[0.33152173913043476,0.3467391304347826,0.3733695652173913,0.3967391304347826,0.4266304347826087,0.4298913043478261,0.4597826086956522,0.4722826086956522,0.4722826086956522,0.5168478260869566,0.5141304347826087,0.5152173913043478,0.8695652173913043,0.8478260869565217,0.8152173913043478,0.8152173913043478,0.8260869565217391,0.8260869565217391,0.8369565217391305,0.7934782608695652,0.75,0.7717391304347826,0.782608695652174,0.782608695652174],"Energy":{"Mean":-70.95048544231724,"Sigma":0.022962991780632973,"Taucorr":0.009649000147713334},"EnergyVariance":{"Mean":0.5880784470829378,"Sigma":0.041679241547433965,"Taucorr":-0.010652457404526349},"Iteration":588},
{"Acceptance":[0.3309782608695652,0.3472826086956522,0.3695652173913043,0.40543478260869564,0.4342391304347826,0.4331521739130435,0.45869565217391306,0.49728260869565216,0.47391304347826085,0.5048913043478261,0.5282608695652173,0.5728260869565217,0.9347826086956522,0.8695652173913043,0.8152173913043478,0.8043478260869565,0.8260869565217391,0.8804347826086957,0.8369565217391305,0.7717391304347826,0.75,0.782608695652174,0.8586956521739131,0.8913043478260869],"Energy":{"Mean":-70.93412681743233,"Sigma":0.022805419061869125,"Taucorr":0.009522820661712129},"EnergyVariance":{"Mean":0.584863472305377,"Sigma":0.03485170230917013,"Taucorr":0.03294860508467042},"Iteration":589},
{"Acceptance":[0.3222826086956522,0.33695652173913043,0.3842391304347826,0.3907608695652174,0.4152173913043478,0.4494565217391304,0.47119565217391307,0.4951086956521739,0.4885869565217391,0.503804347826087,0.532608695652174,0.4875,0.8695652173913043,0.8913043478260869,0.8913043478260869,0.8478260869565217,0.8043478260869565,0.8260869565217391,0.8260869565217391,0.7391304347826086,0.6956521739130435,0.6956521739130435,0.7065217391304348,0.717391304347826],"Energy":{"Mean":-70.91449230891682,"Sigma":0.023555194711683644,"Taucorr":0.03573382605026441},"EnergyVariance":{"Mean":0.5874007970495106,"Sigma":0.036183523542438326,"Taucorr":-0.01909246810480867},"Iteration":590},
{"Acceptance":[0.3298913043478261,0.34402173913043477,0.37119565217391304,0.39456521739130435,0.40543478260869564,0.4266304347826087,0.46304347826086956,0.4641304347826087,0.4951086956521739,0.48967391304347824,0.5005434782608695,0.5293478260869565,0.8913043478260869,0.9239130434782609,0.8586956521739131,0.782608695652174,0.8478260869565217,0.8152173913043478,0.7717391304347826,0.7717391304347826,0.782608695652174,0.7717391304347826,0.6521739130434783,0.5869565217391305],"Energy":{"Mean":-70.90872652972837,"Sigma":0.02337665963922703,"Taucorr":0.011635148536384013},"EnergyVariance":{"Mean":0.6184532264511797,"Sigma":0.04148225997017151,"Taucorr":0.007999083929295282},"Iteration":591},
{"Acceptance":[0.32717391304347826,0.3532608695652174,0.36793478260869567,0.4016304347826087,0.41358695652173916,0.4423913043478261,0.46467391304347827,0.4815217391304348,0.47934782608695653,0.47989130434782606,0.5364130434782609,0.5163043478260869,0.8043478260869565,0.8152173913043478,0.8043478260869565,0.8152173913043478,0.8586956521739131,0.8043478260869565,0.7934782608695652,0.8369565217391305,0.782608695652174,0.7717391304347826,0.717391304347826,0.6304347826086957],"Energy":{"Mean":-70.92753274318837,"Sigma":0.02176303546855021,"Taucorr":0.0298415917915134},"EnergyVariance":{"Mean":0.5217451814348589,"Sigma":0.0343811293904868,"Taucorr":0.009368198032607645},"Iteration":592},
{"Acceptance":[0.33369565217391306,0.3516304347826087,0.3782608695652174,0.4027173913043478,0.4266304347826087,0.4434782608695652,0.48206521739130437,0.4625,0.5114130434782609,0.5320652173913043,0.5309782608695652,0.5146739130434783,0.782608695652174,0.782608695652174,0.8369565217391305,0.8913043478260869,0.8695652173913043,0.8369565217391305,0.8152173913043478,0.7934782608695652,0.7391304347826086,0.7608695652173914,0.6086956521739131,0.391304347826087],"Energy":{"Mean":-70.95065280168784,"Sigma":0.023701730271622933,"Taucorr":-0.026960084337793695},"EnergyVariance":{"Mean":0.6398368715183184,"Sigma":0.05378959056095295,"Taucorr":-0.006576025093331941},"Iteration":593},
{"Acceptance":[0.33260869565217394,0.34891304347826085,0.3842391304347826,0.3983695652173913,0.41304347826086957,0.4364130434782609,0.4625,0.4951086956521739,0.4771739130434783,0.4782608695652174,0.5021739130434782,0.5516304347826086,0.8260869565217391,0.8586956521739131,0.8804347826086957,0.8913043478260869,0.8804347826086957,0.8695652173913043,0.8695652173913043,0.8478260869565217,0.7934782608695652,0.717391304347826,0.6521739130434783,0.6086956521739131],"Energy":{"Mean":-70.90673241291842,"Sigma":0.022134641955750583,"Taucorr":0.004938013799198756},"EnergyVariance":{"Mean":0.5592351643530407,"Sigma":0.034869515692784896,"Taucorr":-0.006062929752110803},"Iteration":594},
{"Acceptance":[0.33315217391304347,0.3641304347826087,0.3375,0.4016304347826087,0.4125,0.4260869565217391,0.4608695652173913,0.4831521739130435,0.5146739130434783,0.5092391304347826,0.5320652173913043,0.55,0.8695652173913043,0.8804347826086957,0.8913043478260869,0.8586956521739131,0.8369565217391305,0.8478260869565217,0.8695652173913043,0.8804347826086957,0.782608695652174,0.717391304347826,0.7608695652173914,0.782608695652174],"Energy":{"Mean":-70.95722867982668,"Sigma":0.021961553838066254,"Taucorr":-0.005774209282322924},"EnergyVariance":{"Mean":0.5824160736015773,"Sigma":0.03853364233449123,"Taucorr":-0.003722476362791785},"Iteration":595},
{"Acceptance":[0.33043478260869563,0.328804347826087,0.36684782608695654,0.39456521739130435,0.4092391304347826,0.41793478260869565,0.46902173913043477,0.4782608695652174,0.4771739130434783,0.5108695652173914,0.5331521739130435,0.5059782608695652,0.8913043478260869,0.8152173913043478,0.782608695652174,0.8478260869565217,0.8152173913043478,0.7934782608695652,0.8152173913043478,0.8152173913043478,0.782608695652174,0.717391304347826,0.6195652173913043,0.5434782608695652],"Energy":{"Mean":-70.93557163050819,"Sigma":0.022601447482158588,"Taucorr":-0.003735065899686416},"EnergyVariance":{"Mean":0.593623956515598,"Sigma":0.045549466986524755,"Taucorr":-0.008529149336066326},"Iteration":596},
{"Acceptance":[0.3217391304347826,0.3342391304347826,0.3744565217391304,0.4016304347826087,0.41847826086956524,0.4407608695652174,0.45706521739130435,0.45054347826086955,0.4885869565217391,0.5097826086956522,0.525,0.5402173913043479,0.8695652173913043,0.8586956521739131,0.8586956521739131,0.8804347826086957,0.8804347826086957,0.8695652173913043,0.782608695652174,0.7717391304347826,0.7391304347826086,0.6521739130434783,0.7065217391304348,0.7391304347826086],"Energy":{"Mean":-70.92662297584117,"Sigma":0.023546516729555437,"Taucorr":0.0267230803555189},"EnergyVariance":{"Mean":0.6007661319547087,"Sigma":0.0363395635124192,"Taucorr":-0.022839696474101015},"Iteration":597},
{"Acceptance":[0.31630434782608696,0.3635869565217391,0.39021739130434785,0.3652173913043478,0.4342391304347826,0.42880434782608695,0.41684782608695653,0.4923913043478261,0.5065217391304347,0.5021739130434782,0.5125,0.529891304347826,0.8260869565217391,0.8260869565217391,0.8478260869565217,0.782608695652174,0.75,0.782608695652174,0.7717391304347826,0.7934782608695652,0.8260869565217391,0.782608695652174,0.7065217391304348,0.6956521739130435],"Energy":{"Mean":-70.93861832242824,"Sigma":0.02486019878053723,"Taucorr":0.0063009606557800565},"EnergyVariance":{"Mean":0.6647905872078376,"Sigma":0.04259161716551426,"Taucorr":0.025373582097303917},"Iteration":598},
{"Acceptance":[0.3119565217391304,0.35108695652173916,0.3875,0.39619565217391306,0.43532608695652175,0.44130434782608696,0.45760869565217394,0.4717391304347826,0.5021739130434782,0.4967391304347826,0.5461956521739131,0.5548913043478261,0.8043478260869565,0.782608695652174,0.8260869565217391,0.8913043478260869,0.8586956521739131,0.8260869565217391,0.7934782608695652,0.7717391304347826,0.782608695652174,0.7934782608695652,0.6847826086956522,0.5652173913043478],"Energy":{"Mean":-70.9067055077855,"Sigma":0.022093592887215897,"Taucorr":-0.015934762148432115},"EnergyVariance":{"Mean":0.5814666415262478,"Sigma":0.03592338666974553,"Taucorr":-0.016218339337111122},"Iteration":599},
{"Acceptance":[0.29945652173913045,0.34891304347826085,0.3739130434782609,0.3934782608695652,0.425,0.4429347826086957,0.45706521739130435,0.47934782608695653,0.4951086956521739,0.5005434782608695,0.5179347826086956,0.5413043478260869,0.717391304347826,0.8043478260869565,0.8695652173913043,0.8695652173913043,0.8804347826086957,0.8152173913043478,0.7608695652173914,0.717391304347826,0.7065217391304348,0.75,0.6847826086956522,0.6086956521739131],"Energy":{"Mean":-70.91820672037693,"Sigma":0.02276033364029782,"Taucorr":-0.01606713253786406},"EnergyVariance":{"Mean":0.6165064987441227,"Sigma":0.044339382522266234,"Taucorr":-0.003959808274839334},"Iteration":600},
{"Acceptance":[0.32608695652173914,0.35706521739130437,0.3657608695652174,0.3967391304347826,0.4201086956521739,0.41956521739130437,0.4673913043478261,0.4717391304347826,0.48967391304347824,0.4907608695652174,0.5190217391304348,0.5260869565217391,0.8478260869565217,0.8695652173913043,0.8586956521739131,0.8478260869565217,0.8804347826086957,0.8586956521739131,0.7934782608695652,0.8043478260869565,0.7608695652173914,0.717391304347826,0.6630434782608695,0.5652173913043478],"Energy":{"Mean":-70.97300671490449,"Sigma":0.022193677560019037,"Taucorr":-0.015425184009606997},"EnergyVariance":{"Mean":0.5633062983408257,"Sigma":0.03717639072759097,"Taucorr":-0.01905378605082576},"Iteration":601},
{"Acceptance":[0.32608695652173914,0.35,0.37228260869565216,0.3923913043478261,0.40108695652173915,0.4326086956521739,0.4260869565217391,0.453804347826087,0.4885869565217391,0.5108695652173914,0.5168478260869566,0.5315217391304348,0.8478260869565217,0.8586956521739131,0.8695652173913043,0.8260869565217391,0.7934782608695652,0.8369565217391305,0.8478260869565217,0.8586956521739131,0.8260869565217391,0.7717391304347826,0.7065217391304348,0.6304347826086957],"Energy":{"Mean":-70.91320932747071,"Sigma":0.02134553033826224,"Taucorr":-0.04188757905693255},"EnergyVariance":{"Mean":0.5690074021900267,"Sigma":0.0360095682554313,"Taucorr":0.03135633686707646},"Iteration":602},
{"Acceptance":[0.32663043478260867,0.33858695652173915,0.3798913043478261,0.39510869565217394,0.43043478260869567,0.43478260869565216,0.4483695652173913,0.46304347826086956,0.48206521739130437,0.4967391304347826,0.5152173913043478,0.5157608695652174,0.8478260869565217,0.8913043478260869,0.9021739130434783,0.8586956521739131,0.8260869565217391,0.8152173913043478,0.8152173913043478,0.782608695652174,0.7282608695652174,0.6630434782608695,0.6739130434782609,0.717391304347826],"Energy":{"Mean":-70.9137193644001,"Sigma":0.02221510405221558,"Taucorr":-0.014306296102437492},"EnergyVariance":{"Mean":0.5793117581377452,"Sigma":0.035402686435943256,"Taucorr":-0.014462900812392538},"Iteration":603},
{"Acceptance":[0.3244565217391304,0.36195652173913045,0.375,0.3918478260869565,0.4027173913043478,0.4625,0.4543478260869565,0.4777173913043478,0.48206521739130437,0.4940217391304348,0.5233695652173913,0.4875,0.8260869565217391,0.8369565217391305,0.8804347826086957,0.9239130434782609,0.9021739130434783,0.8478260869565217,0.8043478260869565,0.717391304347826,0.7282608695652174,0.8152173913043478,0.6739130434782609,0.5217391304347826],"Energy":{"Mean":-70.92932452762447,"Sigma":0.022086156997615253,"Taucorr":0.004324626554037421},"EnergyVariance":{"Mean":0.5566011631073348,"Sigma":0.03841037077481709,"Taucorr":0.0117785989988028},"Iteration":604},
{"Acceptance":[0.32717391304347826,0.35,0.36630434782608695,0.38967391304347826,0.42445652173913045,0.4315217391304348,0.46630434782608693,0.4956521739130435,0.508695652173913,0.4951086956521739,0.5206521739130435,0.5255434782608696,0.8043478260869565,0.8369565217391305,0.8043478260869565,0.7717391304347826,0.8043478260869565,0.8260869565217391,0.8369565217391305,0.8043478260869565,0.7391304347826086,0.6847826086956522,0.7065217391304348,0.7391304347826086],"Energy":{"Mean":-70.9361201542011,"Sigma":0.02286383497612064,"Taucorr":0.012842187310042254},"EnergyVariance":{"Mean":0.5960448600535754,"Sigma":0.041207297598393415,"Taucorr":0.019712709605448592},"Iteration":605},
{"Acceptance":[0.3467391304347826,0.328804347826087,0.37282608695652175,0.3847826086956522,0.4467391304347826,0.4532608695652174,0.4673913043478261,0.4717391304347826,0.4826086956521739,0.5190217391304348,0.5228260869565218,0.5402173913043479,0.9347826086956522,0.8478260869565217,0.8043478260869565,0.8586956521739131,0.8804347826086957,0.8586956521739131,0.7717391304347826,0.7282608695652174,0.717391304347826,0.717391304347826,0.75,0.7608695652173914],"Energy":{"Mean":-70.93598873297508,"Sigma":0.023052287974841972,"Taucorr":-0.015308828494855318},"EnergyVariance":{"Mean":0.5957081386110659,"Sigma":0.0353403380642112,"Taucorr":0.04678889082321192},"Iteration":606},
{"Acceptance":[0.3298913043478261,0.3635869565217391,0.375,0.3717391304347826,0.40869565217391307,0.4467391304347826,0.4592391304347826,0.46847826086956523,0.4733695652173913,0.5097826086956522,0.5206521739130435,0.5157608695652174,0.8913043478260869,0.9130434782608695,0.8913043478260869,0.8152173913043478,0.8478260869565217,0.8478260869565217,0.717391304347826,0.717391304347826,0.8043478260869565,0.7717391304347826,0.6413043478260869,0.5652173913043478],"Energy":{"Mean":-70.97117144379233,"Sigma":0.02272756434820931,"Taucorr":0.001376858845413817},"EnergyVariance":{"Mean":0.6001655797881736,"Sigma":0.039991898295620984,"Taucorr":0.05211304351559266},"Iteration":607},
{"Acceptance":[0.33369565217391306,0.33858695652173915,0.39021739130434785,0.3798913043478261,0.4048913043478261,0.4375,0.4434782608695652,0.4701086956521739,0.49130434782608695,0.46956521739130436,0.5244565217391305,0.5342391304347827,0.8695652173913043,0.8913043478260869,0.9130434782608695,0.8369565217391305,0.7934782608695652,0.8152173913043478,0.7934782608695652,0.782608695652174,0.75,0.6956521739130435,0.5760869565217391,0.4782608695652174],"Energy":{"Mean":-70.97432268479814,"Sigma":0.024857330275880787,"Taucorr":0.03824116310489727},"EnergyVariance":{"Mean":0.6375279111696056,"Sigma":0.06918019598673773,"Taucorr":0.03059774317544013},"Iteration":608},
{"Acceptance":[0.3125,0.3576086956521739,0.3739130434782609,0.4032608695652174,0.41793478260869565,0.4331521739130435,0.4358695652173913,0.5010869565217392,0.4831521739130435,0.49130434782608695,0.5043478260869565,0.5277173913043478,0.9347826086956522,0.8913043478260869,0.8478260869565217,0.8586956521739131,0.8695652173913043,0.8152173913043478,0.7391304347826086,0.7282608695652174,0.7608695652173914,0.782608695652174,0.6739130434782609,0.5652173913043478],"Energy":{"Mean":-70.94000590293471,"Sigma":0.022588093838585028,"Taucorr":0.013677761276986946},"EnergyVariance":{"Mean":0.5661140844212315,"Sigma":0.03837843272716669,"Taucorr":-0.005989252650803603},"Iteration":609},
{"Acceptance":[0.3217391304347826,0.3798913043478261,0.3592391304347826,0.39510869565217394,0.40706521739130436,0.4260869565217391,0.45543478260869563,0.46630434782608693,0.4923913043478261,0.5,0.5103260869565217,0.5195652173913043,0.8478260869565217,0.8695652173913043,0.9021739130434783,0.8586956521739131,0.8369565217391305,0.8369565217391305,0.7608695652173914,0.7391304347826086,0.75,0.6630434782608695,0.5760869565217391,0.5652173913043478],"Energy":{"Mean":-70.95868410975076,"Sigma":0.022455198340704,"Taucorr":-0.0300611465968415},"EnergyVariance":{"Mean":0.6000315105024037,"Sigma":0.036902651375091286,"Taucorr":0.0076651294347675645},"Iteration":610},
{"Acceptance":[0.3347826086956522,0.3532608695652174,0.3766304347826087,0.391304347826087,0.39456521739130435,0.43967391304347825,0.46902173913043477,0.48206521739130437,0.4967391304347826,0.49619565217391304,0.533695652173913,0.5375,0.8478260869565217,0.8586956521739131,0.8695652173913043,0.8913043478260869,0.8913043478260869,0.8043478260869565,0.75,0.717391304347826,0.782608695652174,0.8586956521739131,0.6956521739130435,0.5652173913043478],"Energy":{"Mean":-70.95076520740936,"Sigma":0.024562725800714755,"Taucorr":0.003021383303492132},"EnergyVariance":{"Mean":0.6844588036987534,"Sigma":0.051331954633165505,"Taucorr":-0.009320355584119184},"Iteration":611},
{"Acceptance":[0.3201086956521739,0.35706521739130437,0.3695652173913043,0.3983695652173913,0.4141304347826087,0.4125,0.45760869565217394,0.45760869565217394,0.5097826086956522,0.4831521739130435,0.5179347826086956,0.5152173913043478,0.782608695652174,0.8152173913043478,0.8586956521739131,0.7608695652173914,0.7391304347826086,0.8152173913043478,0.8043478260869565,0.8260869565217391,0.8586956521739131,0.7608695652173914,0.5543478260869565,0.45652173913043476],"Energy":{"Mean":-70.93387658230027,"Sigma":0.0231318877337006,"Taucorr":-0.0047880683124690016},"EnergyVariance":{"Mean":0.6244975564719716,"Sigma":0.049736132473898596,"Taucorr":-0.017720466941140916},"Iteration":612},
{"Acceptance":[0.34456521739130436,0.3527173913043478,0.4016304347826087,0.4016304347826087,0.4076086956521739,0.45760869565217394,0.46141304347826084,0.4625,0.5048913043478261,0.5141304347826087,0.5266304347826087,0.5358695652173913,0.9130434782608695,0.9130434782608695,0.8695652173913043,0.8586956521739131,0.8478260869565217,0.8369565217391305,0.8043478260869565,0.8043478260869565,0.8586956521739131,0.7608695652173914,0.6413043478260869,0.6086956521739131],"Energy":{"Mean":-70.9379405361167,"Sigma":0.022533921459447187,"Taucorr":-0.015503598728760724},"EnergyVariance":{"Mean":0.6009006776447622,"Sigma":0.05597091196711654,"Taucorr":-0.00834867424980062},"Iteration":613},
{"Acceptance":[0.325,0.33315217391304347,0.38804347826086955,0.40054347826086956,0.40543478260869564,0.4467391304347826,0.45869565217391306,0.4706521739130435,0.49184782608695654,0.5168478260869566,0.5195652173913043,0.553804347826087,0.8913043478260869,0.8695652173913043,0.8369565217391305,0.8586956521739131,0.8695652173913043,0.8152173913043478,0.8152173913043478,0.7934782608695652,0.7717391304347826,0.7391304347826086,0.6847826086956522,0.6956521739130435],"Energy":{"Mean":-70.91662948932232,"Sigma":0.022867761660794128,"Taucorr":0.002891467278677423},"EnergyVariance":{"Mean":0.5785289955715877,"Sigma":0.03693551328455457,"Taucorr":-0.0072139148254486305},"Iteration":614},
{"Acceptance":[0.33967391304347827,0.3358695652173913,0.36195652173913045,0.3652173913043478,0.42336956521739133,0.42336956521739133,0.4668478260869565,0.4652173913043478,0.4885869565217391,0.5201086956521739,0.5375,0.5380434782608695,0.8260869565217391,0.8478260869565217,0.9239130434782609,0.9130434782608695,0.8369565217391305,0.7717391304347826,0.7608695652173914,0.8369565217391305,0.782608695652174,0.717391304347826,0.7065217391304348,0.6739130434782609],"Energy":{"Mean":-70.96209352626704,"Sigma":0.0228559492854616,"Taucorr":0.03472307262572097},"EnergyVariance":{"Mean":0.5654071480487444,"Sigma":0.03308001332517706,"Taucorr":-0.015654105362795174},"Iteration":615},
{"Acceptance":[0.3184782608695652,0.3353260869565217,0.3869565217391304,0.3798913043478261,0.4016304347826087,0.4358695652173913,0.4815217391304348,0.4717391304347826,0.5048913043478261,0.5032608695652174,0.5125,0.5201086956521739,0.8043478260869565,0.8260869565217391,0.8695652173913043,0.8913043478260869,0.8586956521739131,0.8260869565217391,0.8260869565217391,0.8152173913043478,0.7717391304347826,0.7282608695652174,0.717391304347826,0.717391304347826],"Energy":{"Mean":-70.94054500359942,"Sigma":0.02153607495678919,"Taucorr":-0.00961965770948444},"EnergyVariance":{"Mean":0.5227967817256649,"Sigma":0.03019957577814728,"Taucorr":-0.021991784960800353},"Iteration":616},
{"Acceptance":[0.33369565217391306,0.3282608695652174,0.3782608695652174,0.3630434782608696,0.41739130434782606,0.41956521739130437,0.4722826086956522,0.4923913043478261,0.4842391304347826,0.5108695652173914,0.5021739130434782,0.5195652173913043,0.8043478260869565,0.8586956521739131,0.8260869565217391,0.8043478260869565,0.8804347826086957,0.8369565217391305,0.75,0.7608695652173914,0.7608695652173914,0.6413043478260869,0.5869565217391305,0.6086956521739131],"Energy":{"Mean":-70.88394838776448,"Sigma":0.022270097287639637,"Taucorr":-0.008895094447487872},"EnergyVariance":{"Mean":0.5726798031800193,"Sigma":0.03875007439710392,"Taucorr":-0.0034476179838017554},"Iteration":617},
{"Acceptance":[0.3298913043478261,0.3527173913043478,0.34945652173913044,0.41141304347826085,0.4092391304347826,0.4608695652173913,0.45869565217391306,0.4706521739130435,0.49293478260869567,0.5097826086956522,0.5293478260869565,0.5119565217391304,0.8478260869565217,0.8369565217391305,0.8478260869565217,0.8152173913043478,0.8043478260869565,0.8369565217391305,0.8260869565217391,0.7934782608695652,0.7608695652173914,0.75,0.5869565217391305,0.43478260869565216],"Energy":{"Mean":-70.92941338101974,"Sigma":0.02273509258380826,"Taucorr":0.023644031160297813},"EnergyVariance":{"Mean":0.5430856031221999,"Sigma":0.04105251112318716,"Taucorr":0.008097934698684252},"Iteration":618},
{"Acceptance":[0.32119565217391305,0.35054347826086957,0.3652173913043478,0.38532608695652176,0.4141304347826087,0.43532608695652175,0.4429347826086957,0.4706521739130435,0.4842391304347826,0.5260869565217391,0.49293478260869567,0.5135869565217391,0.7608695652173914,0.8478260869565217,0.8913043478260869,0.8043478260869565,0.8586956521739131,0.8260869565217391,0.782608695652174,0.8152173913043478,0.7391304347826086,0.75,0.6086956521739131,0.43478260869565216],"Energy":{"Mean":-70.92706506065618,"Sigma":0.022389846602124477,"Taucorr":0.014521285885104105},"EnergyVariance":{"Mean":0.551827512844682,"Sigma":0.036306172768603505,"Taucorr":0.01351866939352668},"Iteration":619},
{"Acceptance":[0.29347826086956524,0.33695652173913043,0.3483695652173913,0.3782608695652174,0.4152173913043478,0.4358695652173913,0.4483695652173913,0.47554347826086957,0.5092391304347826,0.5152173913043478,0.5119565217391304,0.5396739130434782,0.9130434782608695,0.8804347826086957,0.8369565217391305,0.8152173913043478,0.8369565217391305,0.8478260869565217,0.7934782608695652,0.7717391304347826,0.717391304347826,0.6413043478260869,0.75,0.8695652173913043],"Energy":{"Mean":-71.01529145060542,"Sigma":0.02535981734164798,"Taucorr":-0.00822951127276205},"EnergyVariance":{"Mean":0.7224294471198691,"Sigma":0.08148514732043292,"Taucorr":0.008682364921061806},"Iteration":620},
{"Acceptance":[0.34130434782608693,0.3407608695652174,0.3592391304347826,0.40706521739130436,0.42934782608695654,0.4331521739130435,0.4375,0.46141304347826084,0.4989130434782609,0.48967391304347824,0.5027173913043478,0.49728260869565216,0.8043478260869565,0.8586956521739131,0.8695652173913043,0.8260869565217391,0.8804347826086957,0.9239130434782609,0.8478260869565217,0.7934782608695652,0.7282608695652174,0.6521739130434783,0.5652173913043478,0.4782608695652174],"Energy":{"Mean":-70.97114561992662,"Sigma":0.024342954105538463,"Taucorr":-0.00010838294496741396},"EnergyVariance":{"Mean":0.6489647428082366,"Sigma":0.05014320370160317,"Taucorr":0.005498381282949959},"Iteration":621},
{"Acceptance":[0.33152173913043476,0.3407608695652174,0.3635869565217391,0.41358695652173916,0.42391304347826086,0.42445652173913045,0.46793478260869564,0.48532608695652174,0.49782608695652175,0.5076086956521739,0.5103260869565217,0.532608695652174,0.9565217391304348,0.8804347826086957,0.8260869565217391,0.8369565217391305,0.8260869565217391,0.8913043478260869,0.9239130434782609,0.8043478260869565,0.6630434782608695,0.6739130434782609,0.6847826086956522,0.6304347826086957],"Energy":{"Mean":-70.96806828524531,"Sigma":0.0233004231934093,"Taucorr":0.0037929221853878294},"EnergyVariance":{"Mean":0.591117081431607,"Sigma":0.035922891234691605,"Taucorr":-0.016398861575437827},"Iteration":622},
{"Acceptance":[0.32771739130434785,0.35434782608695653,0.37282608695652175,0.40380434782608693,0.42282608695652174,0.44619565217391305,0.4364130434782609,0.4766304347826087,0.4625,0.5163043478260869,0.5201086956521739,0.5032608695652174,0.8913043478260869,0.8478260869565217,0.8369565217391305,0.8586956521739131,0.8478260869565217,0.8043478260869565,0.7391304347826086,0.7608695652173914,0.7608695652173914,0.7717391304347826,0.6195652173913043,0.41304347826086957],"Energy":{"Mean":-70.94452305935343,"Sigma":0.02318820339732648,"Taucorr":0.016053602831961052},"EnergyVariance":{"Mean":0.5764038423720846,"Sigma":0.039210868841089014,"Taucorr":-0.009903457848612249},"Iteration":623},
{"Acceptance":[0.3070652173913043,0.3347826086956522,0.3766304347826087,0.3793478260869565,0.4157608695652174,0.4282608695652174,0.4391304347826087,0.46847826086956523,0.48695652173913045,0.5070652173913044,0.5070652173913044,0.5103260869565217,0.8043478260869565,0.782608695652174,0.8478260869565217,0.8695652173913043,0.8369565217391305,0.8586956521739131,0.8913043478260869,0.8369565217391305,0.782608695652174,0.75,0.6413043478260869,0.6086956521739131],"Energy":{"Mean":-70.90793693940451,"Sigma":0.023155108645454267,"Taucorr":-0.014340794296972749},"EnergyVariance":{"Mean":0.611063561905691,"Sigma":0.055617359255239605,"Taucorr":0.015170656205049364},"Iteration":624},
{"Acceptance":[0.31630434782608696,0.3358695652173913,0.3760869565217391,0.3760869565217391,0.4097826086956522,0.43478260869565216,0.4472826086956522,0.48695652173913045,0.5146739130434783,0.5141304347826087,0.503804347826087,0.5402173913043479,0.8913043478260869,0.8913043478260869,0.8804347826086957,0.8369565217391305,0.8260869565217391,0.8260869565217391,0.8695652173913043,0.8478260869565217,0.75,0.6739130434782609,0.6195652173913043,0.6304347826086957],"Energy":{"Mean":-70.92944564382869,"Sigma":0.02534480595229988,"Taucorr":0.015605624162870294},"EnergyVariance":{"Mean":0.6793912911319576,"Sigma":0.04448963966368849,"Taucorr":0.003834519915671304},"Iteration":625},
{"Acceptance":[0.33043478260869563,0.3521739130434783,0.35434782608695653,0.3918478260869565,0.42228260869565215,0.4423913043478261,0.45054347826086955,0.5054347826086957,0.47880434782608694,0.5184782608695652,0.5027173913043478,0.5521739130434783,0.8695652173913043,0.8478260869565217,0.8152173913043478,0.8586956521739131,0.9021739130434783,0.8586956521739131,0.8152173913043478,0.8152173913043478,0.7934782608695652,0.7717391304347826,0.6956521739130435,0.6086956521739131],"Energy":{"Mean":-70.96801199453999,"Sigma":0.02441654500855256,"Taucorr":0.028609470489802044},"EnergyVariance":{"Mean":0.6128006725286793,"Sigma":0.034595814427624945,"Taucorr":0.0071889412344415355},"Iteration":626},
{"Acceptance":[0.32608695652173914,0.35,0.3684782608695652,0.4,0.4032608695652174,0.45,0.46195652173913043,0.47391304347826085,0.4902173913043478,0.48478260869565215,0.5320652173913043,0.5168478260869566,0.8913043478260869,0.9021739130434783,0.8260869565217391,0.8478260869565217,0.9130434782608695,0.8369565217391305,0.7608695652173914,0.7608695652173914,0.7282608695652174,0.7391304347826086,0.6521739130434783,0.4782608695652174],"Energy":{"Mean":-70.97477385036039,"Sigma":0.023551289932738615,"Taucorr":0.016787847179758335},"EnergyVariance":{"Mean":0.5945391253193071,"Sigma":0.04044072707542693,"Taucorr":0.003566663286558624},"Iteration":627},
{"Acceptance":[0.325,0.36793478260869567,0.37771739130434784,0.39456521739130435,0.41141304347826085,0.4309782608695652,0.453804347826087,0.47608695652173916,0.4826086956521739,0.4967391304347826,0.5293478260869565,0.5282608695652173,0.9130434782608695,0.8695652173913043,0.8369565217391305,0.8586956521739131,0.7717391304347826,0.7391304347826086,0.8586956521739131,0.8586956521739131,0.75,0.7065217391304348,0.6956521739130435,0.6739130434782609],"Energy":{"Mean":-70.95627937443543,"Sigma":0.02227359717916232,"Taucorr":-0.008010156944294218},"EnergyVariance":{"Mean":0.5694163472843943,"Sigma":0.042049954618187564,"Taucorr":0.02343240584144519},"Iteration":628},
{"Acceptance":[0.33641304347826084,0.3472826086956522,0.39402173913043476,0.37880434782608696,0.41956521739130437,0.4391304347826087,0.4451086956521739,0.4652173913043478,0.5146739130434783,0.5,0.4945652173913043,0.5163043478260869,0.8695652173913043,0.8695652173913043,0.8913043478260869,0.8804347826086957,0.8043478260869565,0.7717391304347826,0.75,0.8260869565217391,0.8695652173913043,0.717391304347826,0.5543478260869565,0.4782608695652174],"Energy":{"Mean":-70.9515129586228,"Sigma":0.022841255600997812,"Taucorr":0.012310139858573065},"EnergyVariance":{"Mean":0.5756119196589637,"Sigma":0.0400438000368471,"Taucorr":0.033514453826599976},"Iteration":629},
{"Acceptance":[0.32119565217391305,0.34347826086956523,0.3641304347826087,0.38532608695652176,0.4081521739130435,0.4369565217391304,0.45760869565217394,0.46467391304347827,0.4722826086956522,0.5206521739130435,0.503804347826087,0.5239130434782608,0.9130434782608695,0.9021739130434783,0.8586956521739131,0.8152173913043478,0.782608695652174,0.7934782608695652,0.8586956521739131,0.8260869565217391,0.7717391304347826,0.7934782608695652,0.6847826086956522,0.5652173913043478],"Energy":{"Mean":-70.91915555487489,"Sigma":0.023151502692770793,"Taucorr":0.034858438812388336},"EnergyVariance":{"Mean":0.5728311933306666,"Sigma":0.03458658024912917,"Taucorr":-0.011278986264376031},"Iteration":630},
{"Acceptance":[0.3,0.35054347826086957,0.39565217391304347,0.38858695652173914,0.4097826086956522,0.44619565217391305,0.46847826086956523,0.46467391304347827,0.4967391304347826,0.5135869565217391,0.5282608695652173,0.5391304347826087,0.782608695652174,0.7934782608695652,0.8695652173913043,0.8586956521739131,0.8478260869565217,0.8586956521739131,0.8260869565217391,0.8478260869565217,0.7717391304347826,0.75,0.717391304347826,0.6304347826086957],"Energy":{"Mean":-70.94390620588095,"Sigma":0.0236810274191858,"Taucorr":-0.01604396459389841},"EnergyVariance":{"Mean":0.6468943345171031,"Sigma":0.05492464968242277,"Taucorr":0.02604818066973009},"Iteration":631},
{"Acceptance":[0.3179347826086957,0.34945652173913044,0.3565217391304348,0.40597826086956523,0.4092391304347826,0.4201086956521739,0.4418478260869565,0.46902173913043477,0.5190217391304348,0.5146739130434783,0.5141304347826087,0.5233695652173913,0.8260869565217391,0.8369565217391305,0.8695652173913043,0.8804347826086957,0.8152173913043478,0.75,0.8043478260869565,0.8043478260869565,0.75,0.7391304347826086,0.7065217391304348,0.6956521739130435],"Energy":{"Mean":-70.92697100870843,"Sigma":0.023181069106148006,"Taucorr":0.01680751069586803},"EnergyVariance":{"Mean":0.5950582487312053,"Sigma":0.04114755842939213,"Taucorr":0.011447299390789603},"Iteration":632},
{"Acceptance":[0.3467391304347826,0.36630434782608695,0.36467391304347824,0.3815217391304348,0.42228260869565215,0.45706521739130435,0.4608695652173913,0.4956521739130435,0.4994565217391304,0.5125,0.5119565217391304,0.5152173913043478,0.8478260869565217,0.8478260869565217,0.8478260869565217,0.9130434782608695,0.9021739130434783,0.8260869565217391,0.8369565217391305,0.7934782608695652,0.6956521739130435,0.7065217391304348,0.7065217391304348,0.6521739130434783],"Energy":{"Mean":-70.96357153465658,"Sigma":0.024375005761965583,"Taucorr":0.00706664329351622},"EnergyVariance":{"Mean":0.6566079012647869,"Sigma":0.057481021828291186,"Taucorr":-0.011200141991032794},"Iteration":633},
{"Acceptance":[0.3347826086956522,0.36032608695652174,0.37228260869565216,0.41630434782608694,0.4255434782608696,0.4472826086956522,0.4625,0.4603260869565217,0.49619565217391304,0.508695652173913,0.5021739130434782,0.5135869565217391,0.8695652173913043,0.8586956521739131,0.8804347826086957,0.9239130434782609,0.9239130434782609,0.8804347826086957,0.7934782608695652,0.7717391304347826,0.7717391304347826,0.6956521739130435,0.6630434782608695,0.6739130434782609],"Energy":{"Mean":-70.92667663786789,"Sigma":0.024169177667154623,"Taucorr":-0.007026702650112927},"EnergyVariance":{"Mean":0.6512756810453145,"Sigma":0.050165805210145464,"Taucorr":-0.004623959835562935},"Iteration":634},
{"Acceptance":[0.3423913043478261,0.3391304347826087,0.35434782608695653,0.3826086956521739,0.40706521739130436,0.4146739130434783,0.47119565217391307,0.4875,0.49782608695652175,0.5119565217391304,0.5255434782608696,0.5451086956521739,0.8478260869565217,0.8695652173913043,0.8913043478260869,0.8478260869565217,0.7717391304347826,0.7717391304347826,0.8478260869565217,0.7608695652173914,0.7282608695652174,0.7717391304347826,0.7282608695652174,0.7391304347826086],"Energy":{"Mean":-70.93798814166237,"Sigma":0.023497646888784276,"Taucorr":0.03633596648167858},"EnergyVariance":{"Mean":0.5871788780732999,"Sigma":0.03765432444974267,"Taucorr":0.06350702675923524},"Iteration":635},
{"Acceptance":[0.3347826086956522,0.3423913043478261,0.37119565217391304,0.3983695652173913,0.4282608695652174,0.4201086956521739,0.45760869565217394,0.45869565217391306,0.4875,0.5385869565217392,0.5331521739130435,0.5184782608695652,0.9347826086956522,0.8804347826086957,0.8369565217391305,0.8478260869565217,0.8586956521739131,0.8152173913043478,0.8043478260869565,0.7934782608695652,0.6956521739130435,0.7065217391304348,0.6739130434782609,0.5869565217391305],"Energy":{"Mean":-70.93236053713497,"Sigma":0.021070124202061377,"Taucorr":0.025767761295578995},"EnergyVariance":{"Mean":0.4931383519498913,"Sigma":0.025608099274291304,"Taucorr":-0.0006275485355656899},"Iteration":636},
{"Acceptance":[0.3010869565217391,0.33206521739130435,0.3684782608695652,0.3842391304347826,0.3907608695652174,0.4315217391304348,0.4440217391304348,0.48043478260869565,0.49130434782608695,0.49728260869565216,0.5016304347826087,0.48532608695652174,0.8913043478260869,0.8804347826086957,0.8586956521739131,0.8586956521739131,0.8913043478260869,0.8913043478260869,0.8152173913043478,0.782608695652174,0.782608695652174,0.7608695652173914,0.6630434782608695,0.5652173913043478],"Energy":{"Mean":-70.92789283605269,"Sigma":0.023046346191192803,"Taucorr":-0.005210822235341525},"EnergyVariance":{"Mean":0.5988170348539489,"Sigma":0.04771763810601467,"Taucorr":0.03795691240414795},"Iteration":637},
{"Acceptance":[0.3065217391304348,0.35108695652173916,0.3934782608695652,0.37228260869565216,0.4190217391304348,0.425,0.45760869565217394,0.4891304347826087,0.4989130434782609,0.5157608695652174,0.5054347826086957,0.5271739130434783,0.8043478260869565,0.8260869565217391,0.8586956521739131,0.8913043478260869,0.8478260869565217,0.782608695652174,0.7934782608695652,0.8152173913043478,0.7608695652173914,0.6739130434782609,0.6521739130434783,0.6521739130434783],"Energy":{"Mean":-70.93497292937082,"Sigma":0.021029645681598087,"Taucorr":-0.0024845896997897515},"EnergyVariance":{"Mean":0.5224741277499143,"Sigma":0.03527937138641004,"Taucorr":-0.03328508421405263},"Iteration":638},
{"Acceptance":[0.325,0.35434782608695653,0.37880434782608696,0.4,0.41847826086956524,0.4375,0.45869565217391306,0.48478260869565215,0.503804347826087,0.5065217391304347,0.5451086956521739,0.5152173913043478,0.782608695652174,0.8152173913043478,0.8369565217391305,0.8369565217391305,0.8695652173913043,0.8695652173913043,0.8369565217391305,0.782608695652174,0.75,0.7282608695652174,0.6195652173913043,0.5434782608695652],"Energy":{"Mean":-70.9136010508388,"Sigma":0.0229027526523024,"Taucorr":0.0064722579892069546},"EnergyVariance":{"Mean":0.5735258090406056,"Sigma":0.03588793421472659,"Taucorr":-0.0020859467724148872},"Iteration":639},
{"Acceptance":[0.3423913043478261,0.3641304347826087,0.3760869565217391,0.4097826086956522,0.4146739130434783,0.425,0.43967391304347825,0.47989130434782606,0.5021739130434782,0.4940217391304348,0.49184782608695654,0.528804347826087,0.8913043478260869,0.8695652173913043,0.8478260869565217,0.7934782608695652,0.8152173913043478,0.8913043478260869,0.8586956521739131,0.7608695652173914,0.7717391304347826,0.7608695652173914,0.7391304347826086,0.8043478260869565],"Energy":{"Mean":-70.93855375462353,"Sigma":0.02455799874669118,"Taucorr":0.02900164985628259},"EnergyVariance":{"Mean":0.642723868063395,"Sigma":0.05176493642038191,"Taucorr":-0.012805328324412607},"Iteration":640},
{"Acceptance":[0.30543478260869567,0.3418478260869565,0.37119565217391304,0.3793478260869565,0.4141304347826087,0.421195652173913,0.4592391304347826,0.47282608695652173,0.4706521739130435,0.5244565217391305,0.5309782608695652,0.5402173913043479,0.8043478260869565,0.8369565217391305,0.8478260869565217,0.8586956521739131,0.9021739130434783,0.8260869565217391,0.7717391304347826,0.782608695652174,0.7608695652173914,0.7934782608695652,0.7934782608695652,0.7608695652173914],"Energy":{"Mean":-70.94463772078676,"Sigma":0.02345598815909761,"Taucorr":0.025318865953012287},"EnergyVariance":{"Mean":0.5931938365252409,"Sigma":0.04507735796625806,"Taucorr":0.06030663515039475},"Iteration":641},
{"Acceptance":[0.34130434782608693,0.35489130434782606,0.3717391304347826,0.3918478260869565,0.421195652173913,0.45,0.4532608695652174,0.48641304347826086,0.4782608695652174,0.5157608695652174,0.503804347826087,0.5222826086956521,0.9130434782608695,0.8913043478260869,0.8152173913043478,0.782608695652174,0.8478260869565217,0.8152173913043478,0.8152173913043478,0.8369565217391305,0.7934782608695652,0.7065217391304348,0.7065217391304348,0.8043478260869565],"Energy":{"Mean":-70.88862086686281,"Sigma":0.026995981145130448,"Taucorr":0.021601440490891705},"EnergyVariance":{"Mean":0.7798922123031456,"Sigma":0.20294011799408027,"Taucorr":0.00023126156307781928},"Iteration":642},
{"Acceptance":[0.3059782608695652,0.33641304347826084,0.3706521739130435,0.3972826086956522,0.43369565217391304,0.4277173913043478,0.44456521739130433,0.48478260869565215,0.4891304347826087,0.5168478260869566,0.5130434782608696,0.5380434782608695,0.7608695652173914,0.8043478260869565,0.8152173913043478,0.8369565217391305,0.8478260869565217,0.8478260869565217,0.7717391304347826,0.717391304347826,0.75,0.6630434782608695,0.6521739130434783,0.6956521739130435],"Energy":{"Mean":-70.95075665473115,"Sigma":0.022172221645224355,"Taucorr":-0.0190611711101232},"EnergyVariance":{"Mean":0.5872614620194695,"Sigma":0.03682940804306539,"Taucorr":-0.003587121585554883},"Iteration":643},
{"Acceptance":[0.32554347826086955,0.3630434782608696,0.38369565217391305,0.3934782608695652,0.4358695652173913,0.4375,0.45271739130434785,0.4668478260869565,0.49728260869565216,0.5065217391304347,0.5119565217391304,0.5211956521739131,0.8695652173913043,0.8369565217391305,0.8260869565217391,0.8369565217391305,0.8152173913043478,0.8369565217391305,0.8260869565217391,0.7608695652173914,0.7608695652173914,0.782608695652174,0.5978260869565217,0.41304347826086957],"Energy":{"Mean":-70.97567548654166,"Sigma":0.022928911215374187,"Taucorr":-0.002392763615516045},"EnergyVariance":{"Mean":0.5874698231179382,"Sigma":0.04433463398533655,"Taucorr":-0.0333856383283626},"Iteration":644},
{"Acceptance":[0.3010869565217391,0.32608695652173914,0.36032608695652174,0.3809782608695652,0.39565217391304347,0.4277173913043478,0.4548913043478261,0.4842391304347826,0.5081521739130435,0.5043478260869565,0.532608695652174,0.5364130434782609,0.8695652173913043,0.8804347826086957,0.8586956521739131,0.8478260869565217,0.8478260869565217,0.8586956521739131,0.8260869565217391,0.75,0.6847826086956522,0.6413043478260869,0.6413043478260869,0.6304347826086957],"Energy":{"Mean":-70.89982583625569,"Sigma":0.02294015668688648,"Taucorr":0.01666203160414193},"EnergyVariance":{"Mean":0.5663968501360768,"Sigma":0.03849015136724495,"Taucorr":0.007977220794674241},"Iteration":645},
{"Acceptance":[0.3418478260869565,0.358695652173913,0.3527173913043478,0.40652173913043477,0.41793478260869565,0.4472826086956522,0.46902173913043477,0.4782608695652174,0.4956521739130435,0.5135869565217391,0.5320652173913043,0.48641304347826086,0.8913043478260869,0.8369565217391305,0.8152173913043478,0.8369565217391305,0.8478260869565217,0.8478260869565217,0.8586956521739131,0.8369565217391305,0.782608695652174,0.75,0.5217391304347826,0.32608695652173914],"Energy":{"Mean":-70.8870680769759,"Sigma":0.02129508576338837,"Taucorr":-0.027715054026058644},"EnergyVariance":{"Mean":0.5505756041422599,"Sigma":0.03399629717552153,"Taucorr":0.005821916013783748},"Iteration":646},
{"Acceptance":[0.31956521739130433,0.3673913043478261,0.39891304347826084,0.3673913043478261,0.4385869565217391,0.4369565217391304,0.48097826086956524,0.45869565217391306,0.4951086956521739,0.4891304347826087,0.5380434782608695,0.5157608695652174,0.8913043478260869,0.8478260869565217,0.8260869565217391,0.8586956521739131,0.8478260869565217,0.7934782608695652,0.7608695652173914,0.782608695652174,0.8152173913043478,0.75,0.5869565217391305,0.5],"Energy":{"Mean":-70.93678138405511,"Sigma":0.022216210424569907,"Taucorr":0.0009106564186356381},"EnergyVariance":{"Mean":0.5681338239213943,"Sigma":0.03822039364904271,"Taucorr":0.02714578311562889},"Iteration":647},
{"Acceptance":[0.34456521739130436,0.38369565217391305,0.3809782608695652,0.4043478260869565,0.4108695652173913,0.43478260869565216,0.45271739130434785,0.503804347826087,0.475,0.5152173913043478,0.5065217391304347,0.5201086956521739,0.8260869565217391,0.8152173913043478,0.8152173913043478,0.8152173913043478,0.8369565217391305,0.8369565217391305,0.8260869565217391,0.782608695652174,0.7391304347826086,0.75,0.717391304347826,0.6956521739130435],"Energy":{"Mean":-70.96116794662474,"Sigma":0.022518938212532317,"Taucorr":-0.00648145055492792},"EnergyVariance":{"Mean":0.593898390849703,"Sigma":0.04085710514054854,"Taucorr":-0.00871669682247505},"Iteration":648},
{"Acceptance":[0.3347826086956522,0.3695652173913043,0.3641304347826087,0.38967391304347826,0.41630434782608694,0.4217391304347826,0.453804347826087,0.48641304347826086,0.4951086956521739,0.5103260869565217,0.5277173913043478,0.5277173913043478,0.9347826086956522,0.9130434782608695,0.8478260869565217,0.8260869565217391,0.8369565217391305,0.8478260869565217,0.8586956521739131,0.8369565217391305,0.8260869565217391,0.8152173913043478,0.7391304347826086,0.6739130434782609],"Energy":{"Mean":-70.94495708680438,"Sigma":0.021564329356712365,"Taucorr":-0.016491732260746073},"EnergyVariance":{"Mean":0.552843444726799,"Sigma":0.03923669497410882,"Taucorr":0.014287270714394855},"Iteration":649},
{"Acceptance":[0.3222826086956522,0.3717391304347826,0.3760869565217391,0.39619565217391306,0.41684782608695653,0.425,0.4559782608695652,0.4641304347826087,0.49728260869565216,0.5114130434782609,0.5070652173913044,0.5059782608695652,0.9130434782608695,0.8804347826086957,0.8478260869565217,0.8260869565217391,0.782608695652174,0.782608695652174,0.7608695652173914,0.7282608695652174,0.7608695652173914,0.7608695652173914,0.6521739130434783,0.5652173913043478],"Energy":{"Mean":-70.93708990621091,"Sigma":0.02221426307659742,"Taucorr":0.03728167350174325},"EnergyVariance":{"Mean":0.5195306073254516,"Sigma":0.037002940157611,"Taucorr":0.015836605936084696},"Iteration":650},
{"Acceptance":[0.3347826086956522,0.3625,0.37228260869565216,0.39565217391304347,0.425,0.45163043478260867,0.4434782608695652,0.47608695652173916,0.49619565217391304,0.4875,0.4934782608695652,0.5239130434782608,0.8695652173913043,0.8152173913043478,0.8152173913043478,0.8804347826086957,0.8369565217391305,0.7717391304347826,0.8043478260869565,0.8478260869565217,0.7717391304347826,0.6956521739130435,0.7282608695652174,0.7608695652173914],"Energy":{"Mean":-70.93590243365853,"Sigma":0.0234843070533043,"Taucorr":-0.008501878392070873},"EnergyVariance":{"Mean":0.619635438606441,"Sigma":0.04419726364700475,"Taucorr":0.019051085924273372},"Iteration":651},
{"Acceptance":[0.33043478260869563,0.3402173913043478,0.37771739130434784,0.3755434782608696,0.40597826086956523,0.4141304347826087,0.46304347826086956,0.46956521739130436,0.4967391304347826,0.49782608695652175,0.5342391304347827,0.5293478260869565,0.8478260869565217,0.8695652173913043,0.8695652173913043,0.8586956521739131,0.8695652173913043,0.8043478260869565,0.782608695652174,0.8478260869565217,0.8152173913043478,0.7608695652173914,0.6956521739130435,0.6304347826086957],"Energy":{"Mean":-70.97321119877151,"Sigma":0.021631543465905154,"Taucorr":-0.018269351574464788},"EnergyVariance":{"Mean":0.5521447834084877,"Sigma":0.03346648686646342,"Taucorr":0.028057135074565864},"Iteration":652},
{"Acceptance":[0.34891304347826085,0.36141304347826086,0.3630434782608696,0.42228260869565215,0.4298913043478261,0.4440217391304348,0.45652173913043476,0.47554347826086957,0.4826086956521739,0.5228260869565218,0.5369565217391304,0.5369565217391304,0.8913043478260869,0.8913043478260869,0.8913043478260869,0.8913043478260869,0.8913043478260869,0.8152173913043478,0.782608695652174,0.8152173913043478,0.7934782608695652,0.717391304347826,0.5543478260869565,0.45652173913043476],"Energy":{"Mean":-70.89972292300443,"Sigma":0.024470773929546785,"Taucorr":0.05489200632684634},"EnergyVariance":{"Mean":0.6028178308471303,"Sigma":0.03407409506395855,"Taucorr":0.021850905227826286},"Iteration":653},
{"Acceptance":[0.33804347826086956,0.34782608695652173,0.37228260869565216,0.3983695652173913,0.4146739130434783,0.41739130434782606,0.46902173913043477,0.46630434782608693,0.5010869565217392,0.47445652173913044,0.4967391304347826,0.525,0.7391304347826086,0.8369565217391305,0.9130434782608695,0.8913043478260869,0.8586956521739131,0.8260869565217391,0.8043478260869565,0.8152173913043478,0.7934782608695652,0.7065217391304348,0.6956521739130435,0.717391304347826],"Energy":{"Mean":-70.94203472884705,"Sigma":0.020752745717250463,"Taucorr":0.01746026186859252},"EnergyVariance":{"Mean":0.500236342494295,"Sigma":0.02699922749776237,"Taucorr":0.01446568142968218},"Iteration":654},
{"Acceptance":[0.3375,0.35543478260869565,0.3630434782608696,0.41684782608695653,0.40652173913043477,0.45108695652173914,0.45815217391304347,0.4766304347826087,0.5021739130434782,0.5076086956521739,0.5146739130434783,0.4951086956521739,0.8478260869565217,0.8695652173913043,0.8369565217391305,0.8043478260869565,0.8152173913043478,0.8478260869565217,0.8478260869565217,0.8043478260869565,0.7934782608695652,0.7391304347826086,0.6630434782608695,0.6304347826086957],"Energy":{"Mean":-70.89128365346461,"Sigma":0.022283201283967297,"Taucorr":0.03011022806429133},"EnergyVariance":{"Mean":0.5467667756691085,"Sigma":0.035061982113291375,"Taucorr":0.0320416827137984},"Iteration":655},
{"Acceptance":[0.3119565217391304,0.3641304347826087,0.3744565217391304,0.3760869565217391,0.44021739130434784,0.4369565217391304,0.4673913043478261,0.4597826086956522,0.5070652173913044,0.4902173913043478,0.5146739130434783,0.5201086956521739,0.8260869565217391,0.8478260869565217,0.8478260869565217,0.8913043478260869,0.8369565217391305,0.7608695652173914,0.8260869565217391,0.7934782608695652,0.6956521739130435,0.6413043478260869,0.6304347826086957,0.6304347826086957],"Energy":{"Mean":-70.93850929294625,"Sigma":0.022330966314082823,"Taucorr":-0.00977223365306999},"EnergyVariance":{"Mean":0.5874713466811227,"Sigma":0.035346617255095504,"Taucorr":-0.007516587943606615},"Iteration":656},
{"Acceptance":[0.3527173913043478,0.3467391304347826,0.3635869565217391,0.36684782608695654,0.4108695652173913,0.4331521739130435,0.43043478260869567,0.4706521739130435,0.4777173913043478,0.5081521739130435,0.5228260869565218,0.5076086956521739,0.9347826086956522,0.9021739130434783,0.8478260869565217,0.8152173913043478,0.8043478260869565,0.782608695652174,0.782608695652174,0.717391304347826,0.7065217391304348,0.7608695652173914,0.5978260869565217,0.45652173913043476],"Energy":{"Mean":-70.97818650202557,"Sigma":0.0228039492732335,"Taucorr":0.04336096643870565},"EnergyVariance":{"Mean":0.5456810149987068,"Sigma":0.04184596499125034,"Taucorr":0.0038295316110441104},"Iteration":657},
{"Acceptance":[0.34891304347826085,0.32282608695652176,0.38967391304347826,0.4016304347826087,0.43478260869565216,0.4315217391304348,0.4652173913043478,0.4483695652173913,0.4923913043478261,0.48695652173913045,0.5005434782608695,0.5244565217391305,0.8695652173913043,0.8804347826086957,0.8586956521739131,0.8369565217391305,0.8369565217391305,0.8695652173913043,0.8260869565217391,0.782608695652174,0.75,0.6956521739130435,0.6956521739130435,0.6739130434782609],"Energy":{"Mean":-70.9426074929204,"Sigma":0.021521031431703867,"Taucorr":-0.03696192379097866},"EnergyVariance":{"Mean":0.5741611258325827,"Sigma":0.037123131044473553,"Taucorr":0.026778874889792942},"Iteration":658},
{"Acceptance":[0.3423913043478261,0.358695652173913,0.3744565217391304,0.3766304347826087,0.41956521739130437,0.4298913043478261,0.46358695652173915,0.4940217391304348,0.4885869565217391,0.5048913043478261,0.5130434782608696,0.5027173913043478,0.8478260869565217,0.8478260869565217,0.7934782608695652,0.7717391304347826,0.8478260869565217,0.9130434782608695,0.8260869565217391,0.6956521739130435,0.7065217391304348,0.7608695652173914,0.6956521739130435,0.6086956521739131],"Energy":{"Mean":-70.92982439881526,"Sigma":0.0216293478912848,"Taucorr":-0.012879412951504216},"EnergyVariance":{"Mean":0.5603474128533205,"Sigma":0.03308084468716879,"Taucorr":-0.0049888389923563705},"Iteration":659},
{"Acceptance":[0.3423913043478261,0.3695652173913043,0.36032608695652174,0.3983695652173913,0.42336956521739133,0.4277173913043478,0.44619565217391305,0.48097826086956524,0.4956521739130435,0.508695652173913,0.503804347826087,0.529891304347826,0.8043478260869565,0.7934782608695652,0.8478260869565217,0.8913043478260869,0.8369565217391305,0.8043478260869565,0.8152173913043478,0.8478260869565217,0.8260869565217391,0.7391304347826086,0.7065217391304348,0.717391304347826],"Energy":{"Mean":-70.92047772859281,"Sigma":0.02215328710070417,"Taucorr":0.024804368210419394},"EnergyVariance":{"Mean":0.5439550186091817,"Sigma":0.033041158005348015,"Taucorr":-0.006903307855013301},"Iteration":660},
{"Acceptance":[0.3130434782608696,0.35543478260869565,0.37880434782608696,0.40597826086956523,0.42880434782608695,0.4440217391304348,0.4592391304347826,0.4777173913043478,0.4902173913043478,0.503804347826087,0.5119565217391304,0.5152173913043478,0.8478260869565217,0.8586956521739131,0.8369565217391305,0.8043478260869565,0.8043478260869565,0.8043478260869565,0.7608695652173914,0.7391304347826086,0.7717391304347826,0.782608695652174,0.6630434782608695,0.5434782608695652],"Energy":{"Mean":-70.94191520631747,"Sigma":0.02081746087958043,"Taucorr":-0.006089473073188724},"EnergyVariance":{"Mean":0.5141572144517339,"Sigma":0.028897070455582558,"Taucorr":0.01152375581731914},"Iteration":661},
{"Acceptance":[0.34945652173913044,0.31956521739130433,0.3733695652173913,0.39565217391304347,0.4309782608695652,0.4369565217391304,0.45,0.46956521739130436,0.4842391304347826,0.5016304347826087,0.5157608695652174,0.5168478260869566,0.8913043478260869,0.8804347826086957,0.8804347826086957,0.8695652173913043,0.8478260869565217,0.7934782608695652,0.7934782608695652,0.8260869565217391,0.75,0.6739130434782609,0.6413043478260869,0.6304347826086957],"Energy":{"Mean":-70.93987559918894,"Sigma":0.024052961734029987,"Taucorr":0.021347356529468828},"EnergyVariance":{"Mean":0.6180940647485144,"Sigma":0.04963378528266061,"Taucorr":-0.00109343338804032},"Iteration":662},
{"Acceptance":[0.33369565217391306,0.35706521739130437,0.38913043478260867,0.38858695652173914,0.4201086956521739,0.43369565217391304,0.4559782608695652,0.47934782608695653,0.4940217391304348,0.508695652173913,0.5054347826086957,0.5320652173913043,0.8478260869565217,0.9130434782608695,0.9021739130434783,0.8043478260869565,0.7717391304347826,0.8043478260869565,0.8152173913043478,0.8369565217391305,0.7934782608695652,0.6956521739130435,0.7065217391304348,0.717391304347826],"Energy":{"Mean":-70.92679433755164,"Sigma":0.023615138814234188,"Taucorr":0.01925559903639919},"EnergyVariance":{"Mean":0.5888667534196771,"Sigma":0.040258563281586536,"Taucorr":0.026051155543096737},"Iteration":663},
{"Acceptance":[0.3,0.36793478260869567,0.34891304347826085,0.39456521739130435,0.41684782608695653,0.4326086956521739,0.483695652173913,0.4885869565217391,0.5065217391304347,0.5065217391304347,0.5222826086956521,0.5331521739130435,0.8260869565217391,0.8369565217391305,0.8369565217391305,0.8478260869565217,0.8260869565217391,0.8043478260869565,0.7717391304347826,0.7608695652173914,0.782608695652174,0.8043478260869565,0.7391304347826086,0.6304347826086957],"Energy":{"Mean":-70.93751816619972,"Sigma":0.020954131004312596,"Taucorr":-0.005669206636974969},"EnergyVariance":{"Mean":0.5067804913859627,"Sigma":0.02942766073362067,"Taucorr":0.032116571513582194},"Iteration":664},
{"Acceptance":[0.3353260869565217,0.34402173913043477,0.3782608695652174,0.3755434782608696,0.41630434782608694,0.4125,0.4733695652173913,0.4956521739130435,0.47391304347826085,0.5005434782608695,0.5211956521739131,0.49184782608695654,0.8695652173913043,0.8695652173913043,0.8478260869565217,0.8695652173913043,0.8369565217391305,0.8152173913043478,0.8260869565217391,0.7934782608695652,0.7608695652173914,0.7391304347826086,0.717391304347826,0.6739130434782609],"Energy":{"Mean":-70.92898178254393,"Sigma":0.02301082979036588,"Taucorr":0.03305770738220583},"EnergyVariance":{"Mean":0.5758959461280716,"Sigma":0.03541769390482249,"Taucorr":-0.0027950028137284596},"Iteration":665},
{"Acceptance":[0.3293478260869565,0.35597826086956524,0.38315217391304346,0.4157608695652174,0.40652173913043477,0.4467391304347826,0.45,0.4652173913043478,0.4902173913043478,0.5097826086956522,0.5032608695652174,0.5,0.8043478260869565,0.8478260869565217,0.8478260869565217,0.8369565217391305,0.8586956521739131,0.8369565217391305,0.8043478260869565,0.782608695652174,0.7934782608695652,0.6847826086956522,0.6739130434782609,0.782608695652174],"Energy":{"Mean":-70.96166173478262,"Sigma":0.022093715812086284,"Taucorr":0.027640278578470207},"EnergyVariance":{"Mean":0.5320016405281845,"Sigma":0.030184048369704453,"Taucorr":-0.015311049797768636},"Iteration":666},
{"Acceptance":[0.32771739130434785,0.35434782608695653,0.3695652173913043,0.3842391304347826,0.41739130434782606,0.4326086956521739,0.4472826086956522,0.4934782608695652,0.5190217391304348,0.5201086956521739,0.5130434782608696,0.49728260869565216,0.9347826086956522,0.8586956521739131,0.7608695652173914,0.8152173913043478,0.7717391304347826,0.782608695652174,0.9347826086956522,0.8478260869565217,0.6630434782608695,0.6304347826086957,0.5760869565217391,0.4782608695652174],"Energy":{"Mean":-70.9227039535931,"Sigma":0.024249942414900267,"Taucorr":-0.003895630331063359},"EnergyVariance":{"Mean":0.6609993302646542,"Sigma":0.10823527860191473,"Taucorr":0.0033136148581560825},"Iteration":667},
{"Acceptance":[0.31521739130434784,0.33804347826086956,0.39021739130434785,0.40652173913043477,0.3907608695652174,0.4385869565217391,0.4380434782608696,0.47554347826086957,0.4907608695652174,0.5163043478260869,0.529891304347826,0.5315217391304348,0.8478260869565217,0.7934782608695652,0.8043478260869565,0.8478260869565217,0.8369565217391305,0.8152173913043478,0.7934782608695652,0.8260869565217391,0.8260869565217391,0.7282608695652174,0.6413043478260869,0.6304347826086957],"Energy":{"Mean":-71.00733173870248,"Sigma":0.02396267064240383,"Taucorr":-0.02322545023051535},"EnergyVariance":{"Mean":0.687240880001868,"Sigma":0.06449431237145753,"Taucorr":0.008777738680774985},"Iteration":668},
{"Acceptance":[0.3141304347826087,0.34456521739130436,0.38206521739130433,0.3826086956521739,0.4429347826086957,0.4320652173913043,0.475,0.4668478260869565,0.48695652173913045,0.508695652173913,0.5543478260869565,0.5472826086956522,0.8695652173913043,0.8369565217391305,0.8586956521739131,0.8586956521739131,0.8369565217391305,0.8478260869565217,0.8586956521739131,0.8260869565217391,0.782608695652174,0.7717391304347826,0.6956521739130435,0.6521739130434783],"Energy":{"Mean":-70.93858579521826,"Sigma":0.024572788013352758,"Taucorr":0.020858960683177507},"EnergyVariance":{"Mean":0.6339825827384286,"Sigma":0.04696713537116077,"Taucorr":-0.006314106731933525},"Iteration":669},
{"Acceptance":[0.3065217391304348,0.358695652173913,0.3527173913043478,0.4125,0.4309782608695652,0.4331521739130435,0.47391304347826085,0.48532608695652174,0.5027173913043478,0.5342391304347827,0.5195652173913043,0.5282608695652173,0.8478260869565217,0.8913043478260869,0.8369565217391305,0.8478260869565217,0.8804347826086957,0.8369565217391305,0.8586956521739131,0.8152173913043478,0.7717391304347826,0.7608695652173914,0.6521739130434783,0.5434782608695652],"Energy":{"Mean":-70.9181918784265,"Sigma":0.022903607460892733,"Taucorr":0.04640289800938773},"EnergyVariance":{"Mean":0.5443089239013843,"Sigma":0.031799579568378096,"Taucorr":0.005586665762815013},"Iteration":670},
{"Acceptance":[0.3456521739130435,0.34619565217391307,0.3842391304347826,0.40652173913043477,0.40597826086956523,0.4298913043478261,0.47282608695652173,0.46956521739130436,0.4831521739130435,0.5206521739130435,0.49728260869565216,0.5141304347826087,0.8695652173913043,0.8260869565217391,0.8260869565217391,0.8695652173913043,0.8043478260869565,0.8043478260869565,0.7934782608695652,0.75,0.7608695652173914,0.717391304347826,0.6304347826086957,0.5652173913043478],"Energy":{"Mean":-70.97890908578638,"Sigma":0.02201280230847075,"Taucorr":-0.00012472689435922882},"EnergyVariance":{"Mean":0.5432683825659322,"Sigma":0.032562179487789875,"Taucorr":0.02423762082754276},"Iteration":671},
{"Acceptance":[0.33369565217391306,0.3375,0.3695652173913043,0.40054347826086956,0.42336956521739133,0.4483695652173913,0.45706521739130435,0.46956521739130436,0.4826086956521739,0.5173913043478261,0.5152173913043478,0.5065217391304347,0.9130434782608695,0.8478260869565217,0.8043478260869565,0.8260869565217391,0.8478260869565217,0.8369565217391305,0.7934782608695652,0.7717391304347826,0.7608695652173914,0.7391304347826086,0.5652173913043478,0.41304347826086957],"Energy":{"Mean":-70.97087779742559,"Sigma":0.021766494378526246,"Taucorr":0.012587512867612304},"EnergyVariance":{"Mean":0.5307830371158445,"Sigma":0.036657408052430125,"Taucorr":-0.011504150722568838},"Iteration":672},
{"Acceptance":[0.3070652173913043,0.34782608695652173,0.3695652173913043,0.38315217391304346,0.3923913043478261,0.4467391304347826,0.46467391304347827,0.48695652173913045,0.4885869565217391,0.5043478260869565,0.5315217391304348,0.5054347826086957,0.9347826086956522,0.9021739130434783,0.8586956521739131,0.8260869565217391,0.75,0.75,0.8043478260869565,0.7717391304347826,0.7391304347826086,0.7391304347826086,0.6739130434782609,0.6086956521739131],"Energy":{"Mean":-70.96516080469387,"Sigma":0.0229451218932398,"Taucorr":-0.006623100568540791},"EnergyVariance":{"Mean":0.6009811645056923,"Sigma":0.04206081512956556,"Taucorr":-0.001013650510695921},"Iteration":673},
{"Acceptance":[0.2967391304347826,0.33043478260869563,0.36141304347826086,0.40108695652173915,0.41739130434782606,0.4380434782608696,0.4489130434782609,0.4766304347826087,0.5054347826086957,0.5157608695652174,0.5233695652173913,0.5277173913043478,0.8695652173913043,0.8695652173913043,0.8695652173913043,0.8043478260869565,0.8369565217391305,0.9130434782608695,0.8913043478260869,0.8695652173913043,0.8043478260869565,0.7608695652173914,0.6630434782608695,0.5652173913043478],"Energy":{"Mean":-70.96797092145091,"Sigma":0.024186658346059407,"Taucorr":-0.001978352254387553},"EnergyVariance":{"Mean":0.6551785681832006,"Sigma":0.051927745471048524,"Taucorr":-0.012225433617680722},"Iteration":674},
{"Acceptance":[0.34782608695652173,0.3353260869565217,0.3793478260869565,0.38532608695652176,0.43043478260869567,0.4282608695652174,0.4440217391304348,0.4706521739130435,0.4967391304347826,0.4885869565217391,0.5103260869565217,0.5516304347826086,0.9782608695652174,0.9456521739130435,0.8913043478260869,0.8478260869565217,0.8369565217391305,0.8478260869565217,0.8369565217391305,0.7608695652173914,0.7065217391304348,0.7934782608695652,0.8152173913043478,0.7608695652173914],"Energy":{"Mean":-70.93684692156114,"Sigma":0.02327716283401365,"Taucorr":0.02433906194765781},"EnergyVariance":{"Mean":0.5900202179469866,"Sigma":0.04275056304232817,"Taucorr":-0.010282777712384146},"Iteration":675},
{"Acceptance":[0.33315217391304347,0.36086956521739133,0.3793478260869565,0.40706521739130436,0.4217391304347826,0.41739130434782606,0.44619565217391305,0.4722826086956522,0.5021739130434782,0.5016304347826087,0.5179347826086956,0.5320652173913043,0.717391304347826,0.8260869565217391,0.8913043478260869,0.8260869565217391,0.8478260869565217,0.7934782608695652,0.7391304347826086,0.8369565217391305,0.7934782608695652,0.6956521739130435,0.6521739130434783,0.6086956521739131],"Energy":{"Mean":-70.95392021019191,"Sigma":0.02273757096925395,"Taucorr":0.05208212040014323},"EnergyVariance":{"Mean":0.5287059708766788,"Sigma":0.036002581261065356,"Taucorr":-0.025320636895117266},"Iteration":676},
{"Acceptance":[0.3125,0.34945652173913044,0.36195652173913045,0.40108695652173915,0.425,0.421195652173913,0.4472826086956522,0.46358695652173915,0.48532608695652174,0.49130434782608695,0.5190217391304348,0.5081521739130435,0.8260869565217391,0.8260869565217391,0.8152173913043478,0.782608695652174,0.7934782608695652,0.8152173913043478,0.7608695652173914,0.7608695652173914,0.8043478260869565,0.75,0.6195652173913043,0.5434782608695652],"Energy":{"Mean":-70.92191067703685,"Sigma":0.022704197690311068,"Taucorr":0.008359035402741688},"EnergyVariance":{"Mean":0.5514761994738424,"Sigma":0.042606052251555615,"Taucorr":0.03859138888036128},"Iteration":677},
{"Acceptance":[0.31630434782608696,0.3309782608695652,0.3701086956521739,0.3858695652173913,0.3967391304347826,0.45706521739130435,0.47554347826086957,0.4923913043478261,0.46847826086956523,0.49728260869565216,0.5135869565217391,0.5304347826086957,0.8043478260869565,0.7934782608695652,0.8043478260869565,0.8478260869565217,0.8804347826086957,0.8043478260869565,0.8152173913043478,0.7934782608695652,0.717391304347826,0.75,0.6847826086956522,0.6304347826086957],"Energy":{"Mean":-70.93910012030507,"Sigma":0.022059599752317027,"Taucorr":0.03777511972631987},"EnergyVariance":{"Mean":0.531302902541276,"Sigma":0.03159762556524019,"Taucorr":0.023565021429402335},"Iteration":678},
{"Acceptance":[0.33260869565217394,0.3130434782608696,0.38532608695652176,0.3978260869565217,0.4315217391304348,0.41032608695652173,0.45,0.4907608695652174,0.4934782608695652,0.5032608695652174,0.5190217391304348,0.5282608695652173,0.8695652173913043,0.8369565217391305,0.782608695652174,0.8152173913043478,0.8695652173913043,0.8695652173913043,0.8478260869565217,0.8152173913043478,0.7282608695652174,0.6304347826086957,0.7065217391304348,0.8043478260869565],"Energy":{"Mean":-70.92670238389081,"Sigma":0.024160017812413476,"Taucorr":0.025378203770575442},"EnergyVariance":{"Mean":0.6206090294697303,"Sigma":0.04109146952029927,"Taucorr":-0.006140673415482775},"Iteration":679},
{"Acceptance":[0.3168478260869565,0.35,0.3706521739130435,0.3847826086956522,0.40054347826086956,0.4260869565217391,0.45163043478260867,0.4951086956521739,0.5005434782608695,0.4989130434782609,0.5059782608695652,0.558695652173913,0.9130434782608695,0.8804347826086957,0.8804347826086957,0.8478260869565217,0.8152173913043478,0.8369565217391305,0.8478260869565217,0.8478260869565217,0.7717391304347826,0.7282608695652174,0.7391304347826086,0.7391304347826086],"Energy":{"Mean":-70.9189825900408,"Sigma":0.023475994779865176,"Taucorr":-0.004159186372278173},"EnergyVariance":{"Mean":0.627196554575329,"Sigma":0.04110661667306021,"Taucorr":-0.00422317440786088},"Iteration":680},
{"Acceptance":[0.35108695652173916,0.3532608695652174,0.3684782608695652,0.39456521739130435,0.4320652173913043,0.43369565217391304,0.4494565217391304,0.48206521739130437,0.4923913043478261,0.5146739130434783,0.5103260869565217,0.5244565217391305,0.8260869565217391,0.8478260869565217,0.7934782608695652,0.7608695652173914,0.8369565217391305,0.8804347826086957,0.8586956521739131,0.7717391304347826,0.7391304347826086,0.7282608695652174,0.6304347826086957,0.5652173913043478],"Energy":{"Mean":-70.92491171355074,"Sigma":0.02272669877148284,"Taucorr":0.0009550150678396425},"EnergyVariance":{"Mean":0.5767335653913657,"Sigma":0.04442910108703679,"Taucorr":-0.012226343791978034},"Iteration":681},
{"Acceptance":[0.31956521739130433,0.33641304347826084,0.3565217391304348,0.38206521739130433,0.4282608695652174,0.4217391304347826,0.4434782608695652,0.45652173913043476,0.4994565217391304,0.5027173913043478,0.5152173913043478,0.5266304347826087,0.8695652173913043,0.8260869565217391,0.8369565217391305,0.8586956521739131,0.8369565217391305,0.8586956521739131,0.8478260869565217,0.8043478260869565,0.782608695652174,0.6413043478260869,0.6086956521739131,0.717391304347826],"Energy":{"Mean":-70.89580898259186,"Sigma":0.022491878803017187,"Taucorr":0.013405831503809989},"EnergyVariance":{"Mean":0.5705497116880948,"Sigma":0.033517183014665296,"Taucorr":0.0327213347942266},"Iteration":682},
{"Acceptance":[0.3048913043478261,0.3418478260869565,0.3782608695652174,0.41032608695652173,0.39619565217391306,0.4331521739130435,0.4451086956521739,0.49293478260869567,0.49782608695652175,0.5190217391304348,0.5255434782608696,0.5103260869565217,0.9130434782608695,0.8478260869565217,0.8586956521739131,0.8913043478260869,0.8695652173913043,0.8478260869565217,0.7717391304347826,0.8043478260869565,0.7934782608695652,0.7282608695652174,0.6195652173913043,0.5],"Energy":{"Mean":-70.94493384510679,"Sigma":0.022864619129863224,"Taucorr":0.020218898325818583},"EnergyVariance":{"Mean":0.5648216173513382,"Sigma":0.06961675139327923,"Taucorr":0.009758475334702347},"Iteration":683},
{"Acceptance":[0.32554347826086955,0.35489130434782606,0.3630434782608696,0.40217391304347827,0.42228260869565215,0.4282608695652174,0.45108695652173914,0.4706521739130435,0.4967391304347826,0.49728260869565216,0.5255434782608696,0.5494565217391304,0.9347826086956522,0.9130434782608695,0.8369565217391305,0.8478260869565217,0.9021739130434783,0.8804347826086957,0.8586956521739131,0.8586956521739131,0.8369565217391305,0.7608695652173914,0.75,0.782608695652174],"Energy":{"Mean":-70.92920226037022,"Sigma":0.02264826174960609,"Taucorr":0.012015370100904333},"EnergyVariance":{"Mean":0.57222196067666,"Sigma":0.03603908796316774,"Taucorr":0.02859798271406928},"Iteration":684},
{"Acceptance":[0.33695652173913043,0.35978260869565215,0.3706521739130435,0.3847826086956522,0.4081521739130435,0.42880434782608695,0.45271739130434785,0.45652173913043476,0.48206521739130437,0.5016304347826087,0.5342391304347827,0.5173913043478261,0.8913043478260869,0.8804347826086957,0.8586956521739131,0.8260869565217391,0.782608695652174,0.8043478260869565,0.75,0.6956521739130435,0.782608695652174,0.7717391304347826,0.6630434782608695,0.6086956521739131],"Energy":{"Mean":-70.90299190257676,"Sigma":0.021698680060370373,"Taucorr":-0.04142545827361172},"EnergyVariance":{"Mean":0.5893445634207904,"Sigma":0.040597812791859936,"Taucorr":0.00048322725560052726},"Iteration":685},
{"Acceptance":[0.3179347826086957,0.36141304347826086,0.36684782608695654,0.39565217391304347,0.4141304347826087,0.4326086956521739,0.4657608695652174,0.48097826086956524,0.48586956521739133,0.49782608695652175,0.5130434782608696,0.508695652173913,0.8695652173913043,0.8478260869565217,0.8804347826086957,0.8913043478260869,0.8260869565217391,0.8152173913043478,0.8369565217391305,0.8369565217391305,0.7608695652173914,0.717391304347826,0.6304347826086957,0.5217391304347826],"Energy":{"Mean":-70.92456191762433,"Sigma":0.02254517752604619,"Taucorr":-0.023407233803137948},"EnergyVariance":{"Mean":0.584589981533934,"Sigma":0.037167598621141676,"Taucorr":0.0006465553991849999},"Iteration":686},
{"Acceptance":[0.3472826086956522,0.3690217391304348,0.3684782608695652,0.38315217391304346,0.42336956521739133,0.44619565217391305,0.4625,0.4885869565217391,0.5005434782608695,0.5233695652173913,0.4983695652173913,0.5315217391304348,0.782608695652174,0.8260869565217391,0.8586956521739131,0.8695652173913043,0.9021739130434783,0.8586956521739131,0.8695652173913043,0.8695652173913043,0.7934782608695652,0.6739130434782609,0.6630434782608695,0.7608695652173914],"Energy":{"Mean":-70.91837596272609,"Sigma":0.0221534577341202,"Taucorr":0.0011131663916876418},"EnergyVariance":{"Mean":0.5543877164577942,"Sigma":0.05102520223113675,"Taucorr":0.019767511792605223},"Iteration":687},
{"Acceptance":[0.3135869565217391,0.3347826086956522,0.38532608695652176,0.40217391304347827,0.4277173913043478,0.4429347826086957,0.46630434782608693,0.48586956521739133,0.4891304347826087,0.5097826086956522,0.528804347826087,0.5380434782608695,0.8695652173913043,0.8260869565217391,0.8260869565217391,0.8804347826086957,0.8913043478260869,0.8913043478260869,0.8586956521739131,0.8152173913043478,0.7608695652173914,0.7282608695652174,0.6739130434782609,0.6086956521739131],"Energy":{"Mean":-70.95289831907358,"Sigma":0.02311228604138298,"Taucorr":0.005055064330532905},"EnergyVariance":{"Mean":0.5878503878417578,"Sigma":0.041174693888291695,"Taucorr":-0.030303802273929495},"Iteration":688},
{"Acceptance":[0.34347826086956523,0.3402173913043478,0.3842391304347826,0.38532608695652176,0.4,0.4190217391304348,0.453804347826087,0.4597826086956522,0.48586956521739133,0.47554347826086957,0.5010869565217392,0.5092391304347826,0.9347826086956522,0.9130434782608695,0.8695652173913043,0.8478260869565217,0.8043478260869565,0.8043478260869565,0.8260869565217391,0.8043478260869565,0.7608695652173914,0.7065217391304348,0.6630434782608695,0.6304347826086957],"Energy":{"Mean":-70.94251556066038,"Sigma":0.022550899260534853,"Taucorr":-0.009130257717761785},"EnergyVariance":{"Mean":0.5928747481842945,"Sigma":0.046844005407990025,"Taucorr":0.02332862023040319},"Iteration":689},
{"Acceptance":[0.3157608695652174,0.33967391304347827,0.36630434782608695,0.391304347826087,0.4125,0.4358695652173913,0.4467391304347826,0.475,0.5097826086956522,0.5315217391304348,0.532608695652174,0.5380434782608695,0.8478260869565217,0.8369565217391305,0.8260869565217391,0.8695652173913043,0.8913043478260869,0.8695652173913043,0.8695652173913043,0.8695652173913043,0.8260869565217391,0.782608695652174,0.6956521739130435,0.6086956521739131],"Energy":{"Mean":-70.94026686782328,"Sigma":0.022635483135231758,"Taucorr":0.01129399037190415},"EnergyVariance":{"Mean":0.5611602852707481,"Sigma":0.03451143199847222,"Taucorr":-0.015438417852465991},"Iteration":690},
{"Acceptance":[0.328804347826087,0.3347826086956522,0.3695652173913043,0.39293478260869563,0.4375,0.4375,0.4657608695652174,0.47391304347826085,0.4907608695652174,0.5065217391304347,0.5141304347826087,0.5244565217391305,0.8043478260869565,0.8369565217391305,0.9021739130434783,0.9021739130434783,0.8152173913043478,0.7934782608695652,0.8152173913043478,0.8369565217391305,0.7717391304347826,0.6413043478260869,0.5978260869565217,0.5869565217391305],"Energy":{"Mean":-70.95619377187234,"Sigma":0.023894037631097844,"Taucorr":-0.00967704106774895},"EnergyVariance":{"Mean":0.6454226723659015,"Sigma":0.06595431338843853,"Taucorr":0.02831941923520717},"Iteration":691},
{"Acceptance":[0.3342391304347826,0.3358695652173913,0.3565217391304348,0.3625,0.421195652173913,0.42282608695652174,0.46630434782608693,0.4885869565217391,0.46630434782608693,0.5027173913043478,0.5260869565217391,0.5228260869565218,0.8695652173913043,0.8804347826086957,0.8695652173913043,0.8478260869565217,0.8695652173913043,0.8369565217391305,0.7717391304347826,0.6847826086956522,0.7282608695652174,0.7717391304347826,0.5869565217391305,0.4782608695652174],"Energy":{"Mean":-70.92381418899409,"Sigma":0.024686540481019797,"Taucorr":0.014500573117091407},"EnergyVariance":{"Mean":0.63979441918063,"Sigma":0.042842758556484055,"Taucorr":0.06061702070029803},"Iteration":692},
{"Acceptance":[0.3135869565217391,0.34782608695652173,0.3875,0.40217391304347827,0.4108695652173913,0.44130434782608696,0.46847826086956523,0.4831521739130435,0.4967391304347826,0.5146739130434783,0.5168478260869566,0.5679347826086957,0.8478260869565217,0.8804347826086957,0.8369565217391305,0.7717391304347826,0.7934782608695652,0.7934782608695652,0.8043478260869565,0.8586956521739131,0.8586956521739131,0.6956521739130435,0.7282608695652174,0.8913043478260869],"Energy":{"Mean":-70.92874572874145,"Sigma":0.02239478810118684,"Taucorr":-0.031211494302607976},"EnergyVariance":{"Mean":0.5775689264342222,"Sigma":0.046688014602583455,"Taucorr":0.04146348720079358},"Iteration":693},
{"Acceptance":[0.3375,0.36141304347826086,0.3847826086956522,0.3983695652173913,0.4206521739130435,0.4597826086956522,0.45271739130434785,0.4842391304347826,0.5119565217391304,0.5195652173913043,0.5266304347826087,0.5565217391304348,0.8913043478260869,0.8478260869565217,0.8804347826086957,0.9021739130434783,0.7934782608695652,0.7934782608695652,0.8586956521739131,0.8695652173913043,0.7934782608695652,0.7934782608695652,0.8260869565217391,0.782608695652174],"Energy":{"Mean":-70.96086495848003,"Sigma":0.02291504561455573,"Taucorr":0.006642727192244469},"EnergyVariance":{"Mean":0.5767347494351982,"Sigma":0.03764079317660676,"Taucorr":-0.013685155926540711},"Iteration":694},
{"Acceptance":[0.32119565217391305,0.35978260869565215,0.40217391304347827,0.40217391304347827,0.3972826086956522,0.43043478260869567,0.45271739130434785,0.47391304347826085,0.47934782608695653,0.508695652173913,0.5195652173913043,0.5385869565217392,0.8478260869565217,0.8586956521739131,0.8586956521739131,0.8913043478260869,0.8804347826086957,0.8260869565217391,0.8043478260869565,0.8260869565217391,0.8043478260869565,0.717391304347826,0.6521739130434783,0.6086956521739131],"Energy":{"Mean":-70.93658064423008,"Sigma":0.021840869394723173,"Taucorr":-0.03779015084188695},"EnergyVariance":{"Mean":0.56144824743685,"Sigma":0.04919352331219823,"Taucorr":-0.028491654181422448},"Iteration":695},
{"Acceptance":[0.3217391304347826,0.3657608695652174,0.375,0.39619565217391306,0.43967391304347825,0.4375,0.4603260869565217,0.4891304347826087,0.4934782608695652,0.5032608695652174,0.5461956521739131,0.528804347826087,0.9565217391304348,0.8260869565217391,0.782608695652174,0.8695652173913043,0.8152173913043478,0.782608695652174,0.8043478260869565,0.75,0.717391304347826,0.717391304347826,0.717391304347826,0.7391304347826086],"Energy":{"Mean":-70.91483029881972,"Sigma":0.020994598288139127,"Taucorr":-0.015957791410778705},"EnergyVariance":{"Mean":0.5186412968473147,"Sigma":0.03134255559924153,"Taucorr":0.0023850574680719175},"Iteration":696},
{"Acceptance":[0.30217391304347824,0.3402173913043478,0.37282608695652175,0.3864130434782609,0.40380434782608693,0.4309782608695652,0.4625,0.47934782608695653,0.4902173913043478,0.48967391304347824,0.5163043478260869,0.5315217391304348,0.9130434782608695,0.9021739130434783,0.8152173913043478,0.8043478260869565,0.8913043478260869,0.8804347826086957,0.8260869565217391,0.8478260869565217,0.8260869565217391,0.782608695652174,0.8043478260869565,0.8043478260869565],"Energy":{"Mean":-70.95576337641764,"Sigma":0.025424027982953536,"Taucorr":0.05880827411145955},"EnergyVariance":{"Mean":0.6508248809409032,"Sigma":0.051120360336958194,"Taucorr":0.019536316276266622},"Iteration":697},
{"Acceptance":[0.3184782608695652,0.34891304347826085,0.3690217391304348,0.3983695652173913,0.4043478260869565,0.42717391304347824,0.47282608695652173,0.48043478260869565,0.4885869565217391,0.5239130434782608,0.5260869565217391,0.5206521739130435,0.9130434782608695,0.9021739130434783,0.8804347826086957,0.8804347826086957,0.8804347826086957,0.8695652173913043,0.8043478260869565,0.8043478260869565,0.782608695652174,0.7282608695652174,0.717391304347826,0.6739130434782609],"Energy":{"Mean":-70.97383061793653,"Sigma":0.023379531346491695,"Taucorr":-0.020058390283818523},"EnergyVariance":{"Mean":0.6421886367865112,"Sigma":0.05382694346165116,"Taucorr":0.009180575397458653},"Iteration":698},
{"Acceptance":[0.3347826086956522,0.33641304347826084,0.36032608695652174,0.3972826086956522,0.4298913043478261,0.4385869565217391,0.46630434782608693,0.48967391304347824,0.4923913043478261,0.5179347826086956,0.5266304347826087,0.5320652173913043,0.9565217391304348,0.8804347826086957,0.8369565217391305,0.8586956521739131,0.8260869565217391,0.8695652173913043,0.8478260869565217,0.7608695652173914,0.75,0.75,0.6739130434782609,0.5869565217391305],"Energy":{"Mean":-70.89847754832124,"Sigma":0.02338219594718277,"Taucorr":0.0006861728519106056},"EnergyVariance":{"Mean":0.622383087737104,"Sigma":0.04462083694201749,"Taucorr":0.02194767242771344},"Iteration":699},
{"Acceptance":[0.3451086956521739,0.3407608695652174,0.3766304347826087,0.3815217391304348,0.4125,0.44021739130434784,0.46467391304347827,0.48695652173913045,0.4815217391304348,0.5206521739130435,0.528804347826087,0.5467391304347826,0.8695652173913043,0.8478260869565217,0.8369565217391305,0.8478260869565217,0.8369565217391305,0.8152173913043478,0.7934782608695652,0.8152173913043478,0.8913043478260869,0.8043478260869565,0.6739130434782609,0.6739130434782609],"Energy":{"Mean":-70.9396315390379,"Sigma":0.022368804171208633,"Taucorr":0.003722703913276277},"EnergyVariance":{"Mean":0.5611364457842652,"Sigma":0.03422497049984241,"Taucorr":0.0350930121443825},"Iteration":700},
{"Acceptance":[0.3402173913043478,0.34945652173913044,0.35434782608695653,0.4016304347826087,0.41358695652173916,0.4309782608695652,0.4603260869565217,0.45652173913043476,0.49130434782608695,0.48586956521739133,0.5108695652173914,0.5119565217391304,0.8695652173913043,0.8478260869565217,0.8260869565217391,0.8478260869565217,0.8369565217391305,0.8152173913043478,0.8152173913043478,0.8043478260869565,0.7717391304347826,0.6630434782608695,0.6630434782608695,0.7391304347826086],"Energy":{"Mean":-70.95085107910302,"Sigma":0.022606776967566775,"Taucorr":0.022968051916210052},"EnergyVariance":{"Mean":0.5564476306498517,"Sigma":0.03153912705674118,"Taucorr":-0.028391898232461105},"Iteration":701},
{"Acceptance":[0.3353260869565217,0.3483695652173913,0.3625,0.39293478260869563,0.40597826086956523,0.43967391304347825,0.4597826086956522,0.47608695652173916,0.4880434782608696,0.5076086956521739,0.5293478260869565,0.5206521739130435,0.9347826086956522,0.8804347826086957,0.8369565217391305,0.8586956521739131,0.8586956521739131,0.8478260869565217,0.8152173913043478,0.7608695652173914,0.7608695652173914,0.75,0.7608695652173914,0.8043478260869565],"Energy":{"Mean":-70.96251991447754,"Sigma":0.024068981953327902,"Taucorr":0.02470695891909166},"EnergyVariance":{"Mean":0.6361626084073917,"Sigma":0.04333980629578143,"Taucorr":-0.025246698978167854},"Iteration":702},
{"Acceptance":[0.32771739130434785,0.36467391304347824,0.35434782608695653,0.3918478260869565,0.425,0.4364130434782609,0.4559782608695652,0.4815217391304348,0.49130434782608695,0.4983695652173913,0.5065217391304347,0.5168478260869566,0.8695652173913043,0.8478260869565217,0.8586956521739131,0.8804347826086957,0.8369565217391305,0.8043478260869565,0.8369565217391305,0.8260869565217391,0.7391304347826086,0.6521739130434783,0.5543478260869565,0.5],"Energy":{"Mean":-70.95773535450172,"Sigma":0.021569841919774086,"Taucorr":0.003942227750735504},"EnergyVariance":{"Mean":0.5333043550470394,"Sigma":0.0335301647346502,"Taucorr":-0.019740985246239306},"Iteration":703},
{"Acceptance":[0.33641304347826084,0.3342391304347826,0.37771739130434784,0.38967391304347826,0.43369565217391304,0.4369565217391304,0.4717391304347826,0.4907608695652174,0.4945652173913043,0.5097826086956522,0.5353260869565217,0.5092391304347826,0.8043478260869565,0.8478260869565217,0.8695652173913043,0.8478260869565217,0.8260869565217391,0.8478260869565217,0.8260869565217391,0.75,0.8152173913043478,0.8260869565217391,0.7391304347826086,0.717391304347826],"Energy":{"Mean":-70.91921723630557,"Sigma":0.023737884314620736,"Taucorr":0.004135977819103717},"EnergyVariance":{"Mean":0.6242257034071497,"Sigma":0.04381847227348772,"Taucorr":0.025081293109936842},"Iteration":704},
{"Acceptance":[0.3168478260869565,0.3516304347826087,0.3842391304347826,0.40217391304347827,0.4092391304347826,0.4369565217391304,0.4532608695652174,0.47445652173913044,0.48586956521739133,0.5059782608695652,0.5239130434782608,0.5043478260869565,0.8260869565217391,0.8152173913043478,0.8478260869565217,0.8586956521739131,0.8695652173913043,0.8478260869565217,0.75,0.7717391304347826,0.782608695652174,0.6956521739130435,0.6413043478260869,0.6304347826086957],"Energy":{"Mean":-70.92572136165737,"Sigma":0.02580266413567693,"Taucorr":0.049947376313433656},"EnergyVariance":{"Mean":0.6652967743774747,"Sigma":0.06569485135606747,"Taucorr":0.003052173563941281},"Iteration":705},
{"Acceptance":[0.3342391304347826,0.35706521739130437,0.36032608695652174,0.4201086956521739,0.4141304347826087,0.42880434782608695,0.46358695652173915,0.46467391304347827,0.49293478260869567,0.5228260869565218,0.5206521739130435,0.5407608695652174,0.8478260869565217,0.8478260869565217,0.7934782608695652,0.7934782608695652,0.8369565217391305,0.8260869565217391,0.8043478260869565,0.8260869565217391,0.8260869565217391,0.7934782608695652,0.7065217391304348,0.6086956521739131],"Energy":{"Mean":-70.93635699172694,"Sigma":0.02174757917356937,"Taucorr":-0.03311185294621272},"EnergyVariance":{"Mean":0.5619241554029086,"Sigma":0.03720710040289089,"Taucorr":0.023958925954240307},"Iteration":706},
{"Acceptance":[0.32554347826086955,0.35597826086956524,0.3847826086956522,0.40380434782608693,0.4157608695652174,0.41956521739130437,0.4701086956521739,0.46902173913043477,0.4934782608695652,0.5103260869565217,0.5152173913043478,0.5369565217391304,0.8478260869565217,0.8260869565217391,0.8260869565217391,0.8586956521739131,0.8152173913043478,0.782608695652174,0.8152173913043478,0.8369565217391305,0.7282608695652174,0.6956521739130435,0.7608695652173914,0.7391304347826086],"Energy":{"Mean":-70.95638139638233,"Sigma":0.023535280175056114,"Taucorr":0.004126872096433173},"EnergyVariance":{"Mean":0.6315656135409687,"Sigma":0.045749529036708,"Taucorr":-0.02066462117729226},"Iteration":707},
{"Acceptance":[0.328804347826087,0.34293478260869564,0.391304347826087,0.3918478260869565,0.4315217391304348,0.43043478260869567,0.453804347826087,0.46141304347826084,0.5054347826086957,0.5,0.4989130434782609,0.4967391304347826,0.8478260869565217,0.8913043478260869,0.9021739130434783,0.8152173913043478,0.75,0.7934782608695652,0.8043478260869565,0.8043478260869565,0.8369565217391305,0.7065217391304348,0.6521739130434783,0.717391304347826],"Energy":{"Mean":-70.96808598254216,"Sigma":0.0225469994032575,"Taucorr":-0.010716350207857368},"EnergyVariance":{"Mean":0.5694392115771395,"Sigma":0.0443322029599879,"Taucorr":0.01118609825881884},"Iteration":708},
{"Acceptance":[0.32608695652173914,0.36086956521739133,0.35489130434782606,0.40108695652173915,0.4152173913043478,0.42445652173913045,0.4429347826086957,0.47391304347826085,0.4815217391304348,0.5173913043478261,0.5233695652173913,0.533695652173913,0.8913043478260869,0.8695652173913043,0.8586956521739131,0.8913043478260869,0.8586956521739131,0.8260869565217391,0.8260869565217391,0.7934782608695652,0.782608695652174,0.7391304347826086,0.717391304347826,0.7391304347826086],"Energy":{"Mean":-70.94362881802031,"Sigma":0.023314134613092567,"Taucorr":0.021040268037345725},"EnergyVariance":{"Mean":0.5719636585139658,"Sigma":0.039845576736417386,"Taucorr":0.030791652512643607},"Iteration":709},
{"Acceptance":[0.3298913043478261,0.3527173913043478,0.36032608695652174,0.40380434782608693,0.41847826086956524,0.42445652173913045,0.46195652173913043,0.5010869565217392,0.5,0.5,0.5222826086956521,0.5489130434782609,0.8913043478260869,0.8913043478260869,0.8260869565217391,0.7391304347826086,0.782608695652174,0.782608695652174,0.7608695652173914,0.7934782608695652,0.7934782608695652,0.75,0.717391304347826,0.7391304347826086],"Energy":{"Mean":-70.95451054518028,"Sigma":0.021873784447453203,"Taucorr":-0.005449440507340336},"EnergyVariance":{"Mean":0.5699359226875704,"Sigma":0.04029058709973782,"Taucorr":0.0172716356944207},"Iteration":710},
{"Acceptance":[0.3173913043478261,0.3581521739130435,0.3516304347826087,0.3907608695652174,0.39456521739130435,0.425,0.4440217391304348,0.483695652173913,0.4951086956521739,0.5184782608695652,0.5190217391304348,0.5385869565217392,0.8913043478260869,0.8695652173913043,0.7717391304347826,0.6956521739130435,0.7934782608695652,0.8804347826086957,0.8586956521739131,0.782608695652174,0.7717391304347826,0.75,0.5652173913043478,0.45652173913043476],"Energy":{"Mean":-70.93622628724859,"Sigma":0.022447631397791632,"Taucorr":0.025600089509541245},"EnergyVariance":{"Mean":0.5377999368843611,"Sigma":0.032176841817217285,"Taucorr":0.03523738645212448},"Iteration":711},
{"Acceptance":[0.32717391304347826,0.36195652173913045,0.39021739130434785,0.38804347826086955,0.4092391304347826,0.41739130434782606,0.4548913043478261,0.48206521739130437,0.5010869565217392,0.5054347826086957,0.5320652173913043,0.5135869565217391,0.8913043478260869,0.8804347826086957,0.8586956521739131,0.8260869565217391,0.8478260869565217,0.8695652173913043,0.8043478260869565,0.8152173913043478,0.8043478260869565,0.7282608695652174,0.6413043478260869,0.5652173913043478],"Energy":{"Mean":-70.93774504962103,"Sigma":0.02342523018626666,"Taucorr":0.026786502276745876},"EnergyVariance":{"Mean":0.5861313539650636,"Sigma":0.05496802421026615,"Taucorr":0.01778065805169741},"Iteration":712},
{"Acceptance":[0.3092391304347826,0.36467391304347824,0.36141304347826086,0.38804347826086955,0.4380434782608696,0.44782608695652176,0.46358695652173915,0.47119565217391307,0.4875,0.4951086956521739,0.5135869565217391,0.5369565217391304,0.8478260869565217,0.8804347826086957,0.8586956521739131,0.7934782608695652,0.8586956521739131,0.9021739130434783,0.8695652173913043,0.782608695652174,0.6521739130434783,0.717391304347826,0.7065217391304348,0.5869565217391305],"Energy":{"Mean":-70.96334276497157,"Sigma":0.02372740209156336,"Taucorr":-0.010593283224545455},"EnergyVariance":{"Mean":0.6325719887785425,"Sigma":0.04715094530099792,"Taucorr":0.02233498759255682},"Iteration":713},
{"Acceptance":[0.3010869565217391,0.3641304347826087,0.3630434782608696,0.39456521739130435,0.4081521739130435,0.421195652173913,0.4494565217391304,0.46304347826086956,0.5054347826086957,0.5179347826086956,0.5152173913043478,0.5429347826086957,0.8913043478260869,0.8260869565217391,0.8369565217391305,0.8804347826086957,0.8260869565217391,0.8152173913043478,0.8369565217391305,0.8369565217391305,0.7934782608695652,0.7717391304347826,0.6739130434782609,0.5652173913043478],"Energy":{"Mean":-70.95087983210628,"Sigma":0.024514502210009777,"Taucorr":0.015261286131278468},"EnergyVariance":{"Mean":0.6380299276893157,"Sigma":0.04590095985650696,"Taucorr":0.0025721140400079994},"Iteration":714},
{"Acceptance":[0.3239130434782609,0.35,0.34945652173913044,0.3798913043478261,0.41630434782608694,0.4418478260869565,0.46358695652173915,0.4907608695652174,0.4967391304347826,0.5010869565217392,0.5277173913043478,0.5472826086956522,0.8913043478260869,0.8586956521739131,0.8586956521739131,0.9021739130434783,0.9130434782608695,0.8260869565217391,0.8260869565217391,0.8478260869565217,0.8043478260869565,0.8152173913043478,0.7391304347826086,0.6739130434782609],"Energy":{"Mean":-70.98487984762193,"Sigma":0.02214507398231141,"Taucorr":-0.02251550880343343},"EnergyVariance":{"Mean":0.5801937557779123,"Sigma":0.04142998045575144,"Taucorr":-0.01588974403542155},"Iteration":715},
{"Acceptance":[0.3179347826086957,0.3293478260869565,0.38206521739130433,0.3798913043478261,0.42934782608695654,0.45217391304347826,0.4423913043478261,0.4842391304347826,0.49293478260869567,0.4940217391304348,0.5043478260869565,0.5527173913043478,0.8478260869565217,0.8260869565217391,0.8369565217391305,0.9021739130434783,0.9347826086956522,0.8804347826086957,0.8260869565217391,0.8152173913043478,0.8260869565217391,0.8152173913043478,0.7282608695652174,0.6739130434782609],"Energy":{"Mean":-70.93925977240501,"Sigma":0.0233741174064663,"Taucorr":0.032360643066931656},"EnergyVariance":{"Mean":0.5775770822715018,"Sigma":0.034881490237946504,"Taucorr":-0.004082581824626376},"Iteration":716},
{"Acceptance":[0.3244565217391304,0.33695652173913043,0.3690217391304348,0.39293478260869563,0.42336956521739133,0.4375,0.46847826086956523,0.47391304347826085,0.48043478260869565,0.5277173913043478,0.5179347826086956,0.5293478260869565,0.8260869565217391,0.7717391304347826,0.782608695652174,0.8478260869565217,0.782608695652174,0.8043478260869565,0.8369565217391305,0.8152173913043478,0.8043478260869565,0.7608695652173914,0.7065217391304348,0.6521739130434783],"Energy":{"Mean":-70.96321621149956,"Sigma":0.02542079550767251,"Taucorr":0.03266338178157575},"EnergyVariance":{"Mean":0.6622812600671114,"Sigma":0.06531573216702985,"Taucorr":-0.01183109587772675},"Iteration":717},
{"Acceptance":[0.3141304347826087,0.35054347826086957,0.35489130434782606,0.3972826086956522,0.4097826086956522,0.4364130434782609,0.48206521739130437,0.4641304347826087,0.4902173913043478,0.48532608695652174,0.5157608695652174,0.503804347826087,0.8478260869565217,0.8913043478260869,0.9021739130434783,0.8695652173913043,0.8152173913043478,0.7065217391304348,0.75,0.8152173913043478,0.7065217391304348,0.6956521739130435,0.6413043478260869,0.5217391304347826],"Energy":{"Mean":-70.91155369380174,"Sigma":0.021806337903405654,"Taucorr":0.019278243106315422},"EnergyVariance":{"Mean":0.5164129692264653,"Sigma":0.04202183407491195,"Taucorr":0.006305379568609927},"Iteration":718},
{"Acceptance":[0.3108695652173913,0.3576086956521739,0.35543478260869565,0.3809782608695652,0.41195652173913044,0.43478260869565216,0.4472826086956522,0.4875,0.5070652173913044,0.5054347826086957,0.5195652173913043,0.5570652173913043,0.9347826086956522,0.9021739130434783,0.8478260869565217,0.8478260869565217,0.8478260869565217,0.7934782608695652,0.8152173913043478,0.8695652173913043,0.8152173913043478,0.7608695652173914,0.6956521739130435,0.6304347826086957],"Energy":{"Mean":-70.95360269089112,"Sigma":0.024426145665444893,"Taucorr":0.018204117843041257},"EnergyVariance":{"Mean":0.639584298857326,"Sigma":0.04464472640450628,"Taucorr":-0.010208831938844571},"Iteration":719},
{"Acceptance":[0.3423913043478261,0.3630434782608696,0.37282608695652175,0.3847826086956522,0.43043478260869567,0.4260869565217391,0.46195652173913043,0.46358695652173915,0.48967391304347824,0.5054347826086957,0.5152173913043478,0.5190217391304348,0.8043478260869565,0.8260869565217391,0.8152173913043478,0.8478260869565217,0.8478260869565217,0.782608695652174,0.7934782608695652,0.782608695652174,0.8043478260869565,0.8152173913043478,0.6956521739130435,0.6086956521739131],"Energy":{"Mean":-70.88706872731422,"Sigma":0.023964259149334404,"Taucorr":0.005987474014306969},"EnergyVariance":{"Mean":0.6099343682276038,"Sigma":0.04317383607490882,"Taucorr":-0.009193818798469105},"Iteration":720},
{"Acceptance":[0.3375,0.3576086956521739,0.3815217391304348,0.40054347826086956,0.425,0.4375,0.4434782608695652,0.48043478260869565,0.4967391304347826,0.5320652173913043,0.5375,0.5190217391304348,0.8695652173913043,0.8478260869565217,0.8369565217391305,0.8478260869565217,0.8478260869565217,0.8043478260869565,0.8152173913043478,0.8152173913043478,0.7391304347826086,0.717391304347826,0.6956521739130435,0.6739130434782609],"Energy":{"Mean":-70.9504299121015,"Sigma":0.02309535887040366,"Taucorr":0.05550299321507382},"EnergyVariance":{"Mean":0.5494699996401716,"Sigma":0.03666938711081371,"Taucorr":-0.0017030511963375728},"Iteration":721},
{"Acceptance":[0.3309782608695652,0.37717391304347825,0.3847826086956522,0.39510869565217394,0.4434782608695652,0.4559782608695652,0.4603260869565217,0.4831521739130435,0.5005434782608695,0.4907608695652174,0.5543478260869565,0.5391304347826087,0.9130434782608695,0.8913043478260869,0.8804347826086957,0.8369565217391305,0.8152173913043478,0.8913043478260869,0.8260869565217391,0.7934782608695652,0.7717391304347826,0.782608695652174,0.8152173913043478,0.7391304347826086],"Energy":{"Mean":-70.91329958095201,"Sigma":0.021755601340199243,"Taucorr":-0.028581642664794658},"EnergyVariance":{"Mean":0.5599453884909015,"Sigma":0.05379739541446984,"Taucorr":0.006823321760503991},"Iteration":722},
{"Acceptance":[0.3076086956521739,0.3353260869565217,0.3630434782608696,0.3701086956521739,0.42336956521739133,0.4472826086956522,0.45652173913043476,0.48478260869565215,0.5097826086956522,0.5065217391304347,0.5108695652173914,0.508695652173913,0.8913043478260869,0.8586956521739131,0.8695652173913043,0.8369565217391305,0.7934782608695652,0.8369565217391305,0.8260869565217391,0.8586956521739131,0.8152173913043478,0.7282608695652174,0.6304347826086957,0.5217391304347826],"Energy":{"Mean":-70.94367569302436,"Sigma":0.022536597928146287,"Taucorr":-0.01576883133427612},"EnergyVariance":{"Mean":0.5816369729792658,"Sigma":0.03996584103981853,"Taucorr":0.008759877242616482},"Iteration":723},
{"Acceptance":[0.31956521739130433,0.34782608695652173,0.37880434782608696,0.4076086956521739,0.41141304347826085,0.45217391304347826,0.4668478260869565,0.4771739130434783,0.47934782608695653,0.4967391304347826,0.5103260869565217,0.5375,0.8260869565217391,0.8586956521739131,0.8478260869565217,0.8260869565217391,0.8586956521739131,0.8586956521739131,0.7934782608695652,0.7608695652173914,0.782608695652174,0.6630434782608695,0.6521739130434783,0.7608695652173914],"Energy":{"Mean":-70.93777302675745,"Sigma":0.02310820106210233,"Taucorr":0.018878542826551516},"EnergyVariance":{"Mean":0.5724866703115008,"Sigma":0.036328372327283594,"Taucorr":0.018495208275251418},"Iteration":724},
{"Acceptance":[0.3157608695652174,0.3467391304347826,0.3673913043478261,0.41195652173913044,0.4081521739130435,0.44456521739130433,0.4597826086956522,0.4880434782608696,0.49293478260869567,0.5097826086956522,0.49728260869565216,0.5130434782608696,0.9130434782608695,0.8695652173913043,0.8260869565217391,0.8369565217391305,0.8804347826086957,0.8260869565217391,0.8043478260869565,0.8804347826086957,0.8913043478260869,0.7934782608695652,0.6086956521739131,0.5217391304347826],"Energy":{"Mean":-70.94621539490502,"Sigma":0.02357566400415689,"Taucorr":0.011180521790417263},"EnergyVariance":{"Mean":0.6068085252289587,"Sigma":0.04649618275300805,"Taucorr":-0.012953475767574543},"Iteration":725},
{"Acceptance":[0.35597826086956524,0.3625,0.38206521739130433,0.391304347826087,0.41358695652173916,0.4472826086956522,0.45706521739130435,0.4951086956521739,0.49184782608695654,0.5048913043478261,0.5190217391304348,0.5163043478260869,0.782608695652174,0.8369565217391305,0.8804347826086957,0.8478260869565217,0.8043478260869565,0.8260869565217391,0.8260869565217391,0.7717391304347826,0.7391304347826086,0.75,0.717391304347826,0.6521739130434783],"Energy":{"Mean":-70.94583462770692,"Sigma":0.024821657429911433,"Taucorr":0.027600332598470168},"EnergyVariance":{"Mean":0.6577033112245405,"Sigma":0.04711374196302673,"Taucorr":-0.008264130960053342},"Iteration":726},
{"Acceptance":[0.33804347826086956,0.37119565217391304,0.36032608695652174,0.4277173913043478,0.41032608695652173,0.4277173913043478,0.4641304347826087,0.4652173913043478,0.49728260869565216,0.5163043478260869,0.5146739130434783,0.5461956521739131,0.8913043478260869,0.8586956521739131,0.8369565217391305,0.8369565217391305,0.8478260869565217,0.8586956521739131,0.8478260869565217,0.8043478260869565,0.6956521739130435,0.6847826086956522,0.717391304347826,0.6956521739130435],"Energy":{"Mean":-70.95260405972509,"Sigma":0.02477853905805648,"Taucorr":0.03150880948801469},"EnergyVariance":{"Mean":0.6387787515181486,"Sigma":0.05634931926934497,"Taucorr":0.036994384937509915},"Iteration":727},
{"Acceptance":[0.34456521739130436,0.3391304347826087,0.3858695652173913,0.4141304347826087,0.4081521739130435,0.4375,0.44021739130434784,0.4597826086956522,0.49184782608695654,0.4923913043478261,0.508695652173913,0.49782608695652175,0.8478260869565217,0.8478260869565217,0.8586956521739131,0.8478260869565217,0.8695652173913043,0.9239130434782609,0.8695652173913043,0.8260869565217391,0.782608695652174,0.6304347826086957,0.5760869565217391,0.6086956521739131],"Energy":{"Mean":-70.9290724089546,"Sigma":0.02221252208669651,"Taucorr":-0.018890490391076254},"EnergyVariance":{"Mean":0.5671990201890174,"Sigma":0.049683038769835396,"Taucorr":0.02384307513602159},"Iteration":728},
{"Acceptance":[0.32119565217391305,0.33315217391304347,0.38315217391304346,0.3766304347826087,0.4016304347826087,0.45108695652173914,0.4423913043478261,0.48641304347826086,0.46630434782608693,0.5021739130434782,0.5103260869565217,0.5429347826086957,0.8913043478260869,0.8804347826086957,0.8913043478260869,0.8369565217391305,0.8043478260869565,0.8152173913043478,0.782608695652174,0.8369565217391305,0.8043478260869565,0.717391304347826,0.6847826086956522,0.6521739130434783],"Energy":{"Mean":-70.94016835702331,"Sigma":0.024738830399614862,"Taucorr":0.044196349465479574},"EnergyVariance":{"Mean":0.6413612422150252,"Sigma":0.04296573114274831,"Taucorr":0.02776802186307532},"Iteration":729},
{"Acceptance":[0.3141304347826087,0.3635869565217391,0.3635869565217391,0.40380434782608693,0.41847826086956524,0.41739130434782606,0.4472826086956522,0.4657608695652174,0.48532608695652174,0.5152173913043478,0.5315217391304348,0.5217391304347826,0.8260869565217391,0.8260869565217391,0.8478260869565217,0.8369565217391305,0.8152173913043478,0.8478260869565217,0.8152173913043478,0.7934782608695652,0.7391304347826086,0.7282608695652174,0.717391304347826,0.6304347826086957],"Energy":{"Mean":-70.93803185513622,"Sigma":0.023748205616127574,"Taucorr":0.014362536349174065},"EnergyVariance":{"Mean":0.6146806084941059,"Sigma":0.0423377296195428,"Taucorr":0.006728551500460087},"Iteration":730},
{"Acceptance":[0.32717391304347826,0.3293478260869565,0.3516304347826087,0.39402173913043476,0.4027173913043478,0.45652173913043476,0.45869565217391306,0.48695652173913045,0.4983695652173913,0.4945652173913043,0.4989130434782609,0.5152173913043478,0.8695652173913043,0.8804347826086957,0.9021739130434783,0.8478260869565217,0.8369565217391305,0.8695652173913043,0.7934782608695652,0.75,0.782608695652174,0.7391304347826086,0.5869565217391305,0.5],"Energy":{"Mean":-70.96028842774075,"Sigma":0.023080799035567964,"Taucorr":-0.031807220643417684},"EnergyVariance":{"Mean":0.623875762792685,"Sigma":0.04681343511895967,"Taucorr":0.00784531129234741},"Iteration":731},
{"Acceptance":[0.33315217391304347,0.3717391304347826,0.36141304347826086,0.4016304347826087,0.4375,0.4358695652173913,0.4391304347826087,0.48967391304347824,0.4826086956521739,0.5190217391304348,0.5141304347826087,0.5364130434782609,0.9347826086956522,0.9239130434782609,0.8913043478260869,0.8478260869565217,0.7717391304347826,0.7391304347826086,0.8152173913043478,0.7717391304347826,0.75,0.7608695652173914,0.6847826086956522,0.6739130434782609],"Energy":{"Mean":-70.93858690576758,"Sigma":0.02382751645857606,"Taucorr":0.01456672107332258},"EnergyVariance":{"Mean":0.5912087316999244,"Sigma":0.03281989233413242,"Taucorr":-0.004272519676507503},"Iteration":732},
{"Acceptance":[0.3298913043478261,0.35434782608695653,0.3842391304347826,0.39021739130434785,0.4266304347826087,0.42880434782608695,0.45,0.47445652173913044,0.4956521739130435,0.5032608695652174,0.5114130434782609,0.5456521739130434,0.8043478260869565,0.8478260869565217,0.8586956521739131,0.8369565217391305,0.8695652173913043,0.8913043478260869,0.9239130434782609,0.8804347826086957,0.7282608695652174,0.6521739130434783,0.75,0.8478260869565217],"Energy":{"Mean":-70.93094801692943,"Sigma":0.021957538958175486,"Taucorr":0.001004834807540933},"EnergyVariance":{"Mean":0.5546455926823329,"Sigma":0.03651762506219019,"Taucorr":-0.00024942850969569136},"Iteration":733},
{"Acceptance":[0.3347826086956522,0.34945652173913044,0.3858695652173913,0.3934782608695652,0.40869565217391307,0.42880434782608695,0.4494565217391304,0.4766304347826087,0.5032608695652174,0.5092391304347826,0.5358695652173913,0.5076086956521739,0.9347826086956522,0.9021739130434783,0.8913043478260869,0.8804347826086957,0.8586956521739131,0.8260869565217391,0.8152173913043478,0.8478260869565217,0.8695652173913043,0.8152173913043478,0.7065217391304348,0.6739130434782609],"Energy":{"Mean":-70.92307820942986,"Sigma":0.024505845878785463,"Taucorr":0.014373314629109532},"EnergyVariance":{"Mean":0.643358289129476,"Sigma":0.045232926707965256,"Taucorr":0.0026291489269150356},"Iteration":734},
{"Acceptance":[0.33206521739130435,0.3565217391304348,0.3815217391304348,0.3804347826086957,0.40543478260869564,0.4320652173913043,0.4532608695652174,0.4673913043478261,0.5032608695652174,0.4815217391304348,0.5168478260869566,0.533695652173913,0.9347826086956522,0.8913043478260869,0.8260869565217391,0.7934782608695652,0.8152173913043478,0.8152173913043478,0.782608695652174,0.8152173913043478,0.7934782608695652,0.7065217391304348,0.6521739130434783,0.6304347826086957],"Energy":{"Mean":-70.92847219812849,"Sigma":0.022183506701703676,"Taucorr":0.009332235802440608},"EnergyVariance":{"Mean":0.5487593540141681,"Sigma":0.0325320288871784,"Taucorr":0.017245424072100272},"Iteration":735},
{"Acceptance":[0.3407608695652174,0.35380434782608694,0.3701086956521739,0.39619565217391306,0.41739130434782606,0.45652173913043476,0.42880434782608695,0.48206521739130437,0.47608695652173916,0.4956521739130435,0.5173913043478261,0.5385869565217392,0.9565217391304348,0.9565217391304348,0.9347826086956522,0.9130434782608695,0.8260869565217391,0.8043478260869565,0.7608695652173914,0.6956521739130435,0.7608695652173914,0.7934782608695652,0.7065217391304348,0.6086956521739131],"Energy":{"Mean":-70.93385615744272,"Sigma":0.022439127750119067,"Taucorr":0.010364862490009017},"EnergyVariance":{"Mean":0.56545876288808,"Sigma":0.0423810635672569,"Taucorr":0.033171895411516245},"Iteration":736},
{"Acceptance":[0.3141304347826087,0.34402173913043477,0.36195652173913045,0.4108695652173913,0.40652173913043477,0.4309782608695652,0.4532608695652174,0.4407608695652174,0.4733695652173913,0.5184782608695652,0.5048913043478261,0.5271739130434783,0.8695652173913043,0.8369565217391305,0.782608695652174,0.7934782608695652,0.8478260869565217,0.8586956521739131,0.75,0.7282608695652174,0.7717391304347826,0.6956521739130435,0.7065217391304348,0.7608695652173914],"Energy":{"Mean":-70.89405927553507,"Sigma":0.02381170109888613,"Taucorr":-0.009505681146115897},"EnergyVariance":{"Mean":0.6351477982712485,"Sigma":0.05077058736665171,"Taucorr":0.00621219826794845},"Iteration":737},
{"Acceptance":[0.3168478260869565,0.3641304347826087,0.34782608695652173,0.40217391304347827,0.40380434782608693,0.4559782608695652,0.44021739130434784,0.47445652173913044,0.4722826086956522,0.5,0.5152173913043478,0.5206521739130435,0.8695652173913043,0.8260869565217391,0.8586956521739131,0.9021739130434783,0.8478260869565217,0.8369565217391305,0.7934782608695652,0.8043478260869565,0.8369565217391305,0.6847826086956522,0.6304347826086957,0.6956521739130435],"Energy":{"Mean":-70.90924038609047,"Sigma":0.022235274183542,"Taucorr":0.01528528706187056},"EnergyVariance":{"Mean":0.5422993416805592,"Sigma":0.03836047335225433,"Taucorr":-0.037674552059466127},"Iteration":738},
{"Acceptance":[0.3108695652173913,0.36630434782608695,0.3521739130434783,0.39891304347826084,0.42717391304347824,0.4608695652173913,0.46956521739130436,0.4701086956521739,0.503804347826087,0.48641304347826086,0.5032608695652174,0.5255434782608696,0.8695652173913043,0.8478260869565217,0.8695652173913043,0.8804347826086957,0.8260869565217391,0.7934782608695652,0.7934782608695652,0.7608695652173914,0.717391304347826,0.6956521739130435,0.6304347826086957,0.5869565217391305],"Energy":{"Mean":-70.97324633362885,"Sigma":0.021256925775882382,"Taucorr":-0.006380379550163473},"EnergyVariance":{"Mean":0.5365820108396542,"Sigma":0.03431881227004796,"Taucorr":0.03136989880786967},"Iteration":739},
{"Acceptance":[0.33369565217391306,0.3309782608695652,0.3733695652173913,0.3733695652173913,0.4081521739130435,0.4298913043478261,0.46358695652173915,0.4657608695652174,0.4989130434782609,0.5027173913043478,0.5059782608695652,0.5081521739130435,0.8913043478260869,0.8369565217391305,0.8586956521739131,0.9347826086956522,0.8804347826086957,0.8586956521739131,0.8369565217391305,0.7934782608695652,0.7717391304347826,0.7391304347826086,0.717391304347826,0.6956521739130435],"Energy":{"Mean":-70.95395956049077,"Sigma":0.0239188462225033,"Taucorr":-0.013264761049394806},"EnergyVariance":{"Mean":0.6541994348310142,"Sigma":0.06232058480372731,"Taucorr":-0.010559690368713279},"Iteration":740},
{"Acceptance":[0.3168478260869565,0.36141304347826086,0.37228260869565216,0.3701086956521739,0.4206521739130435,0.43967391304347825,0.4717391304347826,0.4657608695652174,0.4994565217391304,0.5239130434782608,0.5222826086956521,0.5184782608695652,0.782608695652174,0.8478260869565217,0.8586956521739131,0.8478260869565217,0.8695652173913043,0.8260869565217391,0.8043478260869565,0.8260869565217391,0.8152173913043478,0.7608695652173914,0.6521739130434783,0.5652173913043478],"Energy":{"Mean":-70.94879938451955,"Sigma":0.022400025267629936,"Taucorr":-0.02781732616416992},"EnergyVariance":{"Mean":0.6045360188911438,"Sigma":0.036898055447392386,"Taucorr":-0.009547422700101482},"Iteration":741},
{"Acceptance":[0.29891304347826086,0.3472826086956522,0.38532608695652176,0.3907608695652174,0.4016304347826087,0.44565217391304346,0.4494565217391304,0.46793478260869564,0.525,0.5260869565217391,0.528804347826087,0.5347826086956522,0.9782608695652174,0.8369565217391305,0.75,0.8586956521739131,0.8695652173913043,0.8586956521739131,0.8369565217391305,0.782608695652174,0.8152173913043478,0.8043478260869565,0.6086956521739131,0.45652173913043476],"Energy":{"Mean":-70.95987084716849,"Sigma":0.02217830960240424,"Taucorr":0.015606297400361518},"EnergyVariance":{"Mean":0.5285159829857942,"Sigma":0.03611389415627969,"Taucorr":0.013866273982219351},"Iteration":742},
{"Acceptance":[0.32119565217391305,0.36684782608695654,0.36086956521739133,0.4146739130434783,0.40869565217391307,0.42445652173913045,0.46956521739130436,0.4777173913043478,0.4945652173913043,0.49130434782608695,0.4994565217391304,0.5135869565217391,0.8695652173913043,0.8804347826086957,0.8369565217391305,0.8260869565217391,0.8695652173913043,0.8695652173913043,0.8369565217391305,0.75,0.7717391304347826,0.7717391304347826,0.717391304347826,0.7391304347826086],"Energy":{"Mean":-70.93495310202077,"Sigma":0.023047139656673644,"Taucorr":-0.0002328495429914946},"EnergyVariance":{"Mean":0.5988975475724855,"Sigma":0.05597212726078208,"Taucorr":0.005884561270752947},"Iteration":743},
{"Acceptance":[0.3141304347826087,0.3516304347826087,0.36032608695652174,0.38532608695652176,0.4260869565217391,0.45217391304347826,0.4559782608695652,0.475,0.48695652173913045,0.5201086956521739,0.5206521739130435,0.5233695652173913,0.782608695652174,0.8152173913043478,0.8804347826086957,0.8804347826086957,0.8369565217391305,0.8043478260869565,0.8152173913043478,0.8152173913043478,0.8260869565217391,0.7717391304347826,0.6739130434782609,0.6739130434782609],"Energy":{"Mean":-70.8984442730933,"Sigma":0.021627837325058425,"Taucorr":-0.01823484107984984},"EnergyVariance":{"Mean":0.5575311326480104,"Sigma":0.04007856015423134,"Taucorr":0.03573814461471703},"Iteration":744},
{"Acceptance":[0.30869565217391304,0.34347826086956523,0.35108695652173916,0.4027173913043478,0.41141304347826085,0.4434782608695652,0.46141304347826084,0.49184782608695654,0.5125,0.48478260869565215,0.5054347826086957,0.5239130434782608,0.8478260869565217,0.8478260869565217,0.8586956521739131,0.8369565217391305,0.7934782608695652,0.8043478260869565,0.8478260869565217,0.8260869565217391,0.717391304347826,0.6630434782608695,0.6956521739130435,0.717391304347826],"Energy":{"Mean":-70.92118443894958,"Sigma":0.0234187735406778,"Taucorr":0.005578398477526972},"EnergyVariance":{"Mean":0.6140098330056055,"Sigma":0.05101271731263029,"Taucorr":0.029984688102051554},"Iteration":745},
{"Acceptance":[0.3059782608695652,0.35,0.36032608695652174,0.40869565217391307,0.41195652173913044,0.46793478260869564,0.4608695652173913,0.48967391304347824,0.5021739130434782,0.5081521739130435,0.5065217391304347,0.5423913043478261,0.782608695652174,0.8369565217391305,0.8586956521739131,0.8695652173913043,0.8695652173913043,0.8260869565217391,0.8478260869565217,0.8152173913043478,0.717391304347826,0.6630434782608695,0.6847826086956522,0.717391304347826],"Energy":{"Mean":-70.96357045882579,"Sigma":0.02314422981767662,"Taucorr":0.0201613114569239},"EnergyVariance":{"Mean":0.5763154551372991,"Sigma":0.04130292675007007,"Taucorr":0.007836758675066563},"Iteration":746},
{"Acceptance":[0.32608695652173914,0.34456521739130436,0.3706521739130435,0.3706521739130435,0.3972826086956522,0.43369565217391304,0.45760869565217394,0.4945652173913043,0.5065217391304347,0.508695652173913,0.5532608695652174,0.5222826086956521,0.8695652173913043,0.8586956521739131,0.8913043478260869,0.8804347826086957,0.8260869565217391,0.8804347826086957,0.8478260869565217,0.782608695652174,0.782608695652174,0.717391304347826,0.7391304347826086,0.8043478260869565],"Energy":{"Mean":-70.93652297059465,"Sigma":0.021528865201559434,"Taucorr":0.002183417682410658},"EnergyVariance":{"Mean":0.49165773495756726,"Sigma":0.029254005186214026,"Taucorr":0.042328261353875345},"Iteration":747},
{"Acceptance":[0.33858695652173915,0.3635869565217391,0.37880434782608696,0.39293478260869563,0.40217391304347827,0.453804347826087,0.47119565217391307,0.4592391304347826,0.4907608695652174,0.5244565217391305,0.5277173913043478,0.5521739130434783,0.8913043478260869,0.8695652173913043,0.8152173913043478,0.8043478260869565,0.8043478260869565,0.8043478260869565,0.8586956521739131,0.8913043478260869,0.8369565217391305,0.75,0.6956521739130435,0.6739130434782609],"Energy":{"Mean":-70.927612095593,"Sigma":0.021085317421292275,"Taucorr":0.01152721295710492},"EnergyVariance":{"Mean":0.49133214226874533,"Sigma":0.03244459281892929,"Taucorr":-0.004554925269615102},"Iteration":748},
{"Acceptance":[0.3353260869565217,0.3353260869565217,0.3744565217391304,0.3782608695652174,0.425,0.4434782608695652,0.46847826086956523,0.45271739130434785,0.4831521739130435,0.4934782608695652,0.5315217391304348,0.5173913043478261,0.9347826086956522,0.9021739130434783,0.8260869565217391,0.8260869565217391,0.8478260869565217,0.8260869565217391,0.8152173913043478,0.7608695652173914,0.7391304347826086,0.7391304347826086,0.6521739130434783,0.5869565217391305],"Energy":{"Mean":-70.94748574755455,"Sigma":0.020453289658621077,"Taucorr":-0.018273481293453915},"EnergyVariance":{"Mean":0.498661078715857,"Sigma":0.028308161005705896,"Taucorr":0.018448483555628142},"Iteration":749},
{"Acceptance":[0.33369565217391306,0.34891304347826085,0.3815217391304348,0.4081521739130435,0.41630434782608694,0.43369565217391304,0.46793478260869564,0.46304347826086956,0.49293478260869567,0.48532608695652174,0.508695652173913,0.5271739130434783,0.8913043478260869,0.8913043478260869,0.8804347826086957,0.782608695652174,0.7717391304347826,0.8369565217391305,0.8369565217391305,0.8152173913043478,0.7717391304347826,0.7282608695652174,0.6630434782608695,0.6304347826086957],"Energy":{"Mean":-70.91516328682192,"Sigma":0.024876767004317794,"Taucorr":0.015369576778334554},"EnergyVariance":{"Mean":0.6509670926314673,"Sigma":0.06858905967907081,"Taucorr":0.0168984441400566},"Iteration":750},
{"Acceptance":[0.3233695652173913,0.3456521739130435,0.3635869565217391,0.38315217391304346,0.3972826086956522,0.45,0.4597826086956522,0.45108695652173914,0.5092391304347826,0.4983695652173913,0.5260869565217391,0.5358695652173913,0.8695652173913043,0.8695652173913043,0.9021739130434783,0.8586956521739131,0.7717391304347826,0.717391304347826,0.7282608695652174,0.782608695652174,0.7282608695652174,0.75,0.7065217391304348,0.5869565217391305],"Energy":{"Mean":-70.9112391275181,"Sigma":0.022891614224888293,"Taucorr":0.007331780312274066},"EnergyVariance":{"Mean":0.5470859906010631,"Sigma":0.07968363472202564,"Taucorr":0.018258331621607556},"Iteration":751},
{"Acceptance":[0.3293478260869565,0.3418478260869565,0.38315217391304346,0.38858695652173914,0.4423913043478261,0.43043478260869567,0.43967391304347825,0.4722826086956522,0.5010869565217392,0.5233695652173913,0.5244565217391305,0.5233695652173913,0.782608695652174,0.8478260869565217,0.8152173913043478,0.8043478260869565,0.8586956521739131,0.8152173913043478,0.8586956521739131,0.8695652173913043,0.8152173913043478,0.7934782608695652,0.7717391304347826,0.7608695652173914],"Energy":{"Mean":-70.95015180925894,"Sigma":0.022036210781221047,"Taucorr":-0.013846535520748361},"EnergyVariance":{"Mean":0.5559857615425434,"Sigma":0.03801923306259047,"Taucorr":-0.00330124872790008},"Iteration":752},
{"Acceptance":[0.34945652173913044,0.3516304347826087,0.3798913043478261,0.40108695652173915,0.4097826086956522,0.4407608695652174,0.4548913043478261,0.47391304347826085,0.4885869565217391,0.5005434782608695,0.5097826086956522,0.528804347826087,0.9347826086956522,0.8913043478260869,0.8695652173913043,0.8804347826086957,0.8586956521739131,0.9021739130434783,0.8586956521739131,0.7608695652173914,0.7608695652173914,0.717391304347826,0.6847826086956522,0.6956521739130435],"Energy":{"Mean":-70.9559789093146,"Sigma":0.022565279508571515,"Taucorr":0.024724217447728444},"EnergyVariance":{"Mean":0.5502723914688586,"Sigma":0.0344341446080612,"Taucorr":0.030999522564100736},"Iteration":753},
{"Acceptance":[0.3119565217391304,0.33858695652173915,0.37717391304347825,0.391304347826087,0.4423913043478261,0.4309782608695652,0.4429347826086957,0.4771739130434783,0.4956521739130435,0.4945652173913043,0.5179347826086956,0.5157608695652174,0.782608695652174,0.8152173913043478,0.8804347826086957,0.9021739130434783,0.9021739130434783,0.8260869565217391,0.7717391304347826,0.8152173913043478,0.7717391304347826,0.7608695652173914,0.7717391304347826,0.7391304347826086],"Energy":{"Mean":-70.93239367963537,"Sigma":0.024665050695406202,"Taucorr":0.010813574973930033},"EnergyVariance":{"Mean":0.653386770937693,"Sigma":0.045678140449248394,"Taucorr":-0.016332452661771683},"Iteration":754},
{"Acceptance":[0.32717391304347826,0.32771739130434785,0.36086956521739133,0.40652173913043477,0.4048913043478261,0.43369565217391304,0.4625,0.48478260869565215,0.49293478260869567,0.508695652173913,0.528804347826087,0.5570652173913043,0.8695652173913043,0.8586956521739131,0.8695652173913043,0.8586956521739131,0.8152173913043478,0.8478260869565217,0.8369565217391305,0.7065217391304348,0.7065217391304348,0.7608695652173914,0.717391304347826,0.6956521739130435],"Energy":{"Mean":-70.97051796509484,"Sigma":0.021263362222469686,"Taucorr":-0.044322749461997414},"EnergyVariance":{"Mean":0.5510324682470014,"Sigma":0.04179850899519638,"Taucorr":0.0731530858826288},"Iteration":755},
{"Acceptance":[0.3184782608695652,0.35380434782608694,0.3842391304347826,0.40108695652173915,0.4277173913043478,0.42934782608695654,0.45543478260869563,0.4668478260869565,0.48478260869565215,0.5135869565217391,0.5173913043478261,0.5010869565217392,0.8043478260869565,0.8369565217391305,0.9021739130434783,0.8478260869565217,0.8043478260869565,0.7934782608695652,0.7934782608695652,0.8043478260869565,0.8260869565217391,0.8260869565217391,0.6630434782608695,0.5652173913043478],"Energy":{"Mean":-70.93633863291188,"Sigma":0.02355356159731146,"Taucorr":0.030206282287827024},"EnergyVariance":{"Mean":0.5970205495367887,"Sigma":0.03775614105698457,"Taucorr":-0.004981849425953977},"Iteration":756},
{"Acceptance":[0.3157608695652174,0.3282608695652174,0.3869565217391304,0.38369565217391305,0.4048913043478261,0.4385869565217391,0.45652173913043476,0.46304347826086956,0.49728260869565216,0.5076086956521739,0.5222826086956521,0.5494565217391304,0.8043478260869565,0.8152173913043478,0.8586956521739131,0.9130434782608695,0.8478260869565217,0.8152173913043478,0.782608695652174,0.717391304347826,0.7391304347826086,0.7717391304347826,0.75,0.6956521739130435],"Energy":{"Mean":-70.92066894297241,"Sigma":0.022824241172394386,"Taucorr":0.007276949158470672},"EnergyVariance":{"Mean":0.5688794089436721,"Sigma":0.037292060915034085,"Taucorr":-0.0026621472090701307},"Iteration":757},
{"Acceptance":[0.31956521739130433,0.36141304347826086,0.3815217391304348,0.4027173913043478,0.4146739130434783,0.4380434782608696,0.4766304347826087,0.47608695652173916,0.48695652173913045,0.5233695652173913,0.5195652173913043,0.5195652173913043,0.8260869565217391,0.8260869565217391,0.8152173913043478,0.8152173913043478,0.7934782608695652,0.8152173913043478,0.8043478260869565,0.7282608695652174,0.75,0.782608695652174,0.7065217391304348,0.6304347826086957],"Energy":{"Mean":-70.90027169669834,"Sigma":0.022520767880994625,"Taucorr":0.02136220613096537},"EnergyVariance":{"Mean":0.5293036415842053,"Sigma":0.03320511480825334,"Taucorr":-0.01502381891254552},"Iteration":758},
{"Acceptance":[0.33206521739130435,0.3407608695652174,0.36141304347826086,0.39402173913043476,0.4076086956521739,0.43478260869565216,0.4652173913043478,0.49184782608695654,0.4923913043478261,0.5005434782608695,0.5125,0.5385869565217392,0.9130434782608695,0.8913043478260869,0.8695652173913043,0.8586956521739131,0.8695652173913043,0.8478260869565217,0.7717391304347826,0.8260869565217391,0.8260869565217391,0.6956521739130435,0.717391304347826,0.782608695652174],"Energy":{"Mean":-70.97607569621341,"Sigma":0.02364354311979011,"Taucorr":0.026103999557147217},"EnergyVariance":{"Mean":0.5903212009766393,"Sigma":0.043590645712096386,"Taucorr":-0.013018013589345392},"Iteration":759},
{"Acceptance":[0.325,0.35054347826086957,0.3847826086956522,0.40869565217391307,0.43478260869565216,0.4282608695652174,0.45217391304347826,0.48532608695652174,0.4826086956521739,0.5195652173913043,0.5369565217391304,0.5206521739130435,0.8913043478260869,0.9021739130434783,0.8369565217391305,0.7391304347826086,0.7934782608695652,0.8586956521739131,0.8260869565217391,0.7934782608695652,0.7934782608695652,0.75,0.6847826086956522,0.6739130434782609],"Energy":{"Mean":-70.90769921583622,"Sigma":0.023469660614388165,"Taucorr":-0.0003541655234421681},"EnergyVariance":{"Mean":0.6132513642776626,"Sigma":0.058446586509865624,"Taucorr":-0.015236308075159613},"Iteration":760},
{"Acceptance":[0.328804347826087,0.34891304347826085,0.3706521739130435,0.40597826086956523,0.42282608695652174,0.45,0.45271739130434785,0.46847826086956523,0.5032608695652174,0.5097826086956522,0.5092391304347826,0.5201086956521739,0.782608695652174,0.8152173913043478,0.8478260869565217,0.8695652173913043,0.9130434782608695,0.8586956521739131,0.8152173913043478,0.8043478260869565,0.717391304347826,0.6195652173913043,0.6086956521739131,0.6521739130434783],"Energy":{"Mean":-70.97799391167628,"Sigma":0.02195259975960621,"Taucorr":-0.01360542993714644},"EnergyVariance":{"Mean":0.5495769804577036,"Sigma":0.03979829204108814,"Taucorr":-0.001614021967129955},"Iteration":761},
{"Acceptance":[0.3108695652173913,0.34891304347826085,0.3733695652173913,0.3815217391304348,0.44130434782608696,0.42391304347826086,0.4548913043478261,0.46847826086956523,0.4902173913043478,0.4902173913043478,0.5266304347826087,0.5201086956521739,0.782608695652174,0.8260869565217391,0.9021739130434783,0.8913043478260869,0.8260869565217391,0.8260869565217391,0.8260869565217391,0.8478260869565217,0.7065217391304348,0.6086956521739131,0.6847826086956522,0.6739130434782609],"Energy":{"Mean":-70.91516620792362,"Sigma":0.021154855232098677,"Taucorr":-0.01420523464704311},"EnergyVariance":{"Mean":0.5187698205579737,"Sigma":0.031118553423526086,"Taucorr":-0.0024164374825387225},"Iteration":762},
{"Acceptance":[0.3059782608695652,0.3309782608695652,0.36467391304347824,0.3923913043478261,0.3967391304347826,0.4217391304347826,0.4467391304347826,0.45706521739130435,0.483695652173913,0.5451086956521739,0.5195652173913043,0.5505434782608696,0.8695652173913043,0.8804347826086957,0.8478260869565217,0.8260869565217391,0.8369565217391305,0.782608695652174,0.7934782608695652,0.8260869565217391,0.7934782608695652,0.7934782608695652,0.7282608695652174,0.6521739130434783],"Energy":{"Mean":-70.95728296270013,"Sigma":0.022145885183928817,"Taucorr":0.03146674014060647},"EnergyVariance":{"Mean":0.5319250270629522,"Sigma":0.029872094066942956,"Taucorr":0.001840413994530619},"Iteration":763},
{"Acceptance":[0.32282608695652176,0.3375,0.37228260869565216,0.4092391304347826,0.4032608695652174,0.4385869565217391,0.45163043478260867,0.45760869565217394,0.4831521739130435,0.5021739130434782,0.5130434782608696,0.5239130434782608,0.9130434782608695,0.8369565217391305,0.8043478260869565,0.8586956521739131,0.9021739130434783,0.8369565217391305,0.7934782608695652,0.8478260869565217,0.8152173913043478,0.7282608695652174,0.5978260869565217,0.5217391304347826],"Energy":{"Mean":-70.97387566097774,"Sigma":0.024045934244162497,"Taucorr":0.0476276621899113},"EnergyVariance":{"Mean":0.5772802111891678,"Sigma":0.049162490528176284,"Taucorr":-0.0008031408427231421},"Iteration":764},
{"Acceptance":[0.3141304347826087,0.35489130434782606,0.36630434782608695,0.38315217391304346,0.40380434782608693,0.4369565217391304,0.4592391304347826,0.4548913043478261,0.5054347826086957,0.5195652173913043,0.5108695652173914,0.5375,0.8913043478260869,0.8260869565217391,0.782608695652174,0.8369565217391305,0.8478260869565217,0.8586956521739131,0.8369565217391305,0.782608695652174,0.75,0.717391304347826,0.6630434782608695,0.6086956521739131],"Energy":{"Mean":-70.91789757611257,"Sigma":0.022456588658554263,"Taucorr":0.012719925166906459},"EnergyVariance":{"Mean":0.5573280589859931,"Sigma":0.044394560362617554,"Taucorr":0.004233410886309429},"Iteration":765},
{"Acceptance":[0.34130434782608693,0.3402173913043478,0.3581521739130435,0.391304347826087,0.4358695652173913,0.43043478260869567,0.4548913043478261,0.47880434782608694,0.508695652173913,0.5130434782608696,0.5353260869565217,0.5211956521739131,0.8478260869565217,0.8913043478260869,0.9130434782608695,0.8478260869565217,0.8260869565217391,0.8260869565217391,0.8695652173913043,0.8804347826086957,0.8152173913043478,0.7717391304347826,0.7065217391304348,0.6739130434782609],"Energy":{"Mean":-70.94312415453231,"Sigma":0.021648366374130115,"Taucorr":-0.001934965038018643},"EnergyVariance":{"Mean":0.5447847107740423,"Sigma":0.05061500114524691,"Taucorr":0.028120043020821262},"Iteration":766},
{"Acceptance":[0.3402173913043478,0.34130434782608693,0.3701086956521739,0.39021739130434785,0.41304347826086957,0.4342391304347826,0.4597826086956522,0.483695652173913,0.5092391304347826,0.5201086956521739,0.5320652173913043,0.5391304347826087,0.8260869565217391,0.8695652173913043,0.9130434782608695,0.9021739130434783,0.8804347826086957,0.8695652173913043,0.7934782608695652,0.7717391304347826,0.7608695652173914,0.6630434782608695,0.6413043478260869,0.6521739130434783],"Energy":{"Mean":-70.94616147851643,"Sigma":0.02304521875230782,"Taucorr":0.005541557806961782},"EnergyVariance":{"Mean":0.596405854847244,"Sigma":0.047089666864614736,"Taucorr":-0.009668519734907429},"Iteration":767},
{"Acceptance":[0.3342391304347826,0.33369565217391306,0.40108695652173915,0.3864130434782609,0.41630434782608694,0.4385869565217391,0.4489130434782609,0.46847826086956523,0.4923913043478261,0.5244565217391305,0.5027173913043478,0.5125,0.8043478260869565,0.8804347826086957,0.8369565217391305,0.7934782608695652,0.8478260869565217,0.8152173913043478,0.8260869565217391,0.8369565217391305,0.75,0.6195652173913043,0.6304347826086957,0.6956521739130435],"Energy":{"Mean":-70.96555518611974,"Sigma":0.021283597560513134,"Taucorr":-0.019383516457097964},"EnergyVariance":{"Mean":0.5264177328893621,"Sigma":0.030332854109597202,"Taucorr":-0.0015208813501911347},"Iteration":768},
{"Acceptance":[0.33260869565217394,0.33967391304347827,0.36684782608695654,0.40652173913043477,0.42880434782608695,0.4315217391304348,0.4391304347826087,0.4701086956521739,0.533695652173913,0.5108695652173914,0.5358695652173913,0.5059782608695652,0.8478260869565217,0.8695652173913043,0.8804347826086957,0.8478260869565217,0.8043478260869565,0.8152173913043478,0.8695652173913043,0.8804347826086957,0.8043478260869565,0.6739130434782609,0.6630434782608695,0.717391304347826],"Energy":{"Mean":-70.93715932096372,"Sigma":0.023760206910491022,"Taucorr":-0.007087598811145436},"EnergyVariance":{"Mean":0.6676751697622517,"Sigma":0.04952438574712851,"Taucorr":0.026121829830586},"Iteration":769},
{"Acceptance":[0.3201086956521739,0.33043478260869563,0.37880434782608696,0.3875,0.4097826086956522,0.45815217391304347,0.453804347826087,0.48478260869565215,0.528804347826087,0.49184782608695654,0.5070652173913044,0.5353260869565217,0.782608695652174,0.8152173913043478,0.8804347826086957,0.8260869565217391,0.782608695652174,0.8478260869565217,0.8804347826086957,0.8260869565217391,0.75,0.7717391304347826,0.7608695652173914,0.717391304347826],"Energy":{"Mean":-70.93139212897638,"Sigma":0.023943726585856778,"Taucorr":-0.023618188144050808},"EnergyVariance":{"Mean":0.6518720297629123,"Sigma":0.05782967684480685,"Taucorr":0.010991679335842415},"Iteration":770},
{"Acceptance":[0.34891304347826085,0.3472826086956522,0.3684782608695652,0.40108695652173915,0.4152173913043478,0.42282608695652174,0.4260869565217391,0.46847826086956523,0.4891304347826087,0.5206521739130435,0.5184782608695652,0.5364130434782609,0.8478260869565217,0.8586956521739131,0.8695652173913043,0.8913043478260869,0.8043478260869565,0.782608695652174,0.8152173913043478,0.8152173913043478,0.8586956521739131,0.7391304347826086,0.5652173913043478,0.5],"Energy":{"Mean":-70.93611732461856,"Sigma":0.022438598061920653,"Taucorr":-0.004202054504653295},"EnergyVariance":{"Mean":0.5564209191979391,"Sigma":0.038286171813362656,"Taucorr":0.029621393391224982},"Iteration":771},
{"Acceptance":[0.3358695652173913,0.3717391304347826,0.3701086956521739,0.3760869565217391,0.4255434782608696,0.4375,0.44782608695652176,0.475,0.48532608695652174,0.5179347826086956,0.5201086956521739,0.5070652173913044,0.8260869565217391,0.8478260869565217,0.8586956521739131,0.8478260869565217,0.8369565217391305,0.8478260869565217,0.8369565217391305,0.8260869565217391,0.8260869565217391,0.6847826086956522,0.532608695652174,0.5],"Energy":{"Mean":-70.90874716126932,"Sigma":0.02524116077648889,"Taucorr":0.050725772348448085},"EnergyVariance":{"Mean":0.6464116142282894,"Sigma":0.09342854746683334,"Taucorr":0.028973207569672338},"Iteration":772},
{"Acceptance":[0.31521739130434784,0.3706521739130435,0.36630434782608695,0.3907608695652174,0.4108695652173913,0.44619565217391305,0.45054347826086955,0.47554347826086957,0.5048913043478261,0.5163043478260869,0.5054347826086957,0.5309782608695652,0.8913043478260869,0.8478260869565217,0.8478260869565217,0.9021739130434783,0.9130434782608695,0.8586956521739131,0.7934782608695652,0.7934782608695652,0.75,0.717391304347826,0.6739130434782609,0.6086956521739131],"Energy":{"Mean":-70.86777042776892,"Sigma":0.02212996112871321,"Taucorr":-0.0058542999808283884},"EnergyVariance":{"Mean":0.5471614906389193,"Sigma":0.038258321170119035,"Taucorr":0.035271869821899046},"Iteration":773},
{"Acceptance":[0.30543478260869567,0.33858695652173915,0.3625,0.40108695652173915,0.41793478260869565,0.4483695652173913,0.4423913043478261,0.4706521739130435,0.5059782608695652,0.5114130434782609,0.5309782608695652,0.5228260869565218,0.8478260869565217,0.7934782608695652,0.7608695652173914,0.8260869565217391,0.8260869565217391,0.8369565217391305,0.8695652173913043,0.782608695652174,0.7391304347826086,0.6304347826086957,0.5543478260869565,0.6086956521739131],"Energy":{"Mean":-70.93486599359846,"Sigma":0.022710644232054322,"Taucorr":-0.0006482298864005526},"EnergyVariance":{"Mean":0.5664139417643698,"Sigma":0.034661890538319536,"Taucorr":0.012251168755883652},"Iteration":774},
{"Acceptance":[0.35543478260869565,0.34130434782608693,0.35434782608695653,0.3804347826086957,0.41141304347826085,0.42934782608695654,0.4418478260869565,0.4771739130434783,0.4902173913043478,0.5032608695652174,0.5114130434782609,0.4826086956521739,0.8043478260869565,0.7934782608695652,0.7717391304347826,0.8478260869565217,0.8804347826086957,0.8586956521739131,0.7934782608695652,0.7608695652173914,0.7717391304347826,0.6413043478260869,0.5760869565217391,0.5869565217391305],"Energy":{"Mean":-70.93059238006096,"Sigma":0.023842445995667122,"Taucorr":0.006629260498968684},"EnergyVariance":{"Mean":0.6214316377373693,"Sigma":0.046663864240623125,"Taucorr":0.006551249050548724},"Iteration":775},
{"Acceptance":[0.3233695652173913,0.3402173913043478,0.3521739130434783,0.36467391304347824,0.425,0.421195652173913,0.4483695652173913,0.4771739130434783,0.4967391304347826,0.5021739130434782,0.5228260869565218,0.4940217391304348,0.782608695652174,0.8478260869565217,0.8913043478260869,0.8369565217391305,0.8478260869565217,0.8586956521739131,0.8804347826086957,0.8478260869565217,0.7717391304347826,0.7065217391304348,0.5434782608695652,0.45652173913043476],"Energy":{"Mean":-70.9463596265673,"Sigma":0.021549700537814524,"Taucorr":-0.0215218459551544},"EnergyVariance":{"Mean":0.5450579650218069,"Sigma":0.036072571565911864,"Taucorr":-0.01245326556454066},"Iteration":776},
{"Acceptance":[0.33695652173913043,0.3527173913043478,0.3695652173913043,0.3782608695652174,0.42934782608695654,0.4217391304347826,0.45108695652173914,0.475,0.47391304347826085,0.483695652173913,0.49728260869565216,0.4951086956521739,0.8695652173913043,0.8804347826086957,0.8913043478260869,0.8804347826086957,0.8369565217391305,0.8043478260869565,0.8478260869565217,0.8369565217391305,0.8152173913043478,0.6739130434782609,0.5217391304347826,0.5434782608695652],"Energy":{"Mean":-70.93812922719523,"Sigma":0.021749453625342502,"Taucorr":-0.007358216967086567},"EnergyVariance":{"Mean":0.5542631782892746,"Sigma":0.07144603185931478,"Taucorr":-0.011068210388483386},"Iteration":777},
{"Acceptance":[0.3141304347826087,0.35543478260869565,0.38206521739130433,0.41195652173913044,0.4342391304347826,0.4429347826086957,0.4701086956521739,0.47880434782608694,0.4940217391304348,0.533695652173913,0.5391304347826087,0.48532608695652174,0.9347826086956522,0.8913043478260869,0.9130434782608695,0.9130434782608695,0.8369565217391305,0.8260869565217391,0.782608695652174,0.782608695652174,0.7391304347826086,0.6630434782608695,0.5869565217391305,0.5],"Energy":{"Mean":-70.94877210929995,"Sigma":0.023115535801900802,"Taucorr":0.005991688396132407},"EnergyVariance":{"Mean":0.5760887259271358,"Sigma":0.04113370453428322,"Taucorr":-0.009749103964249007},"Iteration":778},
{"Acceptance":[0.325,0.33967391304347827,0.3842391304347826,0.38532608695652176,0.4076086956521739,0.44565217391304346,0.46630434782608693,0.47282608695652173,0.4945652173913043,0.4983695652173913,0.5168478260869566,0.5277173913043478,0.9130434782608695,0.8913043478260869,0.8260869565217391,0.8043478260869565,0.782608695652174,0.8043478260869565,0.8478260869565217,0.75,0.7282608695652174,0.7391304347826086,0.6847826086956522,0.6739130434782609],"Energy":{"Mean":-70.97683834217194,"Sigma":0.02249663828669532,"Taucorr":-0.01231073723537683},"EnergyVariance":{"Mean":0.5524677554114873,"Sigma":0.03958421239531831,"Taucorr":-0.02627781156893644},"Iteration":779},
{"Acceptance":[0.3402173913043478,0.35978260869565215,0.3581521739130435,0.40706521739130436,0.41141304347826085,0.4152173913043478,0.4641304347826087,0.4608695652173913,0.5130434782608696,0.5146739130434783,0.5233695652173913,0.5206521739130435,0.9347826086956522,0.8804347826086957,0.8043478260869565,0.782608695652174,0.7934782608695652,0.8369565217391305,0.8260869565217391,0.7934782608695652,0.8043478260869565,0.7065217391304348,0.5978260869565217,0.5869565217391305],"Energy":{"Mean":-70.9393264719763,"Sigma":0.024970949460056634,"Taucorr":0.011640635535731128},"EnergyVariance":{"Mean":0.6729695262389935,"Sigma":0.05809197163223331,"Taucorr":0.024115330919654943},"Iteration":780},
{"Acceptance":[0.32608695652173914,0.3467391304347826,0.3695652173913043,0.39891304347826084,0.42228260869565215,0.4152173913043478,0.46467391304347827,0.4641304347826087,0.4885869565217391,0.4945652173913043,0.5,0.5282608695652173,0.9347826086956522,0.8478260869565217,0.8369565217391305,0.8695652173913043,0.8369565217391305,0.782608695652174,0.6739130434782609,0.7608695652173914,0.7282608695652174,0.5978260869565217,0.5978260869565217,0.5652173913043478],"Energy":{"Mean":-70.94913362506742,"Sigma":0.022128737015292124,"Taucorr":0.019299082581744034},"EnergyVariance":{"Mean":0.5262586578426044,"Sigma":0.037693621852536524,"Taucorr":0.023775942233086256},"Iteration":781},
{"Acceptance":[0.3239130434782609,0.33804347826086956,0.3483695652173913,0.3978260869565217,0.41739130434782606,0.43043478260869567,0.483695652173913,0.48043478260869565,0.49619565217391304,0.5146739130434783,0.5043478260869565,0.5347826086956522,0.8478260869565217,0.8695652173913043,0.8478260869565217,0.8152173913043478,0.8260869565217391,0.8478260869565217,0.8260869565217391,0.7391304347826086,0.7065217391304348,0.717391304347826,0.7065217391304348,0.6956521739130435],"Energy":{"Mean":-70.92851817612888,"Sigma":0.02324650107453666,"Taucorr":0.011955167346790795},"EnergyVariance":{"Mean":0.5610777878426151,"Sigma":0.036187883698089465,"Taucorr":-0.007052019088132948},"Iteration":782},
{"Acceptance":[0.30869565217391304,0.3657608695652174,0.35543478260869565,0.4,0.41304347826086957,0.4451086956521739,0.4369565217391304,0.4956521739130435,0.4989130434782609,0.48097826086956524,0.5228260869565218,0.5222826086956521,0.8478260869565217,0.8586956521739131,0.8695652173913043,0.8260869565217391,0.8586956521739131,0.8369565217391305,0.8043478260869565,0.8043478260869565,0.6956521739130435,0.7717391304347826,0.7717391304347826,0.6521739130434783],"Energy":{"Mean":-70.95568103269981,"Sigma":0.02029977410942343,"Taucorr":-0.012762293389075467},"EnergyVariance":{"Mean":0.49008284781765377,"Sigma":0.031221957203213677,"Taucorr":-0.02053716947558309},"Iteration":783},
{"Acceptance":[0.33152173913043476,0.3347826086956522,0.3972826086956522,0.3755434782608696,0.4266304347826087,0.43478260869565216,0.47391304347826085,0.44565217391304346,0.47445652173913044,0.5364130434782609,0.5380434782608695,0.5217391304347826,0.8478260869565217,0.8804347826086957,0.9130434782608695,0.8586956521739131,0.8369565217391305,0.8369565217391305,0.7934782608695652,0.8260869565217391,0.8586956521739131,0.8152173913043478,0.6739130434782609,0.5652173913043478],"Energy":{"Mean":-70.9560759724079,"Sigma":0.022231096156003455,"Taucorr":-0.0014355924044813298},"EnergyVariance":{"Mean":0.559494821804051,"Sigma":0.03902796058144478,"Taucorr":-0.025583221576483742},"Iteration":784},
{"Acceptance":[0.33152173913043476,0.35434782608695653,0.3701086956521739,0.39891304347826084,0.4369565217391304,0.41032608695652173,0.45543478260869563,0.5005434782608695,0.4945652173913043,0.5125,0.5521739130434783,0.528804347826087,0.8478260869565217,0.8478260869565217,0.8478260869565217,0.8586956521739131,0.8478260869565217,0.782608695652174,0.8043478260869565,0.8260869565217391,0.8152173913043478,0.7391304347826086,0.5869565217391305,0.5434782608695652],"Energy":{"Mean":-70.96985864263124,"Sigma":0.023295435871309608,"Taucorr":0.03756828297185268},"EnergyVariance":{"Mean":0.560124446948933,"Sigma":0.036065164955470776,"Taucorr":-0.0005269283711160066},"Iteration":785},
{"Acceptance":[0.33967391304347827,0.35108695652173916,0.3842391304347826,0.4027173913043478,0.4157608695652174,0.4364130434782609,0.4440217391304348,0.47989130434782606,0.47934782608695653,0.5059782608695652,0.5168478260869566,0.5255434782608696,0.8478260869565217,0.8804347826086957,0.9239130434782609,0.8804347826086957,0.8804347826086957,0.8586956521739131,0.8260869565217391,0.8043478260869565,0.7391304347826086,0.782608695652174,0.6304347826086957,0.43478260869565216],"Energy":{"Mean":-70.9499089374374,"Sigma":0.02355744928805965,"Taucorr":0.015905515634235142},"EnergyVariance":{"Mean":0.5868460141860511,"Sigma":0.05100274031196069,"Taucorr":-0.012960950674041868},"Iteration":786},
{"Acceptance":[0.3016304347826087,0.3407608695652174,0.39891304347826084,0.39456521739130435,0.4364130434782609,0.4260869565217391,0.4423913043478261,0.47554347826086957,0.5059782608695652,0.5016304347826087,0.5065217391304347,0.4967391304347826,0.7391304347826086,0.7608695652173914,0.782608695652174,0.8478260869565217,0.8586956521739131,0.8478260869565217,0.8586956521739131,0.7934782608695652,0.7282608695652174,0.7282608695652174,0.6630434782608695,0.5652173913043478],"Energy":{"Mean":-70.95217987550365,"Sigma":0.0203071291254873,"Taucorr":-0.06970505998976158},"EnergyVariance":{"Mean":0.5590480754391051,"Sigma":0.046280868426674365,"Taucorr":-0.02107337678910687},"Iteration":787},
{"Acceptance":[0.325,0.34891304347826085,0.3625,0.40869565217391307,0.42934782608695654,0.4326086956521739,0.4625,0.475,0.49619565217391304,0.5081521739130435,0.5152173913043478,0.5342391304347827,0.8695652173913043,0.9239130434782609,0.8695652173913043,0.7934782608695652,0.8478260869565217,0.8695652173913043,0.8478260869565217,0.8804347826086957,0.8260869565217391,0.7391304347826086,0.7391304347826086,0.717391304347826],"Energy":{"Mean":-70.95871617330887,"Sigma":0.0231721545147522,"Taucorr":0.03769013330244562},"EnergyVariance":{"Mean":0.5611709236311969,"Sigma":0.037220341543819944,"Taucorr":0.010484454360495348},"Iteration":788},
{"Acceptance":[0.3157608695652174,0.3532608695652174,0.38967391304347826,0.4108695652173913,0.40380434782608693,0.421195652173913,0.45760869565217394,0.48206521739130437,0.4842391304347826,0.5130434782608696,0.5190217391304348,0.5206521739130435,0.8478260869565217,0.8695652173913043,0.8913043478260869,0.9021739130434783,0.9130434782608695,0.8152173913043478,0.8152173913043478,0.8695652173913043,0.8152173913043478,0.6956521739130435,0.5543478260869565,0.5217391304347826],"Energy":{"Mean":-70.9504990087784,"Sigma":0.020938298706085125,"Taucorr":0.006017221415656078},"EnergyVariance":{"Mean":0.49658653013965853,"Sigma":0.02877427633293297,"Taucorr":0.02616999901465634},"Iteration":789},
{"Acceptance":[0.3222826086956522,0.3532608695652174,0.3657608695652174,0.40869565217391307,0.4092391304347826,0.4364130434782609,0.47880434782608694,0.4597826086956522,0.4771739130434783,0.5059782608695652,0.5472826086956522,0.5652173913043478,0.9130434782608695,0.8804347826086957,0.8478260869565217,0.8913043478260869,0.8913043478260869,0.8260869565217391,0.7934782608695652,0.7608695652173914,0.7608695652173914,0.7391304347826086,0.7391304347826086,0.782608695652174],"Energy":{"Mean":-70.9582278853275,"Sigma":0.024224828725138467,"Taucorr":0.030765834095586957},"EnergyVariance":{"Mean":0.6241016465741519,"Sigma":0.044485179637440385,"Taucorr":-0.0039300327806489},"Iteration":790},
{"Acceptance":[0.30543478260869567,0.33641304347826084,0.35978260869565215,0.3701086956521739,0.40217391304347827,0.43967391304347825,0.4380434782608696,0.4483695652173913,0.4875,0.5048913043478261,0.5032608695652174,0.5369565217391304,0.8478260869565217,0.9021739130434783,0.9021739130434783,0.8260869565217391,0.8260869565217391,0.8478260869565217,0.8369565217391305,0.7934782608695652,0.717391304347826,0.7282608695652174,0.717391304347826,0.6521739130434783],"Energy":{"Mean":-70.94976179698057,"Sigma":0.023499262205355437,"Taucorr":-0.022027379846999387},"EnergyVariance":{"Mean":0.6232471540545133,"Sigma":0.04613244840199728,"Taucorr":0.032730019037975504},"Iteration":791},
{"Acceptance":[0.3217391304347826,0.3298913043478261,0.3652173913043478,0.3923913043478261,0.41358695652173916,0.4206521739130435,0.47282608695652173,0.4940217391304348,0.5,0.5114130434782609,0.5141304347826087,0.5233695652173913,0.8913043478260869,0.8695652173913043,0.8695652173913043,0.8478260869565217,0.8043478260869565,0.8369565217391305,0.8260869565217391,0.75,0.7065217391304348,0.7282608695652174,0.5869565217391305,0.41304347826086957],"Energy":{"Mean":-70.90714410858824,"Sigma":0.02195630053797484,"Taucorr":0.020091857561335236},"EnergyVariance":{"Mean":0.5172208327651947,"Sigma":0.03288197969736723,"Taucorr":-0.002353879815533052},"Iteration":792},
{"Acceptance":[0.328804347826087,0.32663043478260867,0.3690217391304348,0.3972826086956522,0.41032608695652173,0.4315217391304348,0.46793478260869564,0.47282608695652173,0.49184782608695654,0.5070652173913044,0.5184782608695652,0.5277173913043478,0.8478260869565217,0.8586956521739131,0.8586956521739131,0.8478260869565217,0.8478260869565217,0.8043478260869565,0.75,0.8260869565217391,0.8695652173913043,0.8043478260869565,0.717391304347826,0.6521739130434783],"Energy":{"Mean":-70.93037761580806,"Sigma":0.02431345412706711,"Taucorr":0.024410095143249322},"EnergyVariance":{"Mean":0.6328943017611983,"Sigma":0.04639818064189367,"Taucorr":0.0077949317931733444},"Iteration":793},
{"Acceptance":[0.32608695652173914,0.33967391304347827,0.36630434782608695,0.3798913043478261,0.4146739130434783,0.4391304347826087,0.4673913043478261,0.4407608695652174,0.5021739130434782,0.5,0.5282608695652173,0.5456521739130434,0.9347826086956522,0.8695652173913043,0.8695652173913043,0.8695652173913043,0.8369565217391305,0.8152173913043478,0.8043478260869565,0.8369565217391305,0.8152173913043478,0.7608695652173914,0.5978260869565217,0.4782608695652174],"Energy":{"Mean":-70.99480608672827,"Sigma":0.021821349367404628,"Taucorr":-0.012948056327485734},"EnergyVariance":{"Mean":0.5631127822020764,"Sigma":0.04081547003276779,"Taucorr":0.03209253275164199},"Iteration":794},
{"Acceptance":[0.33315217391304347,0.35434782608695653,0.36195652173913045,0.40054347826086956,0.42228260869565215,0.4418478260869565,0.4706521739130435,0.4625,0.5173913043478261,0.5114130434782609,0.4994565217391304,0.5304347826086957,0.7391304347826086,0.8260869565217391,0.8586956521739131,0.8369565217391305,0.8586956521739131,0.8260869565217391,0.8369565217391305,0.8152173913043478,0.75,0.7391304347826086,0.782608695652174,0.8260869565217391],"Energy":{"Mean":-70.94085578198495,"Sigma":0.022740897868940346,"Taucorr":0.024682697842193124},"EnergyVariance":{"Mean":0.5630835207859143,"Sigma":0.036392988851536925,"Taucorr":-0.008092343230361386},"Iteration":795},
{"Acceptance":[0.34891304347826085,0.32771739130434785,0.3804347826086957,0.40869565217391307,0.4043478260869565,0.43369565217391304,0.453804347826087,0.47391304347826085,0.4885869565217391,0.4885869565217391,0.5059782608695652,0.49728260869565216,0.8260869565217391,0.8369565217391305,0.8260869565217391,0.8478260869565217,0.8152173913043478,0.8043478260869565,0.8478260869565217,0.8152173913043478,0.717391304347826,0.717391304347826,0.5869565217391305,0.3695652173913043],"Energy":{"Mean":-70.93794162541629,"Sigma":0.02303383330283289,"Taucorr":0.03084297441032292},"EnergyVariance":{"Mean":0.5616117870601669,"Sigma":0.040272200654602235,"Taucorr":0.004019304916233824},"Iteration":796},
{"Acceptance":[0.32554347826086955,0.35054347826086957,0.37880434782608696,0.4206521739130435,0.40108695652173915,0.45054347826086955,0.4260869565217391,0.47445652173913044,0.4945652173913043,0.49293478260869567,0.5304347826086957,0.5146739130434783,0.8478260869565217,0.8043478260869565,0.7608695652173914,0.8260869565217391,0.9021739130434783,0.8913043478260869,0.8586956521739131,0.782608695652174,0.7608695652173914,0.7934782608695652,0.7391304347826086,0.6956521739130435],"Energy":{"Mean":-70.91306823823248,"Sigma":0.02426748726923408,"Taucorr":0.026704635433835763},"EnergyVariance":{"Mean":0.6045810203276286,"Sigma":0.04403184357606876,"Taucorr":-0.009343569692095342},"Iteration":797},
{"Acceptance":[0.3125,0.3423913043478261,0.3733695652173913,0.3983695652173913,0.4260869565217391,0.45869565217391306,0.45163043478260867,0.47989130434782606,0.4967391304347826,0.5211956521739131,0.5152173913043478,0.5184782608695652,0.9130434782608695,0.8695652173913043,0.8152173913043478,0.8586956521739131,0.8804347826086957,0.8586956521739131,0.782608695652174,0.7391304347826086,0.8043478260869565,0.7717391304347826,0.6413043478260869,0.5652173913043478],"Energy":{"Mean":-70.95985727698273,"Sigma":0.021480766371775175,"Taucorr":-0.02290279485484573},"EnergyVariance":{"Mean":0.5435628036623422,"Sigma":0.034666150149610546,"Taucorr":-0.001102797305800184},"Iteration":798},
{"Acceptance":[0.3375,0.3684782608695652,0.3717391304347826,0.3842391304347826,0.4190217391304348,0.42934782608695654,0.4391304347826087,0.47282608695652173,0.4891304347826087,0.5059782608695652,0.5260869565217391,0.5434782608695652,0.8913043478260869,0.8913043478260869,0.8695652173913043,0.8586956521739131,0.8260869565217391,0.7717391304347826,0.75,0.7934782608695652,0.8260869565217391,0.7934782608695652,0.6739130434782609,0.5652173913043478],"Energy":{"Mean":-70.98561530729474,"Sigma":0.024634928878192713,"Taucorr":-0.017740392567916995},"EnergyVariance":{"Mean":0.7001859299819353,"Sigma":0.08610682086341714,"Taucorr":0.01267569855359123},"Iteration":799},
{"Acceptance":[0.33206521739130435,0.3451086956521739,0.3701086956521739,0.3918478260869565,0.42934782608695654,0.41684782608695653,0.46141304347826084,0.47989130434782606,0.49184782608695654,0.4994565217391304,0.5016304347826087,0.5032608695652174,0.9130434782608695,0.8804347826086957,0.8478260869565217,0.8369565217391305,0.8695652173913043,0.8369565217391305,0.8043478260869565,0.7717391304347826,0.7391304347826086,0.782608695652174,0.717391304347826,0.6521739130434783],"Energy":{"Mean":-70.93690230929327,"Sigma":0.022299506434096686,"Taucorr":0.00409927951950836},"EnergyVariance":{"Mean":0.5497466246321151,"Sigma":0.03638917200232142,"Taucorr":0.014404303028041231},"Iteration":800},
{"Acceptance":[0.3282608695652174,0.34293478260869564,0.3635869565217391,0.3847826086956522,0.4201086956521739,0.4364130434782609,0.4483695652173913,0.46630434782608693,0.49782608695652175,0.5211956521739131,0.529891304347826,0.5380434782608695,0.8695652173913043,0.8804347826086957,0.8478260869565217,0.8043478260869565,0.8586956521739131,0.8586956521739131,0.782608695652174,0.7934782608695652,0.7934782608695652,0.717391304347826,0.6630434782608695,0.6521739130434783],"Energy":{"Mean":-70.92388752503713,"Sigma":0.02235264182217436,"Taucorr":0.011506045722247131},"EnergyVariance":{"Mean":0.5420936053087378,"Sigma":0.03369457021161419,"Taucorr":0.018066330237570344},"Iteration":801},
{"Acceptance":[0.33804347826086956,0.34891304347826085,0.3733695652173913,0.3972826086956522,0.4434782608695652,0.4282608695652174,0.44456521739130433,0.4597826086956522,0.5027173913043478,0.5163043478260869,0.5125,0.5027173913043478,0.9130434782608695,0.9021739130434783,0.8586956521739131,0.8260869565217391,0.7608695652173914,0.7608695652173914,0.8478260869565217,0.8478260869565217,0.8043478260869565,0.7065217391304348,0.6413043478260869,0.6521739130434783],"Energy":{"Mean":-70.90217938709027,"Sigma":0.023287615659437853,"Taucorr":0.006710754540365835},"EnergyVariance":{"Mean":0.5900827440434147,"Sigma":0.03811222496657713,"Taucorr":-0.04374826966785541},"Iteration":802},
{"Acceptance":[0.3168478260869565,0.35434782608695653,0.3717391304347826,0.39293478260869563,0.42228260869565215,0.43478260869565216,0.4733695652173913,0.4842391304347826,0.4983695652173913,0.5027173913043478,0.5173913043478261,0.5315217391304348,0.9565217391304348,0.9130434782608695,0.8913043478260869,0.8695652173913043,0.8478260869565217,0.8260869565217391,0.8152173913043478,0.8043478260869565,0.75,0.7391304347826086,0.7065217391304348,0.6739130434782609],"Energy":{"Mean":-70.96183467768124,"Sigma":0.02168718977992499,"Taucorr":0.005024108799837404},"EnergyVariance":{"Mean":0.5245309904654772,"Sigma":0.03738690775857894,"Taucorr":-0.0016234707174610993},"Iteration":803},
{"Acceptance":[0.33369565217391306,0.3592391304347826,0.36684782608695654,0.41793478260869565,0.39945652173913043,0.4190217391304348,0.44619565217391305,0.4625,0.5005434782608695,0.5255434782608696,0.5217391304347826,0.5152173913043478,0.8913043478260869,0.8478260869565217,0.8152173913043478,0.8152173913043478,0.8369565217391305,0.8260869565217391,0.7717391304347826,0.8369565217391305,0.8804347826086957,0.7282608695652174,0.5978260869565217,0.5869565217391305],"Energy":{"Mean":-70.95953319216319,"Sigma":0.020895852381610697,"Taucorr":0.01641726524511365},"EnergyVariance":{"Mean":0.48922795425836435,"Sigma":0.031781773446549574,"Taucorr":0.016102504378474852},"Iteration":804},
{"Acceptance":[0.32717391304347826,0.34347826086956523,0.37119565217391304,0.40706521739130436,0.41847826086956524,0.425,0.44782608695652176,0.46902173913043477,0.503804347826087,0.5032608695652174,0.5184782608695652,0.5211956521739131,0.8478260869565217,0.8260869565217391,0.8260869565217391,0.8695652173913043,0.8913043478260869,0.9021739130434783,0.8478260869565217,0.7934782608695652,0.8369565217391305,0.782608695652174,0.7065217391304348,0.717391304347826],"Energy":{"Mean":-70.91465106449513,"Sigma":0.022895673734022595,"Taucorr":0.0015813021812761281},"EnergyVariance":{"Mean":0.5519027228628918,"Sigma":0.03398308860307986,"Taucorr":0.009381035318455555},"Iteration":805},
{"Acceptance":[0.3233695652173913,0.35706521739130437,0.35489130434782606,0.36793478260869567,0.40652173913043477,0.4309782608695652,0.46793478260869564,0.4945652173913043,0.483695652173913,0.4983695652173913,0.5146739130434783,0.5266304347826087,0.9130434782608695,0.9021739130434783,0.8804347826086957,0.8586956521739131,0.8152173913043478,0.782608695652174,0.7717391304347826,0.7608695652173914,0.7608695652173914,0.75,0.7065217391304348,0.6739130434782609],"Energy":{"Mean":-70.96938138258592,"Sigma":0.0240376618572035,"Taucorr":-0.01725380995819131},"EnergyVariance":{"Mean":0.6532677079412377,"Sigma":0.06400465700237282,"Taucorr":-0.02041351834087946},"Iteration":806},
{"Acceptance":[0.3342391304347826,0.34891304347826085,0.36793478260869567,0.38369565217391305,0.4206521739130435,0.42282608695652174,0.44565217391304346,0.47391304347826085,0.4815217391304348,0.4880434782608696,0.5103260869565217,0.5081521739130435,0.8913043478260869,0.8695652173913043,0.8804347826086957,0.8913043478260869,0.8369565217391305,0.8043478260869565,0.8152173913043478,0.8478260869565217,0.782608695652174,0.6413043478260869,0.6086956521739131,0.6304347826086957],"Energy":{"Mean":-70.93797943403693,"Sigma":0.023135288209855828,"Taucorr":0.03940558544396164},"EnergyVariance":{"Mean":0.5731575630839871,"Sigma":0.037304362900954784,"Taucorr":0.02403744209676505},"Iteration":807},
{"Acceptance":[0.30978260869565216,0.3456521739130435,0.3657608695652174,0.4,0.42391304347826086,0.42934782608695654,0.4489130434782609,0.4717391304347826,0.4994565217391304,0.5130434782608696,0.5358695652173913,0.558695652173913,0.8043478260869565,0.8695652173913043,0.8804347826086957,0.8586956521739131,0.8804347826086957,0.8260869565217391,0.7934782608695652,0.8152173913043478,0.782608695652174,0.7391304347826086,0.7608695652173914,0.782608695652174],"Energy":{"Mean":-70.95043514970622,"Sigma":0.023015785957570086,"Taucorr":0.008643471202678879},"EnergyVariance":{"Mean":0.5927143024611733,"Sigma":0.054646457260974717,"Taucorr":0.0011037524338327078},"Iteration":808},
{"Acceptance":[0.3483695652173913,0.3402173913043478,0.36684782608695654,0.40652173913043477,0.4081521739130435,0.41739130434782606,0.46304347826086956,0.4945652173913043,0.5179347826086956,0.4951086956521739,0.5173913043478261,0.5331521739130435,0.8043478260869565,0.8260869565217391,0.8152173913043478,0.782608695652174,0.8260869565217391,0.8586956521739131,0.8043478260869565,0.75,0.7717391304347826,0.7717391304347826,0.6630434782608695,0.5869565217391305],"Energy":{"Mean":-70.92007765685834,"Sigma":0.021267137158103397,"Taucorr":0.0018444040683642156},"EnergyVariance":{"Mean":0.5096952511650695,"Sigma":0.03270093639911829,"Taucorr":0.01618469602654343},"Iteration":809},
{"Acceptance":[0.3141304347826087,0.3592391304347826,0.38804347826086955,0.4081521739130435,0.41956521739130437,0.4309782608695652,0.4315217391304348,0.4722826086956522,0.4777173913043478,0.5005434782608695,0.5271739130434783,0.5,0.9130434782608695,0.8913043478260869,0.8695652173913043,0.8695652173913043,0.8152173913043478,0.7608695652173914,0.7717391304347826,0.782608695652174,0.75,0.7391304347826086,0.5543478260869565,0.34782608695652173],"Energy":{"Mean":-70.91983434028664,"Sigma":0.02198199098956531,"Taucorr":0.0016648782918577062},"EnergyVariance":{"Mean":0.5403184307745946,"Sigma":0.030933936104856227,"Taucorr":-0.009035555591254433},"Iteration":810},
{"Acceptance":[0.34619565217391307,0.33695652173913043,0.3701086956521739,0.37717391304347825,0.4043478260869565,0.43532608695652175,0.4673913043478261,0.4706521739130435,0.4771739130434783,0.5184782608695652,0.5103260869565217,0.5527173913043478,0.8478260869565217,0.8043478260869565,0.7717391304347826,0.7717391304347826,0.8043478260869565,0.8586956521739131,0.8260869565217391,0.782608695652174,0.7391304347826086,0.7717391304347826,0.8913043478260869,0.9347826086956522],"Energy":{"Mean":-70.96930050848722,"Sigma":0.024249229815933752,"Taucorr":-0.02007815357820118},"EnergyVariance":{"Mean":0.6753144441284794,"Sigma":0.05924656019039579,"Taucorr":0.01077838884165705},"Iteration":811},
{"Acceptance":[0.3467391304347826,0.33695652173913043,0.3733695652173913,0.38967391304347826,0.4157608695652174,0.45,0.4467391304347826,0.4706521739130435,0.4875,0.5108695652173914,0.5048913043478261,0.5271739130434783,0.8478260869565217,0.8369565217391305,0.7934782608695652,0.782608695652174,0.8260869565217391,0.8260869565217391,0.8043478260869565,0.7934782608695652,0.7282608695652174,0.6630434782608695,0.6630434782608695,0.6739130434782609],"Energy":{"Mean":-70.92609834485188,"Sigma":0.021567715062815494,"Taucorr":0.005023696611623378},"EnergyVariance":{"Mean":0.5169747343396222,"Sigma":0.03957408018523253,"Taucorr":0.031142731597037527},"Iteration":812},
{"Acceptance":[0.32717391304347826,0.35489130434782606,0.375,0.42391304347826086,0.41847826086956524,0.44130434782608696,0.4771739130434783,0.47282608695652173,0.4951086956521739,0.503804347826087,0.5391304347826087,0.4885869565217391,0.8695652173913043,0.8478260869565217,0.8260869565217391,0.8586956521739131,0.8586956521739131,0.8478260869565217,0.8152173913043478,0.8043478260869565,0.8478260869565217,0.7608695652173914,0.45652173913043476,0.2391304347826087],"Energy":{"Mean":-70.93538498949779,"Sigma":0.023514487431372296,"Taucorr":-0.002606739963865017},"EnergyVariance":{"Mean":0.6214679809575595,"Sigma":0.042090993994682996,"Taucorr":-0.005980287755055641},"Iteration":813},
{"Acceptance":[0.3282608695652174,0.35,0.35597826086956524,0.3869565217391304,0.40543478260869564,0.45,0.45217391304347826,0.48695652173913045,0.4880434782608696,0.5032608695652174,0.48586956521739133,0.5168478260869566,0.8913043478260869,0.8695652173913043,0.8913043478260869,0.8695652173913043,0.8369565217391305,0.8478260869565217,0.7934782608695652,0.782608695652174,0.8043478260869565,0.7934782608695652,0.6304347826086957,0.4782608695652174],"Energy":{"Mean":-70.91836725282589,"Sigma":0.02387338364814319,"Taucorr":0.012179703327010391},"EnergyVariance":{"Mean":0.5933105385670688,"Sigma":0.048271191779385846,"Taucorr":-0.0111579559252813},"Iteration":814},
{"Acceptance":[0.33641304347826084,0.3733695652173913,0.36467391304347824,0.3804347826086957,0.41739130434782606,0.4342391304347826,0.4717391304347826,0.4722826086956522,0.5081521739130435,0.4956521739130435,0.5342391304347827,0.5391304347826087,0.9565217391304348,0.9347826086956522,0.9021739130434783,0.8804347826086957,0.8478260869565217,0.8260869565217391,0.8043478260869565,0.8043478260869565,0.7717391304347826,0.75,0.7391304347826086,0.6956521739130435],"Energy":{"Mean":-70.94826632317613,"Sigma":0.021846034891090504,"Taucorr":0.009385757925132422},"EnergyVariance":{"Mean":0.5339647897884092,"Sigma":0.038162250875612105,"Taucorr":-0.011740540326859686},"Iteration":815},
{"Acceptance":[0.3418478260869565,0.3467391304347826,0.36467391304347824,0.38804347826086955,0.39891304347826084,0.4451086956521739,0.47934782608695653,0.4717391304347826,0.4923913043478261,0.5092391304347826,0.5092391304347826,0.5190217391304348,0.8260869565217391,0.8478260869565217,0.8260869565217391,0.8586956521739131,0.9021739130434783,0.8260869565217391,0.782608695652174,0.7934782608695652,0.7391304347826086,0.7282608695652174,0.7391304347826086,0.6956521739130435],"Energy":{"Mean":-70.93360132671923,"Sigma":0.02353580955824784,"Taucorr":0.024434176035852184},"EnergyVariance":{"Mean":0.5917173759687253,"Sigma":0.04170416482482045,"Taucorr":0.03825877661782972},"Iteration":816},
{"Acceptance":[0.3298913043478261,0.3309782608695652,0.3690217391304348,0.3809782608695652,0.3907608695652174,0.45543478260869563,0.4543478260869565,0.47119565217391307,0.4951086956521739,0.49184782608695654,0.5217391304347826,0.5195652173913043,0.8913043478260869,0.8260869565217391,0.8152173913043478,0.8695652173913043,0.8260869565217391,0.7717391304347826,0.782608695652174,0.7717391304347826,0.7282608695652174,0.7391304347826086,0.8260869565217391,0.8913043478260869],"Energy":{"Mean":-70.95277701532414,"Sigma":0.022311751521497936,"Taucorr":0.008241542204095507},"EnergyVariance":{"Mean":0.5297651210975136,"Sigma":0.03907125458053175,"Taucorr":-0.004707568714364081},"Iteration":817},
{"Acceptance":[0.34456521739130436,0.34891304347826085,0.38369565217391305,0.38369565217391305,0.40652173913043477,0.4315217391304348,0.45271739130434785,0.47934782608695653,0.47934782608695653,0.5059782608695652,0.5195652173913043,0.529891304347826,0.782608695652174,0.8369565217391305,0.8913043478260869,0.8913043478260869,0.8586956521739131,0.8478260869565217,0.8043478260869565,0.7391304347826086,0.7717391304347826,0.782608695652174,0.6847826086956522,0.6086956521739131],"Energy":{"Mean":-70.89735672930827,"Sigma":0.022342288008797007,"Taucorr":0.003733988228350855},"EnergyVariance":{"Mean":0.5769240157915436,"Sigma":0.044099358663533456,"Taucorr":-0.003273602492511532},"Iteration":818},
{"Acceptance":[0.31630434782608696,0.3391304347826087,0.37880434782608696,0.40054347826086956,0.41684782608695653,0.4141304347826087,0.47282608695652173,0.49293478260869567,0.5032608695652174,0.5043478260869565,0.5152173913043478,0.5434782608695652,0.8913043478260869,0.8478260869565217,0.8804347826086957,0.8804347826086957,0.8478260869565217,0.8260869565217391,0.8152173913043478,0.7934782608695652,0.6413043478260869,0.6739130434782609,0.75,0.717391304347826],"Energy":{"Mean":-70.97199632711549,"Sigma":0.02308052568247146,"Taucorr":-0.011909717921602602},"EnergyVariance":{"Mean":0.6003663040450852,"Sigma":0.046684430880445126,"Taucorr":-0.002010120998060657},"Iteration":819},
{"Acceptance":[0.3179347826086957,0.33369565217391306,0.3527173913043478,0.40054347826086956,0.4048913043478261,0.44619565217391305,0.46847826086956523,0.49184782608695654,0.47554347826086957,0.5201086956521739,0.5146739130434783,0.5505434782608696,0.8260869565217391,0.8369565217391305,0.8586956521739131,0.8586956521739131,0.8586956521739131,0.8260869565217391,0.8043478260869565,0.8043478260869565,0.7717391304347826,0.7282608695652174,0.7608695652173914,0.8260869565217391],"Energy":{"Mean":-70.91706494956554,"Sigma":0.021989441299118156,"Taucorr":0.002356386418674042},"EnergyVariance":{"Mean":0.5563486355970457,"Sigma":0.03503624967019907,"Taucorr":0.03627616666300152},"Iteration":820},
{"Acceptance":[0.34293478260869564,0.32771739130434785,0.3635869565217391,0.4048913043478261,0.4190217391304348,0.43369565217391304,0.4407608695652174,0.46956521739130436,0.4766304347826087,0.5244565217391305,0.532608695652174,0.5195652173913043,0.9347826086956522,0.9021739130434783,0.8478260869565217,0.8043478260869565,0.782608695652174,0.8043478260869565,0.8369565217391305,0.8043478260869565,0.8043478260869565,0.75,0.6739130434782609,0.6956521739130435],"Energy":{"Mean":-70.93053219042338,"Sigma":0.022075819395892843,"Taucorr":-0.022089953947129676},"EnergyVariance":{"Mean":0.5828163019856923,"Sigma":0.039252024836744476,"Taucorr":-0.010447237872241442},"Iteration":821},
{"Acceptance":[0.33260869565217394,0.33369565217391306,0.39456521739130435,0.41684782608695653,0.39891304347826084,0.44782608695652176,0.45652173913043476,0.4652173913043478,0.48097826086956524,0.5114130434782609,0.529891304347826,0.5342391304347827,0.7608695652173914,0.7934782608695652,0.8478260869565217,0.8695652173913043,0.8586956521739131,0.8260869565217391,0.7934782608695652,0.8260869565217391,0.782608695652174,0.7282608695652174,0.6630434782608695,0.5652173913043478],"Energy":{"Mean":-70.9152569857585,"Sigma":0.022073258824157505,"Taucorr":0.004704296293772193},"EnergyVariance":{"Mean":0.5265812414688592,"Sigma":0.03291713475227476,"Taucorr":0.02740140183536474},"Iteration":822},
{"Acceptance":[0.3135869565217391,0.3576086956521739,0.3527173913043478,0.4048913043478261,0.3923913043478261,0.44782608695652176,0.45054347826086955,0.4880434782608696,0.4891304347826087,0.5076086956521739,0.5543478260869565,0.5211956521739131,0.782608695652174,0.8478260869565217,0.8804347826086957,0.8478260869565217,0.8152173913043478,0.7282608695652174,0.7391304347826086,0.75,0.7608695652173914,0.8043478260869565,0.6086956521739131,0.43478260869565216],"Energy":{"Mean":-70.93223335276095,"Sigma":0.02380091425721353,"Taucorr":0.0404307590853165},"EnergyVariance":{"Mean":0.5852259442977902,"Sigma":0.0382404742844901,"Taucorr":0.0014273546061835927},"Iteration":823},
{"Acceptance":[0.3375,0.35489130434782606,0.3652173913043478,0.3847826086956522,0.40217391304347827,0.42717391304347824,0.46467391304347827,0.47391304347826085,0.48967391304347824,0.5103260869565217,0.5211956521739131,0.5331521739130435,0.8695652173913043,0.8369565217391305,0.8478260869565217,0.8804347826086957,0.8152173913043478,0.8260869565217391,0.8043478260869565,0.75,0.7608695652173914,0.7065217391304348,0.6739130434782609,0.6739130434782609],"Energy":{"Mean":-70.96996232452783,"Sigma":0.021241567312641985,"Taucorr":0.03817845550030589},"EnergyVariance":{"Mean":0.47437808620311883,"Sigma":0.02501724113909073,"Taucorr":0.01970843384879304},"Iteration":824},
{"Acceptance":[0.3114130434782609,0.358695652173913,0.3760869565217391,0.40108695652173915,0.40108695652173915,0.4548913043478261,0.45706521739130435,0.4701086956521739,0.5076086956521739,0.5,0.5282608695652173,0.5168478260869566,0.8043478260869565,0.8369565217391305,0.8695652173913043,0.8152173913043478,0.8152173913043478,0.8586956521739131,0.8043478260869565,0.782608695652174,0.7391304347826086,0.6956521739130435,0.6847826086956522,0.6521739130434783],"Energy":{"Mean":-70.92332943796494,"Sigma":0.022214406150543254,"Taucorr":-0.001330812936216598},"EnergyVariance":{"Mean":0.5411993351992067,"Sigma":0.05087477239960666,"Taucorr":0.024464876725677848},"Iteration":825},
{"Acceptance":[0.3,0.35,0.3760869565217391,0.38858695652173914,0.40108695652173915,0.4364130434782609,0.4559782608695652,0.48967391304347824,0.483695652173913,0.5010869565217392,0.533695652173913,0.5652173913043478,0.8478260869565217,0.8260869565217391,0.782608695652174,0.8043478260869565,0.8586956521739131,0.8586956521739131,0.7608695652173914,0.717391304347826,0.7608695652173914,0.7934782608695652,0.7608695652173914,0.6956521739130435],"Energy":{"Mean":-70.93343261373307,"Sigma":0.023286402832487174,"Taucorr":0.03133506614717457},"EnergyVariance":{"Mean":0.5946031169324261,"Sigma":0.037983852746776244,"Taucorr":-0.0035138962345638964},"Iteration":826},
{"Acceptance":[0.3179347826086957,0.35434782608695653,0.4,0.36684782608695654,0.41684782608695653,0.4190217391304348,0.4298913043478261,0.45652173913043476,0.49293478260869567,0.49619565217391304,0.5233695652173913,0.5320652173913043,0.8043478260869565,0.8260869565217391,0.8369565217391305,0.8478260869565217,0.8152173913043478,0.782608695652174,0.782608695652174,0.8043478260869565,0.7934782608695652,0.7391304347826086,0.6847826086956522,0.6304347826086957],"Energy":{"Mean":-70.91279498769505,"Sigma":0.02281942501725681,"Taucorr":-0.025184616681887706},"EnergyVariance":{"Mean":0.6050557192139426,"Sigma":0.04670027659684214,"Taucorr":-0.017313001660951993},"Iteration":827},
{"Acceptance":[0.3184782608695652,0.34782608695652173,0.38206521739130433,0.4048913043478261,0.4108695652173913,0.44619565217391305,0.45217391304347826,0.4771739130434783,0.48695652173913045,0.5211956521739131,0.5152173913043478,0.525,0.8478260869565217,0.8478260869565217,0.8260869565217391,0.8043478260869565,0.8043478260869565,0.8695652173913043,0.8913043478260869,0.8152173913043478,0.75,0.7065217391304348,0.5978260869565217,0.5],"Energy":{"Mean":-70.93288347228685,"Sigma":0.020921715584897273,"Taucorr":-0.028713749634205338},"EnergyVariance":{"Mean":0.5191486866979391,"Sigma":0.03637639824535948,"Taucorr":0.008631568428220689},"Iteration":828},
{"Acceptance":[0.3141304347826087,0.35489130434782606,0.34619565217391307,0.40054347826086956,0.4260869565217391,0.40706521739130436,0.45108695652173914,0.48641304347826086,0.508695652173913,0.5114130434782609,0.5184782608695652,0.532608695652174,0.782608695652174,0.8260869565217391,0.8478260869565217,0.8478260869565217,0.8695652173913043,0.8043478260869565,0.8478260869565217,0.8804347826086957,0.7717391304347826,0.6956521739130435,0.5760869565217391,0.5],"Energy":{"Mean":-70.92051864680694,"Sigma":0.026128788580805223,"Taucorr":0.025112995117479237},"EnergyVariance":{"Mean":0.7198956874318162,"Sigma":0.168420467531609,"Taucorr":-0.022894053671571216},"Iteration":829},
{"Acceptance":[0.3342391304347826,0.36032608695652174,0.3472826086956522,0.3858695652173913,0.4016304347826087,0.4320652173913043,0.4543478260869565,0.46956521739130436,0.4891304347826087,0.5135869565217391,0.5266304347826087,0.5217391304347826,0.8913043478260869,0.9021739130434783,0.8478260869565217,0.8043478260869565,0.8586956521739131,0.8913043478260869,0.8913043478260869,0.8478260869565217,0.7934782608695652,0.7282608695652174,0.6956521739130435,0.717391304347826],"Energy":{"Mean":-70.93550166886229,"Sigma":0.022169175937659005,"Taucorr":0.019417579724200905},"EnergyVariance":{"Mean":0.5295677420174271,"Sigma":0.032017552018954766,"Taucorr":-0.02360747561523834},"Iteration":830},
{"Acceptance":[0.3184782608695652,0.35434782608695653,0.3858695652173913,0.39891304347826084,0.4282608695652174,0.4309782608695652,0.4597826086956522,0.4815217391304348,0.4766304347826087,0.4983695652173913,0.528804347826087,0.5103260869565217,0.8043478260869565,0.8043478260869565,0.8152173913043478,0.8260869565217391,0.8260869565217391,0.8152173913043478,0.8260869565217391,0.8043478260869565,0.6956521739130435,0.6630434782608695,0.6086956521739131,0.5217391304347826],"Energy":{"Mean":-70.89444115851853,"Sigma":0.022328848608615653,"Taucorr":-0.013475389293701524},"EnergyVariance":{"Mean":0.583799800618389,"Sigma":0.05356924470798633,"Taucorr":0.0016199588656616373},"Iteration":831},
{"Acceptance":[0.32282608695652176,0.3532608695652174,0.3733695652173913,0.3923913043478261,0.4097826086956522,0.4206521739130435,0.4641304347826087,0.4701086956521739,0.48641304347826086,0.4994565217391304,0.5217391304347826,0.5135869565217391,0.8478260869565217,0.8478260869565217,0.8369565217391305,0.8478260869565217,0.7934782608695652,0.8043478260869565,0.8695652173913043,0.782608695652174,0.6847826086956522,0.6847826086956522,0.5978260869565217,0.4782608695652174],"Energy":{"Mean":-70.9131216403705,"Sigma":0.022458651890183715,"Taucorr":-0.02460978799277205},"EnergyVariance":{"Mean":0.5739673912304282,"Sigma":0.03738357913464219,"Taucorr":0.012938179348524571},"Iteration":832},
{"Acceptance":[0.32554347826086955,0.36684782608695654,0.37771739130434784,0.38967391304347826,0.40054347826086956,0.43369565217391304,0.4603260869565217,0.43967391304347825,0.49293478260869567,0.5141304347826087,0.5375,0.5114130434782609,0.9347826086956522,0.8804347826086957,0.8478260869565217,0.8695652173913043,0.8804347826086957,0.8586956521739131,0.7391304347826086,0.7065217391304348,0.7391304347826086,0.782608695652174,0.7391304347826086,0.6304347826086957],"Energy":{"Mean":-70.92785508196512,"Sigma":0.022081124246303072,"Taucorr":0.00691736921916918},"EnergyVariance":{"Mean":0.5353167547850781,"Sigma":0.031101606551513835,"Taucorr":0.0678375772686765},"Iteration":833},
{"Acceptance":[0.31467391304347825,0.33858695652173915,0.35054347826086957,0.4266304347826087,0.40652173913043477,0.43478260869565216,0.4423913043478261,0.47445652173913044,0.4994565217391304,0.5141304347826087,0.525,0.5380434782608695,0.8695652173913043,0.8804347826086957,0.8804347826086957,0.8586956521739131,0.8804347826086957,0.8260869565217391,0.717391304347826,0.7717391304347826,0.782608695652174,0.6956521739130435,0.6630434782608695,0.6521739130434783],"Energy":{"Mean":-70.9254442699516,"Sigma":0.023477636530597673,"Taucorr":0.016769511092449837},"EnergyVariance":{"Mean":0.5872925234370195,"Sigma":0.04291384632999392,"Taucorr":0.00033993294784652694},"Iteration":834},
{"Acceptance":[0.35,0.3467391304347826,0.3706521739130435,0.4081521739130435,0.41956521739130437,0.4364130434782609,0.45815217391304347,0.4641304347826087,0.5141304347826087,0.508695652173913,0.5027173913043478,0.4766304347826087,0.8478260869565217,0.8913043478260869,0.9130434782608695,0.8260869565217391,0.8152173913043478,0.8152173913043478,0.7608695652173914,0.8152173913043478,0.7934782608695652,0.7391304347826086,0.5978260869565217,0.43478260869565216],"Energy":{"Mean":-70.93013321740185,"Sigma":0.024896155435820518,"Taucorr":0.0441983204542567},"EnergyVariance":{"Mean":0.6256604907495822,"Sigma":0.04151310939673738,"Taucorr":0.025038228816724035},"Iteration":835},
{"Acceptance":[0.3375,0.3625,0.3744565217391304,0.4108695652173913,0.4217391304347826,0.43043478260869567,0.4472826086956522,0.4967391304347826,0.4994565217391304,0.5043478260869565,0.5070652173913044,0.4967391304347826,0.8913043478260869,0.8804347826086957,0.8695652173913043,0.8913043478260869,0.8369565217391305,0.782608695652174,0.8152173913043478,0.8043478260869565,0.7065217391304348,0.6086956521739131,0.5,0.41304347826086957],"Energy":{"Mean":-70.91913107389011,"Sigma":0.022874777389292587,"Taucorr":0.04289480125313624},"EnergyVariance":{"Mean":0.5448138988442833,"Sigma":0.03422675368606789,"Taucorr":0.022277588701864123},"Iteration":836},
{"Acceptance":[0.3032608695652174,0.34347826086956523,0.3706521739130435,0.4016304347826087,0.4097826086956522,0.4320652173913043,0.4722826086956522,0.47989130434782606,0.48043478260869565,0.5092391304347826,0.5293478260869565,0.5217391304347826,0.8478260869565217,0.8369565217391305,0.8152173913043478,0.782608695652174,0.7934782608695652,0.7717391304347826,0.8043478260869565,0.8478260869565217,0.782608695652174,0.7717391304347826,0.6956521739130435,0.6086956521739131],"Energy":{"Mean":-70.97352204610974,"Sigma":0.0225037607155411,"Taucorr":0.06601995411600352},"EnergyVariance":{"Mean":0.501909355963963,"Sigma":0.033203892839558484,"Taucorr":0.014517807319905748},"Iteration":837},
{"Acceptance":[0.3201086956521739,0.3635869565217391,0.36032608695652174,0.3983695652173913,0.4190217391304348,0.41793478260869565,0.44619565217391305,0.483695652173913,0.4733695652173913,0.5010869565217392,0.5108695652173914,0.528804347826087,0.8695652173913043,0.8369565217391305,0.8586956521739131,0.9239130434782609,0.8586956521739131,0.7934782608695652,0.8260869565217391,0.75,0.6847826086956522,0.7065217391304348,0.6304347826086957,0.5652173913043478],"Energy":{"Mean":-70.96524686319263,"Sigma":0.020888600526964857,"Taucorr":-0.0323104622341671},"EnergyVariance":{"Mean":0.527600520934508,"Sigma":0.031608913309578386,"Taucorr":0.033609653958997766},"Iteration":838},
{"Acceptance":[0.3168478260869565,0.3467391304347826,0.3657608695652174,0.40652173913043477,0.4108695652173913,0.44782608695652176,0.46304347826086956,0.48695652173913045,0.5,0.5184782608695652,0.5407608695652174,0.5097826086956522,0.8913043478260869,0.8804347826086957,0.8804347826086957,0.8586956521739131,0.8043478260869565,0.7282608695652174,0.7717391304347826,0.8586956521739131,0.75,0.6630434782608695,0.6195652173913043,0.5652173913043478],"Energy":{"Mean":-70.92966373026313,"Sigma":0.02042507748954726,"Taucorr":-0.0574793563378955},"EnergyVariance":{"Mean":0.5292711442147943,"Sigma":0.035777273230971636,"Taucorr":0.05718099872876605},"Iteration":839},
{"Acceptance":[0.33369565217391306,0.34782608695652173,0.3739130434782609,0.3875,0.41032608695652173,0.45815217391304347,0.45108695652173914,0.4668478260869565,0.48532608695652174,0.4983695652173913,0.5179347826086956,0.5255434782608696,0.782608695652174,0.8260869565217391,0.8043478260869565,0.8369565217391305,0.8369565217391305,0.8043478260869565,0.8152173913043478,0.7934782608695652,0.7608695652173914,0.6956521739130435,0.6195652173913043,0.5434782608695652],"Energy":{"Mean":-70.96624241151486,"Sigma":0.02351156500049978,"Taucorr":0.021405783238802045},"EnergyVariance":{"Mean":0.5691407702629544,"Sigma":0.05720979970193729,"Taucorr":0.01984710409063705},"Iteration":840},
{"Acceptance":[0.33804347826086956,0.35489130434782606,0.3695652173913043,0.3918478260869565,0.40380434782608693,0.4309782608695652,0.46141304347826084,0.4956521739130435,0.49184782608695654,0.529891304347826,0.5135869565217391,0.5358695652173913,0.9347826086956522,0.8913043478260869,0.8695652173913043,0.8804347826086957,0.8260869565217391,0.8478260869565217,0.8804347826086957,0.8478260869565217,0.8043478260869565,0.7608695652173914,0.6956521739130435,0.6304347826086957],"Energy":{"Mean":-70.909503235494,"Sigma":0.02116850052710946,"Taucorr":-0.04089038732724027},"EnergyVariance":{"Mean":0.5274749090423572,"Sigma":0.04040701992919885,"Taucorr":0.0016093149737018836},"Iteration":841},
{"Acceptance":[0.31521739130434784,0.35489130434782606,0.37119565217391304,0.3701086956521739,0.4369565217391304,0.4342391304347826,0.45543478260869563,0.46956521739130436,0.4885869565217391,0.49782608695652175,0.5125,0.5385869565217392,0.8260869565217391,0.8369565217391305,0.8478260869565217,0.782608695652174,0.7717391304347826,0.8369565217391305,0.8152173913043478,0.782608695652174,0.7934782608695652,0.75,0.717391304347826,0.7391304347826086],"Energy":{"Mean":-70.91120857287198,"Sigma":0.02337027244299938,"Taucorr":0.02796430247570113},"EnergyVariance":{"Mean":0.5722382410341829,"Sigma":0.048211464442872554,"Taucorr":0.03238300778479002},"Iteration":842},
{"Acceptance":[0.3130434782608696,0.32717391304347826,0.36086956521739133,0.40597826086956523,0.40706521739130436,0.4440217391304348,0.45815217391304347,0.48478260869565215,0.49728260869565216,0.4989130434782609,0.5418478260869565,0.5233695652173913,0.9565217391304348,0.9239130434782609,0.8695652173913043,0.8152173913043478,0.8152173913043478,0.8804347826086957,0.8913043478260869,0.8586956521739131,0.6739130434782609,0.6304347826086957,0.7608695652173914,0.7608695652173914],"Energy":{"Mean":-70.93777076341385,"Sigma":0.022774460499792162,"Taucorr":0.018652473683844466},"EnergyVariance":{"Mean":0.5427290479665022,"Sigma":0.029711808421228492,"Taucorr":-0.013638513667510526},"Iteration":843},
{"Acceptance":[0.33369565217391306,0.34891304347826085,0.3695652173913043,0.3978260869565217,0.4190217391304348,0.43369565217391304,0.4771739130434783,0.46358695652173915,0.5005434782608695,0.4945652173913043,0.5043478260869565,0.5260869565217391,0.8260869565217391,0.8478260869565217,0.8804347826086957,0.8804347826086957,0.7934782608695652,0.8043478260869565,0.8478260869565217,0.7934782608695652,0.7934782608695652,0.75,0.6739130434782609,0.6521739130434783],"Energy":{"Mean":-70.93044304342942,"Sigma":0.021823838852977392,"Taucorr":-0.026977654801159223},"EnergyVariance":{"Mean":0.5589159626530121,"Sigma":0.03630698160012967,"Taucorr":0.0067732537128608284},"Iteration":844},
{"Acceptance":[0.29945652173913045,0.37228260869565216,0.3625,0.39510869565217394,0.4380434782608696,0.42336956521739133,0.4364130434782609,0.45163043478260867,0.47282608695652173,0.5157608695652174,0.503804347826087,0.5385869565217392,0.8260869565217391,0.8478260869565217,0.8152173913043478,0.8043478260869565,0.8152173913043478,0.7717391304347826,0.7717391304347826,0.8369565217391305,0.7717391304347826,0.717391304347826,0.6630434782608695,0.5434782608695652],"Energy":{"Mean":-70.95404349980592,"Sigma":0.021532625233974288,"Taucorr":-0.0003561839332420329},"EnergyVariance":{"Mean":0.5249640025469214,"Sigma":0.03170522161191505,"Taucorr":0.005875116547746359},"Iteration":845},
{"Acceptance":[0.34130434782608693,0.3592391304347826,0.38804347826086955,0.38913043478260867,0.4016304347826087,0.4320652173913043,0.45108695652173914,0.4831521739130435,0.508695652173913,0.5125,0.5222826086956521,0.5565217391304348,0.8695652173913043,0.8478260869565217,0.8369565217391305,0.8260869565217391,0.7934782608695652,0.8043478260869565,0.8586956521739131,0.8804347826086957,0.7934782608695652,0.7282608695652174,0.717391304347826,0.6956521739130435],"Energy":{"Mean":-70.96154788391412,"Sigma":0.02355850919487303,"Taucorr":0.02078537165380742},"EnergyVariance":{"Mean":0.6037600278169597,"Sigma":0.03945310257788579,"Taucorr":-0.0002963730237258132},"Iteration":846},
{"Acceptance":[0.3092391304347826,0.3521739130434783,0.3826086956521739,0.3972826086956522,0.41847826086956524,0.44456521739130433,0.4423913043478261,0.44565217391304346,0.5027173913043478,0.49293478260869567,0.5097826086956522,0.533695652173913,0.8478260869565217,0.8913043478260869,0.8586956521739131,0.8152173913043478,0.8260869565217391,0.8260869565217391,0.782608695652174,0.782608695652174,0.7608695652173914,0.6739130434782609,0.6956521739130435,0.717391304347826],"Energy":{"Mean":-70.8980049653414,"Sigma":0.0231677737093654,"Taucorr":0.02429293842655254},"EnergyVariance":{"Mean":0.5809976013577088,"Sigma":0.03707126069645878,"Taucorr":0.007883401660502387},"Iteration":847},
{"Acceptance":[0.32608695652173914,0.3581521739130435,0.37228260869565216,0.4081521739130435,0.425,0.44456521739130433,0.4597826086956522,0.47282608695652173,0.4733695652173913,0.5114130434782609,0.5125,0.5260869565217391,0.8478260869565217,0.8260869565217391,0.8260869565217391,0.8478260869565217,0.8369565217391305,0.8586956521739131,0.8369565217391305,0.7934782608695652,0.7608695652173914,0.7282608695652174,0.717391304347826,0.6956521739130435],"Energy":{"Mean":-70.94035561493882,"Sigma":0.022913050566486907,"Taucorr":0.025271152031530904},"EnergyVariance":{"Mean":0.5499034761120539,"Sigma":0.038192887088524544,"Taucorr":-0.001367887811142052},"Iteration":848},
{"Acceptance":[0.34293478260869564,0.35543478260869565,0.36684782608695654,0.38532608695652176,0.4152173913043478,0.4326086956521739,0.4641304347826087,0.47880434782608694,0.4967391304347826,0.5043478260869565,0.5244565217391305,0.5342391304347827,0.8695652173913043,0.8804347826086957,0.8913043478260869,0.8586956521739131,0.8260869565217391,0.8260869565217391,0.8260869565217391,0.8152173913043478,0.7934782608695652,0.7391304347826086,0.7065217391304348,0.717391304347826],"Energy":{"Mean":-70.95138790850456,"Sigma":0.021490073806189055,"Taucorr":-0.007673141746743617},"EnergyVariance":{"Mean":0.5276843440669968,"Sigma":0.034122380952580834,"Taucorr":0.009008771913346975},"Iteration":849},
{"Acceptance":[0.3114130434782609,0.33315217391304347,0.3923913043478261,0.3869565217391304,0.4201086956521739,0.4298913043478261,0.46195652173913043,0.47880434782608694,0.48478260869565215,0.5184782608695652,0.49619565217391304,0.5407608695652174,0.782608695652174,0.8369565217391305,0.8913043478260869,0.782608695652174,0.75,0.8260869565217391,0.8260869565217391,0.8586956521739131,0.8260869565217391,0.7282608695652174,0.6739130434782609,0.6521739130434783],"Energy":{"Mean":-70.92998105679759,"Sigma":0.02151847417316834,"Taucorr":0.0015066574721751662},"EnergyVariance":{"Mean":0.5343478684584776,"Sigma":0.03773351814893856,"Taucorr":0.003897897599828145},"Iteration":850},
{"Acceptance":[0.34619565217391307,0.32065217391304346,0.3782608695652174,0.38967391304347826,0.4364130434782609,0.4380434782608696,0.47282608695652173,0.47608695652173916,0.5119565217391304,0.4989130434782609,0.5146739130434783,0.5364130434782609,0.8695652173913043,0.8695652173913043,0.8586956521739131,0.782608695652174,0.7065217391304348,0.7391304347826086,0.8043478260869565,0.8152173913043478,0.75,0.7391304347826086,0.7717391304347826,0.7608695652173914],"Energy":{"Mean":-70.93668774305361,"Sigma":0.023336624563917756,"Taucorr":-0.021823926416829908},"EnergyVariance":{"Mean":0.6230874801231053,"Sigma":0.04202262126386563,"Taucorr":-0.0016338419780959578},"Iteration":851},
{"Acceptance":[0.33206521739130435,0.33695652173913043,0.3684782608695652,0.3641304347826087,0.43478260869565216,0.4326086956521739,0.45163043478260867,0.4880434782608696,0.4940217391304348,0.5163043478260869,0.5309782608695652,0.5309782608695652,0.8043478260869565,0.8369565217391305,0.8586956521739131,0.8586956521739131,0.8804347826086957,0.8913043478260869,0.8260869565217391,0.7934782608695652,0.7608695652173914,0.7391304347826086,0.6630434782608695,0.5434782608695652],"Energy":{"Mean":-70.94210462341358,"Sigma":0.02219418476521726,"Taucorr":-0.006777200575017001},"EnergyVariance":{"Mean":0.5391714082360385,"Sigma":0.03917471982167383,"Taucorr":0.03303660164963614},"Iteration":852},
{"Acceptance":[0.33804347826086956,0.3592391304347826,0.35597826086956524,0.3972826086956522,0.41032608695652173,0.42934782608695654,0.46793478260869564,0.4722826086956522,0.5005434782608695,0.4956521739130435,0.508695652173913,0.5125,0.9130434782608695,0.8913043478260869,0.8586956521739131,0.8478260869565217,0.8478260869565217,0.8152173913043478,0.8043478260869565,0.8695652173913043,0.7717391304347826,0.5978260869565217,0.6521739130434783,0.7391304347826086],"Energy":{"Mean":-70.93933712431745,"Sigma":0.022486126595396946,"Taucorr":0.030664070304294994},"EnergyVariance":{"Mean":0.5415430445237784,"Sigma":0.03371057835312461,"Taucorr":-0.012674239983815866},"Iteration":853},
{"Acceptance":[0.2967391304347826,0.3423913043478261,0.37228260869565216,0.38967391304347826,0.40869565217391307,0.41956521739130437,0.46847826086956523,0.45652173913043476,0.49782608695652175,0.5048913043478261,0.5233695652173913,0.5255434782608696,0.8043478260869565,0.8478260869565217,0.8695652173913043,0.8695652173913043,0.8043478260869565,0.717391304347826,0.717391304347826,0.7717391304347826,0.7934782608695652,0.75,0.7282608695652174,0.717391304347826],"Energy":{"Mean":-70.95407794558206,"Sigma":0.021604255601159254,"Taucorr":0.03518783878432802},"EnergyVariance":{"Mean":0.49180726928869634,"Sigma":0.026122398149929837,"Taucorr":-0.0034806474172805768},"Iteration":854},
{"Acceptance":[0.2967391304347826,0.34402173913043477,0.3983695652173913,0.3875,0.41032608695652173,0.4364130434782609,0.46304347826086956,0.508695652173913,0.49293478260869567,0.5228260869565218,0.5315217391304348,0.5353260869565217,0.8478260869565217,0.8369565217391305,0.8695652173913043,0.8478260869565217,0.8043478260869565,0.8369565217391305,0.8260869565217391,0.7934782608695652,0.7608695652173914,0.717391304347826,0.5652173913043478,0.43478260869565216],"Energy":{"Mean":-70.89073008590834,"Sigma":0.024048531304939322,"Taucorr":0.014614775126465614},"EnergyVariance":{"Mean":0.6255873706381933,"Sigma":0.04587592947814928,"Taucorr":-0.01530978403384758},"Iteration":855},
{"Acceptance":[0.33043478260869563,0.36032608695652174,0.35706521739130437,0.3858695652173913,0.44456521739130433,0.4494565217391304,0.4706521739130435,0.4717391304347826,0.48695652173913045,0.5059782608695652,0.5271739130434783,0.5222826086956521,0.7608695652173914,0.8152173913043478,0.8913043478260869,0.8913043478260869,0.8586956521739131,0.8043478260869565,0.7934782608695652,0.8586956521739131,0.8152173913043478,0.717391304347826,0.6521739130434783,0.6086956521739131],"Energy":{"Mean":-70.94258484871057,"Sigma":0.02021025586790011,"Taucorr":-0.010763422894699198},"EnergyVariance":{"Mean":0.4821957806732093,"Sigma":0.03393276621092466,"Taucorr":-0.011151466272151763},"Iteration":856},
{"Acceptance":[0.35380434782608694,0.3630434782608696,0.37717391304347825,0.39456521739130435,0.4043478260869565,0.4429347826086957,0.4380434782608696,0.5048913043478261,0.49782608695652175,0.4983695652173913,0.5239130434782608,0.5233695652173913,0.9130434782608695,0.8695652173913043,0.8586956521739131,0.8695652173913043,0.8804347826086957,0.8804347826086957,0.8152173913043478,0.8152173913043478,0.7391304347826086,0.6956521739130435,0.6739130434782609,0.5869565217391305],"Energy":{"Mean":-70.93658139344306,"Sigma":0.023191320280309156,"Taucorr":-0.02297631638861129},"EnergyVariance":{"Mean":0.6291384050567723,"Sigma":0.056478830189650754,"Taucorr":0.0036646739749201726},"Iteration":857},
{"Acceptance":[0.3141304347826087,0.34293478260869564,0.34891304347826085,0.37282608695652175,0.40706521739130436,0.4364130434782609,0.4782608695652174,0.48695652173913045,0.49619565217391304,0.5201086956521739,0.5206521739130435,0.4891304347826087,0.7608695652173914,0.8152173913043478,0.8804347826086957,0.8586956521739131,0.8043478260869565,0.8369565217391305,0.8152173913043478,0.717391304347826,0.7391304347826086,0.75,0.6086956521739131,0.5],"Energy":{"Mean":-70.91029332236832,"Sigma":0.022655973910512925,"Taucorr":-0.03342491366116052},"EnergyVariance":{"Mean":0.5963376366058771,"Sigma":0.045573934105732274,"Taucorr":0.024002633481095093},"Iteration":858},
{"Acceptance":[0.3168478260869565,0.34402173913043477,0.3717391304347826,0.41793478260869565,0.4315217391304348,0.4369565217391304,0.4315217391304348,0.4880434782608696,0.5032608695652174,0.4902173913043478,0.5478260869565217,0.5125,0.8913043478260869,0.8586956521739131,0.8804347826086957,0.8586956521739131,0.8152173913043478,0.8043478260869565,0.7391304347826086,0.7608695652173914,0.8152173913043478,0.782608695652174,0.7608695652173914,0.782608695652174],"Energy":{"Mean":-70.94056727354875,"Sigma":0.021323433920374075,"Taucorr":-0.0623205757653996},"EnergyVariance":{"Mean":0.5887518170709697,"Sigma":0.05045406307978826,"Taucorr":-0.003482958854880293},"Iteration":859},
{"Acceptance":[0.32065217391304346,0.3684782608695652,0.3652173913043478,0.39565217391304347,0.4201086956521739,0.4423913043478261,0.4298913043478261,0.4706521739130435,0.49619565217391304,0.5103260869565217,0.4994565217391304,0.5168478260869566,0.8695652173913043,0.8695652173913043,0.8804347826086957,0.8369565217391305,0.7717391304347826,0.7934782608695652,0.8695652173913043,0.8043478260869565,0.782608695652174,0.7717391304347826,0.7282608695652174,0.782608695652174],"Energy":{"Mean":-70.97732498196834,"Sigma":0.021131500574614007,"Taucorr":0.012153016577864974},"EnergyVariance":{"Mean":0.4929018993062367,"Sigma":0.03567113337001829,"Taucorr":-0.015428494741643898},"Iteration":860},
{"Acceptance":[0.33369565217391306,0.35597826086956524,0.37880434782608696,0.391304347826087,0.40869565217391307,0.42391304347826086,0.4641304347826087,0.48097826086956524,0.503804347826087,0.5016304347826087,0.5190217391304348,0.5423913043478261,0.8043478260869565,0.8152173913043478,0.8586956521739131,0.9021739130434783,0.8369565217391305,0.8152173913043478,0.8152173913043478,0.8043478260869565,0.8260869565217391,0.75,0.6739130434782609,0.6521739130434783],"Energy":{"Mean":-70.9397117600624,"Sigma":0.021842861736057612,"Taucorr":0.003046534867215007},"EnergyVariance":{"Mean":0.5313439814111959,"Sigma":0.03307591142897927,"Taucorr":0.00991915878289188},"Iteration":861},
{"Acceptance":[0.33967391304347827,0.32663043478260867,0.36467391304347824,0.35978260869565215,0.41684782608695653,0.4375,0.45543478260869563,0.4766304347826087,0.47282608695652173,0.5239130434782608,0.5032608695652174,0.5592391304347826,0.8478260869565217,0.8695652173913043,0.8586956521739131,0.8586956521739131,0.8369565217391305,0.782608695652174,0.75,0.8152173913043478,0.8586956521739131,0.6739130434782609,0.6086956521739131,0.6739130434782609],"Energy":{"Mean":-70.95357187833874,"Sigma":0.021413141416385617,"Taucorr":-0.028719119673640214},"EnergyVariance":{"Mean":0.55562850161675,"Sigma":0.037032912571363256,"Taucorr":0.00979308137512049},"Iteration":862},
{"Acceptance":[0.30543478260869567,0.3402173913043478,0.3798913043478261,0.3760869565217391,0.40597826086956523,0.4364130434782609,0.46467391304347827,0.483695652173913,0.48532608695652174,0.5076086956521739,0.5402173913043479,0.5217391304347826,0.782608695652174,0.75,0.7717391304347826,0.8369565217391305,0.8478260869565217,0.8260869565217391,0.8478260869565217,0.7934782608695652,0.7717391304347826,0.8369565217391305,0.6739130434782609,0.5217391304347826],"Energy":{"Mean":-70.96722407031807,"Sigma":0.02231412732983147,"Taucorr":0.026837038402441143},"EnergyVariance":{"Mean":0.5275715677090481,"Sigma":0.03125401815692679,"Taucorr":0.025485676919704183},"Iteration":863},
{"Acceptance":[0.3032608695652174,0.33206521739130435,0.36793478260869567,0.37717391304347825,0.4369565217391304,0.41304347826086957,0.47608695652173916,0.47119565217391307,0.5179347826086956,0.5016304347826087,0.5125,0.5081521739130435,0.8043478260869565,0.8260869565217391,0.8586956521739131,0.8804347826086957,0.8478260869565217,0.7934782608695652,0.8478260869565217,0.8478260869565217,0.75,0.6413043478260869,0.6086956521739131,0.6521739130434783],"Energy":{"Mean":-70.96051445615657,"Sigma":0.021278749011080827,"Taucorr":-0.02079464505924167},"EnergyVariance":{"Mean":0.5305878267754732,"Sigma":0.03541233410282877,"Taucorr":-0.03281420555075956},"Iteration":864},
{"Acceptance":[0.3173913043478261,0.3581521739130435,0.3809782608695652,0.3804347826086957,0.41141304347826085,0.45271739130434785,0.4597826086956522,0.46195652173913043,0.4907608695652174,0.4945652173913043,0.4923913043478261,0.5233695652173913,0.9347826086956522,0.9021739130434783,0.8695652173913043,0.8369565217391305,0.8369565217391305,0.8695652173913043,0.8152173913043478,0.782608695652174,0.7608695652173914,0.6739130434782609,0.6413043478260869,0.6521739130434783],"Energy":{"Mean":-70.95622225470328,"Sigma":0.02126732511925772,"Taucorr":-0.04334500071941053},"EnergyVariance":{"Mean":0.5584467550782389,"Sigma":0.06392277998582095,"Taucorr":-0.026854227184922117},"Iteration":865},
{"Acceptance":[0.3,0.3347826086956522,0.37771739130434784,0.4190217391304348,0.42445652173913045,0.45108695652173914,0.45108695652173914,0.48641304347826086,0.4782608695652174,0.508695652173913,0.5222826086956521,0.4983695652173913,0.7608695652173914,0.8260869565217391,0.8152173913043478,0.75,0.8369565217391305,0.8913043478260869,0.8260869565217391,0.8043478260869565,0.782608695652174,0.717391304347826,0.5869565217391305,0.4782608695652174],"Energy":{"Mean":-70.97082785777576,"Sigma":0.021575227058077684,"Taucorr":0.005218064761178619},"EnergyVariance":{"Mean":0.5075150708663091,"Sigma":0.035600509283310315,"Taucorr":0.002140318311279768},"Iteration":866},
{"Acceptance":[0.3298913043478261,0.33858695652173915,0.37119565217391304,0.38804347826086955,0.41358695652173916,0.41956521739130437,0.4532608695652174,0.4945652173913043,0.47608695652173916,0.5076086956521739,0.4885869565217391,0.4989130434782609,0.8695652173913043,0.8478260869565217,0.8260869565217391,0.8260869565217391,0.8586956521739131,0.8369565217391305,0.7717391304347826,0.7717391304347826,0.75,0.6956521739130435,0.6086956521739131,0.5434782608695652],"Energy":{"Mean":-70.91537066442751,"Sigma":0.021707961232191732,"Taucorr":-0.017165069405564944},"EnergyVariance":{"Mean":0.5267451614239057,"Sigma":0.03527564128461116,"Taucorr":0.022015842426610782},"Iteration":867},
{"Acceptance":[0.3184782608695652,0.35543478260869565,0.35597826086956524,0.4048913043478261,0.4097826086956522,0.41739130434782606,0.47119565217391307,0.47608695652173916,0.5016304347826087,0.5173913043478261,0.4951086956521739,0.48478260869565215,0.9347826086956522,0.8804347826086957,0.8478260869565217,0.8913043478260869,0.8369565217391305,0.8152173913043478,0.8478260869565217,0.8369565217391305,0.8152173913043478,0.6739130434782609,0.4891304347826087,0.41304347826086957],"Energy":{"Mean":-70.9219961534148,"Sigma":0.02216452641725986,"Taucorr":0.009484195976493878},"EnergyVariance":{"Mean":0.5288766836300948,"Sigma":0.0494191744927068,"Taucorr":0.0012156947900479886},"Iteration":868},
{"Acceptance":[0.3217391304347826,0.3418478260869565,0.3847826086956522,0.3978260869565217,0.4097826086956522,0.44456521739130433,0.43967391304347825,0.48097826086956524,0.4815217391304348,0.5027173913043478,0.4956521739130435,0.5146739130434783,0.8260869565217391,0.8369565217391305,0.8478260869565217,0.8369565217391305,0.8152173913043478,0.8260869565217391,0.7934782608695652,0.7717391304347826,0.7608695652173914,0.7065217391304348,0.5978260869565217,0.5],"Energy":{"Mean":-70.95282501414363,"Sigma":0.021329458440899656,"Taucorr":-0.025101781354392394},"EnergyVariance":{"Mean":0.545733675398912,"Sigma":0.0339945814396502,"Taucorr":0.03331491958822657},"Iteration":869},
{"Acceptance":[0.3239130434782609,0.35597826086956524,0.375,0.3967391304347826,0.4358695652173913,0.4380434782608696,0.4543478260869565,0.46195652173913043,0.5,0.525,0.5222826086956521,0.5260869565217391,0.9130434782608695,0.8695652173913043,0.8478260869565217,0.8369565217391305,0.7717391304347826,0.8043478260869565,0.8478260869565217,0.8369565217391305,0.8260869565217391,0.7282608695652174,0.5978260869565217,0.5434782608695652],"Energy":{"Mean":-70.98293962199236,"Sigma":0.021345310360404757,"Taucorr":-0.0003431407984788211},"EnergyVariance":{"Mean":0.528880912079908,"Sigma":0.03154307063883609,"Taucorr":-0.0019163662658065346},"Iteration":870},
{"Acceptance":[0.3059782608695652,0.35978260869565215,0.3733695652173913,0.391304347826087,0.4146739130434783,0.4423913043478261,0.4559782608695652,0.4815217391304348,0.5076086956521739,0.49184782608695654,0.49619565217391304,0.4994565217391304,0.8043478260869565,0.8586956521739131,0.8586956521739131,0.782608695652174,0.7717391304347826,0.782608695652174,0.7608695652173914,0.8152173913043478,0.7608695652173914,0.6086956521739131,0.6739130434782609,0.7608695652173914],"Energy":{"Mean":-70.89552242849574,"Sigma":0.0220814474993483,"Taucorr":0.021530741117959495},"EnergyVariance":{"Mean":0.5242420519273372,"Sigma":0.031668272943696486,"Taucorr":-0.00800207155128154},"Iteration":871},
{"Acceptance":[0.3201086956521739,0.3483695652173913,0.36793478260869567,0.4043478260869565,0.41141304347826085,0.44565217391304346,0.4483695652173913,0.4701086956521739,0.5021739130434782,0.5010869565217392,0.5081521739130435,0.5190217391304348,0.8043478260869565,0.8478260869565217,0.8804347826086957,0.8152173913043478,0.8260869565217391,0.8260869565217391,0.7934782608695652,0.7934782608695652,0.8260869565217391,0.7608695652173914,0.6956521739130435,0.7608695652173914],"Energy":{"Mean":-70.91209701432089,"Sigma":0.022315541391049618,"Taucorr":0.021618174043052638},"EnergyVariance":{"Mean":0.5180613042212582,"Sigma":0.03728996192770453,"Taucorr":-0.020392229039279158},"Iteration":872},
{"Acceptance":[0.3309782608695652,0.3472826086956522,0.36086956521739133,0.39021739130434785,0.41793478260869565,0.45706521739130435,0.45,0.46195652173913043,0.5032608695652174,0.5010869565217392,0.5048913043478261,0.5211956521739131,0.8913043478260869,0.8478260869565217,0.8043478260869565,0.8152173913043478,0.75,0.7717391304347826,0.8369565217391305,0.8260869565217391,0.75,0.6739130434782609,0.6956521739130435,0.6956521739130435],"Energy":{"Mean":-70.90789746418547,"Sigma":0.021710133080959818,"Taucorr":0.0025026411110944786},"EnergyVariance":{"Mean":0.5387413362943492,"Sigma":0.03474329642788334,"Taucorr":-0.002674588250888082},"Iteration":873},
{"Acceptance":[0.3217391304347826,0.3782608695652174,0.38532608695652176,0.4016304347826087,0.4217391304347826,0.4331521739130435,0.4320652173913043,0.4603260869565217,0.4994565217391304,0.5146739130434783,0.553804347826087,0.5081521739130435,0.9347826086956522,0.8695652173913043,0.8369565217391305,0.8586956521739131,0.8695652173913043,0.8260869565217391,0.75,0.7282608695652174,0.7391304347826086,0.7391304347826086,0.5978260869565217,0.4782608695652174],"Energy":{"Mean":-70.94132925647139,"Sigma":0.024643568812451402,"Taucorr":-0.007442391776447052},"EnergyVariance":{"Mean":0.6739925850181802,"Sigma":0.0641534617735869,"Taucorr":0.018824613293871795},"Iteration":874},
{"Acceptance":[0.3168478260869565,0.33043478260869563,0.3532608695652174,0.39945652173913043,0.4320652173913043,0.4652173913043478,0.4782608695652174,0.47554347826086957,0.5163043478260869,0.5076086956521739,0.5103260869565217,0.5407608695652174,0.782608695652174,0.8043478260869565,0.8695652173913043,0.8913043478260869,0.8478260869565217,0.8260869565217391,0.8478260869565217,0.7934782608695652,0.7934782608695652,0.782608695652174,0.6739130434782609,0.6521739130434783],"Energy":{"Mean":-70.95261947784157,"Sigma":0.021780819129483504,"Taucorr":-0.010344022990473963},"EnergyVariance":{"Mean":0.5446496734868702,"Sigma":0.045140810254426435,"Taucorr":0.019540691666885192},"Iteration":875},
{"Acceptance":[0.3125,0.35108695652173916,0.38369565217391305,0.3657608695652174,0.41141304347826085,0.44021739130434784,0.47989130434782606,0.48097826086956524,0.48206521739130437,0.5092391304347826,0.5081521739130435,0.5331521739130435,0.8913043478260869,0.8804347826086957,0.8804347826086957,0.8804347826086957,0.8586956521739131,0.8586956521739131,0.8152173913043478,0.782608695652174,0.8043478260869565,0.75,0.717391304347826,0.7391304347826086],"Energy":{"Mean":-70.946378587002,"Sigma":0.024476615363924533,"Taucorr":0.02241614967289382},"EnergyVariance":{"Mean":0.6254372036791366,"Sigma":0.057785889162711344,"Taucorr":0.006351970492102367},"Iteration":876},
{"Acceptance":[0.32282608695652176,0.358695652173913,0.35706521739130437,0.3934782608695652,0.4201086956521739,0.46141304347826084,0.45217391304347826,0.475,0.4831521739130435,0.5119565217391304,0.5456521739130434,0.5445652173913044,0.8695652173913043,0.8478260869565217,0.8152173913043478,0.8369565217391305,0.8913043478260869,0.8695652173913043,0.8369565217391305,0.8369565217391305,0.7391304347826086,0.75,0.75,0.6521739130434783],"Energy":{"Mean":-70.92896352449793,"Sigma":0.02391042347790143,"Taucorr":-0.007296360998779519},"EnergyVariance":{"Mean":0.6279516313257484,"Sigma":0.041839585905544326,"Taucorr":-0.014342819022780453},"Iteration":877},
{"Acceptance":[0.33804347826086956,0.3673913043478261,0.3798913043478261,0.3804347826086957,0.4125,0.4157608695652174,0.4418478260869565,0.4543478260869565,0.4951086956521739,0.5152173913043478,0.5130434782608696,0.5451086956521739,0.8478260869565217,0.8260869565217391,0.8369565217391305,0.8478260869565217,0.8695652173913043,0.8586956521739131,0.8478260869565217,0.8478260869565217,0.7608695652173914,0.7065217391304348,0.6956521739130435,0.6956521739130435],"Energy":{"Mean":-70.92419947548679,"Sigma":0.022655835432351164,"Taucorr":0.051513938590565966},"EnergyVariance":{"Mean":0.515310009390736,"Sigma":0.040957546428538306,"Taucorr":0.018832250695577975},"Iteration":878},
{"Acceptance":[0.36195652173913045,0.35054347826086957,0.3760869565217391,0.4016304347826087,0.40543478260869564,0.4472826086956522,0.4782608695652174,0.4782608695652174,0.4934782608695652,0.4951086956521739,0.5130434782608696,0.5201086956521739,0.9565217391304348,0.8695652173913043,0.7934782608695652,0.8586956521739131,0.8913043478260869,0.8586956521739131,0.8260869565217391,0.8152173913043478,0.7934782608695652,0.717391304347826,0.6304347826086957,0.5869565217391305],"Energy":{"Mean":-70.92004972692017,"Sigma":0.022223291687803657,"Taucorr":-0.00873311653925394},"EnergyVariance":{"Mean":0.5421075729156831,"Sigma":0.03573853555943005,"Taucorr":-0.015637843203656857},"Iteration":879},
{"Acceptance":[0.3108695652173913,0.35597826086956524,0.37880434782608696,0.3657608695652174,0.4125,0.4331521739130435,0.4483695652173913,0.49130434782608695,0.47934782608695653,0.5076086956521739,0.5445652173913044,0.5413043478260869,0.8260869565217391,0.8586956521739131,0.9130434782608695,0.9021739130434783,0.8369565217391305,0.8369565217391305,0.782608695652174,0.7065217391304348,0.7391304347826086,0.8043478260869565,0.7391304347826086,0.6304347826086957],"Energy":{"Mean":-70.91230667692629,"Sigma":0.02331120389446381,"Taucorr":0.00988831385738622},"EnergyVariance":{"Mean":0.5812189004031081,"Sigma":0.03525714832763443,"Taucorr":0.017152012072309656},"Iteration":880},
{"Acceptance":[0.3347826086956522,0.358695652173913,0.3798913043478261,0.3967391304347826,0.41793478260869565,0.4483695652173913,0.4489130434782609,0.45543478260869563,0.5021739130434782,0.5201086956521739,0.5048913043478261,0.5358695652173913,0.8043478260869565,0.8478260869565217,0.8695652173913043,0.8804347826086957,0.8913043478260869,0.8043478260869565,0.7608695652173914,0.8369565217391305,0.782608695652174,0.6086956521739131,0.532608695652174,0.5217391304347826],"Energy":{"Mean":-70.93739141980733,"Sigma":0.022150449865927114,"Taucorr":-0.014668304338061105},"EnergyVariance":{"Mean":0.5653811532603071,"Sigma":0.06818888921144686,"Taucorr":0.006866629490712717},"Iteration":881},
{"Acceptance":[0.31630434782608696,0.35543478260869565,0.3782608695652174,0.38858695652173914,0.43369565217391304,0.4380434782608696,0.4472826086956522,0.45760869565217394,0.4831521739130435,0.4934782608695652,0.5260869565217391,0.5201086956521739,0.782608695652174,0.8260869565217391,0.8695652173913043,0.8152173913043478,0.8586956521739131,0.8804347826086957,0.8152173913043478,0.7608695652173914,0.6739130434782609,0.717391304347826,0.717391304347826,0.6521739130434783],"Energy":{"Mean":-70.99125091296192,"Sigma":0.02491328918865739,"Taucorr":0.046617643046808925},"EnergyVariance":{"Mean":0.6111190648885035,"Sigma":0.051718839365692194,"Taucorr":0.016217437930737474},"Iteration":882},
{"Acceptance":[0.3244565217391304,0.34619565217391307,0.3684782608695652,0.3815217391304348,0.4152173913043478,0.4434782608695652,0.4706521739130435,0.49619565217391304,0.48586956521739133,0.4956521739130435,0.5135869565217391,0.5315217391304348,0.8478260869565217,0.8478260869565217,0.8369565217391305,0.8586956521739131,0.8695652173913043,0.8152173913043478,0.7934782608695652,0.7608695652173914,0.7065217391304348,0.8043478260869565,0.717391304347826,0.5217391304347826],"Energy":{"Mean":-70.90938421012804,"Sigma":0.02158064421002659,"Taucorr":0.003030034563732076},"EnergyVariance":{"Mean":0.5204142278994947,"Sigma":0.03340355048713165,"Taucorr":-0.015723397725283646},"Iteration":883},
{"Acceptance":[0.296195652173913,0.3467391304347826,0.36684782608695654,0.3782608695652174,0.41793478260869565,0.4451086956521739,0.4559782608695652,0.4902173913043478,0.49728260869565216,0.5228260869565218,0.5266304347826087,0.5413043478260869,0.782608695652174,0.8152173913043478,0.8804347826086957,0.8152173913043478,0.7717391304347826,0.8478260869565217,0.8804347826086957,0.8260869565217391,0.7717391304347826,0.7391304347826086,0.6304347826086957,0.5652173913043478],"Energy":{"Mean":-70.95178255792364,"Sigma":0.021197837734458786,"Taucorr":-0.018936533358745403},"EnergyVariance":{"Mean":0.5148016574083399,"Sigma":0.04025359436239975,"Taucorr":0.00389305622224805},"Iteration":884},
{"Acceptance":[0.30869565217391304,0.3516304347826087,0.38532608695652176,0.40380434782608693,0.41032608695652173,0.44782608695652176,0.44782608695652176,0.4717391304347826,0.4782608695652174,0.48586956521739133,0.5293478260869565,0.5565217391304348,0.8913043478260869,0.8695652173913043,0.8152173913043478,0.7717391304347826,0.8369565217391305,0.782608695652174,0.75,0.8369565217391305,0.717391304347826,0.6521739130434783,0.7282608695652174,0.7608695652173914],"Energy":{"Mean":-70.90380857657344,"Sigma":0.023241032195517403,"Taucorr":0.0303570093722908},"EnergyVariance":{"Mean":0.5660683981643917,"Sigma":0.04621082078680519,"Taucorr":-0.0033075007034029705},"Iteration":885},
{"Acceptance":[0.32663043478260867,0.34347826086956523,0.3690217391304348,0.41141304347826085,0.4298913043478261,0.4440217391304348,0.4652173913043478,0.46195652173913043,0.4934782608695652,0.503804347826087,0.5103260869565217,0.5076086956521739,0.9347826086956522,0.9239130434782609,0.9239130434782609,0.9239130434782609,0.7717391304347826,0.782608695652174,0.8913043478260869,0.7717391304347826,0.6739130434782609,0.6739130434782609,0.6739130434782609,0.6521739130434783],"Energy":{"Mean":-70.93738062494243,"Sigma":0.022512793244987946,"Taucorr":0.03069221215907485},"EnergyVariance":{"Mean":0.5310628033042261,"Sigma":0.033327320113392206,"Taucorr":0.01976316080703853},"Iteration":886},
{"Acceptance":[0.35706521739130437,0.36467391304347824,0.4043478260869565,0.39565217391304347,0.39619565217391306,0.4152173913043478,0.46467391304347827,0.4717391304347826,0.5016304347826087,0.5070652173913044,0.4826086956521739,0.5103260869565217,0.9130434782608695,0.9130434782608695,0.8586956521739131,0.8478260869565217,0.8369565217391305,0.8043478260869565,0.782608695652174,0.7391304347826086,0.717391304347826,0.6413043478260869,0.5760869565217391,0.5652173913043478],"Energy":{"Mean":-70.91826640169235,"Sigma":0.02360004466850379,"Taucorr":0.024094918539462388},"EnergyVariance":{"Mean":0.5699466422650467,"Sigma":0.031942345760641346,"Taucorr":-0.045343631729961746},"Iteration":887},
{"Acceptance":[0.3375,0.3391304347826087,0.39565217391304347,0.38206521739130433,0.4146739130434783,0.42880434782608695,0.45815217391304347,0.45815217391304347,0.48641304347826086,0.5146739130434783,0.5065217391304347,0.5423913043478261,0.8695652173913043,0.9130434782608695,0.9565217391304348,0.9239130434782609,0.8804347826086957,0.8369565217391305,0.8043478260869565,0.8043478260869565,0.7282608695652174,0.717391304347826,0.75,0.717391304347826],"Energy":{"Mean":-70.94335040376716,"Sigma":0.023414888277026185,"Taucorr":-0.006421183947546987},"EnergyVariance":{"Mean":0.5849926541317761,"Sigma":0.04702699098077271,"Taucorr":-0.00439466482610202},"Iteration":888},
{"Acceptance":[0.3282608695652174,0.3641304347826087,0.3875,0.391304347826087,0.42445652173913045,0.45108695652173914,0.4380434782608696,0.4826086956521739,0.4989130434782609,0.5206521739130435,0.5228260869565218,0.5076086956521739,0.8260869565217391,0.8478260869565217,0.8804347826086957,0.8586956521739131,0.8478260869565217,0.75,0.7608695652173914,0.8043478260869565,0.75,0.6847826086956522,0.45652173913043476,0.32608695652173914],"Energy":{"Mean":-70.96393111493653,"Sigma":0.022583619808159008,"Taucorr":-0.012605365076133428},"EnergyVariance":{"Mean":0.5941234392225772,"Sigma":0.0363193032363831,"Taucorr":0.017804035083559672},"Iteration":889},
{"Acceptance":[0.32717391304347826,0.35489130434782606,0.36684782608695654,0.3798913043478261,0.40054347826086956,0.4266304347826087,0.46956521739130436,0.4701086956521739,0.4956521739130435,0.5282608695652173,0.5032608695652174,0.5391304347826087,0.8043478260869565,0.8260869565217391,0.8695652173913043,0.8586956521739131,0.8586956521739131,0.8586956521739131,0.8695652173913043,0.7934782608695652,0.782608695652174,0.8043478260869565,0.6630434782608695,0.6086956521739131],"Energy":{"Mean":-70.96198949790436,"Sigma":0.02297782661659452,"Taucorr":-0.03914598142209275},"EnergyVariance":{"Mean":0.6153718076105642,"Sigma":0.04935304655275744,"Taucorr":0.018160589575856787},"Iteration":890},
{"Acceptance":[0.3565217391304348,0.35108695652173916,0.391304347826087,0.38858695652173914,0.4043478260869565,0.4434782608695652,0.4472826086956522,0.4597826086956522,0.48043478260869565,0.5070652173913044,0.5141304347826087,0.5478260869565217,0.8478260869565217,0.8804347826086957,0.9130434782608695,0.8913043478260869,0.8152173913043478,0.782608695652174,0.7717391304347826,0.7391304347826086,0.717391304347826,0.6956521739130435,0.6739130434782609,0.6521739130434783],"Energy":{"Mean":-70.94104598082372,"Sigma":0.02218013835422787,"Taucorr":0.016625372700184517},"EnergyVariance":{"Mean":0.5471766607384209,"Sigma":0.03563148731238238,"Taucorr":-0.009691958098732105},"Iteration":891},
{"Acceptance":[0.34456521739130436,0.37282608695652175,0.3657608695652174,0.3869565217391304,0.4152173913043478,0.41304347826086957,0.4625,0.4826086956521739,0.47391304347826085,0.4940217391304348,0.5179347826086956,0.5005434782608695,0.9130434782608695,0.8695652173913043,0.8152173913043478,0.8043478260869565,0.8586956521739131,0.8695652173913043,0.8586956521739131,0.8260869565217391,0.7608695652173914,0.7717391304347826,0.717391304347826,0.6521739130434783],"Energy":{"Mean":-70.92154548577945,"Sigma":0.02308185645063357,"Taucorr":-0.024274180992369124},"EnergyVariance":{"Mean":0.618394219543114,"Sigma":0.12084789366990611,"Taucorr":0.03277643465292703},"Iteration":892},
{"Acceptance":[0.3342391304347826,0.36086956521739133,0.35434782608695653,0.41739130434782606,0.40597826086956523,0.4385869565217391,0.47554347826086957,0.4771739130434783,0.4967391304347826,0.4945652173913043,0.5097826086956522,0.5043478260869565,0.8478260869565217,0.8695652173913043,0.8804347826086957,0.8586956521739131,0.8369565217391305,0.8152173913043478,0.8260869565217391,0.8478260869565217,0.8152173913043478,0.8043478260869565,0.6195652173913043,0.41304347826086957],"Energy":{"Mean":-70.92808470392845,"Sigma":0.022131647179326138,"Taucorr":-0.004174259767008898},"EnergyVariance":{"Mean":0.5362368970719747,"Sigma":0.03681130099646132,"Taucorr":-0.009962568590507035},"Iteration":893},
{"Acceptance":[0.33315217391304347,0.36032608695652174,0.3717391304347826,0.39456521739130435,0.4266304347826087,0.4266304347826087,0.45760869565217394,0.4625,0.5097826086956522,0.5032608695652174,0.5222826086956521,0.5054347826086957,0.8260869565217391,0.8478260869565217,0.8586956521739131,0.8695652173913043,0.8804347826086957,0.8586956521739131,0.8152173913043478,0.8260869565217391,0.7717391304347826,0.6630434782608695,0.6413043478260869,0.6304347826086957],"Energy":{"Mean":-70.90289474976198,"Sigma":0.023493966026115563,"Taucorr":0.012133307964830227},"EnergyVariance":{"Mean":0.5971449941025068,"Sigma":0.040347010871988755,"Taucorr":0.03316340315204749},"Iteration":894},
{"Acceptance":[0.3184782608695652,0.34293478260869564,0.38532608695652176,0.3918478260869565,0.425,0.44021739130434784,0.48586956521739133,0.4608695652173913,0.4956521739130435,0.4940217391304348,0.5173913043478261,0.5543478260869565,0.7391304347826086,0.8043478260869565,0.8913043478260869,0.8586956521739131,0.8804347826086957,0.8913043478260869,0.8043478260869565,0.7717391304347826,0.7391304347826086,0.7608695652173914,0.7934782608695652,0.782608695652174],"Energy":{"Mean":-70.97573419468837,"Sigma":0.023849815758381087,"Taucorr":0.024273946212100578},"EnergyVariance":{"Mean":0.571299764281099,"Sigma":0.057677826231250694,"Taucorr":-0.0159345994162091},"Iteration":895},
{"Acceptance":[0.3130434782608696,0.3565217391304348,0.3847826086956522,0.40380434782608693,0.4157608695652174,0.40217391304347827,0.4559782608695652,0.48097826086956524,0.5032608695652174,0.5152173913043478,0.5130434782608696,0.5434782608695652,0.8695652173913043,0.8804347826086957,0.8369565217391305,0.7934782608695652,0.8478260869565217,0.8369565217391305,0.7934782608695652,0.7934782608695652,0.7934782608695652,0.7608695652173914,0.7282608695652174,0.7391304347826086],"Energy":{"Mean":-70.9219732972392,"Sigma":0.021327636707135514,"Taucorr":-0.03607068461621829},"EnergyVariance":{"Mean":0.5360857404343712,"Sigma":0.032072406056488735,"Taucorr":0.019393229361303062},"Iteration":896},
{"Acceptance":[0.3456521739130435,0.37119565217391304,0.37119565217391304,0.4032608695652174,0.42282608695652174,0.42282608695652174,0.4282608695652174,0.47608695652173916,0.4875,0.5092391304347826,0.5320652173913043,0.5461956521739131,0.8478260869565217,0.8478260869565217,0.8260869565217391,0.8369565217391305,0.8152173913043478,0.7934782608695652,0.8804347826086957,0.8152173913043478,0.7608695652173914,0.8152173913043478,0.7717391304347826,0.7391304347826086],"Energy":{"Mean":-70.92117371954538,"Sigma":0.02129661366240114,"Taucorr":-0.00010115791144439899},"EnergyVariance":{"Mean":0.5221306368234367,"Sigma":0.035456830455640236,"Taucorr":-0.0062521852435845834},"Iteration":897},
{"Acceptance":[0.3168478260869565,0.34782608695652173,0.3766304347826087,0.40869565217391307,0.4016304347826087,0.41304347826086957,0.4472826086956522,0.46304347826086956,0.4951086956521739,0.5282608695652173,0.4902173913043478,0.5478260869565217,0.9130434782608695,0.8478260869565217,0.7934782608695652,0.8369565217391305,0.8369565217391305,0.8043478260869565,0.8152173913043478,0.8152173913043478,0.8043478260869565,0.7391304347826086,0.6413043478260869,0.6086956521739131],"Energy":{"Mean":-70.93719450134066,"Sigma":0.022003029431073105,"Taucorr":0.028820874767039123},"EnergyVariance":{"Mean":0.5245442825614108,"Sigma":0.03680763043011488,"Taucorr":0.020687754561356988},"Iteration":898},
{"Acceptance":[0.3358695652173913,0.35543478260869565,0.3815217391304348,0.4,0.4326086956521739,0.4440217391304348,0.45,0.47282608695652173,0.5005434782608695,0.5103260869565217,0.5505434782608696,0.5163043478260869,0.8043478260869565,0.8478260869565217,0.8913043478260869,0.8369565217391305,0.7717391304347826,0.7934782608695652,0.8260869565217391,0.8043478260869565,0.8043478260869565,0.782608695652174,0.5978260869565217,0.45652173913043476],"Energy":{"Mean":-70.93617289873079,"Sigma":0.02379675739761021,"Taucorr":0.018089483392146756},"EnergyVariance":{"Mean":0.6021500866834651,"Sigma":0.05563007493805954,"Taucorr":-0.006784893669173291},"Iteration":899},
{"Acceptance":[0.3217391304347826,0.3451086956521739,0.375,0.4016304347826087,0.4152173913043478,0.4315217391304348,0.44130434782608696,0.4880434782608696,0.48532608695652174,0.5266304347826087,0.5228260869565218,0.5130434782608696,0.9130434782608695,0.8586956521739131,0.7934782608695652,0.8804347826086957,0.8586956521739131,0.782608695652174,0.8369565217391305,0.8152173913043478,0.7934782608695652,0.7608695652173914,0.6413043478260869,0.5652173913043478],"Energy":{"Mean":-70.9398679300573,"Sigma":0.02105249514298591,"Taucorr":0.008402876837381652},"EnergyVariance":{"Mean":0.4916747341911997,"Sigma":0.032561792929131424,"Taucorr":0.012186043762192162},"Iteration":900},
{"Acceptance":[0.3239130434782609,0.33967391304347827,0.3793478260869565,0.4255434782608696,0.42336956521739133,0.4260869565217391,0.43967391304347825,0.46304347826086956,0.48097826086956524,0.5119565217391304,0.5195652173913043,0.5320652173913043,0.8478260869565217,0.8804347826086957,0.9347826086956522,0.8586956521739131,0.8043478260869565,0.8478260869565217,0.8152173913043478,0.8260869565217391,0.8478260869565217,0.8369565217391305,0.7717391304347826,0.6956521739130435],"Energy":{"Mean":-70.94659954078959,"Sigma":0.02271289751541984,"Taucorr":0.006987010571368695},"EnergyVariance":{"Mean":0.5441551256606177,"Sigma":0.033910386381544505,"Taucorr":0.010191360907710533},"Iteration":901},
{"Acceptance":[0.32717391304347826,0.3451086956521739,0.3565217391304348,0.38206521739130433,0.4152173913043478,0.4385869565217391,0.4842391304347826,0.4771739130434783,0.4826086956521739,0.4934782608695652,0.5293478260869565,0.5233695652173913,0.8695652173913043,0.8152173913043478,0.8152173913043478,0.8804347826086957,0.8369565217391305,0.7934782608695652,0.8260869565217391,0.8260869565217391,0.8043478260869565,0.7934782608695652,0.75,0.717391304347826],"Energy":{"Mean":-70.90819406267332,"Sigma":0.022907104268476457,"Taucorr":-0.011923963295630504},"EnergyVariance":{"Mean":0.5861268068120346,"Sigma":0.043387422914437083,"Taucorr":0.009580051515212075},"Iteration":902},
{"Acceptance":[0.33858695652173915,0.3635869565217391,0.3527173913043478,0.39293478260869563,0.4423913043478261,0.4206521739130435,0.4608695652173913,0.47445652173913044,0.48097826086956524,0.5027173913043478,0.5092391304347826,0.5184782608695652,0.8695652173913043,0.8369565217391305,0.8478260869565217,0.8913043478260869,0.8478260869565217,0.8369565217391305,0.8369565217391305,0.75,0.7282608695652174,0.7934782608695652,0.6847826086956522,0.5434782608695652],"Energy":{"Mean":-70.96398822263671,"Sigma":0.022083717670298094,"Taucorr":0.014595393448608223},"EnergyVariance":{"Mean":0.5378229790121647,"Sigma":0.031086252016768137,"Taucorr":0.02766165352610604},"Iteration":903},
{"Acceptance":[0.3125,0.34891304347826085,0.3847826086956522,0.4125,0.4125,0.45706521739130435,0.453804347826087,0.4733695652173913,0.4701086956521739,0.4967391304347826,0.5233695652173913,0.5103260869565217,0.9130434782608695,0.9239130434782609,0.8913043478260869,0.9021739130434783,0.8478260869565217,0.8043478260869565,0.8478260869565217,0.7717391304347826,0.7282608695652174,0.6847826086956522,0.5978260869565217,0.5652173913043478],"Energy":{"Mean":-70.95638159843162,"Sigma":0.024943821228373995,"Taucorr":0.05421719291048128},"EnergyVariance":{"Mean":0.5836809855829891,"Sigma":0.05465254442166397,"Taucorr":0.015664146312325836},"Iteration":904},
{"Acceptance":[0.3119565217391304,0.3451086956521739,0.38858695652173914,0.391304347826087,0.4108695652173913,0.4282608695652174,0.44130434782608696,0.4625,0.5032608695652174,0.4940217391304348,0.5168478260869566,0.5135869565217391,0.8043478260869565,0.7934782608695652,0.8043478260869565,0.8913043478260869,0.8369565217391305,0.8043478260869565,0.8478260869565217,0.7717391304347826,0.8043478260869565,0.8043478260869565,0.6630434782608695,0.5869565217391305],"Energy":{"Mean":-70.92125617232738,"Sigma":0.022254508951801723,"Taucorr":0.02649225930810874},"EnergyVariance":{"Mean":0.5154952587539261,"Sigma":0.0328119015550616,"Taucorr":0.014764405330417731},"Iteration":905},
{"Acceptance":[0.3222826086956522,0.35978260869565215,0.3635869565217391,0.40597826086956523,0.3864130434782609,0.43478260869565216,0.45163043478260867,0.47989130434782606,0.5097826086956522,0.49619565217391304,0.5173913043478261,0.5347826086956522,0.782608695652174,0.8586956521739131,0.8695652173913043,0.8369565217391305,0.8804347826086957,0.8369565217391305,0.7282608695652174,0.717391304347826,0.6956521739130435,0.6304347826086957,0.6739130434782609,0.717391304347826],"Energy":{"Mean":-70.95879537456106,"Sigma":0.019927729761422958,"Taucorr":-0.03353174119256508},"EnergyVariance":{"Mean":0.47697093413760955,"Sigma":0.029579546473456727,"Taucorr":-0.020848610079132673},"Iteration":906},
{"Acceptance":[0.32717391304347826,0.3423913043478261,0.3625,0.39021739130434785,0.41304347826086957,0.4364130434782609,0.48478260869565215,0.4559782608695652,0.4875,0.5157608695652174,0.5277173913043478,0.5179347826086956,0.9130434782608695,0.9130434782608695,0.9347826086956522,0.9130434782608695,0.8586956521739131,0.8152173913043478,0.8043478260869565,0.8260869565217391,0.782608695652174,0.8152173913043478,0.7608695652173914,0.6304347826086957],"Energy":{"Mean":-70.92650826562574,"Sigma":0.022086979856687828,"Taucorr":-0.015056027367290727},"EnergyVariance":{"Mean":0.5627758657942413,"Sigma":0.03346040771832455,"Taucorr":-0.00888930966894898},"Iteration":907},
{"Acceptance":[0.3423913043478261,0.3576086956521739,0.39021739130434785,0.3875,0.4125,0.42445652173913045,0.4771739130434783,0.4885869565217391,0.4668478260869565,0.5108695652173914,0.5423913043478261,0.5244565217391305,0.8913043478260869,0.9021739130434783,0.9021739130434783,0.782608695652174,0.7934782608695652,0.9130434782608695,0.8152173913043478,0.75,0.8152173913043478,0.8043478260869565,0.6847826086956522,0.6086956521739131],"Energy":{"Mean":-70.9542034584449,"Sigma":0.02185851303647909,"Taucorr":-0.0003175851535999104},"EnergyVariance":{"Mean":0.5352223738121774,"Sigma":0.04074071548510965,"Taucorr":-0.011289187422168693},"Iteration":908},
{"Acceptance":[0.33858695652173915,0.35380434782608694,0.3842391304347826,0.40597826086956523,0.4331521739130435,0.42282608695652174,0.4451086956521739,0.47989130434782606,0.4842391304347826,0.5092391304347826,0.5163043478260869,0.5304347826086957,0.9565217391304348,0.8913043478260869,0.8152173913043478,0.8369565217391305,0.8260869565217391,0.7934782608695652,0.7934782608695652,0.717391304347826,0.6630434782608695,0.7391304347826086,0.7391304347826086,0.6739130434782609],"Energy":{"Mean":-70.89627882559235,"Sigma":0.020649077627091433,"Taucorr":-0.002076340736363813},"EnergyVariance":{"Mean":0.48637620758899097,"Sigma":0.030449963766650934,"Taucorr":-0.009163833287570575},"Iteration":909},
{"Acceptance":[0.29728260869565215,0.36032608695652174,0.3657608695652174,0.41032608695652173,0.4097826086956522,0.4418478260869565,0.44782608695652176,0.46195652173913043,0.49293478260869567,0.5434782608695652,0.5211956521739131,0.5413043478260869,0.8695652173913043,0.8695652173913043,0.8260869565217391,0.7608695652173914,0.7391304347826086,0.8043478260869565,0.8586956521739131,0.8152173913043478,0.8152173913043478,0.7282608695652174,0.6086956521739131,0.6086956521739131],"Energy":{"Mean":-70.95549025975558,"Sigma":0.02451062594382626,"Taucorr":-0.02606168381946049},"EnergyVariance":{"Mean":0.7148243552216714,"Sigma":0.09885420286432599,"Taucorr":0.03997865965321242},"Iteration":910},
{"Acceptance":[0.3233695652173913,0.33858695652173915,0.3842391304347826,0.4027173913043478,0.41847826086956524,0.4298913043478261,0.45706521739130435,0.4782608695652174,0.5076086956521739,0.4923913043478261,0.5195652173913043,0.5146739130434783,0.8695652173913043,0.8478260869565217,0.8152173913043478,0.8260869565217391,0.8586956521739131,0.8260869565217391,0.7608695652173914,0.7065217391304348,0.7391304347826086,0.75,0.6739130434782609,0.6521739130434783],"Energy":{"Mean":-70.96935670219757,"Sigma":0.02241785899211195,"Taucorr":0.017127574322641916},"EnergyVariance":{"Mean":0.531888188724113,"Sigma":0.03506526571071913,"Taucorr":-0.002781295626229134},"Iteration":911},
{"Acceptance":[0.34456521739130436,0.3472826086956522,0.3858695652173913,0.3978260869565217,0.4097826086956522,0.4364130434782609,0.4418478260869565,0.48586956521739133,0.49619565217391304,0.5059782608695652,0.5358695652173913,0.5630434782608695,0.8478260869565217,0.8369565217391305,0.8152173913043478,0.8260869565217391,0.8152173913043478,0.8152173913043478,0.8152173913043478,0.8043478260869565,0.7934782608695652,0.782608695652174,0.75,0.6956521739130435],"Energy":{"Mean":-70.96421582228045,"Sigma":0.021689658950699197,"Taucorr":-0.053260238342037275},"EnergyVariance":{"Mean":0.5806433306290949,"Sigma":0.03980909174309243,"Taucorr":0.02898998889026323},"Iteration":912},
{"Acceptance":[0.33043478260869563,0.3532608695652174,0.36141304347826086,0.39945652173913043,0.40054347826086956,0.4429347826086957,0.45869565217391306,0.4875,0.483695652173913,0.5135869565217391,0.5135869565217391,0.532608695652174,0.8043478260869565,0.8260869565217391,0.8152173913043478,0.75,0.7934782608695652,0.8369565217391305,0.8369565217391305,0.8478260869565217,0.8152173913043478,0.6956521739130435,0.6086956521739131,0.6304347826086957],"Energy":{"Mean":-70.89145661900494,"Sigma":0.021954156605739517,"Taucorr":-0.01798922444117543},"EnergyVariance":{"Mean":0.5618630920118731,"Sigma":0.04686597921057928,"Taucorr":0.013308105063974033},"Iteration":913},
{"Acceptance":[0.34402173913043477,0.3581521739130435,0.3706521739130435,0.39619565217391306,0.41032608695652173,0.4309782608695652,0.4652173913043478,0.47989130434782606,0.4923913043478261,0.48641304347826086,0.5016304347826087,0.49728260869565216,0.9130434782608695,0.8695652173913043,0.8478260869565217,0.8260869565217391,0.8260869565217391,0.8260869565217391,0.782608695652174,0.7282608695652174,0.7282608695652174,0.7608695652173914,0.5978260869565217,0.45652173913043476],"Energy":{"Mean":-70.92481047045284,"Sigma":0.023139993262726307,"Taucorr":-4.588810333993933e-05},"EnergyVariance":{"Mean":0.5719148955263504,"Sigma":0.042388448640319654,"Taucorr":-0.016564346117200018},"Iteration":914},
{"Acceptance":[0.3201086956521739,0.3298913043478261,0.36684782608695654,0.39945652173913043,0.4,0.42880434782608695,0.46793478260869564,0.49728260869565216,0.4880434782608696,0.5016304347826087,0.5375,0.5054347826086957,0.8043478260869565,0.8586956521739131,0.9021739130434783,0.8369565217391305,0.8260869565217391,0.8369565217391305,0.7934782608695652,0.7717391304347826,0.7391304347826086,0.6630434782608695,0.6413043478260869,0.6739130434782609],"Energy":{"Mean":-70.91362867539078,"Sigma":0.01910817143496989,"Taucorr":-0.06392238615863692},"EnergyVariance":{"Mean":0.47225769523127653,"Sigma":0.031767547233497,"Taucorr":0.00788204526848621},"Iteration":915},
{"Acceptance":[0.31630434782608696,0.3358695652173913,0.3717391304347826,0.4125,0.42445652173913045,0.44619565217391305,0.46630434782608693,0.4945652173913043,0.48967391304347824,0.49728260869565216,0.532608695652174,0.5413043478260869,0.782608695652174,0.782608695652174,0.8260869565217391,0.8695652173913043,0.8586956521739131,0.8913043478260869,0.8695652173913043,0.7934782608695652,0.7717391304347826,0.75,0.75,0.7608695652173914],"Energy":{"Mean":-70.93749336042485,"Sigma":0.022418336967438782,"Taucorr":0.04679296328583494},"EnergyVariance":{"Mean":0.5128205744787361,"Sigma":0.0323070577216431,"Taucorr":0.024803226814341345},"Iteration":916},
{"Acceptance":[0.3239130434782609,0.33967391304347827,0.3875,0.37228260869565216,0.39565217391304347,0.40543478260869564,0.45760869565217394,0.4891304347826087,0.4782608695652174,0.49728260869565216,0.5451086956521739,0.5380434782608695,0.8695652173913043,0.8369565217391305,0.8478260869565217,0.8695652173913043,0.8695652173913043,0.8369565217391305,0.8152173913043478,0.8152173913043478,0.7282608695652174,0.75,0.717391304347826,0.6086956521739131],"Energy":{"Mean":-70.94006770875677,"Sigma":0.023236379102382094,"Taucorr":0.022414029838021085},"EnergyVariance":{"Mean":0.571550964958216,"Sigma":0.05089145213131876,"Taucorr":0.008374392110423299},"Iteration":917},
{"Acceptance":[0.31630434782608696,0.33152173913043476,0.36086956521739133,0.38206521739130433,0.4141304347826087,0.4483695652173913,0.4641304347826087,0.4657608695652174,0.475,0.5081521739130435,0.5293478260869565,0.5043478260869565,0.8043478260869565,0.8152173913043478,0.8586956521739131,0.8695652173913043,0.8260869565217391,0.8043478260869565,0.8260869565217391,0.782608695652174,0.75,0.7065217391304348,0.5760869565217391,0.5217391304347826],"Energy":{"Mean":-70.90440319480307,"Sigma":0.021423493197028756,"Taucorr":-0.02617320253417743},"EnergyVariance":{"Mean":0.5354812863493819,"Sigma":0.042824724957933206,"Taucorr":0.006004813903036417},"Iteration":918},
{"Acceptance":[0.33152173913043476,0.3657608695652174,0.3521739130434783,0.39891304347826084,0.4206521739130435,0.3967391304347826,0.45217391304347826,0.46793478260869564,0.48967391304347824,0.5032608695652174,0.5358695652173913,0.525,0.9130434782608695,0.9347826086956522,0.9021739130434783,0.8913043478260869,0.9021739130434783,0.8586956521739131,0.8369565217391305,0.7608695652173914,0.782608695652174,0.8260869565217391,0.6847826086956522,0.5869565217391305],"Energy":{"Mean":-70.91626371315084,"Sigma":0.020965418641850073,"Taucorr":0.009267892561600861},"EnergyVariance":{"Mean":0.4847476899102956,"Sigma":0.030416513919839544,"Taucorr":-0.02945459422394171},"Iteration":919},
{"Acceptance":[0.32771739130434785,0.35108695652173916,0.3695652173913043,0.4043478260869565,0.39619565217391306,0.44021739130434784,0.46141304347826084,0.4766304347826087,0.46902173913043477,0.5135869565217391,0.5032608695652174,0.5434782608695652,0.8478260869565217,0.8369565217391305,0.8478260869565217,0.9021739130434783,0.8695652173913043,0.8260869565217391,0.8586956521739131,0.7934782608695652,0.7608695652173914,0.7608695652173914,0.7282608695652174,0.7391304347826086],"Energy":{"Mean":-70.90797789177824,"Sigma":0.022308991270616585,"Taucorr":0.009631134097745813},"EnergyVariance":{"Mean":0.559825915518536,"Sigma":0.03521634737078131,"Taucorr":0.0017275700276808113},"Iteration":920},
{"Acceptance":[0.30543478260869567,0.33641304347826084,0.3684782608695652,0.3983695652173913,0.4,0.44130434782608696,0.4326086956521739,0.46630434782608693,0.4766304347826087,0.5228260869565218,0.525,0.5271739130434783,0.8478260869565217,0.8478260869565217,0.8913043478260869,0.8478260869565217,0.7608695652173914,0.8043478260869565,0.8478260869565217,0.8043478260869565,0.7717391304347826,0.7608695652173914,0.7065217391304348,0.6739130434782609],"Energy":{"Mean":-70.9420654863631,"Sigma":0.021351936077652987,"Taucorr":-0.003946259808694602},"EnergyVariance":{"Mean":0.5126677050318628,"Sigma":0.043836916912999936,"Taucorr":0.04719047208312404},"Iteration":921},
{"Acceptance":[0.3190217391304348,0.34293478260869564,0.38913043478260867,0.38206521739130433,0.41684782608695653,0.47119565217391307,0.45706521739130435,0.4766304347826087,0.4766304347826087,0.5054347826086957,0.5233695652173913,0.5146739130434783,0.8043478260869565,0.8260869565217391,0.8369565217391305,0.8369565217391305,0.8695652173913043,0.8913043478260869,0.7934782608695652,0.7717391304347826,0.8369565217391305,0.8152173913043478,0.6956521739130435,0.5869565217391305],"Energy":{"Mean":-70.88575260691233,"Sigma":0.02081591782460603,"Taucorr":0.02130299500970669},"EnergyVariance":{"Mean":0.4889514514770185,"Sigma":0.02984475181795053,"Taucorr":-0.0022458641763362097},"Iteration":922},
{"Acceptance":[0.35489130434782606,0.33043478260869563,0.36086956521739133,0.38206521739130433,0.41793478260869565,0.41793478260869565,0.4625,0.4673913043478261,0.4983695652173913,0.5081521739130435,0.5043478260869565,0.5043478260869565,0.8043478260869565,0.8152173913043478,0.8260869565217391,0.7934782608695652,0.8260869565217391,0.8586956521739131,0.8369565217391305,0.8043478260869565,0.75,0.6847826086956522,0.6521739130434783,0.6739130434782609],"Energy":{"Mean":-70.90512889575854,"Sigma":0.02249150630001465,"Taucorr":-0.006826135599631408},"EnergyVariance":{"Mean":0.5440006876211299,"Sigma":0.040516554045567255,"Taucorr":-0.004876700520056727},"Iteration":923},
{"Acceptance":[0.33152173913043476,0.3592391304347826,0.3804347826086957,0.4255434782608696,0.4076086956521739,0.4467391304347826,0.4668478260869565,0.4625,0.4766304347826087,0.5277173913043478,0.5228260869565218,0.5489130434782609,0.9130434782608695,0.8695652173913043,0.8152173913043478,0.8478260869565217,0.8586956521739131,0.782608695652174,0.782608695652174,0.8260869565217391,0.8260869565217391,0.782608695652174,0.7282608695652174,0.717391304347826],"Energy":{"Mean":-70.94004268619626,"Sigma":0.022845151812589642,"Taucorr":0.0008660180089739752},"EnergyVariance":{"Mean":0.5606586846073607,"Sigma":0.045586883414170574,"Taucorr":0.017395543772986313},"Iteration":924},
{"Acceptance":[0.3391304347826087,0.34782608695652173,0.38967391304347826,0.3972826086956522,0.4016304347826087,0.4326086956521739,0.44619565217391305,0.45543478260869563,0.5054347826086957,0.48586956521739133,0.5222826086956521,0.5228260869565218,0.8695652173913043,0.8586956521739131,0.8260869565217391,0.8152173913043478,0.7934782608695652,0.8152173913043478,0.8260869565217391,0.7934782608695652,0.8260869565217391,0.8043478260869565,0.6847826086956522,0.6086956521739131],"Energy":{"Mean":-70.96525507226575,"Sigma":0.02483427469632958,"Taucorr":0.04854539328759877},"EnergyVariance":{"Mean":0.6091495497355379,"Sigma":0.09214560224091346,"Taucorr":0.013646422989993787},"Iteration":925},
{"Acceptance":[0.3375,0.3407608695652174,0.36793478260869567,0.4,0.40380434782608693,0.42445652173913045,0.4494565217391304,0.45652173913043476,0.5070652173913044,0.5168478260869566,0.4875,0.5076086956521739,0.9130434782608695,0.8913043478260869,0.8804347826086957,0.8804347826086957,0.8695652173913043,0.8043478260869565,0.7608695652173914,0.7608695652173914,0.7065217391304348,0.717391304347826,0.6739130434782609,0.5869565217391305],"Energy":{"Mean":-70.95137961229278,"Sigma":0.023365483512408122,"Taucorr":0.019646382529305933},"EnergyVariance":{"Mean":0.572833640809881,"Sigma":0.0592952513040019,"Taucorr":0.0232848646661873},"Iteration":926},
{"Acceptance":[0.3184782608695652,0.3065217391304348,0.3858695652173913,0.4282608695652174,0.41195652173913044,0.4364130434782609,0.4543478260869565,0.475,0.5141304347826087,0.5070652173913044,0.5114130434782609,0.5255434782608696,0.8043478260869565,0.8369565217391305,0.8478260869565217,0.8478260869565217,0.8369565217391305,0.8260869565217391,0.8260869565217391,0.7934782608695652,0.8152173913043478,0.8369565217391305,0.6847826086956522,0.5434782608695652],"Energy":{"Mean":-70.93543065143109,"Sigma":0.02098589160405026,"Taucorr":0.01904158713597418},"EnergyVariance":{"Mean":0.4833812904746522,"Sigma":0.028208463583311087,"Taucorr":-0.009012358810172115},"Iteration":927},
{"Acceptance":[0.3244565217391304,0.358695652173913,0.36684782608695654,0.41195652173913044,0.4375,0.4266304347826087,0.45163043478260867,0.4673913043478261,0.48097826086956524,0.5081521739130435,0.5407608695652174,0.5097826086956522,0.8478260869565217,0.8695652173913043,0.8043478260869565,0.782608695652174,0.8260869565217391,0.8260869565217391,0.8695652173913043,0.8478260869565217,0.8043478260869565,0.782608695652174,0.7065217391304348,0.6521739130434783],"Energy":{"Mean":-70.96523001073759,"Sigma":0.023392655162452928,"Taucorr":0.027106968891362788},"EnergyVariance":{"Mean":0.5755601117303958,"Sigma":0.04213806414330771,"Taucorr":-0.017868067638552938},"Iteration":928},
{"Acceptance":[0.3108695652173913,0.34782608695652173,0.39456521739130435,0.3755434782608696,0.4157608695652174,0.425,0.45815217391304347,0.47119565217391307,0.4771739130434783,0.5032608695652174,0.4956521739130435,0.5005434782608695,0.8695652173913043,0.8804347826086957,0.8695652173913043,0.8260869565217391,0.8586956521739131,0.8804347826086957,0.8260869565217391,0.8260869565217391,0.7608695652173914,0.6847826086956522,0.6521739130434783,0.6086956521739131],"Energy":{"Mean":-70.98320395677989,"Sigma":0.02283123263788052,"Taucorr":0.005920558937343025},"EnergyVariance":{"Mean":0.5534311085122644,"Sigma":0.04595052634215754,"Taucorr":-0.0246918401109773},"Iteration":929},
{"Acceptance":[0.3048913043478261,0.34891304347826085,0.3847826086956522,0.3815217391304348,0.41304347826086957,0.44130434782608696,0.4451086956521739,0.45869565217391306,0.483695652173913,0.5206521739130435,0.5032608695652174,0.5472826086956522,0.7608695652173914,0.782608695652174,0.8586956521739131,0.9130434782608695,0.8804347826086957,0.8043478260869565,0.7608695652173914,0.7934782608695652,0.7934782608695652,0.717391304347826,0.6630434782608695,0.6521739130434783],"Energy":{"Mean":-70.95707757917366,"Sigma":0.022387385591905656,"Taucorr":-0.002192906629105512},"EnergyVariance":{"Mean":0.5598274953957458,"Sigma":0.038301059087618654,"Taucorr":0.03261591065719489},"Iteration":930},
{"Acceptance":[0.34293478260869564,0.34891304347826085,0.3804347826086957,0.3809782608695652,0.4206521739130435,0.4277173913043478,0.45,0.4842391304347826,0.4777173913043478,0.5396739130434782,0.5190217391304348,0.5380434782608695,0.8695652173913043,0.8586956521739131,0.8586956521739131,0.8804347826086957,0.8478260869565217,0.782608695652174,0.782608695652174,0.782608695652174,0.6956521739130435,0.7391304347826086,0.7608695652173914,0.6739130434782609],"Energy":{"Mean":-70.94526768693717,"Sigma":0.021148629046633713,"Taucorr":0.008426963518498774},"EnergyVariance":{"Mean":0.4976995614356294,"Sigma":0.03883280820664536,"Taucorr":-0.0021046553119656447},"Iteration":931},
{"Acceptance":[0.32554347826086955,0.34891304347826085,0.3815217391304348,0.3842391304347826,0.42282608695652174,0.44021739130434784,0.4429347826086957,0.47391304347826085,0.4951086956521739,0.5141304347826087,0.5293478260869565,0.5472826086956522,0.8260869565217391,0.8695652173913043,0.9239130434782609,0.8804347826086957,0.7934782608695652,0.7717391304347826,0.8152173913043478,0.8478260869565217,0.7391304347826086,0.6195652173913043,0.6630434782608695,0.717391304347826],"Energy":{"Mean":-70.94447308171279,"Sigma":0.022512877866470573,"Taucorr":-0.027599365072075735},"EnergyVariance":{"Mean":0.6209921600898038,"Sigma":0.0726782557630104,"Taucorr":-0.024659731435566965},"Iteration":932},
{"Acceptance":[0.32663043478260867,0.33858695652173915,0.3733695652173913,0.40217391304347827,0.41195652173913044,0.4423913043478261,0.4701086956521739,0.46467391304347827,0.4771739130434783,0.5135869565217391,0.5391304347826087,0.575,0.8695652173913043,0.8695652173913043,0.8586956521739131,0.8478260869565217,0.8586956521739131,0.75,0.7717391304347826,0.8478260869565217,0.717391304347826,0.6413043478260869,0.7391304347826086,0.8478260869565217],"Energy":{"Mean":-70.91951020516377,"Sigma":0.022998059651975555,"Taucorr":0.020614151685856518},"EnergyVariance":{"Mean":0.565423991041541,"Sigma":0.03680483300033941,"Taucorr":-0.0028459472867128446},"Iteration":933},
{"Acceptance":[0.3353260869565217,0.3521739130434783,0.3625,0.40869565217391307,0.41195652173913044,0.4309782608695652,0.4391304347826087,0.47989130434782606,0.4826086956521739,0.48097826086956524,0.4880434782608696,0.5260869565217391,0.8478260869565217,0.8695652173913043,0.8586956521739131,0.7717391304347826,0.8260869565217391,0.8804347826086957,0.8260869565217391,0.8152173913043478,0.7717391304347826,0.6847826086956522,0.6304347826086957,0.6304347826086957],"Energy":{"Mean":-70.92419294477212,"Sigma":0.02221039345094369,"Taucorr":0.001524916046234617},"EnergyVariance":{"Mean":0.53034978688631,"Sigma":0.03111880770917269,"Taucorr":0.0012760414485227013},"Iteration":934},
{"Acceptance":[0.33804347826086956,0.3744565217391304,0.3706521739130435,0.38858695652173914,0.41358695652173916,0.4380434782608696,0.45108695652173914,0.5048913043478261,0.4891304347826087,0.49184782608695654,0.4907608695652174,0.5396739130434782,0.9130434782608695,0.8913043478260869,0.9130434782608695,0.8913043478260869,0.8478260869565217,0.8152173913043478,0.782608695652174,0.7608695652173914,0.6847826086956522,0.6739130434782609,0.7065217391304348,0.717391304347826],"Energy":{"Mean":-70.94123780115652,"Sigma":0.022875962027257002,"Taucorr":-0.00521467162516766},"EnergyVariance":{"Mean":0.5963484743239275,"Sigma":0.0367033843450244,"Taucorr":0.018763067785571942},"Iteration":935},
{"Acceptance":[0.3157608695652174,0.3706521739130435,0.3483695652173913,0.41739130434782606,0.40108695652173915,0.45,0.4717391304347826,0.4733695652173913,0.5010869565217392,0.5135869565217391,0.5429347826086957,0.5358695652173913,0.8260869565217391,0.8369565217391305,0.8913043478260869,0.8478260869565217,0.8043478260869565,0.8586956521739131,0.8478260869565217,0.7934782608695652,0.7391304347826086,0.6956521739130435,0.6956521739130435,0.717391304347826],"Energy":{"Mean":-70.94669644006265,"Sigma":0.02289072659762792,"Taucorr":0.01666478933794143},"EnergyVariance":{"Mean":0.5558408882171676,"Sigma":0.03764757649754558,"Taucorr":0.00014358286367692022},"Iteration":936},
{"Acceptance":[0.34782608695652173,0.3695652173913043,0.375,0.4141304347826087,0.4391304347826087,0.45869565217391306,0.4597826086956522,0.483695652173913,0.48641304347826086,0.5081521739130435,0.5570652173913043,0.5429347826086957,0.9565217391304348,0.8804347826086957,0.8369565217391305,0.8369565217391305,0.8152173913043478,0.8586956521739131,0.8260869565217391,0.8152173913043478,0.8586956521739131,0.8152173913043478,0.7608695652173914,0.7391304347826086],"Energy":{"Mean":-70.91531501174929,"Sigma":0.024260274964879255,"Taucorr":0.06320120065476503},"EnergyVariance":{"Mean":0.5973786829861291,"Sigma":0.05175868701257447,"Taucorr":0.0399922694553452},"Iteration":937},
{"Acceptance":[0.325,0.33695652173913043,0.37119565217391304,0.3864130434782609,0.4125,0.44456521739130433,0.4641304347826087,0.45217391304347826,0.4967391304347826,0.5043478260869565,0.5059782608695652,0.5222826086956521,0.8260869565217391,0.8369565217391305,0.8478260869565217,0.8586956521739131,0.8478260869565217,0.8478260869565217,0.8260869565217391,0.75,0.7608695652173914,0.75,0.6521739130434783,0.6086956521739131],"Energy":{"Mean":-70.94602667165961,"Sigma":0.023078187073435754,"Taucorr":0.015394412221931884},"EnergyVariance":{"Mean":0.5810771422453552,"Sigma":0.04562357528313307,"Taucorr":0.025718421317390282},"Iteration":938},
{"Acceptance":[0.3168478260869565,0.34782608695652173,0.39510869565217394,0.3978260869565217,0.41032608695652173,0.45760869565217394,0.45217391304347826,0.4766304347826087,0.48695652173913045,0.5097826086956522,0.49782608695652175,0.5125,0.782608695652174,0.8478260869565217,0.8913043478260869,0.9021739130434783,0.9021739130434783,0.8586956521739131,0.8260869565217391,0.8369565217391305,0.782608695652174,0.6847826086956522,0.6630434782608695,0.6521739130434783],"Energy":{"Mean":-70.96327276187968,"Sigma":0.021419181839614134,"Taucorr":-0.04246696466800141},"EnergyVariance":{"Mean":0.5484939793610734,"Sigma":0.050877823097843444,"Taucorr":0.010098048356015016},"Iteration":939},
{"Acceptance":[0.31521739130434784,0.35978260869565215,0.3701086956521739,0.38804347826086955,0.41358695652173916,0.4467391304347826,0.46902173913043477,0.4771739130434783,0.4842391304347826,0.4885869565217391,0.5244565217391305,0.5320652173913043,0.8043478260869565,0.8152173913043478,0.8043478260869565,0.8369565217391305,0.8804347826086957,0.8804347826086957,0.8260869565217391,0.8152173913043478,0.8478260869565217,0.782608695652174,0.6195652173913043,0.5],"Energy":{"Mean":-70.968453722096,"Sigma":0.02269596731521763,"Taucorr":-0.012389239637672326},"EnergyVariance":{"Mean":0.5759500255227165,"Sigma":0.042417426274744784,"Taucorr":0.0005942925665331384},"Iteration":940},
{"Acceptance":[0.34456521739130436,0.3565217391304348,0.37119565217391304,0.4027173913043478,0.4048913043478261,0.4146739130434783,0.4597826086956522,0.4951086956521739,0.529891304347826,0.48478260869565215,0.5108695652173914,0.5402173913043479,0.8913043478260869,0.8913043478260869,0.8586956521739131,0.8043478260869565,0.7717391304347826,0.8152173913043478,0.9021739130434783,0.8260869565217391,0.717391304347826,0.6847826086956522,0.7282608695652174,0.8043478260869565],"Energy":{"Mean":-70.91040332708259,"Sigma":0.02375494886675775,"Taucorr":0.025398277884347745},"EnergyVariance":{"Mean":0.5798447778734122,"Sigma":0.039662225311490114,"Taucorr":-0.0003773427285741528},"Iteration":941},
{"Acceptance":[0.3065217391304348,0.33152173913043476,0.3766304347826087,0.4081521739130435,0.41032608695652173,0.425,0.475,0.4592391304347826,0.4733695652173913,0.4989130434782609,0.5211956521739131,0.5141304347826087,0.8478260869565217,0.8586956521739131,0.8804347826086957,0.8804347826086957,0.8152173913043478,0.8152173913043478,0.8043478260869565,0.7608695652173914,0.8043478260869565,0.75,0.6956521739130435,0.717391304347826],"Energy":{"Mean":-70.88670373545409,"Sigma":0.020955366010749567,"Taucorr":-0.020029929991504086},"EnergyVariance":{"Mean":0.5019974795047061,"Sigma":0.02937487648809389,"Taucorr":0.01984658551414638},"Iteration":942},
{"Acceptance":[0.3119565217391304,0.33858695652173915,0.36086956521739133,0.37880434782608696,0.4032608695652174,0.41793478260869565,0.46467391304347827,0.4831521739130435,0.49293478260869567,0.5146739130434783,0.5146739130434783,0.5195652173913043,0.8260869565217391,0.8260869565217391,0.7934782608695652,0.8152173913043478,0.8260869565217391,0.7934782608695652,0.8043478260869565,0.7934782608695652,0.782608695652174,0.8043478260869565,0.7282608695652174,0.6304347826086957],"Energy":{"Mean":-70.98127518173624,"Sigma":0.021467143448645722,"Taucorr":-0.03069541859427845},"EnergyVariance":{"Mean":0.5429362109798066,"Sigma":0.048094000883871633,"Taucorr":0.025037022577075987},"Iteration":943},
{"Acceptance":[0.35489130434782606,0.3402173913043478,0.35978260869565215,0.41195652173913044,0.43043478260869567,0.4391304347826087,0.4543478260869565,0.48478260869565215,0.4880434782608696,0.533695652173913,0.5157608695652174,0.5119565217391304,0.8260869565217391,0.8043478260869565,0.8478260869565217,0.9021739130434783,0.8913043478260869,0.8152173913043478,0.8043478260869565,0.8260869565217391,0.8152173913043478,0.75,0.6630434782608695,0.6739130434782609],"Energy":{"Mean":-70.92328019672141,"Sigma":0.02043840354004703,"Taucorr":-0.023036702392039518},"EnergyVariance":{"Mean":0.48765801346286536,"Sigma":0.02993782243935628,"Taucorr":0.04549096519229989},"Iteration":944},
{"Acceptance":[0.3293478260869565,0.35054347826086957,0.3744565217391304,0.3744565217391304,0.4315217391304348,0.43369565217391304,0.46847826086956523,0.46358695652173915,0.4842391304347826,0.48641304347826086,0.5119565217391304,0.5184782608695652,0.8913043478260869,0.8369565217391305,0.8260869565217391,0.8478260869565217,0.8043478260869565,0.782608695652174,0.7934782608695652,0.7934782608695652,0.717391304347826,0.6195652173913043,0.6195652173913043,0.6521739130434783],"Energy":{"Mean":-70.95790596628491,"Sigma":0.02224971603470827,"Taucorr":0.008855612379477275},"EnergyVariance":{"Mean":0.5435115583039171,"Sigma":0.0425714825709804,"Taucorr":0.03576662463810012},"Iteration":945},
{"Acceptance":[0.3527173913043478,0.33369565217391306,0.3630434782608696,0.36630434782608695,0.4125,0.4380434782608696,0.4641304347826087,0.5,0.5103260869565217,0.5190217391304348,0.5451086956521739,0.5478260869565217,0.8478260869565217,0.8913043478260869,0.9239130434782609,0.8695652173913043,0.8260869565217391,0.782608695652174,0.7391304347826086,0.7934782608695652,0.782608695652174,0.7608695652173914,0.6847826086956522,0.5652173913043478],"Energy":{"Mean":-70.91749384466605,"Sigma":0.021098875102489003,"Taucorr":-0.02511173771792065},"EnergyVariance":{"Mean":0.520862681662522,"Sigma":0.03336353888237422,"Taucorr":-0.0033001789302529033},"Iteration":946},
{"Acceptance":[0.34130434782608693,0.35,0.40217391304347827,0.38913043478260867,0.41793478260869565,0.44565217391304346,0.45217391304347826,0.46195652173913043,0.4951086956521739,0.4842391304347826,0.5375,0.5016304347826087,0.8695652173913043,0.8478260869565217,0.8586956521739131,0.8586956521739131,0.8260869565217391,0.782608695652174,0.782608695652174,0.8043478260869565,0.7391304347826086,0.6847826086956522,0.6086956521739131,0.5434782608695652],"Energy":{"Mean":-70.96961567807068,"Sigma":0.02389127438057652,"Taucorr":0.030773336599930385},"EnergyVariance":{"Mean":0.6187203694924127,"Sigma":0.08275942253017039,"Taucorr":0.02733429069850345},"Iteration":947},
{"Acceptance":[0.33152173913043476,0.3467391304347826,0.3793478260869565,0.4,0.4385869565217391,0.4315217391304348,0.4320652173913043,0.4766304347826087,0.5065217391304347,0.5092391304347826,0.4967391304347826,0.5168478260869566,0.8695652173913043,0.8695652173913043,0.8478260869565217,0.8260869565217391,0.8478260869565217,0.8043478260869565,0.75,0.782608695652174,0.7391304347826086,0.6847826086956522,0.6521739130434783,0.6086956521739131],"Energy":{"Mean":-70.96085943341565,"Sigma":0.022191931656981218,"Taucorr":-0.004694571244770229},"EnergyVariance":{"Mean":0.5323644024892219,"Sigma":0.03373156070324949,"Taucorr":0.048361710599602335},"Iteration":948},
{"Acceptance":[0.33315217391304347,0.36086956521739133,0.36195652173913045,0.3739130434782609,0.40380434782608693,0.43043478260869567,0.46195652173913043,0.46141304347826084,0.4989130434782609,0.525,0.48967391304347824,0.5195652173913043,0.8478260869565217,0.8695652173913043,0.8804347826086957,0.8586956521739131,0.8695652173913043,0.8260869565217391,0.782608695652174,0.8260869565217391,0.7391304347826086,0.6847826086956522,0.6739130434782609,0.6086956521739131],"Energy":{"Mean":-70.93116865477175,"Sigma":0.02139468159610639,"Taucorr":-0.011863739756246341},"EnergyVariance":{"Mean":0.5111472988262747,"Sigma":0.03760054415019553,"Taucorr":-0.00917307931612967},"Iteration":949},
{"Acceptance":[0.3293478260869565,0.34293478260869564,0.3755434782608696,0.40652173913043477,0.43478260869565216,0.4375,0.46847826086956523,0.4880434782608696,0.48641304347826086,0.4983695652173913,0.5076086956521739,0.4940217391304348,0.8478260869565217,0.8152173913043478,0.8152173913043478,0.7934782608695652,0.8152173913043478,0.8804347826086957,0.782608695652174,0.7282608695652174,0.8260869565217391,0.8043478260869565,0.5652173913043478,0.41304347826086957],"Energy":{"Mean":-70.95914658001608,"Sigma":0.02287479588756015,"Taucorr":-0.013235152335703436},"EnergyVariance":{"Mean":0.6386763608594027,"Sigma":0.12398232935594004,"Taucorr":0.004323933814509386},"Iteration":950},
{"Acceptance":[0.31956521739130433,0.34402173913043477,0.3625,0.3967391304347826,0.4125,0.4282608695652174,0.46467391304347827,0.48043478260869565,0.5081521739130435,0.5092391304347826,0.5059782608695652,0.5369565217391304,0.8478260869565217,0.8478260869565217,0.8586956521739131,0.7934782608695652,0.7934782608695652,0.8478260869565217,0.8152173913043478,0.8043478260869565,0.7934782608695652,0.75,0.6847826086956522,0.6521739130434783],"Energy":{"Mean":-70.908368818457,"Sigma":0.02188475084584626,"Taucorr":-0.039077405350989296},"EnergyVariance":{"Mean":0.5669162639393394,"Sigma":0.039481965370708944,"Taucorr":0.0026745158836221548},"Iteration":951},
{"Acceptance":[0.3217391304347826,0.3690217391304348,0.3527173913043478,0.39945652173913043,0.4092391304347826,0.4472826086956522,0.46467391304347827,0.4782608695652174,0.4951086956521739,0.5081521739130435,0.5233695652173913,0.5472826086956522,0.8043478260869565,0.8260869565217391,0.8369565217391305,0.8043478260869565,0.8369565217391305,0.8043478260869565,0.8043478260869565,0.8260869565217391,0.782608695652174,0.6847826086956522,0.6086956521739131,0.6521739130434783],"Energy":{"Mean":-70.935453255686,"Sigma":0.018597695277879796,"Taucorr":-0.04319355424775009},"EnergyVariance":{"Mean":0.4288146594458995,"Sigma":0.033366871071724875,"Taucorr":0.005497577334496319},"Iteration":952},
{"Acceptance":[0.32119565217391305,0.3581521739130435,0.35543478260869565,0.3869565217391304,0.41032608695652173,0.44565217391304346,0.4717391304347826,0.4885869565217391,0.4945652173913043,0.5163043478260869,0.5081521739130435,0.5548913043478261,0.9130434782608695,0.8913043478260869,0.8586956521739131,0.8804347826086957,0.8695652173913043,0.7934782608695652,0.8260869565217391,0.7717391304347826,0.7608695652173914,0.7717391304347826,0.7065217391304348,0.7391304347826086],"Energy":{"Mean":-70.97093485207375,"Sigma":0.023015806816692495,"Taucorr":0.007954318814873107},"EnergyVariance":{"Mean":0.551318865643907,"Sigma":0.04059113517860879,"Taucorr":0.01560755781567179},"Iteration":953},
{"Acceptance":[0.34456521739130436,0.3418478260869565,0.3760869565217391,0.37771739130434784,0.42282608695652174,0.4369565217391304,0.4472826086956522,0.4483695652173913,0.48967391304347824,0.5239130434782608,0.5010869565217392,0.5461956521739131,0.8260869565217391,0.8152173913043478,0.8260869565217391,0.8586956521739131,0.8695652173913043,0.782608695652174,0.7608695652173914,0.782608695652174,0.7608695652173914,0.6847826086956522,0.6413043478260869,0.6956521739130435],"Energy":{"Mean":-70.9136127562756,"Sigma":0.02044797622114877,"Taucorr":-0.003932923415867438},"EnergyVariance":{"Mean":0.4722726960262293,"Sigma":0.027568619990150717,"Taucorr":0.0035432150913173727},"Iteration":954},
{"Acceptance":[0.32065217391304346,0.34891304347826085,0.3717391304347826,0.41304347826086957,0.42717391304347824,0.43532608695652175,0.44130434782608696,0.5048913043478261,0.47934782608695653,0.4967391304347826,0.5184782608695652,0.5152173913043478,0.8260869565217391,0.8586956521739131,0.8586956521739131,0.8478260869565217,0.8695652173913043,0.8695652173913043,0.7934782608695652,0.782608695652174,0.75,0.7282608695652174,0.6413043478260869,0.4782608695652174],"Energy":{"Mean":-70.91703710277012,"Sigma":0.02084782372901968,"Taucorr":-0.01578121836569308},"EnergyVariance":{"Mean":0.4982793765794636,"Sigma":0.028112164158741616,"Taucorr":0.004515092571121583},"Iteration":955},
{"Acceptance":[0.3114130434782609,0.33369565217391306,0.3978260869565217,0.3842391304347826,0.4266304347826087,0.4391304347826087,0.4771739130434783,0.48586956521739133,0.4815217391304348,0.5043478260869565,0.5266304347826087,0.5358695652173913,0.9130434782608695,0.8695652173913043,0.8260869565217391,0.8043478260869565,0.8369565217391305,0.8586956521739131,0.8478260869565217,0.8369565217391305,0.782608695652174,0.6630434782608695,0.6521739130434783,0.7391304347826086],"Energy":{"Mean":-70.97449681919669,"Sigma":0.022414514042745592,"Taucorr":0.025443096425107867},"EnergyVariance":{"Mean":0.5268835929771721,"Sigma":0.03690583993934169,"Taucorr":-0.018017452610691133},"Iteration":956},
{"Acceptance":[0.31521739130434784,0.3701086956521739,0.36793478260869567,0.4255434782608696,0.42391304347826086,0.4434782608695652,0.4380434782608696,0.4902173913043478,0.5048913043478261,0.5010869565217392,0.5070652173913044,0.4891304347826087,0.8695652173913043,0.8152173913043478,0.7608695652173914,0.8152173913043478,0.8695652173913043,0.8478260869565217,0.8478260869565217,0.8260869565217391,0.8152173913043478,0.782608695652174,0.5978260869565217,0.4782608695652174],"Energy":{"Mean":-70.94558611613795,"Sigma":0.022289632516281768,"Taucorr":0.005007116364528802},"EnergyVariance":{"Mean":0.5586821980280933,"Sigma":0.044711468837049385,"Taucorr":-0.023913787890317773},"Iteration":957},
{"Acceptance":[0.33260869565217394,0.34130434782608693,0.37880434782608696,0.4032608695652174,0.41847826086956524,0.4331521739130435,0.4641304347826087,0.4608695652173913,0.5152173913043478,0.4923913043478261,0.5135869565217391,0.5445652173913044,0.8913043478260869,0.8478260869565217,0.8369565217391305,0.8152173913043478,0.7934782608695652,0.8478260869565217,0.8260869565217391,0.8043478260869565,0.7717391304347826,0.7391304347826086,0.7717391304347826,0.782608695652174],"Energy":{"Mean":-70.98491124808287,"Sigma":0.022909565194665412,"Taucorr":0.01975113256206628},"EnergyVariance":{"Mean":0.5573824123066314,"Sigma":0.036687491714293495,"Taucorr":0.002129030301156104},"Iteration":958},
{"Acceptance":[0.33641304347826084,0.3423913043478261,0.3815217391304348,0.3864130434782609,0.41793478260869565,0.4277173913043478,0.4668478260869565,0.4907608695652174,0.47880434782608694,0.48695652173913045,0.5179347826086956,0.5168478260869566,0.9347826086956522,0.8260869565217391,0.8043478260869565,0.8695652173913043,0.8695652173913043,0.8369565217391305,0.8260869565217391,0.8152173913043478,0.75,0.7065217391304348,0.7065217391304348,0.7391304347826086],"Energy":{"Mean":-70.9095195879098,"Sigma":0.0229480067647707,"Taucorr":0.0019753405245819624},"EnergyVariance":{"Mean":0.566678175461183,"Sigma":0.04538960365145787,"Taucorr":-0.02282556825938038},"Iteration":959},
{"Acceptance":[0.33858695652173915,0.34456521739130436,0.3733695652173913,0.38804347826086955,0.41956521739130437,0.4369565217391304,0.4592391304347826,0.47608695652173916,0.4956521739130435,0.5135869565217391,0.4983695652173913,0.5173913043478261,0.8043478260869565,0.7934782608695652,0.782608695652174,0.8369565217391305,0.8586956521739131,0.8043478260869565,0.8152173913043478,0.7934782608695652,0.7608695652173914,0.782608695652174,0.6630434782608695,0.5434782608695652],"Energy":{"Mean":-70.9650665619552,"Sigma":0.021978011800410025,"Taucorr":0.021098730380149894},"EnergyVariance":{"Mean":0.5103979578312036,"Sigma":0.02956244545735008,"Taucorr":-0.0031515864333105173},"Iteration":960},
{"Acceptance":[0.32717391304347826,0.34619565217391307,0.3744565217391304,0.39402173913043476,0.4146739130434783,0.41956521739130437,0.4597826086956522,0.48586956521739133,0.5021739130434782,0.48206521739130437,0.5141304347826087,0.5190217391304348,0.8695652173913043,0.8369565217391305,0.8586956521739131,0.8804347826086957,0.8369565217391305,0.8260869565217391,0.8152173913043478,0.7717391304347826,0.75,0.7391304347826086,0.6956521739130435,0.6739130434782609],"Energy":{"Mean":-70.96703110942421,"Sigma":0.020370407403468228,"Taucorr":-0.008022931609400118},"EnergyVariance":{"Mean":0.4716297677434384,"Sigma":0.04992319611252132,"Taucorr":-0.018804109131685145},"Iteration":961},
{"Acceptance":[0.35054347826086957,0.36630434782608695,0.36086956521739133,0.3983695652173913,0.41847826086956524,0.4282608695652174,0.4543478260869565,0.46195652173913043,0.47554347826086957,0.503804347826087,0.525,0.5255434782608696,0.9130434782608695,0.9130434782608695,0.8695652173913043,0.8260869565217391,0.8043478260869565,0.8478260869565217,0.8586956521739131,0.7934782608695652,0.7608695652173914,0.717391304347826,0.6847826086956522,0.6739130434782609],"Energy":{"Mean":-70.92611909157587,"Sigma":0.022298378417375933,"Taucorr":0.02941722514549634},"EnergyVariance":{"Mean":0.5322297505807247,"Sigma":0.0337212082634011,"Taucorr":0.011698740800352443},"Iteration":962},
{"Acceptance":[0.32065217391304346,0.3625,0.3684782608695652,0.4141304347826087,0.4146739130434783,0.43043478260869567,0.45869565217391306,0.47445652173913044,0.4945652173913043,0.528804347826087,0.5206521739130435,0.48641304347826086,0.8913043478260869,0.8478260869565217,0.7934782608695652,0.7934782608695652,0.8043478260869565,0.8369565217391305,0.8260869565217391,0.75,0.6956521739130435,0.7065217391304348,0.6521739130434783,0.5652173913043478],"Energy":{"Mean":-70.9344956498331,"Sigma":0.02350791368755115,"Taucorr":0.012718268511572919},"EnergyVariance":{"Mean":0.5837741822499181,"Sigma":0.059302824751376854,"Taucorr":0.0289892841820463},"Iteration":963},
{"Acceptance":[0.3244565217391304,0.36467391304347824,0.40217391304347827,0.41032608695652173,0.4277173913043478,0.4326086956521739,0.4603260869565217,0.46956521739130436,0.4782608695652174,0.48695652173913045,0.5184782608695652,0.5179347826086956,0.9130434782608695,0.9130434782608695,0.8369565217391305,0.8586956521739131,0.8913043478260869,0.8369565217391305,0.8369565217391305,0.7608695652173914,0.717391304347826,0.7065217391304348,0.5543478260869565,0.43478260869565216],"Energy":{"Mean":-70.97420565647218,"Sigma":0.021523034074401842,"Taucorr":0.012133464235356236},"EnergyVariance":{"Mean":0.500257218667094,"Sigma":0.03874151178064546,"Taucorr":-0.01864098452256586},"Iteration":964},
{"Acceptance":[0.3119565217391304,0.3467391304347826,0.35489130434782606,0.375,0.4358695652173913,0.4385869565217391,0.4597826086956522,0.4597826086956522,0.4967391304347826,0.5103260869565217,0.5141304347826087,0.5364130434782609,0.8478260869565217,0.8260869565217391,0.8478260869565217,0.8695652173913043,0.8478260869565217,0.8260869565217391,0.8043478260869565,0.7608695652173914,0.7282608695652174,0.7391304347826086,0.6521739130434783,0.5652173913043478],"Energy":{"Mean":-70.93242808986845,"Sigma":0.021430192522423813,"Taucorr":-0.02100227323107857},"EnergyVariance":{"Mean":0.5240621466219485,"Sigma":0.034983050751864295,"Taucorr":-0.03035851414065538},"Iteration":965},
{"Acceptance":[0.3402173913043478,0.35,0.358695652173913,0.3842391304347826,0.41630434782608694,0.4277173913043478,0.4494565217391304,0.4701086956521739,0.5108695652173914,0.4891304347826087,0.5092391304347826,0.5206521739130435,0.8478260869565217,0.7934782608695652,0.7717391304347826,0.8260869565217391,0.8152173913043478,0.8369565217391305,0.8260869565217391,0.7608695652173914,0.782608695652174,0.75,0.6195652173913043,0.5434782608695652],"Energy":{"Mean":-70.93059936675813,"Sigma":0.022826377811569862,"Taucorr":-0.00035715209206252835},"EnergyVariance":{"Mean":0.5869986157534397,"Sigma":0.04039167637987139,"Taucorr":-0.026688724547925508},"Iteration":966},
{"Acceptance":[0.32717391304347826,0.3456521739130435,0.35,0.36141304347826086,0.4146739130434783,0.4255434782608696,0.45652173913043476,0.4885869565217391,0.5032608695652174,0.5114130434782609,0.5119565217391304,0.5315217391304348,0.9130434782608695,0.9021739130434783,0.9130434782608695,0.9239130434782609,0.8804347826086957,0.8260869565217391,0.8369565217391305,0.8043478260869565,0.75,0.6956521739130435,0.717391304347826,0.8043478260869565],"Energy":{"Mean":-70.94370424843953,"Sigma":0.02201557311535741,"Taucorr":0.02387051619246358},"EnergyVariance":{"Mean":0.5015736283533335,"Sigma":0.03382168414595778,"Taucorr":0.008460829943490457},"Iteration":967},
{"Acceptance":[0.3135869565217391,0.3641304347826087,0.3684782608695652,0.4027173913043478,0.40543478260869564,0.46141304347826084,0.4548913043478261,0.45217391304347826,0.508695652173913,0.5163043478260869,0.5141304347826087,0.5048913043478261,0.7608695652173914,0.8152173913043478,0.8695652173913043,0.9021739130434783,0.8913043478260869,0.8369565217391305,0.8152173913043478,0.7717391304347826,0.6847826086956522,0.7608695652173914,0.7065217391304348,0.5217391304347826],"Energy":{"Mean":-70.93217987318219,"Sigma":0.02291501311694313,"Taucorr":0.006042231071325771},"EnergyVariance":{"Mean":0.573318395337744,"Sigma":0.04780153283182948,"Taucorr":-0.0009050262231778591},"Iteration":968},
{"Acceptance":[0.31032608695652175,0.3375,0.3673913043478261,0.3983695652173913,0.41793478260869565,0.4266304347826087,0.4673913043478261,0.47554347826086957,0.49293478260869567,0.5092391304347826,0.5239130434782608,0.4945652173913043,0.8913043478260869,0.9130434782608695,0.8913043478260869,0.8369565217391305,0.782608695652174,0.8043478260869565,0.8369565217391305,0.8043478260869565,0.7282608695652174,0.6630434782608695,0.6847826086956522,0.6956521739130435],"Energy":{"Mean":-70.9275640729273,"Sigma":0.022483273735168573,"Taucorr":-0.010062672754093623},"EnergyVariance":{"Mean":0.5785845305805006,"Sigma":0.04058951222779316,"Taucorr":-0.03321946832927171},"Iteration":969},
{"Acceptance":[0.3565217391304348,0.33641304347826084,0.38315217391304346,0.3809782608695652,0.41847826086956524,0.4440217391304348,0.4603260869565217,0.48695652173913045,0.4940217391304348,0.5244565217391305,0.5233695652173913,0.5271739130434783,0.8478260869565217,0.8369565217391305,0.8695652173913043,0.9021739130434783,0.8369565217391305,0.8043478260869565,0.7391304347826086,0.7391304347826086,0.8152173913043478,0.8152173913043478,0.6956521739130435,0.5652173913043478],"Energy":{"Mean":-70.94962464462456,"Sigma":0.022950942403111185,"Taucorr":0.036645816455765416},"EnergyVariance":{"Mean":0.5426527219303532,"Sigma":0.0452159999674448,"Taucorr":0.03767543486015346},"Iteration":970},
{"Acceptance":[0.3407608695652174,0.3358695652173913,0.38804347826086955,0.3826086956521739,0.43369565217391304,0.4282608695652174,0.4532608695652174,0.4885869565217391,0.483695652173913,0.5097826086956522,0.5309782608695652,0.5282608695652173,0.9130434782608695,0.8478260869565217,0.7934782608695652,0.8260869565217391,0.8695652173913043,0.8913043478260869,0.8804347826086957,0.7717391304347826,0.7608695652173914,0.7065217391304348,0.6304347826086957,0.6956521739130435],"Energy":{"Mean":-70.92454026519131,"Sigma":0.02142107550227576,"Taucorr":-0.02156452793861342},"EnergyVariance":{"Mean":0.5326436073438311,"Sigma":0.03614091529275714,"Taucorr":-0.021399844833000312},"Iteration":971},
{"Acceptance":[0.3114130434782609,0.34293478260869564,0.3641304347826087,0.39891304347826084,0.4277173913043478,0.45108695652173914,0.46793478260869564,0.5043478260869565,0.5059782608695652,0.5260869565217391,0.528804347826087,0.533695652173913,0.7608695652173914,0.8043478260869565,0.8478260869565217,0.8369565217391305,0.8260869565217391,0.7934782608695652,0.8260869565217391,0.8695652173913043,0.8586956521739131,0.7608695652173914,0.6847826086956522,0.717391304347826],"Energy":{"Mean":-70.92741843229386,"Sigma":0.021956135472135388,"Taucorr":0.018078611430755568},"EnergyVariance":{"Mean":0.5197690852789617,"Sigma":0.04084995022446266,"Taucorr":-0.0036876067464698217},"Iteration":972},
{"Acceptance":[0.3108695652173913,0.33695652173913043,0.35543478260869565,0.39510869565217394,0.40652173913043477,0.4331521739130435,0.4548913043478261,0.48043478260869565,0.5065217391304347,0.49130434782608695,0.5690217391304347,0.5315217391304348,0.8260869565217391,0.782608695652174,0.7934782608695652,0.8913043478260869,0.8804347826086957,0.8260869565217391,0.782608695652174,0.8260869565217391,0.8152173913043478,0.75,0.6521739130434783,0.5217391304347826],"Energy":{"Mean":-70.92971183125822,"Sigma":0.021675193428063955,"Taucorr":0.022259741950838612},"EnergyVariance":{"Mean":0.511793344734594,"Sigma":0.03623856489539038,"Taucorr":0.021314775618361665},"Iteration":973},
{"Acceptance":[0.3402173913043478,0.34891304347826085,0.3706521739130435,0.38369565217391305,0.4260869565217391,0.4543478260869565,0.45760869565217394,0.4885869565217391,0.49130434782608695,0.5228260869565218,0.5293478260869565,0.5260869565217391,0.8695652173913043,0.8913043478260869,0.9021739130434783,0.8260869565217391,0.7717391304347826,0.782608695652174,0.8043478260869565,0.8369565217391305,0.7934782608695652,0.75,0.7282608695652174,0.6956521739130435],"Energy":{"Mean":-70.95026033231515,"Sigma":0.021353319714088836,"Taucorr":0.009787601408449913},"EnergyVariance":{"Mean":0.5036503681960461,"Sigma":0.031385620868801437,"Taucorr":-0.005538370839910084},"Iteration":974},
{"Acceptance":[0.3173913043478261,0.3358695652173913,0.375,0.39565217391304347,0.4206521739130435,0.45760869565217394,0.4673913043478261,0.4668478260869565,0.4956521739130435,0.4983695652173913,0.5043478260869565,0.5130434782608696,0.717391304347826,0.782608695652174,0.8478260869565217,0.9021739130434783,0.9239130434782609,0.8369565217391305,0.7934782608695652,0.7391304347826086,0.7391304347826086,0.7282608695652174,0.6630434782608695,0.6739130434782609],"Energy":{"Mean":-70.9800186737946,"Sigma":0.0212910753639378,"Taucorr":0.003676784599810324},"EnergyVariance":{"Mean":0.5073524375824963,"Sigma":0.04027066024618375,"Taucorr":-0.005966362798709671},"Iteration":975},
{"Acceptance":[0.33858695652173915,0.35054347826086957,0.3760869565217391,0.38804347826086955,0.4032608695652174,0.4255434782608696,0.45869565217391306,0.46902173913043477,0.49184782608695654,0.5173913043478261,0.5239130434782608,0.5342391304347827,0.8913043478260869,0.8260869565217391,0.8260869565217391,0.8586956521739131,0.7934782608695652,0.8043478260869565,0.782608695652174,0.7934782608695652,0.8586956521739131,0.8152173913043478,0.6413043478260869,0.5],"Energy":{"Mean":-70.9461847377059,"Sigma":0.02076319019800216,"Taucorr":-0.023473650865063464},"EnergyVariance":{"Mean":0.5075282640243801,"Sigma":0.029054210517728194,"Taucorr":0.018987711088691638},"Iteration":976},
{"Acceptance":[0.29456521739130437,0.3532608695652174,0.36032608695652174,0.40869565217391307,0.42336956521739133,0.43369565217391304,0.47608695652173916,0.4771739130434783,0.5027173913043478,0.5016304347826087,0.5108695652173914,0.529891304347826,0.8260869565217391,0.7934782608695652,0.8152173913043478,0.8043478260869565,0.7717391304347826,0.8260869565217391,0.8369565217391305,0.7717391304347826,0.7391304347826086,0.7391304347826086,0.7391304347826086,0.7608695652173914],"Energy":{"Mean":-70.94493075822383,"Sigma":0.021530176208405787,"Taucorr":0.029750912584241968},"EnergyVariance":{"Mean":0.49222867625311784,"Sigma":0.033371262160021196,"Taucorr":0.010871127184544931},"Iteration":977},
{"Acceptance":[0.34456521739130436,0.358695652173913,0.3918478260869565,0.42228260869565215,0.4157608695652174,0.4380434782608696,0.42880434782608695,0.46902173913043477,0.4706521739130435,0.48478260869565215,0.5282608695652173,0.5527173913043478,0.8043478260869565,0.8369565217391305,0.8369565217391305,0.8369565217391305,0.8695652173913043,0.8369565217391305,0.75,0.75,0.75,0.75,0.7391304347826086,0.6739130434782609],"Energy":{"Mean":-70.94429224048342,"Sigma":0.021436094130102324,"Taucorr":-0.008668041784977374},"EnergyVariance":{"Mean":0.5230786422581964,"Sigma":0.034921207792683796,"Taucorr":0.028516925647167828},"Iteration":978},
{"Acceptance":[0.3375,0.36630434782608695,0.3625,0.39510869565217394,0.4255434782608696,0.41684782608695653,0.44782608695652176,0.46195652173913043,0.49293478260869567,0.49184782608695654,0.5217391304347826,0.5331521739130435,0.9130434782608695,0.9021739130434783,0.8260869565217391,0.8260869565217391,0.8913043478260869,0.7717391304347826,0.782608695652174,0.8695652173913043,0.7065217391304348,0.6956521739130435,0.75,0.6956521739130435],"Energy":{"Mean":-70.94896504752177,"Sigma":0.021900960093386098,"Taucorr":-0.0015657101164130345},"EnergyVariance":{"Mean":0.5487509546512338,"Sigma":0.04633761754518148,"Taucorr":0.024893547779620356},"Iteration":979},
{"Acceptance":[0.32065217391304346,0.3521739130434783,0.36086956521739133,0.38913043478260867,0.4309782608695652,0.4277173913043478,0.4380434782608696,0.5010869565217392,0.49293478260869567,0.5184782608695652,0.528804347826087,0.5293478260869565,0.8478260869565217,0.8913043478260869,0.8478260869565217,0.8478260869565217,0.8804347826086957,0.8369565217391305,0.8478260869565217,0.8152173913043478,0.782608695652174,0.7608695652173914,0.6847826086956522,0.6304347826086957],"Energy":{"Mean":-70.95002039156549,"Sigma":0.023598093034503356,"Taucorr":-0.010677539164071432},"EnergyVariance":{"Mean":0.6219304212934388,"Sigma":0.051588338071990474,"Taucorr":0.0474203502835838},"Iteration":980},
{"Acceptance":[0.3233695652173913,0.3701086956521739,0.3804347826086957,0.3918478260869565,0.4027173913043478,0.4298913043478261,0.4701086956521739,0.48532608695652174,0.48967391304347824,0.5211956521739131,0.4956521739130435,0.5233695652173913,0.8695652173913043,0.9130434782608695,0.8478260869565217,0.8043478260869565,0.7717391304347826,0.6956521739130435,0.782608695652174,0.8260869565217391,0.7282608695652174,0.6630434782608695,0.6630434782608695,0.6521739130434783],"Energy":{"Mean":-70.96142873514746,"Sigma":0.021471299824413204,"Taucorr":-0.0038602544959821217},"EnergyVariance":{"Mean":0.510424348920991,"Sigma":0.03868326737893207,"Taucorr":0.013435249676577747},"Iteration":981},
{"Acceptance":[0.32282608695652176,0.35380434782608694,0.3798913043478261,0.39402173913043476,0.4157608695652174,0.44619565217391305,0.47391304347826085,0.4608695652173913,0.4934782608695652,0.4994565217391304,0.5054347826086957,0.5195652173913043,0.8913043478260869,0.8586956521739131,0.8478260869565217,0.8695652173913043,0.8695652173913043,0.8152173913043478,0.782608695652174,0.7608695652173914,0.7065217391304348,0.717391304347826,0.6739130434782609,0.6086956521739131],"Energy":{"Mean":-70.92642205819807,"Sigma":0.023144138991744112,"Taucorr":-0.0023903959242245593},"EnergyVariance":{"Mean":0.5813661714032994,"Sigma":0.040366642121687495,"Taucorr":0.03881035437122695},"Iteration":982},
{"Acceptance":[0.31956521739130433,0.35108695652173916,0.3760869565217391,0.3967391304347826,0.4331521739130435,0.4331521739130435,0.46630434782608693,0.46195652173913043,0.48695652173913045,0.5108695652173914,0.528804347826087,0.5516304347826086,0.782608695652174,0.8043478260869565,0.8695652173913043,0.8804347826086957,0.8260869565217391,0.8043478260869565,0.8152173913043478,0.7934782608695652,0.75,0.6847826086956522,0.6304347826086957,0.6304347826086957],"Energy":{"Mean":-70.93649540950916,"Sigma":0.022077996483797352,"Taucorr":0.016376313248980038},"EnergyVariance":{"Mean":0.5255536429758497,"Sigma":0.03613937152528298,"Taucorr":-0.014628728361026723},"Iteration":983},
{"Acceptance":[0.33206521739130435,0.35108695652173916,0.3826086956521739,0.38315217391304346,0.3934782608695652,0.45543478260869563,0.44456521739130433,0.5005434782608695,0.4722826086956522,0.508695652173913,0.528804347826087,0.525,0.9782608695652174,0.8695652173913043,0.8260869565217391,0.8260869565217391,0.75,0.8260869565217391,0.8043478260869565,0.7391304347826086,0.7391304347826086,0.7391304347826086,0.6739130434782609,0.5652173913043478],"Energy":{"Mean":-70.94189119205045,"Sigma":0.023448862700623265,"Taucorr":0.00543389082702873},"EnergyVariance":{"Mean":0.5971574566758849,"Sigma":0.04347767027965771,"Taucorr":-0.017490331472846794},"Iteration":984},
{"Acceptance":[0.3282608695652174,0.3456521739130435,0.38967391304347826,0.3934782608695652,0.40706521739130436,0.42717391304347824,0.4429347826086957,0.4842391304347826,0.46304347826086956,0.5076086956521739,0.4994565217391304,0.5440217391304348,0.8478260869565217,0.8260869565217391,0.8260869565217391,0.8152173913043478,0.8478260869565217,0.8152173913043478,0.782608695652174,0.8586956521739131,0.8152173913043478,0.75,0.75,0.7608695652173914],"Energy":{"Mean":-70.96852716397613,"Sigma":0.02214744315615165,"Taucorr":0.010540590063223831},"EnergyVariance":{"Mean":0.5467270072497088,"Sigma":0.0426596254934696,"Taucorr":0.03882092114430753},"Iteration":985},
{"Acceptance":[0.32608695652173914,0.3407608695652174,0.37282608695652175,0.4043478260869565,0.41684782608695653,0.42717391304347824,0.453804347826087,0.46847826086956523,0.5016304347826087,0.5163043478260869,0.5260869565217391,0.5190217391304348,0.8478260869565217,0.8695652173913043,0.8586956521739131,0.8369565217391305,0.8152173913043478,0.782608695652174,0.8369565217391305,0.8586956521739131,0.7717391304347826,0.75,0.6739130434782609,0.5652173913043478],"Energy":{"Mean":-70.96083417394384,"Sigma":0.020279084087723744,"Taucorr":-0.0030010254285710003},"EnergyVariance":{"Mean":0.47202529151288,"Sigma":0.04567391084285666,"Taucorr":-0.038432830672244796},"Iteration":986},
{"Acceptance":[0.3190217391304348,0.3532608695652174,0.38315217391304346,0.3804347826086957,0.41195652173913044,0.4472826086956522,0.46358695652173915,0.4880434782608696,0.5,0.4875,0.5228260869565218,0.5201086956521739,0.8478260869565217,0.8586956521739131,0.8913043478260869,0.8478260869565217,0.7717391304347826,0.8478260869565217,0.8913043478260869,0.7717391304347826,0.7717391304347826,0.8478260869565217,0.717391304347826,0.5869565217391305],"Energy":{"Mean":-70.96416336145674,"Sigma":0.02104616606522897,"Taucorr":0.004729625686290195},"EnergyVariance":{"Mean":0.48757048501192274,"Sigma":0.027051689758921804,"Taucorr":-0.010086489139145333},"Iteration":987},
{"Acceptance":[0.3168478260869565,0.33206521739130435,0.3934782608695652,0.39456521739130435,0.41793478260869565,0.43478260869565216,0.4489130434782609,0.46358695652173915,0.49130434782608695,0.5081521739130435,0.5141304347826087,0.5157608695652174,0.8478260869565217,0.8695652173913043,0.8478260869565217,0.8478260869565217,0.8913043478260869,0.8478260869565217,0.7065217391304348,0.7065217391304348,0.782608695652174,0.7608695652173914,0.6413043478260869,0.5217391304347826],"Energy":{"Mean":-70.95050845676009,"Sigma":0.022293772908164904,"Taucorr":-0.00956947826236274},"EnergyVariance":{"Mean":0.5474979291133212,"Sigma":0.041831144790670516,"Taucorr":0.03014218861128277},"Iteration":988},
{"Acceptance":[0.33858695652173915,0.3423913043478261,0.37717391304347825,0.41195652173913044,0.4260869565217391,0.43967391304347825,0.4706521739130435,0.46956521739130436,0.5092391304347826,0.5195652173913043,0.5114130434782609,0.5375,0.8478260869565217,0.8043478260869565,0.75,0.8043478260869565,0.9021739130434783,0.8804347826086957,0.8695652173913043,0.8695652173913043,0.782608695652174,0.717391304347826,0.6630434782608695,0.6304347826086957],"Energy":{"Mean":-70.9411656366279,"Sigma":0.022868861039655883,"Taucorr":0.011142059349961259},"EnergyVariance":{"Mean":0.5534532709074568,"Sigma":0.049842050952817706,"Taucorr":0.0018056660654457459},"Iteration":989},
{"Acceptance":[0.328804347826087,0.35978260869565215,0.3690217391304348,0.42282608695652174,0.4467391304347826,0.4423913043478261,0.45163043478260867,0.4701086956521739,0.48695652173913045,0.5179347826086956,0.5168478260869566,0.5527173913043478,0.8260869565217391,0.8695652173913043,0.8695652173913043,0.8478260869565217,0.8369565217391305,0.8478260869565217,0.8369565217391305,0.782608695652174,0.8260869565217391,0.8152173913043478,0.717391304347826,0.6739130434782609],"Energy":{"Mean":-70.89528658709895,"Sigma":0.020822897605155422,"Taucorr":-0.0005388972004329445},"EnergyVariance":{"Mean":0.4918068945117322,"Sigma":0.030006398221950115,"Taucorr":0.01798077587034583},"Iteration":990},
{"Acceptance":[0.33260869565217394,0.37228260869565216,0.38967391304347826,0.375,0.42228260869565215,0.42336956521739133,0.4472826086956522,0.45706521739130435,0.4940217391304348,0.4989130434782609,0.5304347826086957,0.5233695652173913,0.9347826086956522,0.8913043478260869,0.8586956521739131,0.8260869565217391,0.8152173913043478,0.8695652173913043,0.8043478260869565,0.75,0.8260869565217391,0.8478260869565217,0.7065217391304348,0.5869565217391305],"Energy":{"Mean":-70.96537168200423,"Sigma":0.02149297105360815,"Taucorr":-0.00011375867153832116},"EnergyVariance":{"Mean":0.5032402404756798,"Sigma":0.03375346549566683,"Taucorr":0.034030801166776946},"Iteration":991},
{"Acceptance":[0.3309782608695652,0.35489130434782606,0.3690217391304348,0.3858695652173913,0.4125,0.42282608695652174,0.45543478260869563,0.4782608695652174,0.48586956521739133,0.5010869565217392,0.5163043478260869,0.5369565217391304,0.782608695652174,0.8586956521739131,0.9021739130434783,0.8043478260869565,0.7282608695652174,0.7717391304347826,0.7934782608695652,0.8043478260869565,0.7934782608695652,0.7608695652173914,0.6956521739130435,0.6086956521739131],"Energy":{"Mean":-70.93587145107898,"Sigma":0.02301409457493032,"Taucorr":-0.029125471864485303},"EnergyVariance":{"Mean":0.6351361014471238,"Sigma":0.045641493994153126,"Taucorr":-0.006530302994256265},"Iteration":992},
{"Acceptance":[0.35489130434782606,0.3625,0.3739130434782609,0.38913043478260867,0.4043478260869565,0.4423913043478261,0.4608695652173913,0.47608695652173916,0.47880434782608694,0.5027173913043478,0.5135869565217391,0.5467391304347826,0.8260869565217391,0.8478260869565217,0.8913043478260869,0.9130434782608695,0.8804347826086957,0.7934782608695652,0.7934782608695652,0.8152173913043478,0.7934782608695652,0.782608695652174,0.6956521739130435,0.6304347826086957],"Energy":{"Mean":-70.9444261362528,"Sigma":0.023541842541216624,"Taucorr":0.005935238843505307},"EnergyVariance":{"Mean":0.610370411389343,"Sigma":0.0498960244284967,"Taucorr":0.04237480166221377},"Iteration":993},
{"Acceptance":[0.3141304347826087,0.3483695652173913,0.37717391304347825,0.3864130434782609,0.41304347826086957,0.4277173913043478,0.4592391304347826,0.4722826086956522,0.47880434782608694,0.48641304347826086,0.5097826086956522,0.525,0.8043478260869565,0.8804347826086957,0.8913043478260869,0.8586956521739131,0.8478260869565217,0.8152173913043478,0.7717391304347826,0.7608695652173914,0.7608695652173914,0.7391304347826086,0.7065217391304348,0.6521739130434783],"Energy":{"Mean":-70.9245674246049,"Sigma":0.02354957781134037,"Taucorr":0.015964304469993463},"EnergyVariance":{"Mean":0.5972067788773712,"Sigma":0.05068188626718345,"Taucorr":-0.018245183217851166},"Iteration":994},
{"Acceptance":[0.3184782608695652,0.358695652173913,0.36793478260869567,0.391304347826087,0.40380434782608693,0.46141304347826084,0.4472826086956522,0.45815217391304347,0.48478260869565215,0.508695652173913,0.5195652173913043,0.5364130434782609,0.8260869565217391,0.8260869565217391,0.8586956521739131,0.9130434782608695,0.8478260869565217,0.7717391304347826,0.7717391304347826,0.8043478260869565,0.7934782608695652,0.7608695652173914,0.75,0.717391304347826],"Energy":{"Mean":-70.95848666189328,"Sigma":0.02415114153709771,"Taucorr":0.017414961601452613},"EnergyVariance":{"Mean":0.6249559135863082,"Sigma":0.04193618559489725,"Taucorr":0.02250273209779576},"Iteration":995},
{"Acceptance":[0.34619565217391307,0.34782608695652173,0.35597826086956524,0.3858695652173913,0.4206521739130435,0.44021739130434784,0.4451086956521739,0.4951086956521739,0.5005434782608695,0.4722826086956522,0.5027173913043478,0.5342391304347827,0.8913043478260869,0.8804347826086957,0.8695652173913043,0.8913043478260869,0.8695652173913043,0.8152173913043478,0.782608695652174,0.7934782608695652,0.7282608695652174,0.6739130434782609,0.6195652173913043,0.5217391304347826],"Energy":{"Mean":-70.94933232531054,"Sigma":0.023352030493241634,"Taucorr":-0.024218877292890604},"EnergyVariance":{"Mean":0.631454140162044,"Sigma":0.06220191018824798,"Taucorr":0.021294679835652974},"Iteration":996},
{"Acceptance":[0.3342391304347826,0.33260869565217394,0.3869565217391304,0.39619565217391306,0.4217391304347826,0.4423913043478261,0.46902173913043477,0.4733695652173913,0.5168478260869566,0.5293478260869565,0.5293478260869565,0.5342391304347827,0.8478260869565217,0.8478260869565217,0.8478260869565217,0.8260869565217391,0.8695652173913043,0.8478260869565217,0.8152173913043478,0.8695652173913043,0.8043478260869565,0.7391304347826086,0.6956521739130435,0.6521739130434783],"Energy":{"Mean":-70.94975941555249,"Sigma":0.021010662844972508,"Taucorr":0.013491020455705825},"EnergyVariance":{"Mean":0.4879663616002438,"Sigma":0.03811133062728768,"Taucorr":0.025654395331132996},"Iteration":997},
{"Acceptance":[0.3070652173913043,0.33152173913043476,0.38804347826086955,0.4081521739130435,0.40108695652173915,0.42282608695652174,0.45760869565217394,0.4994565217391304,0.49293478260869567,0.5119565217391304,0.5070652173913044,0.5092391304347826,0.8478260869565217,0.8043478260869565,0.8152173913043478,0.8804347826086957,0.9130434782608695,0.8804347826086957,0.8043478260869565,0.7608695652173914,0.7391304347826086,0.7391304347826086,0.6413043478260869,0.5434782608695652],"Energy":{"Mean":-70.95056791444756,"Sigma":0.0217470131764603,"Taucorr":-0.015134644751786207},"EnergyVariance":{"Mean":0.5358237625958272,"Sigma":0.04078101396823916,"Taucorr":0.012335730209503121},"Iteration":998},
{"Acceptance":[0.3451086956521739,0.3657608695652174,0.3635869565217391,0.3798913043478261,0.4255434782608696,0.41793478260869565,0.45163043478260867,0.4885869565217391,0.5065217391304347,0.5173913043478261,0.5076086956521739,0.5505434782608696,0.8695652173913043,0.9347826086956522,0.9239130434782609,0.8260869565217391,0.8260869565217391,0.782608695652174,0.782608695652174,0.8804347826086957,0.782608695652174,0.6630434782608695,0.6304347826086957,0.5869565217391305],"Energy":{"Mean":-70.94002847326709,"Sigma":0.02275615506042775,"Taucorr":-0.0017908142948513002},"EnergyVariance":{"Mean":0.5627193766611862,"Sigma":0.04532450817228074,"Taucorr":0.0002752047149743216},"Iteration":999} 
]}